******************************************************************************
                  TI ARM Linker Unix v20.2.7                   
******************************************************************************
>> Linked Mon Feb 20 22:20:44 2023

OUTPUT FILE NAME:   <SmartAlarm.out>
ENTRY POINT SYMBOL: "_c_int00_noargs"  address: 00000b9d


MEMORY CONFIGURATION

         name            origin    length      used     unused   attr    fill
----------------------  --------  ---------  --------  --------  ----  --------
  MAIN                  00000000   00040000  00000ce8  0003f318  R  X
  INFO                  00200000   00004000  00000000  00004000  R  X
  SRAM_CODE             01000000   00010000  00000218  0000fde8  RW X
  SRAM_DATA             20000000   00010000  00000218  0000fde8  RW  


SEGMENT ALLOCATION MAP

run origin  load origin   length   init length attrs members
----------  ----------- ---------- ----------- ----- -------
00000000    00000000    00000ce8   00000ce8    r-x
  00000000    00000000    000000e4   000000e4    r-- .intvecs
  000000e4    000000e4    00000bc4   00000bc4    r-x .text
  00000ca8    00000ca8    00000010   00000010    r-- .const
  00000cb8    00000cb8    00000030   00000030    r-- .cinit
20000000    20000000    00000018   00000000    rw-
  20000000    20000000    00000014   00000000    rw- .bss
  20000014    20000014    00000004   00000000    rw- .data
2000fe00    2000fe00    00000200   00000000    rw-
  2000fe00    2000fe00    00000200   00000000    rw- .stack


SECTION ALLOCATION MAP

 output                                  attributes/
section   page    origin      length       input sections
--------  ----  ----------  ----------   ----------------
.intvecs   0    00000000    000000e4     
                  00000000    000000e4     startup_msp432p401r_ccs.obj (.intvecs:retain)

.text      0    000000e4    00000bc4     
                  000000e4    00000334     system_msp432p401r.obj (.text)
                  00000418    00000260     hardware.obj (.text)
                  00000678    00000144     msp432p4xx_driverlib.lib : timer_a.o (.text:privateTimer_AProcessClockSourceDivider)
                  000007bc    00000130                              : cs.o (.text:CS_initClockSignal)
                  000008ec    0000009c     rtsv7M4_T_le_v4SPD16_eabi.lib : memcpy_t2.asm.obj (.text)
                  00000988    00000080     msp432p4xx_driverlib.lib : interrupt.o (.text:Interrupt_disableInterrupt)
                  00000a08    00000080                              : interrupt.o (.text:Interrupt_enableInterrupt)
                  00000a88    00000068                              : timer_a.o (.text:Timer_A_configureUpMode)
                  00000af0    00000068     rtsv7M4_T_le_v4SPD16_eabi.lib : copy_decompress_lzss.c.obj (.text:decompress:lzss:__TI_decompress_lzss)
                  00000b58    00000044                                   : autoinit.c.obj (.text:__TI_auto_init_nobinit_nopinit:__TI_auto_init_nobinit_nopinit)
                  00000b9c    00000034                                   : boot_cortex_m.c.obj (.text:_c_int00_noargs:_c_int00_noargs)
                  00000bd0    00000030     msp432p4xx_driverlib.lib : cs.o (.text:CS_setReferenceOscillatorFrequency)
                  00000c00    0000002c                              : timer_a.o (.text:Timer_A_clearCaptureCompareInterrupt)
                  00000c2c    0000001c     rtsv7M4_T_le_v4SPD16_eabi.lib : copy_zero_init.c.obj (.text:decompress:ZI:__TI_zero_init_nomemset:__TI_zero_init_nomemset)
                  00000c48    00000016     msp432p4xx_driverlib.lib : timer_a.o (.text:Timer_A_startCounter)
                  00000c5e    00000014                              : timer_a.o (.text:Timer_A_stopTimer)
                  00000c72    00000002     --HOLE-- [fill = 0]
                  00000c74    00000010     main.obj (.text)
                  00000c84    0000000e     rtsv7M4_T_le_v4SPD16_eabi.lib : copy_decompress_none.c.obj (.text:decompress:none:__TI_decompress_none)
                  00000c92    0000000e     startup_msp432p401r_ccs.obj (.text)
                  00000ca0    00000004     rtsv7M4_T_le_v4SPD16_eabi.lib : pre_init.c.obj (.text:_system_pre_init)
                  00000ca4    00000004                                   : exit.c.obj (.text:abort:abort)

.const     0    00000ca8    00000010     
                  00000ca8    00000008     msp432p4xx_driverlib.lib : interrupt.o (.const:g_pulDisRegs)
                  00000cb0    00000008                              : interrupt.o (.const:g_pulEnRegs)

.cinit     0    00000cb8    00000030     
                  00000cb8    0000000c     (__TI_handler_table)
                  00000cc4    00000004     --HOLE-- [fill = 0]
                  00000cc8    00000008     (.cinit..bss.load) [load image, compression = zero_init]
                  00000cd0    00000008     (.cinit..data.load) [load image, compression = lzss]
                  00000cd8    00000010     (__TI_cinit_table)

.init_array 
*          0    00000000    00000000     UNINITIALIZED

.binit     0    00000000    00000000     

.bss       0    20000000    00000014     UNINITIALIZED
                  20000000    00000014     (.common:timerlist)

.data      0    20000014    00000004     UNINITIALIZED
                  20000014    00000004     system_msp432p401r.obj (.data)

.stack     0    2000fe00    00000200     UNINITIALIZED
                  2000fe00    00000004     rtsv7M4_T_le_v4SPD16_eabi.lib : boot_cortex_m.c.obj (.stack)
                  2000fe04    000001fc     --HOLE--

__llvm_prf_cnts 
*          0    20000000    00000000     UNINITIALIZED

MODULE SUMMARY

       Module                        code   ro data   rw data
       ------                        ----   -------   -------
    ./
       system_msp432p401r.obj        820    0         8      
       startup_msp432p401r_ccs.obj   14     228       0      
       main.obj                      16     0         40     
    +--+-----------------------------+------+---------+---------+
       Total:                        850    228       48     
                                                             
    ./modules/hardware/
       hardware.obj                  608    0         0      
    +--+-----------------------------+------+---------+---------+
       Total:                        608    0         0      
                                                             
    /home/asus-laptop/Applications/CodeComposerStudio/ccs/tools/compiler/ti-cgt-arm_20.2.7.LTS/lib/rtsv7M4_T_le_v4SPD16_eabi.lib
       memcpy_t2.asm.obj             156    0         0      
       copy_decompress_lzss.c.obj    104    0         0      
       autoinit.c.obj                68     0         0      
       boot_cortex_m.c.obj           52     0         0      
       copy_zero_init.c.obj          28     0         0      
       copy_decompress_none.c.obj    14     0         0      
       exit.c.obj                    4      0         0      
       pre_init.c.obj                4      0         0      
    +--+-----------------------------+------+---------+---------+
       Total:                        430    0         0      
                                                             
    /home/asus-laptop/github/SmartAlarm/driverlib/source/ti/devices/msp432p4xx/driverlib/ccs/msp432p4xx_driverlib.lib
       timer_a.o                     514    0         0      
       cs.o                          352    0         0      
       interrupt.o                   256    16        0      
    +--+-----------------------------+------+---------+---------+
       Total:                        1122   16        0      
                                                             
       Stack:                        0      0         1024   
       Linker Generated:             0      44        0      
    +--+-----------------------------+------+---------+---------+
       Grand Total:                  3010   288       1072   


LINKER GENERATED COPY TABLES

__TI_cinit_table @ 00000cd8 records: 2, size/record: 8, table size: 16
	.bss: load addr=00000cc8, load size=00000008 bytes, run addr=20000000, run size=00000014 bytes, compression=zero_init
	.data: load addr=00000cd0, load size=00000008 bytes, run addr=20000014, run size=00000004 bytes, compression=lzss


LINKER GENERATED HANDLER TABLE

__TI_handler_table @ 00000cb8 records: 3, size/record: 4, table size: 12
	index: 0, handler: __TI_decompress_lzss
	index: 1, handler: __TI_decompress_none
	index: 2, handler: __TI_zero_init


GLOBAL SYMBOLS: SORTED ALPHABETICALLY BY Name 

address   name                                
-------   ----                                
00000c9f  ADC14_IRQHandler                    
00000c9f  AES256_IRQHandler                   
00000c9f  BusFault_Handler                    
00000ca5  C$$EXIT                             
00000c9f  COMP_E0_IRQHandler                  
00000c9f  COMP_E1_IRQHandler                  
00000c9f  CS_IRQHandler                       
000007bd  CS_initClockSignal                  
00000bd1  CS_setReferenceOscillatorFrequency  
00000c9f  DMA_ERR_IRQHandler                  
00000c9f  DMA_INT0_IRQHandler                 
00000c9f  DMA_INT1_IRQHandler                 
00000c9f  DMA_INT2_IRQHandler                 
00000c9f  DMA_INT3_IRQHandler                 
00000c9f  DebugMon_Handler                    
00000c9f  Default_Handler                     
00000c9f  EUSCIA0_IRQHandler                  
00000c9f  EUSCIA1_IRQHandler                  
00000c9f  EUSCIA2_IRQHandler                  
00000c9f  EUSCIA3_IRQHandler                  
00000c9f  EUSCIB0_IRQHandler                  
00000c9f  EUSCIB1_IRQHandler                  
00000c9f  EUSCIB2_IRQHandler                  
00000c9f  EUSCIB3_IRQHandler                  
00000c9f  FLCTL_IRQHandler                    
00000c9f  FPU_IRQHandler                      
00000c9f  HardFault_Handler                   
00000989  Interrupt_disableInterrupt          
00000a09  Interrupt_enableInterrupt           
00000c9f  MemManage_Handler                   
00000c9f  NMI_Handler                         
00000c9f  PCM_IRQHandler                      
00000c9f  PORT1_IRQHandler                    
00000c9f  PORT2_IRQHandler                    
00000c9f  PORT3_IRQHandler                    
00000c9f  PORT4_IRQHandler                    
00000c9f  PORT5_IRQHandler                    
00000c9f  PORT6_IRQHandler                    
00000c9f  PSS_IRQHandler                      
00000c9f  PendSV_Handler                      
00000c9f  RTC_C_IRQHandler                    
00000c93  Reset_Handler                       
00000c9f  SVC_Handler                         
00000c9f  SysTick_Handler                     
20000014  SystemCoreClock                     
000000e5  SystemCoreClockUpdate               
0000035d  SystemInit                          
00000c9f  T32_INT1_IRQHandler                 
00000c9f  T32_INT2_IRQHandler                 
00000c9f  T32_INTC_IRQHandler                 
00000587  TA0_0_IRQHandler                    
00000587  TA0_0_IRQHandler                    
00000c9f  TA0_N_IRQHandler                    
000005bd  TA1_0_IRQHandler                    
000005bd  TA1_0_IRQHandler                    
00000c9f  TA1_N_IRQHandler                    
000005ef  TA2_0_IRQHandler                    
000005ef  TA2_0_IRQHandler                    
00000c9f  TA2_N_IRQHandler                    
00000619  TA3_0_IRQHandler                    
00000619  TA3_0_IRQHandler                    
00000c9f  TA3_N_IRQHandler                    
00000c01  Timer_A_clearCaptureCompareInterrupt
00000a89  Timer_A_configureUpMode             
00000c49  Timer_A_startCounter                
00000c5f  Timer_A_stopTimer                   
00000c9f  UsageFault_Handler                  
4000480c  WDTCTL_SYM                          
00000c9f  WDT_A_IRQHandler                    
20010000  __STACK_END                         
00000200  __STACK_SIZE                        
00000cd8  __TI_CINIT_Base                     
00000ce8  __TI_CINIT_Limit                    
00000cb8  __TI_Handler_Table_Base             
00000cc4  __TI_Handler_Table_Limit            
00000b59  __TI_auto_init_nobinit_nopinit      
00000af1  __TI_decompress_lzss                
00000c85  __TI_decompress_none                
ffffffff  __TI_pprof_out_hndl                 
ffffffff  __TI_prof_data_size                 
ffffffff  __TI_prof_data_start                
00000000  __TI_static_base__                  
00000c2d  __TI_zero_init_nomemset             
000008ed  __aeabi_memcpy                      
000008ed  __aeabi_memcpy4                     
000008ed  __aeabi_memcpy8                     
ffffffff  __binit__                           
ffffffff  __c_args__                          
UNDEFED   __mpu_init                          
2000fe00  __stack                             
20000000  __start___llvm_prf_cnts             
20000000  __stop___llvm_prf_cnts              
00000b9d  _c_int00_noargs                     
UNDEFED   _system_post_cinit                  
00000ca1  _system_pre_init                    
00000ca5  abort                               
ffffffff  binit                               
0000057b  disable_timer                       
00000453  generate_delay                      
00000567  generate_pwm                        
00000559  generate_rate                       
0000043f  initClockSystem                     
00000419  initHardware                        
00000425  initTimerSystem                     
00000000  interruptVectors                    
00000c75  main                                
000008ed  memcpy                              
20000000  timerlist                           


GLOBAL SYMBOLS: SORTED BY Symbol Address 

address   name                                
-------   ----                                
00000000  __TI_static_base__                  
00000000  interruptVectors                    
000000e5  SystemCoreClockUpdate               
00000200  __STACK_SIZE                        
0000035d  SystemInit                          
00000419  initHardware                        
00000425  initTimerSystem                     
0000043f  initClockSystem                     
00000453  generate_delay                      
00000559  generate_rate                       
00000567  generate_pwm                        
0000057b  disable_timer                       
00000587  TA0_0_IRQHandler                    
00000587  TA0_0_IRQHandler                    
000005bd  TA1_0_IRQHandler                    
000005bd  TA1_0_IRQHandler                    
000005ef  TA2_0_IRQHandler                    
000005ef  TA2_0_IRQHandler                    
00000619  TA3_0_IRQHandler                    
00000619  TA3_0_IRQHandler                    
000007bd  CS_initClockSignal                  
000008ed  __aeabi_memcpy                      
000008ed  __aeabi_memcpy4                     
000008ed  __aeabi_memcpy8                     
000008ed  memcpy                              
00000989  Interrupt_disableInterrupt          
00000a09  Interrupt_enableInterrupt           
00000a89  Timer_A_configureUpMode             
00000af1  __TI_decompress_lzss                
00000b59  __TI_auto_init_nobinit_nopinit      
00000b9d  _c_int00_noargs                     
00000bd1  CS_setReferenceOscillatorFrequency  
00000c01  Timer_A_clearCaptureCompareInterrupt
00000c2d  __TI_zero_init_nomemset             
00000c49  Timer_A_startCounter                
00000c5f  Timer_A_stopTimer                   
00000c75  main                                
00000c85  __TI_decompress_none                
00000c93  Reset_Handler                       
00000c9f  ADC14_IRQHandler                    
00000c9f  AES256_IRQHandler                   
00000c9f  BusFault_Handler                    
00000c9f  COMP_E0_IRQHandler                  
00000c9f  COMP_E1_IRQHandler                  
00000c9f  CS_IRQHandler                       
00000c9f  DMA_ERR_IRQHandler                  
00000c9f  DMA_INT0_IRQHandler                 
00000c9f  DMA_INT1_IRQHandler                 
00000c9f  DMA_INT2_IRQHandler                 
00000c9f  DMA_INT3_IRQHandler                 
00000c9f  DebugMon_Handler                    
00000c9f  Default_Handler                     
00000c9f  EUSCIA0_IRQHandler                  
00000c9f  EUSCIA1_IRQHandler                  
00000c9f  EUSCIA2_IRQHandler                  
00000c9f  EUSCIA3_IRQHandler                  
00000c9f  EUSCIB0_IRQHandler                  
00000c9f  EUSCIB1_IRQHandler                  
00000c9f  EUSCIB2_IRQHandler                  
00000c9f  EUSCIB3_IRQHandler                  
00000c9f  FLCTL_IRQHandler                    
00000c9f  FPU_IRQHandler                      
00000c9f  HardFault_Handler                   
00000c9f  MemManage_Handler                   
00000c9f  NMI_Handler                         
00000c9f  PCM_IRQHandler                      
00000c9f  PORT1_IRQHandler                    
00000c9f  PORT2_IRQHandler                    
00000c9f  PORT3_IRQHandler                    
00000c9f  PORT4_IRQHandler                    
00000c9f  PORT5_IRQHandler                    
00000c9f  PORT6_IRQHandler                    
00000c9f  PSS_IRQHandler                      
00000c9f  PendSV_Handler                      
00000c9f  RTC_C_IRQHandler                    
00000c9f  SVC_Handler                         
00000c9f  SysTick_Handler                     
00000c9f  T32_INT1_IRQHandler                 
00000c9f  T32_INT2_IRQHandler                 
00000c9f  T32_INTC_IRQHandler                 
00000c9f  TA0_N_IRQHandler                    
00000c9f  TA1_N_IRQHandler                    
00000c9f  TA2_N_IRQHandler                    
00000c9f  TA3_N_IRQHandler                    
00000c9f  UsageFault_Handler                  
00000c9f  WDT_A_IRQHandler                    
00000ca1  _system_pre_init                    
00000ca5  C$$EXIT                             
00000ca5  abort                               
00000cb8  __TI_Handler_Table_Base             
00000cc4  __TI_Handler_Table_Limit            
00000cd8  __TI_CINIT_Base                     
00000ce8  __TI_CINIT_Limit                    
20000000  __start___llvm_prf_cnts             
20000000  __stop___llvm_prf_cnts              
20000000  timerlist                           
20000014  SystemCoreClock                     
2000fe00  __stack                             
20010000  __STACK_END                         
4000480c  WDTCTL_SYM                          
ffffffff  __TI_pprof_out_hndl                 
ffffffff  __TI_prof_data_size                 
ffffffff  __TI_prof_data_start                
ffffffff  __binit__                           
ffffffff  __c_args__                          
ffffffff  binit                               
UNDEFED   __mpu_init                          
UNDEFED   _system_post_cinit                  

[108 symbols]
