******************************************************************************
                  TI ARM Linker PC v20.2.7                     
******************************************************************************
>> Linked Wed Mar  1 12:20:39 2023

OUTPUT FILE NAME:   <SmartAlarm.out>
ENTRY POINT SYMBOL: "_c_int00_noargs"  address: 0000463d


MEMORY CONFIGURATION

         name            origin    length      used     unused   attr    fill
----------------------  --------  ---------  --------  --------  ----  --------
  MAIN                  00000000   00040000  000050d8  0003af28  R  X
  INFO                  00200000   00004000  00000000  00004000  R  X
  SRAM_CODE             01000000   00010000  00000279  0000fd87  RW X
  SRAM_DATA             20000000   00010000  00000279  0000fd87  RW  


SEGMENT ALLOCATION MAP

run origin  load origin   length   init length attrs members
----------  ----------- ---------- ----------- ----- -------
00000000    00000000    000050d8   000050d8    r-x
  00000000    00000000    000000e4   000000e4    r-- .intvecs
  000000e4    000000e4    000049d0   000049d0    r-x .text
  00004ab4    00004ab4    000005e4   000005e4    r-- .const
  00005098    00005098    00000040   00000040    r-- .cinit
20000000    20000000    0000007c   00000000    rw-
  20000000    20000000    00000059   00000000    rw- .bss
  2000005c    2000005c    00000020   00000000    rw- .data
2000fe00    2000fe00    00000200   00000000    rw-
  2000fe00    2000fe00    00000200   00000000    rw- .stack


SECTION ALLOCATION MAP

 output                                  attributes/
section   page    origin      length       input sections
--------  ----  ----------  ----------   ----------------
.intvecs   0    00000000    000000e4     
                  00000000    000000e4     startup_msp432p401r_ccs.obj (.intvecs:retain)

.text      0    000000e4    000049d0     
                  000000e4    00000a4e     rtsv7M4_T_le_v4SPD16_eabi.lib : _printfi.c.obj (.text:__TI_printfi)
                  00000b32    00000002                                   : div0.asm.obj (.text)
                  00000b34    000006e8     hardware.obj (.text)
                  0000121c    00000680     Crystalfontz128x128_ST7735.obj (.text)
                  0000189c    0000047e     grlib.a : string.obj (.text:Graphics_drawString)
                  00001d1a    00000002     --HOLE-- [fill = 0]
                  00001d1c    00000334     system_msp432p401r.obj (.text)
                  00002050    0000030c     clock.obj (.text)
                  0000235c    00000270     rtsv7M4_T_le_v4SPD16_eabi.lib : _printfi.c.obj (.text:_pconv_a)
                  000025cc    000001d0                                   : _printfi.c.obj (.text:_pconv_g)
                  0000279c    000001b6                                   : fd_add_t2.asm.obj (.text)
                  00002952    00000002     --HOLE-- [fill = 0]
                  00002954    00000160     msp432p4xx_driverlib.lib : adc14.o (.text:_getIndexForMemRegister)
                  00002ab4    00000144                              : timer_a.o (.text:privateTimer_AProcessClockSourceDivider)
                  00002bf8    0000013c     rtsv7M4_T_le_v4SPD16_eabi.lib : _printfi.c.obj (.text:_pconv_e)
                  00002d34    00000136                                   : fd_div_t2.asm.obj (.text)
                  00002e6a    00000002     --HOLE-- [fill = 0]
                  00002e6c    00000130     msp432p4xx_driverlib.lib : cs.o (.text:CS_initClockSignal)
                  00002f9c    00000124     rtsv7M4_T_le_v4SPD16_eabi.lib : _printfi.c.obj (.text:fcvt)
                  000030c0    00000112     grlib.a : rectangle.obj (.text:Graphics_fillRectangle)
                  000031d2    00000002     --HOLE-- [fill = 0]
                  000031d4    00000110     rtsv7M4_T_le_v4SPD16_eabi.lib : s_scalbn.c.obj (.text:scalbn)
                  000032e4    000000fc                                   : fd_mul_t2.asm.obj (.text)
                  000033e0    000000cc     HAL_MSP_EXP432P401R_Crystalfontz128x128_ST7735.obj (.text)
                  000034ac    000000b4     msp432p4xx_driverlib.lib : adc14.o (.text:ADC14_configureConversionMemory)
                  00003560    000000b4                              : adc14.o (.text:ADC14_configureMultiSequenceMode)
                  00003614    000000b1     rtsv7M4_T_le_v4SPD16_eabi.lib : _printfi.c.obj (.text:_ltostr)
                  000036c5    00000001     --HOLE-- [fill = 0]
                  000036c6    000000b0     msp432p4xx_driverlib.lib : spi.o (.text:SPI_initMaster)
                  00003776    0000009c     grlib.a : line.obj (.text:Graphics_drawLineH)
                  00003812    0000009c     rtsv7M4_T_le_v4SPD16_eabi.lib : memcpy_t2.asm.obj (.text)
                  000038ae    00000096                                   : ull_div_t2.asm.obj (.text)
                  00003944    00000094     msp432p4xx_driverlib.lib : rtc_c.o (.text:RTC_C_getEnabledInterruptStatus)
                  000039d8    00000088                              : gpio.o (.text:GPIO_setAsPeripheralModuleFunctionInputPin)
                  00003a60    00000088                              : gpio.o (.text:GPIO_setAsPeripheralModuleFunctionOutputPin)
                  00003ae8    00000086     rtsv7M4_T_le_v4SPD16_eabi.lib : fd_cmp_t2.asm.obj (.text:__aeabi_cdcmple)
                  00003b6e    00000086                                   : fd_cmp_t2.asm.obj (.text:__aeabi_cdrcmple)
                  00003bf4    00000084     msp432p4xx_driverlib.lib : gpio.o (.text:GPIO_getEnabledInterruptStatus)
                  00003c78    00000080                              : interrupt.o (.text:Interrupt_disableInterrupt)
                  00003cf8    00000080                              : interrupt.o (.text:Interrupt_enableInterrupt)
                  00003d78    0000007c                              : rtc_c.o (.text:RTC_C_getCalendarTime)
                  00003df4    0000007a     rtsv7M4_T_le_v4SPD16_eabi.lib : memset_t2.asm.obj (.text)
                  00003e6e    00000002     --HOLE-- [fill = 0]
                  00003e70    00000074     msp432p4xx_driverlib.lib : timer_a.o (.text:Timer_A_generatePWM)
                  00003ee4    0000006e     rtsv7M4_T_le_v4SPD16_eabi.lib : _printfi.c.obj (.text:_mcpy)
                  00003f52    00000002     --HOLE-- [fill = 0]
                  00003f54    00000068     msp432p4xx_driverlib.lib : timer_a.o (.text:Timer_A_configureUpMode)
                  00003fbc    00000068     rtsv7M4_T_le_v4SPD16_eabi.lib : copy_decompress_lzss.c.obj (.text:decompress:lzss:__TI_decompress_lzss)
                  00004024    00000064     msp432p4xx_driverlib.lib : rtc_c.o (.text:RTC_C_enableInterrupt)
                  00004088    00000064     rtsv7M4_T_le_v4SPD16_eabi.lib : s_frexp.c.obj (.text:frexp)
                  000040ec    0000005c     msp432p4xx_driverlib.lib : rtc_c.o (.text:RTC_C_getInterruptStatus)
                  00004148    00000058                              : gpio.o (.text:GPIO_setAsInputPinWithPullUpResistor)
                  000041a0    00000056     rtsv7M4_T_le_v4SPD16_eabi.lib : _printfi.c.obj (.text:_pconv_f)
                  000041f6    00000002     --HOLE-- [fill = 0]
                  000041f8    00000054     msp432p4xx_driverlib.lib : adc14.o (.text:ADC14_initModule)
                  0000424c    00000054     rtsv7M4_T_le_v4SPD16_eabi.lib : _ltoa.c.obj (.text:__TI_ltoa)
                  000042a0    00000052     grlib.a : context.obj (.text:Graphics_initContext)
                  000042f2    00000052     rtsv7M4_T_le_v4SPD16_eabi.lib : _printfi.c.obj (.text:_ecpy)
                  00004344    0000004c                                   : atoi.c.obj (.text:atoi)
                  00004390    00000048                                   : fd_toi_t2.asm.obj (.text)
                  000043d8    00000044                                   : autoinit.c.obj (.text:__TI_auto_init_nobinit_nopinit:__TI_auto_init_nobinit_nopinit)
                  0000441c    00000044     main.obj (.text)
                  00004460    00000040     msp432p4xx_driverlib.lib : gpio.o (.text:GPIO_setAsOutputPin)
                  000044a0    00000040     grlib.a : string.obj (.text:Graphics_getNumberOfLeadingZeros)
                  000044e0    00000040     msp432p4xx_driverlib.lib : spi.o (.text:is_A_Module)
                  00004520    00000040     rtsv7M4_T_le_v4SPD16_eabi.lib : sprintf.c.obj (.text:sprintf)
                  00004560    0000003e                                   : _printfi.c.obj (.text:_fcpy)
                  0000459e    00000036     grlib.a : display.obj (.text:Graphics_drawHorizontalLineOnDisplay)
                  000045d4    00000034     msp432p4xx_driverlib.lib : adc14.o (.text:ADC14_enableSampleTimer)
                  00004608    00000034                              : cs.o (.text:CS_setDCOCenteredFrequency)
                  0000463c    00000034     rtsv7M4_T_le_v4SPD16_eabi.lib : boot_cortex_m.c.obj (.text:_c_int00_noargs:_c_int00_noargs)
                  00004670    00000030     msp432p4xx_driverlib.lib : cs.o (.text:CS_setReferenceOscillatorFrequency)
                  000046a0    0000002e     rtsv7M4_T_le_v4SPD16_eabi.lib : i_tofd_t2.asm.obj (.text)
                  000046ce    00000002     --HOLE-- [fill = 0]
                  000046d0    0000002c     msp432p4xx_driverlib.lib : adc14.o (.text:ADC14_toggleConversionTrigger)
                  000046fc    0000002c     grlib.a : display.obj (.text:Graphics_drawPixelOnDisplay)
                  00004728    0000002c     msp432p4xx_driverlib.lib : timer_a.o (.text:Timer_A_clearCaptureCompareInterrupt)
                  00004754    00000028                              : adc14.o (.text:ADC14_enableConversion)
                  0000477c    00000028                              : adc14.o (.text:ADC14_getResult)
                  000047a4    00000028                              : gpio.o (.text:GPIO_clearInterruptFlag)
                  000047cc    00000028                              : gpio.o (.text:GPIO_enableInterrupt)
                  000047f4    00000028                              : gpio.o (.text:GPIO_setOutputHighOnPin)
                  0000481c    00000028                              : gpio.o (.text:GPIO_setOutputLowOnPin)
                  00004844    00000024                              : gpio.o (.text:GPIO_getInterruptStatus)
                  00004868    00000020                              : adc14.o (.text:ADC14_setResolution)
                  00004888    0000001e     grlib.a : display.obj (.text:Graphics_fillRectangleOnDisplay)
                  000048a6    0000001c     msp432p4xx_driverlib.lib : spi.o (.text:SPI_enableModule)
                  000048c2    0000001c     rtsv7M4_T_le_v4SPD16_eabi.lib : copy_zero_init.c.obj (.text:decompress:ZI:__TI_zero_init_nomemset:__TI_zero_init_nomemset)
                  000048de    0000001c                                   : memccpy.c.obj (.text:memccpy)
                  000048fa    0000001a     grlib.a : display.obj (.text:Graphics_clearDisplayOnDisplay)
                  00004914    0000001a             : context.obj (.text:Graphics_setBackgroundColor)
                  0000492e    0000001a             : context.obj (.text:Graphics_setFont)
                  00004948    0000001a     rtsv7M4_T_le_v4SPD16_eabi.lib : s_copysign.c.obj (.text:copysign)
                  00004962    00000018                                   : sprintf.c.obj (.text:_outs)
                  0000497a    00000016     msp432p4xx_driverlib.lib : spi.o (.text:EUSCI_A_SPI_enable)
                  00004990    00000016                              : spi.o (.text:EUSCI_B_SPI_enable)
                  000049a6    00000016     grlib.a : context.obj (.text:Graphics_setForegroundColor)
                  000049bc    00000016             : display.obj (.text:Graphics_translateColorOnDisplay)
                  000049d2    00000016     msp432p4xx_driverlib.lib : timer_a.o (.text:Timer_A_startCounter)
                  000049e8    00000016     rtsv7M4_T_le_v4SPD16_eabi.lib : strchr.c.obj (.text:strchr)
                  000049fe    00000014     msp432p4xx_driverlib.lib : timer_a.o (.text:Timer_A_stopTimer)
                  00004a12    00000014     rtsv7M4_T_le_v4SPD16_eabi.lib : strcpy.c.obj (.text:strcpy)
                  00004a26    00000014                                   : strlen.c.obj (.text:strlen)
                  00004a3a    00000012     grlib.a : context.obj (.text:Graphics_clearDisplay)
                  00004a4c    00000012     rtsv7M4_T_le_v4SPD16_eabi.lib : wcslen.c.obj (.text:wcslen)
                  00004a5e    00000002     --HOLE-- [fill = 0]
                  00004a60    00000010     msp432p4xx_driverlib.lib : adc14.o (.text:ADCIsConversionRunning)
                  00004a70    0000000e     rtsv7M4_T_le_v4SPD16_eabi.lib : copy_decompress_none.c.obj (.text:decompress:none:__TI_decompress_none)
                  00004a7e    0000000e     startup_msp432p401r_ccs.obj (.text)
                  00004a8c    0000000c     msp432p4xx_driverlib.lib : adc14.o (.text:ADC14_enableModule)
                  00004a98    0000000a     rtsv7M4_T_le_v4SPD16_eabi.lib : sprintf.c.obj (.text:_outc)
                  00004aa2    00000002     --HOLE-- [fill = 0]
                  00004aa4    00000008                                   : errno.c.obj (.text:__aeabi_errno_addr)
                  00004aac    00000004                                   : pre_init.c.obj (.text:_system_pre_init)
                  00004ab0    00000004                                   : exit.c.obj (.text:abort:abort)

.const     0    00004ab4    000005e4     
                  00004ab4    000002f8     grlib.a : fontfixed6x8.obj (.const:.string:g_pucFontFixed6x8Data)
                  00004dac    00000101     rtsv7M4_T_le_v4SPD16_eabi.lib : ctype.c.obj (.const:.string:_ctypes_)
                  00004ead    00000003     --HOLE-- [fill = 0]
                  00004eb0    000000c8     grlib.a : fontfixed6x8.obj (.const:g_sFontFixed6x8)
                  00004f78    00000080     msp432p4xx_driverlib.lib : adc14.o (.const:_ctlRegs)
                  00004ff8    00000030                              : gpio.o (.const:GPIO_PORT_TO_BASE)
                  00005028    00000020     Crystalfontz128x128_ST7735.obj (.const:g_sCrystalfontz128x128_funcs)
                  00005048    0000001c     HAL_MSP_EXP432P401R_Crystalfontz128x128_ST7735.obj (.const:$P$T0$1)
                  00005064    0000001c     hardware.obj (.const:currentTime)
                  00005080    00000008     Crystalfontz128x128_ST7735.obj (.const:$P$T0$1)
                  00005088    00000008     msp432p4xx_driverlib.lib : interrupt.o (.const:g_pulDisRegs)
                  00005090    00000008                              : interrupt.o (.const:g_pulEnRegs)

.cinit     0    00005098    00000040     
                  00005098    0000001a     (.cinit..data.load) [load image, compression = lzss]
                  000050b2    00000002     --HOLE-- [fill = 0]
                  000050b4    0000000c     (__TI_handler_table)
                  000050c0    00000008     (.cinit..bss.load) [load image, compression = zero_init]
                  000050c8    00000010     (__TI_cinit_table)

.init_array 
*          0    00000000    00000000     UNINITIALIZED

.binit     0    00000000    00000000     

.bss       0    20000000    00000059     UNINITIALIZED
                  20000000    0000001c     clock.obj (.bss:currentTime)
                  2000001c    0000001c     (.common:g_sContext)
                  20000038    00000014     (.common:timerlist)
                  2000004c    00000002     clock.obj (.bss)
                  2000004e    00000002     (.common:Lcd_ScreenHeigth)
                  20000050    00000002     (.common:Lcd_ScreenWidth)
                  20000052    00000002     (.common:Lcd_TouchTrim)
                  20000054    00000001     (.common:Lcd_FlagRead)
                  20000055    00000001     (.common:Lcd_FontSolid)
                  20000056    00000001     (.common:Lcd_Orientation)
                  20000057    00000001     (.common:Lcd_PenSolid)
                  20000058    00000001     (.common:button1Pressed)

.data      0    2000005c    00000020     UNINITIALIZED
                  2000005c    00000010     Crystalfontz128x128_ST7735.obj (.data:g_sCrystalfontz128x128)
                  2000006c    00000005     main.obj (.data)
                  20000071    00000003     --HOLE--
                  20000074    00000004     rtsv7M4_T_le_v4SPD16_eabi.lib : errno.c.obj (.data)
                  20000078    00000004     system_msp432p401r.obj (.data)

.stack     0    2000fe00    00000200     UNINITIALIZED
                  2000fe00    00000004     rtsv7M4_T_le_v4SPD16_eabi.lib : boot_cortex_m.c.obj (.stack)
                  2000fe04    000001fc     --HOLE--

__llvm_prf_cnts 
*          0    20000000    00000000     UNINITIALIZED

MODULE SUMMARY

       Module                                               code    ro data   rw data
       ------                                               ----    -------   -------
    .\
       system_msp432p401r.obj                               820     0         8      
       startup_msp432p401r_ccs.obj                          14      228       0      
       main.obj                                             68      0         108    
    +--+----------------------------------------------------+-------+---------+---------+
       Total:                                               902     228       116    
                                                                                     
    .\modules\clock_system\
       clock.obj                                            780     0         60     
    +--+----------------------------------------------------+-------+---------+---------+
       Total:                                               780     0         60     
                                                                                     
    .\modules\hardware\
       hardware.obj                                         1768    28        0      
    +--+----------------------------------------------------+-------+---------+---------+
       Total:                                               1768    28        0      
                                                                                     
    .\modules\hardware\libraries\
       Crystalfontz128x128_ST7735.obj                       1664    40        52     
       HAL_MSP_EXP432P401R_Crystalfontz128x128_ST7735.obj   204     28        0      
    +--+----------------------------------------------------+-------+---------+---------+
       Total:                                               1868    68        52     
                                                                                     
    C:/Users/Filippo Castellan/Desktop/SmartAlarm/driverlib/source/ti/devices/msp432p4xx/driverlib/ccs/msp432p4xx_driverlib.lib
       adc14.o                                              1032    128       0      
       gpio.o                                               752     48        0      
       timer_a.o                                            630     0         0      
       rtc_c.o                                              464     0         0      
       cs.o                                                 404     0         0      
       spi.o                                                312     0         0      
       interrupt.o                                          256     16        0      
    +--+----------------------------------------------------+-------+---------+---------+
       Total:                                               3850    192       0      
                                                                                     
    C:/Users/Filippo Castellan/Desktop/SmartAlarm/driverlib/source/ti/grlib/lib/ccs/m4f/grlib.a
       string.obj                                           1214    0         0      
       fontfixed6x8.obj                                     0       960       0      
       rectangle.obj                                        274     0         0      
       display.obj                                          176     0         0      
       context.obj                                          174     0         0      
       line.obj                                             156     0         0      
    +--+----------------------------------------------------+-------+---------+---------+
       Total:                                               1994    960       0      
                                                                                     
    C:\ti\ccs1220\ccs\tools\compiler\ti-cgt-arm_20.2.7.LTS\lib\rtsv7M4_T_le_v4SPD16_eabi.lib
       _printfi.c.obj                                       4851    0         0      
       fd_add_t2.asm.obj                                    438     0         0      
       fd_div_t2.asm.obj                                    310     0         0      
       s_scalbn.c.obj                                       272     0         0      
       fd_cmp_t2.asm.obj                                    268     0         0      
       ctype.c.obj                                          0       257       0      
       fd_mul_t2.asm.obj                                    252     0         0      
       memcpy_t2.asm.obj                                    156     0         0      
       ull_div_t2.asm.obj                                   150     0         0      
       memset_t2.asm.obj                                    122     0         0      
       copy_decompress_lzss.c.obj                           104     0         0      
       s_frexp.c.obj                                        100     0         0      
       sprintf.c.obj                                        98      0         0      
       _ltoa.c.obj                                          84      0         0      
       atoi.c.obj                                           76      0         0      
       fd_toi_t2.asm.obj                                    72      0         0      
       autoinit.c.obj                                       68      0         0      
       boot_cortex_m.c.obj                                  52      0         0      
       i_tofd_t2.asm.obj                                    46      0         0      
       copy_zero_init.c.obj                                 28      0         0      
       memccpy.c.obj                                        28      0         0      
       s_copysign.c.obj                                     26      0         0      
       strchr.c.obj                                         22      0         0      
       strcpy.c.obj                                         20      0         0      
       strlen.c.obj                                         20      0         0      
       wcslen.c.obj                                         18      0         0      
       errno.c.obj                                          8       0         8      
       copy_decompress_none.c.obj                           14      0         0      
       exit.c.obj                                           4       0         0      
       pre_init.c.obj                                       4       0         0      
       div0.asm.obj                                         2       0         0      
    +--+----------------------------------------------------+-------+---------+---------+
       Total:                                               7713    257       8      
                                                                                     
       Stack:                                               0       0         1024   
       Linker Generated:                                    0       62        0      
    +--+----------------------------------------------------+-------+---------+---------+
       Grand Total:                                         18875   1795      1260   


LINKER GENERATED COPY TABLES

__TI_cinit_table @ 000050c8 records: 2, size/record: 8, table size: 16
	.data: load addr=00005098, load size=0000001a bytes, run addr=2000005c, run size=00000020 bytes, compression=lzss
	.bss: load addr=000050c0, load size=00000008 bytes, run addr=20000000, run size=00000059 bytes, compression=zero_init


LINKER GENERATED HANDLER TABLE

__TI_handler_table @ 000050b4 records: 3, size/record: 4, table size: 12
	index: 0, handler: __TI_decompress_lzss
	index: 1, handler: __TI_decompress_none
	index: 2, handler: __TI_zero_init


GLOBAL SYMBOLS: SORTED ALPHABETICALLY BY Name 

address   name                                       
-------   ----                                       
00004a8b  ADC14_IRQHandler                           
000034ad  ADC14_configureConversionMemory            
00003561  ADC14_configureMultiSequenceMode           
00004755  ADC14_enableConversion                     
00004a8d  ADC14_enableModule                         
000045d5  ADC14_enableSampleTimer                    
0000477d  ADC14_getResult                            
000041f9  ADC14_initModule                           
00004869  ADC14_setResolution                        
000046d1  ADC14_toggleConversionTrigger              
00004a8b  AES256_IRQHandler                          
00004a8b  BusFault_Handler                           
000011ad  Button1Pressed                             
00004ab1  C$$EXIT                                    
00004a8b  COMP_E0_IRQHandler                         
00004a8b  COMP_E1_IRQHandler                         
00004a8b  CS_IRQHandler                              
00002e6d  CS_initClockSignal                         
00004609  CS_setDCOCenteredFrequency                 
00004671  CS_setReferenceOscillatorFrequency         
0000121d  Crystalfontz128x128_Init                   
00001331  Crystalfontz128x128_SetDrawFrame           
0000145f  Crystalfontz128x128_SetOrientation         
00004a8b  DMA_ERR_IRQHandler                         
00004a8b  DMA_INT0_IRQHandler                        
00004a8b  DMA_INT1_IRQHandler                        
00004a8b  DMA_INT2_IRQHandler                        
00004a8b  DMA_INT3_IRQHandler                        
00004a8b  DebugMon_Handler                           
00004a8b  Default_Handler                            
00004a8b  EUSCIA0_IRQHandler                         
00004a8b  EUSCIA1_IRQHandler                         
00004a8b  EUSCIA2_IRQHandler                         
00004a8b  EUSCIA3_IRQHandler                         
00004a8b  EUSCIB0_IRQHandler                         
00004a8b  EUSCIB1_IRQHandler                         
00004a8b  EUSCIB2_IRQHandler                         
00004a8b  EUSCIB3_IRQHandler                         
0000497b  EUSCI_A_SPI_enable                         
00004991  EUSCI_B_SPI_enable                         
00004a8b  FLCTL_IRQHandler                           
00004a8b  FPU_IRQHandler                             
000047a5  GPIO_clearInterruptFlag                    
000047cd  GPIO_enableInterrupt                       
00003bf5  GPIO_getEnabledInterruptStatus             
00004845  GPIO_getInterruptStatus                    
00004149  GPIO_setAsInputPinWithPullUpResistor       
00004461  GPIO_setAsOutputPin                        
000039d9  GPIO_setAsPeripheralModuleFunctionInputPin 
00003a61  GPIO_setAsPeripheralModuleFunctionOutputPin
000047f5  GPIO_setOutputHighOnPin                    
0000481d  GPIO_setOutputLowOnPin                     
00004a3b  Graphics_clearDisplay                      
000048fb  Graphics_clearDisplayOnDisplay             
0000459f  Graphics_drawHorizontalLineOnDisplay       
00003777  Graphics_drawLineH                         
000046fd  Graphics_drawPixelOnDisplay                
0000189d  Graphics_drawString                        
000030c1  Graphics_fillRectangle                     
00004889  Graphics_fillRectangleOnDisplay            
000042a1  Graphics_initContext                       
00004915  Graphics_setBackgroundColor                
0000492f  Graphics_setFont                           
000049a7  Graphics_setForegroundColor                
000049bd  Graphics_translateColorOnDisplay           
000033e1  HAL_LCD_PortInit                           
00003411  HAL_LCD_SpiInit                            
00003447  HAL_LCD_writeCommand                       
00003477  HAL_LCD_writeData                          
00004a8b  HardFault_Handler                          
00003c79  Interrupt_disableInterrupt                 
00003cf9  Interrupt_enableInterrupt                  
20000054  Lcd_FlagRead                               
20000055  Lcd_FontSolid                              
20000056  Lcd_Orientation                            
20000057  Lcd_PenSolid                               
2000004e  Lcd_ScreenHeigth                           
20000050  Lcd_ScreenWidth                            
20000052  Lcd_TouchTrim                              
00004a8b  MemManage_Handler                          
00004a8b  NMI_Handler                                
00004a8b  PCM_IRQHandler                             
00004a8b  PORT1_IRQHandler                           
00004a8b  PORT2_IRQHandler                           
00004a8b  PORT3_IRQHandler                           
00004a8b  PORT4_IRQHandler                           
000011af  PORT5_IRQHandler                           
000011af  PORT5_IRQHandler                           
00004a8b  PORT6_IRQHandler                           
00004a8b  PSS_IRQHandler                             
00004a8b  PendSV_Handler                             
00002277  RTC_C_IRQHandler                           
00002277  RTC_C_IRQHandler                           
00004025  RTC_C_enableInterrupt                      
00003d79  RTC_C_getCalendarTime                      
00003945  RTC_C_getEnabledInterruptStatus            
000040ed  RTC_C_getInterruptStatus                   
00004a7f  Reset_Handler                              
000048a7  SPI_enableModule                           
000036c7  SPI_initMaster                             
00004a8b  SVC_Handler                                
00004a8b  SysTick_Handler                            
20000078  SystemCoreClock                            
00001d1d  SystemCoreClockUpdate                      
00001f95  SystemInit                                 
00004a8b  T32_INT1_IRQHandler                        
00004a8b  T32_INT2_IRQHandler                        
00004a8b  T32_INTC_IRQHandler                        
000010cd  TA0_0_IRQHandler                           
000010cd  TA0_0_IRQHandler                           
00004a8b  TA0_N_IRQHandler                           
00001109  TA1_0_IRQHandler                           
00001109  TA1_0_IRQHandler                           
00004a8b  TA1_N_IRQHandler                           
00001141  TA2_0_IRQHandler                           
00001141  TA2_0_IRQHandler                           
00004a8b  TA2_N_IRQHandler                           
00001175  TA3_0_IRQHandler                           
00001175  TA3_0_IRQHandler                           
00004a8b  TA3_N_IRQHandler                           
00004729  Timer_A_clearCaptureCompareInterrupt       
00003f55  Timer_A_configureUpMode                    
00003e71  Timer_A_generatePWM                        
000049d3  Timer_A_startCounter                       
000049ff  Timer_A_stopTimer                          
00004a8b  UsageFault_Handler                         
4000480c  WDTCTL_SYM                                 
00004a8b  WDT_A_IRQHandler                           
20010000  __STACK_END                                
00000200  __STACK_SIZE                               
000050c8  __TI_CINIT_Base                            
000050d8  __TI_CINIT_Limit                           
000050b4  __TI_Handler_Table_Base                    
000050c0  __TI_Handler_Table_Limit                   
000043d9  __TI_auto_init_nobinit_nopinit             
00003fbd  __TI_decompress_lzss                       
00004a71  __TI_decompress_none                       
0000424d  __TI_ltoa                                  
ffffffff  __TI_pprof_out_hndl                        
000000e5  __TI_printfi                               
ffffffff  __TI_prof_data_size                        
ffffffff  __TI_prof_data_start                       
00000000  __TI_static_base__                         
000048c3  __TI_zero_init_nomemset                    
00003ae9  __aeabi_cdcmpeq                            
00003ae9  __aeabi_cdcmple                            
00003b6f  __aeabi_cdrcmple                           
00004391  __aeabi_d2iz                               
000027a7  __aeabi_dadd                               
00002d35  __aeabi_ddiv                               
000032e5  __aeabi_dmul                               
0000279d  __aeabi_dsub                               
00004aa5  __aeabi_errno_addr                         
000046a1  __aeabi_i2d                                
00000b33  __aeabi_idiv0                              
00000b33  __aeabi_ldiv0                              
00003df5  __aeabi_memclr                             
00003df5  __aeabi_memclr4                            
00003df5  __aeabi_memclr8                            
00003813  __aeabi_memcpy                             
00003813  __aeabi_memcpy4                            
00003813  __aeabi_memcpy8                            
00003df7  __aeabi_memset                             
00003df7  __aeabi_memset4                            
00003df7  __aeabi_memset8                            
000038af  __aeabi_uldivmod                           
ffffffff  __binit__                                  
ffffffff  __c_args__                                 
UNDEFED   __mpu_init                                 
2000fe00  __stack                                    
20000000  __start___llvm_prf_cnts                    
20000000  __stop___llvm_prf_cnts                     
0000463d  _c_int00_noargs                            
00004dac  _ctypes_                                   
UNDEFED   _system_post_cinit                         
00004aad  _system_pre_init                           
00004ab1  abort                                      
00004345  atoi                                       
ffffffff  binit                                      
20000058  button1Pressed                             
0000208d  clockView                                  
00004949  copysign                                   
00004949  copysignl                                  
00005064  currentTime                                
0000104f  disable_timer                              
00002111  drawDate                                   
000020db  drawTime                                   
20000074  errno                                      
00004089  frexp                                      
00004089  frexpl                                     
2000001c  g_sContext                                 
2000005c  g_sCrystalfontz128x128                     
00005028  g_sCrystalfontz128x128_funcs               
00004eb0  g_sFontFixed6x8                            
2000006c  gc                                         
00000cdd  generate_delay                             
00000f1d  generate_pwm                               
00000ded  generate_rate                              
000011cd  getJoyValue                                
00000c41  initAdcSystem                              
00000bd1  initButtonSystem                           
00000b6f  initClockSystem                            
000020b3  initClockView                              
00000b35  initHardware                               
00000bf1  initLedSystem                              
00000ca5  initRTCSystem                              
00000b55  initTimerSystem                            
00000000  interruptVectors                           
00000c05  intiDisplaySystem                          
000031d5  ldexp                                      
000031d5  ldexpl                                     
0000441d  main                                       
000048df  memccpy                                    
00003813  memcpy                                     
00003dfd  memset                                     
20000070  menuActive                                 
000031d5  scalbn                                     
000031d5  scalbnl                                    
00002083  settingsView                               
00004521  sprintf                                    
000049e9  strchr                                     
00004a13  strcpy                                     
00004a27  strlen                                     
00002051  testJoy                                    
20000038  timerlist                                  
00004a4d  wcslen                                     


GLOBAL SYMBOLS: SORTED BY Symbol Address 

address   name                                       
-------   ----                                       
00000000  __TI_static_base__                         
00000000  interruptVectors                           
000000e5  __TI_printfi                               
00000200  __STACK_SIZE                               
00000b33  __aeabi_idiv0                              
00000b33  __aeabi_ldiv0                              
00000b35  initHardware                               
00000b55  initTimerSystem                            
00000b6f  initClockSystem                            
00000bd1  initButtonSystem                           
00000bf1  initLedSystem                              
00000c05  intiDisplaySystem                          
00000c41  initAdcSystem                              
00000ca5  initRTCSystem                              
00000cdd  generate_delay                             
00000ded  generate_rate                              
00000f1d  generate_pwm                               
0000104f  disable_timer                              
000010cd  TA0_0_IRQHandler                           
000010cd  TA0_0_IRQHandler                           
00001109  TA1_0_IRQHandler                           
00001109  TA1_0_IRQHandler                           
00001141  TA2_0_IRQHandler                           
00001141  TA2_0_IRQHandler                           
00001175  TA3_0_IRQHandler                           
00001175  TA3_0_IRQHandler                           
000011ad  Button1Pressed                             
000011af  PORT5_IRQHandler                           
000011af  PORT5_IRQHandler                           
000011cd  getJoyValue                                
0000121d  Crystalfontz128x128_Init                   
00001331  Crystalfontz128x128_SetDrawFrame           
0000145f  Crystalfontz128x128_SetOrientation         
0000189d  Graphics_drawString                        
00001d1d  SystemCoreClockUpdate                      
00001f95  SystemInit                                 
00002051  testJoy                                    
00002083  settingsView                               
0000208d  clockView                                  
000020b3  initClockView                              
000020db  drawTime                                   
00002111  drawDate                                   
00002277  RTC_C_IRQHandler                           
00002277  RTC_C_IRQHandler                           
0000279d  __aeabi_dsub                               
000027a7  __aeabi_dadd                               
00002d35  __aeabi_ddiv                               
00002e6d  CS_initClockSignal                         
000030c1  Graphics_fillRectangle                     
000031d5  ldexp                                      
000031d5  ldexpl                                     
000031d5  scalbn                                     
000031d5  scalbnl                                    
000032e5  __aeabi_dmul                               
000033e1  HAL_LCD_PortInit                           
00003411  HAL_LCD_SpiInit                            
00003447  HAL_LCD_writeCommand                       
00003477  HAL_LCD_writeData                          
000034ad  ADC14_configureConversionMemory            
00003561  ADC14_configureMultiSequenceMode           
000036c7  SPI_initMaster                             
00003777  Graphics_drawLineH                         
00003813  __aeabi_memcpy                             
00003813  __aeabi_memcpy4                            
00003813  __aeabi_memcpy8                            
00003813  memcpy                                     
000038af  __aeabi_uldivmod                           
00003945  RTC_C_getEnabledInterruptStatus            
000039d9  GPIO_setAsPeripheralModuleFunctionInputPin 
00003a61  GPIO_setAsPeripheralModuleFunctionOutputPin
00003ae9  __aeabi_cdcmpeq                            
00003ae9  __aeabi_cdcmple                            
00003b6f  __aeabi_cdrcmple                           
00003bf5  GPIO_getEnabledInterruptStatus             
00003c79  Interrupt_disableInterrupt                 
00003cf9  Interrupt_enableInterrupt                  
00003d79  RTC_C_getCalendarTime                      
00003df5  __aeabi_memclr                             
00003df5  __aeabi_memclr4                            
00003df5  __aeabi_memclr8                            
00003df7  __aeabi_memset                             
00003df7  __aeabi_memset4                            
00003df7  __aeabi_memset8                            
00003dfd  memset                                     
00003e71  Timer_A_generatePWM                        
00003f55  Timer_A_configureUpMode                    
00003fbd  __TI_decompress_lzss                       
00004025  RTC_C_enableInterrupt                      
00004089  frexp                                      
00004089  frexpl                                     
000040ed  RTC_C_getInterruptStatus                   
00004149  GPIO_setAsInputPinWithPullUpResistor       
000041f9  ADC14_initModule                           
0000424d  __TI_ltoa                                  
000042a1  Graphics_initContext                       
00004345  atoi                                       
00004391  __aeabi_d2iz                               
000043d9  __TI_auto_init_nobinit_nopinit             
0000441d  main                                       
00004461  GPIO_setAsOutputPin                        
00004521  sprintf                                    
0000459f  Graphics_drawHorizontalLineOnDisplay       
000045d5  ADC14_enableSampleTimer                    
00004609  CS_setDCOCenteredFrequency                 
0000463d  _c_int00_noargs                            
00004671  CS_setReferenceOscillatorFrequency         
000046a1  __aeabi_i2d                                
000046d1  ADC14_toggleConversionTrigger              
000046fd  Graphics_drawPixelOnDisplay                
00004729  Timer_A_clearCaptureCompareInterrupt       
00004755  ADC14_enableConversion                     
0000477d  ADC14_getResult                            
000047a5  GPIO_clearInterruptFlag                    
000047cd  GPIO_enableInterrupt                       
000047f5  GPIO_setOutputHighOnPin                    
0000481d  GPIO_setOutputLowOnPin                     
00004845  GPIO_getInterruptStatus                    
00004869  ADC14_setResolution                        
00004889  Graphics_fillRectangleOnDisplay            
000048a7  SPI_enableModule                           
000048c3  __TI_zero_init_nomemset                    
000048df  memccpy                                    
000048fb  Graphics_clearDisplayOnDisplay             
00004915  Graphics_setBackgroundColor                
0000492f  Graphics_setFont                           
00004949  copysign                                   
00004949  copysignl                                  
0000497b  EUSCI_A_SPI_enable                         
00004991  EUSCI_B_SPI_enable                         
000049a7  Graphics_setForegroundColor                
000049bd  Graphics_translateColorOnDisplay           
000049d3  Timer_A_startCounter                       
000049e9  strchr                                     
000049ff  Timer_A_stopTimer                          
00004a13  strcpy                                     
00004a27  strlen                                     
00004a3b  Graphics_clearDisplay                      
00004a4d  wcslen                                     
00004a71  __TI_decompress_none                       
00004a7f  Reset_Handler                              
00004a8b  ADC14_IRQHandler                           
00004a8b  AES256_IRQHandler                          
00004a8b  BusFault_Handler                           
00004a8b  COMP_E0_IRQHandler                         
00004a8b  COMP_E1_IRQHandler                         
00004a8b  CS_IRQHandler                              
00004a8b  DMA_ERR_IRQHandler                         
00004a8b  DMA_INT0_IRQHandler                        
00004a8b  DMA_INT1_IRQHandler                        
00004a8b  DMA_INT2_IRQHandler                        
00004a8b  DMA_INT3_IRQHandler                        
00004a8b  DebugMon_Handler                           
00004a8b  Default_Handler                            
00004a8b  EUSCIA0_IRQHandler                         
00004a8b  EUSCIA1_IRQHandler                         
00004a8b  EUSCIA2_IRQHandler                         
00004a8b  EUSCIA3_IRQHandler                         
00004a8b  EUSCIB0_IRQHandler                         
00004a8b  EUSCIB1_IRQHandler                         
00004a8b  EUSCIB2_IRQHandler                         
00004a8b  EUSCIB3_IRQHandler                         
00004a8b  FLCTL_IRQHandler                           
00004a8b  FPU_IRQHandler                             
00004a8b  HardFault_Handler                          
00004a8b  MemManage_Handler                          
00004a8b  NMI_Handler                                
00004a8b  PCM_IRQHandler                             
00004a8b  PORT1_IRQHandler                           
00004a8b  PORT2_IRQHandler                           
00004a8b  PORT3_IRQHandler                           
00004a8b  PORT4_IRQHandler                           
00004a8b  PORT6_IRQHandler                           
00004a8b  PSS_IRQHandler                             
00004a8b  PendSV_Handler                             
00004a8b  SVC_Handler                                
00004a8b  SysTick_Handler                            
00004a8b  T32_INT1_IRQHandler                        
00004a8b  T32_INT2_IRQHandler                        
00004a8b  T32_INTC_IRQHandler                        
00004a8b  TA0_N_IRQHandler                           
00004a8b  TA1_N_IRQHandler                           
00004a8b  TA2_N_IRQHandler                           
00004a8b  TA3_N_IRQHandler                           
00004a8b  UsageFault_Handler                         
00004a8b  WDT_A_IRQHandler                           
00004a8d  ADC14_enableModule                         
00004aa5  __aeabi_errno_addr                         
00004aad  _system_pre_init                           
00004ab1  C$$EXIT                                    
00004ab1  abort                                      
00004dac  _ctypes_                                   
00004eb0  g_sFontFixed6x8                            
00005028  g_sCrystalfontz128x128_funcs               
00005064  currentTime                                
000050b4  __TI_Handler_Table_Base                    
000050c0  __TI_Handler_Table_Limit                   
000050c8  __TI_CINIT_Base                            
000050d8  __TI_CINIT_Limit                           
20000000  __start___llvm_prf_cnts                    
20000000  __stop___llvm_prf_cnts                     
2000001c  g_sContext                                 
20000038  timerlist                                  
2000004e  Lcd_ScreenHeigth                           
20000050  Lcd_ScreenWidth                            
20000052  Lcd_TouchTrim                              
20000054  Lcd_FlagRead                               
20000055  Lcd_FontSolid                              
20000056  Lcd_Orientation                            
20000057  Lcd_PenSolid                               
20000058  button1Pressed                             
2000005c  g_sCrystalfontz128x128                     
2000006c  gc                                         
20000070  menuActive                                 
20000074  errno                                      
20000078  SystemCoreClock                            
2000fe00  __stack                                    
20010000  __STACK_END                                
4000480c  WDTCTL_SYM                                 
ffffffff  __TI_pprof_out_hndl                        
ffffffff  __TI_prof_data_size                        
ffffffff  __TI_prof_data_start                       
ffffffff  __binit__                                  
ffffffff  __c_args__                                 
ffffffff  binit                                      
UNDEFED   __mpu_init                                 
UNDEFED   _system_post_cinit                         

[226 symbols]
