******************************************************************************
                  TI ARM Linker PC v20.2.7                     
******************************************************************************
>> Linked Thu Feb 23 15:15:49 2023

OUTPUT FILE NAME:   <SmartAlarm.out>
ENTRY POINT SYMBOL: "_c_int00_noargs"  address: 00001d5d


MEMORY CONFIGURATION

         name            origin    length      used     unused   attr    fill
----------------------  --------  ---------  --------  --------  ----  --------
  MAIN                  00000000   00040000  00002574  0003da8c  R  X
  INFO                  00200000   00004000  00000000  00004000  R  X
  SRAM_CODE             01000000   00010000  00000252  0000fdae  RW X
  SRAM_DATA             20000000   00010000  00000252  0000fdae  RW  


SEGMENT ALLOCATION MAP

run origin  load origin   length   init length attrs members
----------  ----------- ---------- ----------- ----- -------
00000000    00000000    00002578   00002578    r-x
  00000000    00000000    000000e4   000000e4    r-- .intvecs
  000000e4    000000e4    00001f94   00001f94    r-x .text
  00002078    00002078    000004c4   000004c4    r-- .const
  00002540    00002540    00000038   00000038    r-- .cinit
20000000    20000000    00000054   00000000    rw-
  20000000    20000000    0000003a   00000000    rw- .bss
  2000003c    2000003c    00000018   00000000    rw- .data
2000fe00    2000fe00    00000200   00000000    rw-
  2000fe00    2000fe00    00000200   00000000    rw- .stack


SECTION ALLOCATION MAP

 output                                  attributes/
section   page    origin      length       input sections
--------  ----  ----------  ----------   ----------------
.intvecs   0    00000000    000000e4     
                  00000000    000000e4     startup_msp432p401r_ccs.obj (.intvecs:retain)

.text      0    000000e4    00001f94     
                  000000e4    00000680     Crystalfontz128x128_ST7735.obj (.text)
                  00000764    00000624     hardware.obj (.text)
                  00000d88    00000334     system_msp432p401r.obj (.text)
                  000010bc    00000160     msp432p4xx_driverlib.lib : adc14.o (.text:_getIndexForMemRegister)
                  0000121c    00000144                              : timer_a.o (.text:privateTimer_AProcessClockSourceDivider)
                  00001360    00000130                              : cs.o (.text:CS_initClockSignal)
                  00001490    000000cc     HAL_MSP_EXP432P401R_Crystalfontz128x128_ST7735.obj (.text)
                  0000155c    000000b4     msp432p4xx_driverlib.lib : adc14.o (.text:ADC14_configureConversionMemory)
                  00001610    000000b4                              : adc14.o (.text:ADC14_configureMultiSequenceMode)
                  000016c4    000000b0                              : spi.o (.text:SPI_initMaster)
                  00001774    0000009c     rtsv7M4_T_le_v4SPD16_eabi.lib : memcpy_t2.asm.obj (.text)
                  00001810    00000088     msp432p4xx_driverlib.lib : gpio.o (.text:GPIO_setAsPeripheralModuleFunctionInputPin)
                  00001898    00000088                              : gpio.o (.text:GPIO_setAsPeripheralModuleFunctionOutputPin)
                  00001920    00000080                              : interrupt.o (.text:Interrupt_disableInterrupt)
                  000019a0    00000080                              : interrupt.o (.text:Interrupt_enableInterrupt)
                  00001a20    00000074                              : timer_a.o (.text:Timer_A_generatePWM)
                  00001a94    00000068                              : timer_a.o (.text:Timer_A_configureUpMode)
                  00001afc    00000068     rtsv7M4_T_le_v4SPD16_eabi.lib : copy_decompress_lzss.c.obj (.text:decompress:lzss:__TI_decompress_lzss)
                  00001b64    00000058     msp432p4xx_driverlib.lib : gpio.o (.text:GPIO_setAsInputPinWithPullUpResistor)
                  00001bbc    00000054                              : adc14.o (.text:ADC14_initModule)
                  00001c10    00000052     grlib.a : context.obj (.text:Graphics_initContext)
                  00001c62    00000002     --HOLE-- [fill = 0]
                  00001c64    00000044     rtsv7M4_T_le_v4SPD16_eabi.lib : autoinit.c.obj (.text:__TI_auto_init_nobinit_nopinit:__TI_auto_init_nobinit_nopinit)
                  00001ca8    00000040     msp432p4xx_driverlib.lib : gpio.o (.text:GPIO_setAsOutputPin)
                  00001ce8    00000040                              : spi.o (.text:is_A_Module)
                  00001d28    00000034                              : adc14.o (.text:ADC14_enableSampleTimer)
                  00001d5c    00000034     rtsv7M4_T_le_v4SPD16_eabi.lib : boot_cortex_m.c.obj (.text:_c_int00_noargs:_c_int00_noargs)
                  00001d90    00000030     msp432p4xx_driverlib.lib : cs.o (.text:CS_setReferenceOscillatorFrequency)
                  00001dc0    0000002c                              : adc14.o (.text:ADC14_toggleConversionTrigger)
                  00001dec    0000002c                              : timer_a.o (.text:Timer_A_clearCaptureCompareInterrupt)
                  00001e18    00000028                              : adc14.o (.text:ADC14_enableConversion)
                  00001e40    00000028                              : adc14.o (.text:ADC14_getResult)
                  00001e68    00000028                              : gpio.o (.text:GPIO_enableInterrupt)
                  00001e90    00000028                              : gpio.o (.text:GPIO_setOutputHighOnPin)
                  00001eb8    00000028                              : gpio.o (.text:GPIO_setOutputLowOnPin)
                  00001ee0    00000020                              : adc14.o (.text:ADC14_setResolution)
                  00001f00    0000001c                              : spi.o (.text:SPI_enableModule)
                  00001f1c    0000001c     rtsv7M4_T_le_v4SPD16_eabi.lib : copy_zero_init.c.obj (.text:decompress:ZI:__TI_zero_init_nomemset:__TI_zero_init_nomemset)
                  00001f38    0000001c     main.obj (.text)
                  00001f54    0000001a     grlib.a : display.obj (.text:Graphics_clearDisplayOnDisplay)
                  00001f6e    0000001a             : context.obj (.text:Graphics_setBackgroundColor)
                  00001f88    0000001a             : context.obj (.text:Graphics_setFont)
                  00001fa2    00000016     msp432p4xx_driverlib.lib : spi.o (.text:EUSCI_A_SPI_enable)
                  00001fb8    00000016                              : spi.o (.text:EUSCI_B_SPI_enable)
                  00001fce    00000016     grlib.a : context.obj (.text:Graphics_setForegroundColor)
                  00001fe4    00000016             : display.obj (.text:Graphics_translateColorOnDisplay)
                  00001ffa    00000016     msp432p4xx_driverlib.lib : timer_a.o (.text:Timer_A_startCounter)
                  00002010    00000014                              : timer_a.o (.text:Timer_A_stopTimer)
                  00002024    00000012     grlib.a : context.obj (.text:Graphics_clearDisplay)
                  00002036    00000002     --HOLE-- [fill = 0]
                  00002038    00000010     msp432p4xx_driverlib.lib : adc14.o (.text:ADCIsConversionRunning)
                  00002048    0000000e     rtsv7M4_T_le_v4SPD16_eabi.lib : copy_decompress_none.c.obj (.text:decompress:none:__TI_decompress_none)
                  00002056    0000000e     startup_msp432p401r_ccs.obj (.text)
                  00002064    0000000c     msp432p4xx_driverlib.lib : adc14.o (.text:ADC14_enableModule)
                  00002070    00000004     rtsv7M4_T_le_v4SPD16_eabi.lib : pre_init.c.obj (.text:_system_pre_init)
                  00002074    00000004                                   : exit.c.obj (.text:abort:abort)

.const     0    00002078    000004c4     
                  00002078    000002f8     grlib.a : fontfixed6x8.obj (.const:.string:g_pucFontFixed6x8Data)
                  00002370    000000c8             : fontfixed6x8.obj (.const:g_sFontFixed6x8)
                  00002438    00000080     msp432p4xx_driverlib.lib : adc14.o (.const:_ctlRegs)
                  000024b8    00000030                              : gpio.o (.const:GPIO_PORT_TO_BASE)
                  000024e8    00000020     Crystalfontz128x128_ST7735.obj (.const:g_sCrystalfontz128x128_funcs)
                  00002508    0000001c     HAL_MSP_EXP432P401R_Crystalfontz128x128_ST7735.obj (.const:$P$T0$1)
                  00002524    00000008     Crystalfontz128x128_ST7735.obj (.const:$P$T0$1)
                  0000252c    00000008     msp432p4xx_driverlib.lib : interrupt.o (.const:g_pulDisRegs)
                  00002534    00000008                              : interrupt.o (.const:g_pulEnRegs)

.cinit     0    00002540    00000038     
                  00002540    00000013     (.cinit..data.load) [load image, compression = lzss]
                  00002553    00000001     --HOLE-- [fill = 0]
                  00002554    0000000c     (__TI_handler_table)
                  00002560    00000008     (.cinit..bss.load) [load image, compression = zero_init]
                  00002568    00000010     (__TI_cinit_table)

.init_array 
*          0    00000000    00000000     UNINITIALIZED

.binit     0    00000000    00000000     

.bss       0    20000000    0000003a     UNINITIALIZED
                  20000000    0000001c     (.common:g_sContext)
                  2000001c    00000014     (.common:timerlist)
                  20000030    00000002     (.common:Lcd_ScreenHeigth)
                  20000032    00000002     (.common:Lcd_ScreenWidth)
                  20000034    00000002     (.common:Lcd_TouchTrim)
                  20000036    00000001     (.common:Lcd_FlagRead)
                  20000037    00000001     (.common:Lcd_FontSolid)
                  20000038    00000001     (.common:Lcd_Orientation)
                  20000039    00000001     (.common:Lcd_PenSolid)

.data      0    2000003c    00000018     UNINITIALIZED
                  2000003c    00000010     Crystalfontz128x128_ST7735.obj (.data:g_sCrystalfontz128x128)
                  2000004c    00000004     main.obj (.data)
                  20000050    00000004     system_msp432p401r.obj (.data)

.stack     0    2000fe00    00000200     UNINITIALIZED
                  2000fe00    00000004     rtsv7M4_T_le_v4SPD16_eabi.lib : boot_cortex_m.c.obj (.stack)
                  2000fe04    000001fc     --HOLE--

__llvm_prf_cnts 
*          0    20000000    00000000     UNINITIALIZED

MODULE SUMMARY

       Module                                               code   ro data   rw data
       ------                                               ----   -------   -------
    .\
       system_msp432p401r.obj                               820    0         8      
       startup_msp432p401r_ccs.obj                          14     228       0      
       main.obj                                             28     0         104    
    +--+----------------------------------------------------+------+---------+---------+
       Total:                                               862    228       112    
                                                                                    
    .\modules\hardware\
       hardware.obj                                         1572   0         0      
    +--+----------------------------------------------------+------+---------+---------+
       Total:                                               1572   0         0      
                                                                                    
    .\modules\hardware\libraries\
       Crystalfontz128x128_ST7735.obj                       1664   40        52     
       HAL_MSP_EXP432P401R_Crystalfontz128x128_ST7735.obj   204    28        0      
    +--+----------------------------------------------------+------+---------+---------+
       Total:                                               1868   68        52     
                                                                                    
    C:/Users/Filippo Castellan/Desktop/SmartAlarm/driverlib/source/ti/devices/msp432p4xx/driverlib/ccs/msp432p4xx_driverlib.lib
       adc14.o                                              1032   128       0      
       timer_a.o                                            630    0         0      
       gpio.o                                               544    48        0      
       cs.o                                                 352    0         0      
       spi.o                                                312    0         0      
       interrupt.o                                          256    16        0      
    +--+----------------------------------------------------+------+---------+---------+
       Total:                                               3126   192       0      
                                                                                    
    C:/Users/Filippo Castellan/Desktop/SmartAlarm/driverlib/source/ti/grlib/lib/ccs/m4f/grlib.a
       fontfixed6x8.obj                                     0      960       0      
       context.obj                                          174    0         0      
       display.obj                                          48     0         0      
    +--+----------------------------------------------------+------+---------+---------+
       Total:                                               222    960       0      
                                                                                    
    C:\ti\ccs1220\ccs\tools\compiler\ti-cgt-arm_20.2.7.LTS\lib\rtsv7M4_T_le_v4SPD16_eabi.lib
       memcpy_t2.asm.obj                                    156    0         0      
       copy_decompress_lzss.c.obj                           104    0         0      
       autoinit.c.obj                                       68     0         0      
       boot_cortex_m.c.obj                                  52     0         0      
       copy_zero_init.c.obj                                 28     0         0      
       copy_decompress_none.c.obj                           14     0         0      
       exit.c.obj                                           4      0         0      
       pre_init.c.obj                                       4      0         0      
    +--+----------------------------------------------------+------+---------+---------+
       Total:                                               430    0         0      
                                                                                    
       Stack:                                               0      0         1024   
       Linker Generated:                                    0      55        0      
    +--+----------------------------------------------------+------+---------+---------+
       Grand Total:                                         8080   1503      1188   


LINKER GENERATED COPY TABLES

__TI_cinit_table @ 00002568 records: 2, size/record: 8, table size: 16
	.data: load addr=00002540, load size=00000013 bytes, run addr=2000003c, run size=00000018 bytes, compression=lzss
	.bss: load addr=00002560, load size=00000008 bytes, run addr=20000000, run size=0000003a bytes, compression=zero_init


LINKER GENERATED HANDLER TABLE

__TI_handler_table @ 00002554 records: 3, size/record: 4, table size: 12
	index: 0, handler: __TI_decompress_lzss
	index: 1, handler: __TI_decompress_none
	index: 2, handler: __TI_zero_init


GLOBAL SYMBOLS: SORTED ALPHABETICALLY BY Name 

address   name                                       
-------   ----                                       
00002063  ADC14_IRQHandler                           
0000155d  ADC14_configureConversionMemory            
00001611  ADC14_configureMultiSequenceMode           
00001e19  ADC14_enableConversion                     
00002065  ADC14_enableModule                         
00001d29  ADC14_enableSampleTimer                    
00001e41  ADC14_getResult                            
00001bbd  ADC14_initModule                           
00001ee1  ADC14_setResolution                        
00001dc1  ADC14_toggleConversionTrigger              
00002063  AES256_IRQHandler                          
00002063  BusFault_Handler                           
00002075  C$$EXIT                                    
00002063  COMP_E0_IRQHandler                         
00002063  COMP_E1_IRQHandler                         
00002063  CS_IRQHandler                              
00001361  CS_initClockSignal                         
00001d91  CS_setReferenceOscillatorFrequency         
000000e5  Crystalfontz128x128_Init                   
000001f9  Crystalfontz128x128_SetDrawFrame           
00000327  Crystalfontz128x128_SetOrientation         
00002063  DMA_ERR_IRQHandler                         
00002063  DMA_INT0_IRQHandler                        
00002063  DMA_INT1_IRQHandler                        
00002063  DMA_INT2_IRQHandler                        
00002063  DMA_INT3_IRQHandler                        
00002063  DebugMon_Handler                           
00002063  Default_Handler                            
00002063  EUSCIA0_IRQHandler                         
00002063  EUSCIA1_IRQHandler                         
00002063  EUSCIA2_IRQHandler                         
00002063  EUSCIA3_IRQHandler                         
00002063  EUSCIB0_IRQHandler                         
00002063  EUSCIB1_IRQHandler                         
00002063  EUSCIB2_IRQHandler                         
00002063  EUSCIB3_IRQHandler                         
00001fa3  EUSCI_A_SPI_enable                         
00001fb9  EUSCI_B_SPI_enable                         
00002063  FLCTL_IRQHandler                           
00002063  FPU_IRQHandler                             
00001e69  GPIO_enableInterrupt                       
00001b65  GPIO_setAsInputPinWithPullUpResistor       
00001ca9  GPIO_setAsOutputPin                        
00001811  GPIO_setAsPeripheralModuleFunctionInputPin 
00001899  GPIO_setAsPeripheralModuleFunctionOutputPin
00001e91  GPIO_setOutputHighOnPin                    
00001eb9  GPIO_setOutputLowOnPin                     
00002025  Graphics_clearDisplay                      
00001f55  Graphics_clearDisplayOnDisplay             
00001c11  Graphics_initContext                       
00001f6f  Graphics_setBackgroundColor                
00001f89  Graphics_setFont                           
00001fcf  Graphics_setForegroundColor                
00001fe5  Graphics_translateColorOnDisplay           
00001491  HAL_LCD_PortInit                           
000014c1  HAL_LCD_SpiInit                            
000014f7  HAL_LCD_writeCommand                       
00001527  HAL_LCD_writeData                          
00002063  HardFault_Handler                          
00001921  Interrupt_disableInterrupt                 
000019a1  Interrupt_enableInterrupt                  
20000036  Lcd_FlagRead                               
20000037  Lcd_FontSolid                              
20000038  Lcd_Orientation                            
20000039  Lcd_PenSolid                               
20000030  Lcd_ScreenHeigth                           
20000032  Lcd_ScreenWidth                            
20000034  Lcd_TouchTrim                              
00002063  MemManage_Handler                          
00002063  NMI_Handler                                
00002063  PCM_IRQHandler                             
00002063  PORT1_IRQHandler                           
00002063  PORT2_IRQHandler                           
00002063  PORT3_IRQHandler                           
00002063  PORT4_IRQHandler                           
00002063  PORT5_IRQHandler                           
00002063  PORT6_IRQHandler                           
00002063  PSS_IRQHandler                             
00002063  PendSV_Handler                             
00002063  RTC_C_IRQHandler                           
00002057  Reset_Handler                              
00001f01  SPI_enableModule                           
000016c5  SPI_initMaster                             
00002063  SVC_Handler                                
00002063  SysTick_Handler                            
20000050  SystemCoreClock                            
00000d89  SystemCoreClockUpdate                      
00001001  SystemInit                                 
00002063  T32_INT1_IRQHandler                        
00002063  T32_INT2_IRQHandler                        
00002063  T32_INTC_IRQHandler                        
00000c59  TA0_0_IRQHandler                           
00000c59  TA0_0_IRQHandler                           
00002063  TA0_N_IRQHandler                           
00000c95  TA1_0_IRQHandler                           
00000c95  TA1_0_IRQHandler                           
00002063  TA1_N_IRQHandler                           
00000ccd  TA2_0_IRQHandler                           
00000ccd  TA2_0_IRQHandler                           
00002063  TA2_N_IRQHandler                           
00000cfd  TA3_0_IRQHandler                           
00000cfd  TA3_0_IRQHandler                           
00002063  TA3_N_IRQHandler                           
00001ded  Timer_A_clearCaptureCompareInterrupt       
00001a95  Timer_A_configureUpMode                    
00001a21  Timer_A_generatePWM                        
00001ffb  Timer_A_startCounter                       
00002011  Timer_A_stopTimer                          
00002063  UsageFault_Handler                         
4000480c  WDTCTL_SYM                                 
00002063  WDT_A_IRQHandler                           
20010000  __STACK_END                                
00000200  __STACK_SIZE                               
00002568  __TI_CINIT_Base                            
00002578  __TI_CINIT_Limit                           
00002554  __TI_Handler_Table_Base                    
00002560  __TI_Handler_Table_Limit                   
00001c65  __TI_auto_init_nobinit_nopinit             
00001afd  __TI_decompress_lzss                       
00002049  __TI_decompress_none                       
ffffffff  __TI_pprof_out_hndl                        
ffffffff  __TI_prof_data_size                        
ffffffff  __TI_prof_data_start                       
00000000  __TI_static_base__                         
00001f1d  __TI_zero_init_nomemset                    
00001775  __aeabi_memcpy                             
00001775  __aeabi_memcpy4                            
00001775  __aeabi_memcpy8                            
ffffffff  __binit__                                  
ffffffff  __c_args__                                 
UNDEFED   __mpu_init                                 
2000fe00  __stack                                    
20000000  __start___llvm_prf_cnts                    
20000000  __stop___llvm_prf_cnts                     
00001d5d  _c_int00_noargs                            
UNDEFED   _system_post_cinit                         
00002071  _system_pre_init                           
00002075  abort                                      
ffffffff  binit                                      
00000bdb  disable_timer                              
20000000  g_sContext                                 
2000003c  g_sCrystalfontz128x128                     
000024e8  g_sCrystalfontz128x128_funcs               
00002370  g_sFontFixed6x8                            
2000004c  gc                                         
00000881  generate_delay                             
00000aa9  generate_pwm                               
00000987  generate_rate                              
00000d35  getJoyValue                                
0000081d  initAdcSystem                              
000007b3  initButtonSystem                           
0000079f  initClockSystem                            
00000765  initHardware                               
000007cd  initLedSystem                              
00000785  initTimerSystem                            
00000000  interruptVectors                           
000007e1  intiDisplaySystem                          
00001f39  main                                       
00001775  memcpy                                     
2000001c  timerlist                                  


GLOBAL SYMBOLS: SORTED BY Symbol Address 

address   name                                       
-------   ----                                       
00000000  __TI_static_base__                         
00000000  interruptVectors                           
000000e5  Crystalfontz128x128_Init                   
000001f9  Crystalfontz128x128_SetDrawFrame           
00000200  __STACK_SIZE                               
00000327  Crystalfontz128x128_SetOrientation         
00000765  initHardware                               
00000785  initTimerSystem                            
0000079f  initClockSystem                            
000007b3  initButtonSystem                           
000007cd  initLedSystem                              
000007e1  intiDisplaySystem                          
0000081d  initAdcSystem                              
00000881  generate_delay                             
00000987  generate_rate                              
00000aa9  generate_pwm                               
00000bdb  disable_timer                              
00000c59  TA0_0_IRQHandler                           
00000c59  TA0_0_IRQHandler                           
00000c95  TA1_0_IRQHandler                           
00000c95  TA1_0_IRQHandler                           
00000ccd  TA2_0_IRQHandler                           
00000ccd  TA2_0_IRQHandler                           
00000cfd  TA3_0_IRQHandler                           
00000cfd  TA3_0_IRQHandler                           
00000d35  getJoyValue                                
00000d89  SystemCoreClockUpdate                      
00001001  SystemInit                                 
00001361  CS_initClockSignal                         
00001491  HAL_LCD_PortInit                           
000014c1  HAL_LCD_SpiInit                            
000014f7  HAL_LCD_writeCommand                       
00001527  HAL_LCD_writeData                          
0000155d  ADC14_configureConversionMemory            
00001611  ADC14_configureMultiSequenceMode           
000016c5  SPI_initMaster                             
00001775  __aeabi_memcpy                             
00001775  __aeabi_memcpy4                            
00001775  __aeabi_memcpy8                            
00001775  memcpy                                     
00001811  GPIO_setAsPeripheralModuleFunctionInputPin 
00001899  GPIO_setAsPeripheralModuleFunctionOutputPin
00001921  Interrupt_disableInterrupt                 
000019a1  Interrupt_enableInterrupt                  
00001a21  Timer_A_generatePWM                        
00001a95  Timer_A_configureUpMode                    
00001afd  __TI_decompress_lzss                       
00001b65  GPIO_setAsInputPinWithPullUpResistor       
00001bbd  ADC14_initModule                           
00001c11  Graphics_initContext                       
00001c65  __TI_auto_init_nobinit_nopinit             
00001ca9  GPIO_setAsOutputPin                        
00001d29  ADC14_enableSampleTimer                    
00001d5d  _c_int00_noargs                            
00001d91  CS_setReferenceOscillatorFrequency         
00001dc1  ADC14_toggleConversionTrigger              
00001ded  Timer_A_clearCaptureCompareInterrupt       
00001e19  ADC14_enableConversion                     
00001e41  ADC14_getResult                            
00001e69  GPIO_enableInterrupt                       
00001e91  GPIO_setOutputHighOnPin                    
00001eb9  GPIO_setOutputLowOnPin                     
00001ee1  ADC14_setResolution                        
00001f01  SPI_enableModule                           
00001f1d  __TI_zero_init_nomemset                    
00001f39  main                                       
00001f55  Graphics_clearDisplayOnDisplay             
00001f6f  Graphics_setBackgroundColor                
00001f89  Graphics_setFont                           
00001fa3  EUSCI_A_SPI_enable                         
00001fb9  EUSCI_B_SPI_enable                         
00001fcf  Graphics_setForegroundColor                
00001fe5  Graphics_translateColorOnDisplay           
00001ffb  Timer_A_startCounter                       
00002011  Timer_A_stopTimer                          
00002025  Graphics_clearDisplay                      
00002049  __TI_decompress_none                       
00002057  Reset_Handler                              
00002063  ADC14_IRQHandler                           
00002063  AES256_IRQHandler                          
00002063  BusFault_Handler                           
00002063  COMP_E0_IRQHandler                         
00002063  COMP_E1_IRQHandler                         
00002063  CS_IRQHandler                              
00002063  DMA_ERR_IRQHandler                         
00002063  DMA_INT0_IRQHandler                        
00002063  DMA_INT1_IRQHandler                        
00002063  DMA_INT2_IRQHandler                        
00002063  DMA_INT3_IRQHandler                        
00002063  DebugMon_Handler                           
00002063  Default_Handler                            
00002063  EUSCIA0_IRQHandler                         
00002063  EUSCIA1_IRQHandler                         
00002063  EUSCIA2_IRQHandler                         
00002063  EUSCIA3_IRQHandler                         
00002063  EUSCIB0_IRQHandler                         
00002063  EUSCIB1_IRQHandler                         
00002063  EUSCIB2_IRQHandler                         
00002063  EUSCIB3_IRQHandler                         
00002063  FLCTL_IRQHandler                           
00002063  FPU_IRQHandler                             
00002063  HardFault_Handler                          
00002063  MemManage_Handler                          
00002063  NMI_Handler                                
00002063  PCM_IRQHandler                             
00002063  PORT1_IRQHandler                           
00002063  PORT2_IRQHandler                           
00002063  PORT3_IRQHandler                           
00002063  PORT4_IRQHandler                           
00002063  PORT5_IRQHandler                           
00002063  PORT6_IRQHandler                           
00002063  PSS_IRQHandler                             
00002063  PendSV_Handler                             
00002063  RTC_C_IRQHandler                           
00002063  SVC_Handler                                
00002063  SysTick_Handler                            
00002063  T32_INT1_IRQHandler                        
00002063  T32_INT2_IRQHandler                        
00002063  T32_INTC_IRQHandler                        
00002063  TA0_N_IRQHandler                           
00002063  TA1_N_IRQHandler                           
00002063  TA2_N_IRQHandler                           
00002063  TA3_N_IRQHandler                           
00002063  UsageFault_Handler                         
00002063  WDT_A_IRQHandler                           
00002065  ADC14_enableModule                         
00002071  _system_pre_init                           
00002075  C$$EXIT                                    
00002075  abort                                      
00002370  g_sFontFixed6x8                            
000024e8  g_sCrystalfontz128x128_funcs               
00002554  __TI_Handler_Table_Base                    
00002560  __TI_Handler_Table_Limit                   
00002568  __TI_CINIT_Base                            
00002578  __TI_CINIT_Limit                           
20000000  __start___llvm_prf_cnts                    
20000000  __stop___llvm_prf_cnts                     
20000000  g_sContext                                 
2000001c  timerlist                                  
20000030  Lcd_ScreenHeigth                           
20000032  Lcd_ScreenWidth                            
20000034  Lcd_TouchTrim                              
20000036  Lcd_FlagRead                               
20000037  Lcd_FontSolid                              
20000038  Lcd_Orientation                            
20000039  Lcd_PenSolid                               
2000003c  g_sCrystalfontz128x128                     
2000004c  gc                                         
20000050  SystemCoreClock                            
2000fe00  __stack                                    
20010000  __STACK_END                                
4000480c  WDTCTL_SYM                                 
ffffffff  __TI_pprof_out_hndl                        
ffffffff  __TI_prof_data_size                        
ffffffff  __TI_prof_data_start                       
ffffffff  __binit__                                  
ffffffff  __c_args__                                 
ffffffff  binit                                      
UNDEFED   __mpu_init                                 
UNDEFED   _system_post_cinit                         

[160 symbols]
