******************************************************************************
                  TI ARM Linker Unix v20.2.7                   
******************************************************************************
>> Linked Fri Mar 17 17:07:22 2023

OUTPUT FILE NAME:   <SmartAlarm.out>
ENTRY POINT SYMBOL: "_c_int00_noargs"  address: 000062ad


MEMORY CONFIGURATION

         name            origin    length      used     unused   attr    fill
----------------------  --------  ---------  --------  --------  ----  --------
  MAIN                  00000000   00040000  0000c177  00033e89  R  X
  INFO                  00200000   00004000  00000000  00004000  R  X
  SRAM_CODE             01000000   00010000  000006a0  0000f960  RW X
  SRAM_DATA             20000000   00010000  000006a0  0000f960  RW  


SEGMENT ALLOCATION MAP

run origin  load origin   length   init length attrs members
----------  ----------- ---------- ----------- ----- -------
00000000    00000000    0000c178   0000c178    r-x
  00000000    00000000    000000e4   000000e4    r-- .intvecs
  000000e4    000000e4    000067a4   000067a4    r-x .text
  00006888    00006888    000058af   000058af    r-- .const
  0000c138    0000c138    00000040   00000040    r-- .cinit
20000000    20000000    000004a0   00000000    rw-
  20000000    20000000    00000484   00000000    rw- .bss
  20000484    20000484    0000001c   00000000    rw- .data
2000fe00    2000fe00    00000200   00000000    rw-
  2000fe00    2000fe00    00000200   00000000    rw- .stack


SECTION ALLOCATION MAP

 output                                  attributes/
section   page    origin      length       input sections
--------  ----  ----------  ----------   ----------------
.intvecs   0    00000000    000000e4     
                  00000000    000000e4     startup_msp432p401r_ccs.obj (.intvecs:retain)

.text      0    000000e4    000067a4     
                  000000e4    00001208     clock.obj (.text)
                  000012ec    00000a4e     rtsv7M4_T_le_v4SPD16_eabi.lib : _printfi.c.obj (.text:__TI_printfi)
                  00001d3a    00000002                                   : div0.asm.obj (.text)
                  00001d3c    00000824     hardware.obj (.text)
                  00002560    00000680     Crystalfontz128x128_ST7735.obj (.text)
                  00002be0    0000047e     grlib.a : string.obj (.text:Graphics_drawString)
                  0000305e    00000390             : image.obj (.text:Graphics_drawImage)
                  000033ee    00000002     --HOLE-- [fill = 0]
                  000033f0    00000334     system_msp432p401r.obj (.text)
                  00003724    000002e8     combo_master.obj (.text)
                  00003a0c    00000270     rtsv7M4_T_le_v4SPD16_eabi.lib : _printfi.c.obj (.text:_pconv_a)
                  00003c7c    000001d0                                   : _printfi.c.obj (.text:_pconv_g)
                  00003e4c    000001b6                                   : fd_add_t2.asm.obj (.text)
                  00004002    00000002     --HOLE-- [fill = 0]
                  00004004    00000160     msp432p4xx_driverlib.lib : adc14.o (.text:_getIndexForMemRegister)
                  00004164    0000015c                              : pcm.o (.text:__PCM_setPowerModeAdvanced)
                  000042c0    00000144                              : timer_a.o (.text:privateTimer_AProcessClockSourceDivider)
                  00004404    0000013c     rtsv7M4_T_le_v4SPD16_eabi.lib : _printfi.c.obj (.text:_pconv_e)
                  00004540    00000136                                   : fd_div_t2.asm.obj (.text)
                  00004676    00000002     --HOLE-- [fill = 0]
                  00004678    00000130     msp432p4xx_driverlib.lib : cs.o (.text:CS_initClockSignal)
                  000047a8    00000124     rtsv7M4_T_le_v4SPD16_eabi.lib : _printfi.c.obj (.text:fcvt)
                  000048cc    00000112     grlib.a : rectangle.obj (.text:Graphics_fillRectangle)
                  000049de    00000002     --HOLE-- [fill = 0]
                  000049e0    00000110     rtsv7M4_T_le_v4SPD16_eabi.lib : s_scalbn.c.obj (.text:scalbn)
                  00004af0    00000108     msp432p4xx_driverlib.lib : pcm.o (.text:__PCM_setCoreVoltageLevelAdvanced)
                  00004bf8    000000fc     rtsv7M4_T_le_v4SPD16_eabi.lib : fd_mul_t2.asm.obj (.text)
                  00004cf4    000000cc     HAL_MSP_EXP432P401R_Crystalfontz128x128_ST7735.obj (.text)
                  00004dc0    000000b4     msp432p4xx_driverlib.lib : adc14.o (.text:ADC14_configureConversionMemory)
                  00004e74    000000b4                              : adc14.o (.text:ADC14_configureMultiSequenceMode)
                  00004f28    000000b1     rtsv7M4_T_le_v4SPD16_eabi.lib : _printfi.c.obj (.text:_ltostr)
                  00004fd9    00000001     --HOLE-- [fill = 0]
                  00004fda    000000b0     msp432p4xx_driverlib.lib : spi.o (.text:SPI_initMaster)
                  0000508a    0000009c     grlib.a : line.obj (.text:Graphics_drawLineH)
                  00005126    0000009c     rtsv7M4_T_le_v4SPD16_eabi.lib : memcpy_t2.asm.obj (.text)
                  000051c2    00000096                                   : ull_div_t2.asm.obj (.text)
                  00005258    00000094     msp432p4xx_driverlib.lib : rtc_c.o (.text:RTC_C_getEnabledInterruptStatus)
                  000052ec    00000094                              : rtc_c.o (.text:RTC_C_initCalendar)
                  00005380    00000088                              : gpio.o (.text:GPIO_setAsPeripheralModuleFunctionInputPin)
                  00005408    00000088                              : gpio.o (.text:GPIO_setAsPeripheralModuleFunctionOutputPin)
                  00005490    00000086     rtsv7M4_T_le_v4SPD16_eabi.lib : fd_cmp_t2.asm.obj (.text:__aeabi_cdcmple)
                  00005516    00000086                                   : fd_cmp_t2.asm.obj (.text:__aeabi_cdrcmple)
                  0000559c    00000084     msp432p4xx_driverlib.lib : gpio.o (.text:GPIO_getEnabledInterruptStatus)
                  00005620    00000080                              : interrupt.o (.text:Interrupt_disableInterrupt)
                  000056a0    00000080                              : interrupt.o (.text:Interrupt_enableInterrupt)
                  00005720    0000007c                              : rtc_c.o (.text:RTC_C_getCalendarTime)
                  0000579c    0000007a     rtsv7M4_T_le_v4SPD16_eabi.lib : memset_t2.asm.obj (.text)
                  00005816    0000006e                                   : _printfi.c.obj (.text:_mcpy)
                  00005884    0000006c     grlib.a : image.obj (.text:Graphics_convertPalette)
                  000058f0    0000006c     msp432p4xx_driverlib.lib : rtc_c.o (.text:RTC_C_disableInterrupt)
                  0000595c    00000068                              : timer_a.o (.text:Timer_A_configureUpMode)
                  000059c4    00000068     rtsv7M4_T_le_v4SPD16_eabi.lib : copy_decompress_lzss.c.obj (.text:decompress:lzss:__TI_decompress_lzss)
                  00005a2c    00000064     msp432p4xx_driverlib.lib : rtc_c.o (.text:RTC_C_enableInterrupt)
                  00005a90    00000064     rtsv7M4_T_le_v4SPD16_eabi.lib : s_frexp.c.obj (.text:frexp)
                  00005af4    0000005e     msp432p4xx_driverlib.lib : pcm.o (.text:PCM_getCoreVoltageLevel)
                  00005b52    00000002     --HOLE-- [fill = 0]
                  00005b54    0000005c                              : rtc_c.o (.text:RTC_C_getInterruptStatus)
                  00005bb0    0000005a                              : pcm.o (.text:PCM_getPowerMode)
                  00005c0a    00000002     --HOLE-- [fill = 0]
                  00005c0c    00000058                              : gpio.o (.text:GPIO_setAsInputPinWithPullUpResistor)
                  00005c64    00000058                              : rtc_c.o (.text:RTC_C_clearInterruptFlag)
                  00005cbc    00000056     rtsv7M4_T_le_v4SPD16_eabi.lib : _printfi.c.obj (.text:_pconv_f)
                  00005d12    00000002     --HOLE-- [fill = 0]
                  00005d14    00000054     msp432p4xx_driverlib.lib : adc14.o (.text:ADC14_initModule)
                  00005d68    00000054     rtsv7M4_T_le_v4SPD16_eabi.lib : _ltoa.c.obj (.text:__TI_ltoa)
                  00005dbc    00000052     grlib.a : context.obj (.text:Graphics_initContext)
                  00005e0e    00000052     rtsv7M4_T_le_v4SPD16_eabi.lib : _printfi.c.obj (.text:_ecpy)
                  00005e60    0000004e     msp432p4xx_driverlib.lib : timer_a.o (.text:Timer_A_initCompare)
                  00005eae    00000002     --HOLE-- [fill = 0]
                  00005eb0    0000004c     rtsv7M4_T_le_v4SPD16_eabi.lib : atoi.c.obj (.text:atoi)
                  00005efc    00000048     msp432p4xx_driverlib.lib : flash.o (.text:FlashCtl_setWaitState)
                  00005f44    00000048     rtsv7M4_T_le_v4SPD16_eabi.lib : fd_toi_t2.asm.obj (.text)
                  00005f8c    00000046     grlib.a : display.obj (.text:Graphics_drawMultiplePixelsOnDisplay)
                  00005fd2    00000002     --HOLE-- [fill = 0]
                  00005fd4    00000044     rtsv7M4_T_le_v4SPD16_eabi.lib : autoinit.c.obj (.text:__TI_auto_init_nobinit_nopinit:__TI_auto_init_nobinit_nopinit)
                  00006018    00000040     msp432p4xx_driverlib.lib : gpio.o (.text:GPIO_setAsOutputPin)
                  00006058    00000040     grlib.a : string.obj (.text:Graphics_getNumberOfLeadingZeros)
                  00006098    00000040     msp432p4xx_driverlib.lib : rtc_c.o (.text:RTC_C_setCalendarAlarm)
                  000060d8    00000040                              : spi.o (.text:is_A_Module)
                  00006118    00000040     rtsv7M4_T_le_v4SPD16_eabi.lib : sprintf.c.obj (.text:sprintf)
                  00006158    0000003e                                   : _printfi.c.obj (.text:_fcpy)
                  00006196    00000002     --HOLE-- [fill = 0]
                  00006198    0000003c     msp432p4xx_driverlib.lib : rtc_c.o (.text:RTC_C_setCalendarEvent)
                  000061d4    00000038                              : adc14.o (.text:ADC14_getEnabledInterruptStatus)
                  0000620c    00000036     grlib.a : display.obj (.text:Graphics_drawHorizontalLineOnDisplay)
                  00006242    00000002     --HOLE-- [fill = 0]
                  00006244    00000034     msp432p4xx_driverlib.lib : adc14.o (.text:ADC14_enableSampleTimer)
                  00006278    00000034                              : cs.o (.text:CS_setDCOCenteredFrequency)
                  000062ac    00000034     rtsv7M4_T_le_v4SPD16_eabi.lib : boot_cortex_m.c.obj (.text:_c_int00_noargs:_c_int00_noargs)
                  000062e0    00000030     msp432p4xx_driverlib.lib : adc14.o (.text:ADC14_clearInterruptFlag)
                  00006310    00000030                              : adc14.o (.text:ADC14_enableInterrupt)
                  00006340    0000002e     rtsv7M4_T_le_v4SPD16_eabi.lib : i_tofd_t2.asm.obj (.text)
                  0000636e    00000002     --HOLE-- [fill = 0]
                  00006370    0000002c     msp432p4xx_driverlib.lib : adc14.o (.text:ADC14_getInterruptStatus)
                  0000639c    0000002c                              : adc14.o (.text:ADC14_toggleConversionTrigger)
                  000063c8    0000002c     grlib.a : display.obj (.text:Graphics_drawPixelOnDisplay)
                  000063f4    0000002c     msp432p4xx_driverlib.lib : rtc_c.o (.text:RTC_C_startClock)
                  00006420    0000002c                              : timer_a.o (.text:Timer_A_clearCaptureCompareInterrupt)
                  0000644c    00000028                              : adc14.o (.text:ADC14_enableConversion)
                  00006474    00000028                              : adc14.o (.text:ADC14_getResult)
                  0000649c    00000028                              : gpio.o (.text:GPIO_clearInterruptFlag)
                  000064c4    00000028                              : gpio.o (.text:GPIO_enableInterrupt)
                  000064ec    00000028                              : gpio.o (.text:GPIO_setOutputHighOnPin)
                  00006514    00000028                              : gpio.o (.text:GPIO_setOutputLowOnPin)
                  0000653c    00000028                              : pcm.o (.text:PCM_gotoLPM0)
                  00006564    00000028     main.obj (.text)
                  0000658c    00000024     msp432p4xx_driverlib.lib : gpio.o (.text:GPIO_getInterruptStatus)
                  000065b0    00000020                              : adc14.o (.text:ADC14_setResolution)
                  000065d0    0000001e     grlib.a : display.obj (.text:Graphics_fillRectangleOnDisplay)
                  000065ee    00000002     --HOLE-- [fill = 0]
                  000065f0    0000001c     msp432p4xx_driverlib.lib : rtc_c.o (.text:RTC_C_convertBCDToBinary)
                  0000660c    0000001c                              : rtc_c.o (.text:RTC_C_convertBinaryToBCD)
                  00006628    0000001c                              : spi.o (.text:SPI_enableModule)
                  00006644    0000001c     rtsv7M4_T_le_v4SPD16_eabi.lib : memccpy.c.obj (.text:memccpy)
                  00006660    0000001a     grlib.a : display.obj (.text:Graphics_clearDisplayOnDisplay)
                  0000667a    0000001a             : context.obj (.text:Graphics_setBackgroundColor)
                  00006694    0000001a             : context.obj (.text:Graphics_setFont)
                  000066ae    0000001a     rtsv7M4_T_le_v4SPD16_eabi.lib : s_copysign.c.obj (.text:copysign)
                  000066c8    00000018                                   : sprintf.c.obj (.text:_outs)
                  000066e0    00000016     msp432p4xx_driverlib.lib : spi.o (.text:EUSCI_A_SPI_enable)
                  000066f6    00000016                              : spi.o (.text:EUSCI_B_SPI_enable)
                  0000670c    00000016     grlib.a : context.obj (.text:Graphics_setForegroundColor)
                  00006722    00000016             : display.obj (.text:Graphics_translateColorOnDisplay)
                  00006738    00000016     msp432p4xx_driverlib.lib : timer_a.o (.text:Timer_A_startCounter)
                  0000674e    00000016     rtsv7M4_T_le_v4SPD16_eabi.lib : strchr.c.obj (.text:strchr)
                  00006764    00000014     msp432p4xx_driverlib.lib : pcm.o (.text:PCM_getPowerState)
                  00006778    00000014                              : timer_a.o (.text:Timer_A_stopTimer)
                  0000678c    00000014     rtsv7M4_T_le_v4SPD16_eabi.lib : strcpy.c.obj (.text:strcpy)
                  000067a0    00000014                                   : strlen.c.obj (.text:strlen)
                  000067b4    00000012     grlib.a : context.obj (.text:Graphics_clearDisplay)
                  000067c6    00000012     rtsv7M4_T_le_v4SPD16_eabi.lib : wcslen.c.obj (.text:wcslen)
                  000067d8    00000010     msp432p4xx_driverlib.lib : adc14.o (.text:ADC14_disableConversion)
                  000067e8    00000010                              : adc14.o (.text:ADCIsConversionRunning)
                  000067f8    00000010                              : interrupt.o (.text:Interrupt_enableMaster)
                  00006808    00000010                              : pcm.o (.text:PCM_setCoreVoltageLevel)
                  00006818    00000010                              : pcm.o (.text:PCM_setPowerMode)
                  00006828    0000000e     rtsv7M4_T_le_v4SPD16_eabi.lib : copy_decompress_none.c.obj (.text:decompress:none:__TI_decompress_none)
                  00006836    0000000e     startup_msp432p401r_ccs.obj (.text)
                  00006844    0000000c     msp432p4xx_driverlib.lib : adc14.o (.text:ADC14_enableModule)
                  00006850    0000000c                              : cpu.o (.text:CPU_cpsie)
                  0000685c    0000000c     rtsv7M4_T_le_v4SPD16_eabi.lib : copy_zero_init.c.obj (.text:decompress:ZI:__TI_zero_init)
                  00006868    0000000a                                   : sprintf.c.obj (.text:_outc)
                  00006872    00000002     --HOLE-- [fill = 0]
                  00006874    00000008                                   : errno.c.obj (.text:__aeabi_errno_addr)
                  0000687c    00000004     msp432p4xx_driverlib.lib : cpu.o (.text:CPU_wfi)
                  00006880    00000004     rtsv7M4_T_le_v4SPD16_eabi.lib : pre_init.c.obj (.text:_system_pre_init)
                  00006884    00000004                                   : exit.c.obj (.text:abort:abort)

.const     0    00006888    000058af     
                  00006888    00000f3f     grlib.a : fontcm34b.obj (.const:.string:g_pucCm34bData)
                  000077c7    00000833             : fontcm18b.obj (.const:.string:g_pucCm18bData)
                  00007ffa    00000755             : fontcm16b.obj (.const:.string:g_pucCm16bData)
                  0000874f    0000065a             : fontcm14.obj (.const:.string:g_pucCm14Data)
                  00008da9    00000003     --HOLE-- [fill = 0]
                  00008dac    00000400     ALARM_OFF.obj (.const:palette_ALARM_OFF8BPP_UNCOMP)
                  000091ac    00000400     ALARM_ON.obj (.const:palette_ALARM_ON8BPP_UNCOMP)
                  000095ac    00000400     CLOCK_1.obj (.const:palette_CLOCK_18BPP_UNCOMP)
                  000099ac    00000400     CLOCK_2.obj (.const:palette_CLOCK_28BPP_UNCOMP)
                  00009dac    00000400     CLOCK_3.obj (.const:palette_CLOCK_38BPP_UNCOMP)
                  0000a1ac    00000400     CLOCK_4.obj (.const:palette_CLOCK_48BPP_UNCOMP)
                  0000a5ac    00000384     CLOCK_1.obj (.const:.string:pixel_CLOCK_18BPP_UNCOMP)
                  0000a930    00000384     CLOCK_2.obj (.const:.string:pixel_CLOCK_28BPP_UNCOMP)
                  0000acb4    00000384     CLOCK_3.obj (.const:.string:pixel_CLOCK_38BPP_UNCOMP)
                  0000b038    00000384     CLOCK_4.obj (.const:.string:pixel_CLOCK_48BPP_UNCOMP)
                  0000b3bc    000002f8     grlib.a : fontfixed6x8.obj (.const:.string:g_pucFontFixed6x8Data)
                  0000b6b4    00000190     ALARM_OFF.obj (.const:.string:pixel_ALARM_OFF8BPP_UNCOMP)
                  0000b844    00000190     ALARM_ON.obj (.const:.string:pixel_ALARM_ON8BPP_UNCOMP)
                  0000b9d4    00000101     rtsv7M4_T_le_v4SPD16_eabi.lib : ctype.c.obj (.const:.string:_ctypes_)
                  0000bad5    00000003     --HOLE-- [fill = 0]
                  0000bad8    000000c8     grlib.a : fontcm14.obj (.const:g_sFontCm14)
                  0000bba0    000000c8             : fontcm16b.obj (.const:g_sFontCm16b)
                  0000bc68    000000c8             : fontcm18b.obj (.const:g_sFontCm18b)
                  0000bd30    000000c8             : fontcm34b.obj (.const:g_sFontCm34b)
                  0000bdf8    000000c8             : fontfixed6x8.obj (.const:g_sFontFixed6x8)
                  0000bec0    00000080     msp432p4xx_driverlib.lib : adc14.o (.const:_ctlRegs)
                  0000bf40    00000030                              : gpio.o (.const:GPIO_PORT_TO_BASE)
                  0000bf70    00000020     Crystalfontz128x128_ST7735.obj (.const:g_sCrystalfontz128x128_funcs)
                  0000bf90    0000001c     HAL_MSP_EXP432P401R_Crystalfontz128x128_ST7735.obj (.const:$P$T0$1)
                  0000bfac    0000001c     hardware.obj (.const:currentTime)
                  0000bfc8    00000018     hardware.obj (.const:$P$T1$2)
                  0000bfe0    00000016     CURSOR_DOWN.obj (.const:.string:pixel_CURSOR_DOWN1BPP_UNCOMP)
                  0000bff6    00000016     CURSOR_R.obj (.const:.string:pixel_CURSOR_R1BPP_UNCOMP)
                  0000c00c    00000016     CURSOR_UP.obj (.const:.string:pixel_CURSOR_UP1BPP_UNCOMP)
                  0000c022    00000014     clock.obj (.const:.string:$P$T4$5)
                  0000c036    00000002     --HOLE-- [fill = 0]
                  0000c038    00000010     hardware.obj (.const:$P$T0$1)
                  0000c048    00000010     ALARM_OFF.obj (.const:ALARM_OFF8BPP_UNCOMP)
                  0000c058    00000010     ALARM_ON.obj (.const:ALARM_ON8BPP_UNCOMP)
                  0000c068    00000010     CLOCK_1.obj (.const:CLOCK_18BPP_UNCOMP)
                  0000c078    00000010     CLOCK_2.obj (.const:CLOCK_28BPP_UNCOMP)
                  0000c088    00000010     CLOCK_3.obj (.const:CLOCK_38BPP_UNCOMP)
                  0000c098    00000010     CLOCK_4.obj (.const:CLOCK_48BPP_UNCOMP)
                  0000c0a8    00000010     CURSOR_DOWN.obj (.const:CURSOR_DOWN1BPP_UNCOMP)
                  0000c0b8    00000010     CURSOR_R.obj (.const:CURSOR_R1BPP_UNCOMP)
                  0000c0c8    00000010     CURSOR_UP.obj (.const:CURSOR_UP1BPP_UNCOMP)
                  0000c0d8    0000000c     clock.obj (.const:.string:$P$T0$1)
                  0000c0e4    0000000b     clock.obj (.const:.string:$P$T2$3)
                  0000c0ef    00000001     --HOLE-- [fill = 0]
                  0000c0f0    00000008     Crystalfontz128x128_ST7735.obj (.const:$P$T0$1)
                  0000c0f8    00000008     msp432p4xx_driverlib.lib : interrupt.o (.const:g_pulDisRegs)
                  0000c100    00000008                              : interrupt.o (.const:g_pulEnRegs)
                  0000c108    00000008     CURSOR_DOWN.obj (.const:palette_CURSOR_DOWN1BPP_UNCOMP)
                  0000c110    00000008     CURSOR_R.obj (.const:palette_CURSOR_R1BPP_UNCOMP)
                  0000c118    00000008     CURSOR_UP.obj (.const:palette_CURSOR_UP1BPP_UNCOMP)
                  0000c120    00000006     clock.obj (.const:.string:$P$T1$2)
                  0000c126    00000006     clock.obj (.const:.string:$P$T3$4)
                  0000c12c    00000006     clock.obj (.const:.string:$P$T6$7)
                  0000c132    00000005     clock.obj (.const:.string:$P$T5$6)

.cinit     0    0000c138    00000040     
                  0000c138    00000018     (.cinit..data.load) [load image, compression = lzss]
                  0000c150    0000000c     (__TI_handler_table)
                  0000c15c    00000004     --HOLE-- [fill = 0]
                  0000c160    00000008     (.cinit..bss.load) [load image, compression = zero_init]
                  0000c168    00000010     (__TI_cinit_table)

.init_array 
*          0    00000000    00000000     UNINITIALIZED

.binit     0    00000000    00000000     

.bss       0    20000000    00000484     UNINITIALIZED
                  20000000    00000400     grlib.a : image.obj (.bss:g_pulConvertedPalette)
                  20000400    0000001c     clock.obj (.bss:currentTime)
                  2000041c    0000001c     (.common:alarmTime)
                  20000438    0000001c     (.common:g_sContext)
                  20000454    00000014     (.common:timerlist)
                  20000468    00000008     (.common:JoyValues)
                  20000470    00000003     (.common:buttonsPressed)
                  20000473    00000001     (.common:Lcd_FlagRead)
                  20000474    00000002     (.common:Lcd_ScreenHeigth)
                  20000476    00000002     (.common:Lcd_ScreenWidth)
                  20000478    00000002     (.common:Lcd_TouchTrim)
                  2000047a    00000001     (.common:Lcd_FontSolid)
                  2000047b    00000001     (.common:Lcd_Orientation)
                  2000047c    00000001     (.common:Lcd_PenSolid)
                  2000047d    00000001     (.common:alarmFired)
                  2000047e    00000001     (.common:clockImage)
                  2000047f    00000001     (.common:currentState)
                  20000480    00000001     (.common:onesTimer)
                  20000481    00000001     (.common:updateClockImage)
                  20000482    00000001     (.common:updateDate)
                  20000483    00000001     (.common:updateTime)

.data      0    20000484    0000001c     UNINITIALIZED
                  20000484    00000010     Crystalfontz128x128_ST7735.obj (.data:g_sCrystalfontz128x128)
                  20000494    00000004     main.obj (.data)
                  20000498    00000004     rtsv7M4_T_le_v4SPD16_eabi.lib : errno.c.obj (.data)
                  2000049c    00000004     system_msp432p401r.obj (.data)

.stack     0    2000fe00    00000200     UNINITIALIZED
                  2000fe00    00000004     rtsv7M4_T_le_v4SPD16_eabi.lib : boot_cortex_m.c.obj (.stack)
                  2000fe04    000001fc     --HOLE--

__llvm_prf_cnts 
*          0    20000000    00000000     UNINITIALIZED

MODULE SUMMARY

       Module                                               code    ro data   rw data
       ------                                               ----    -------   -------
    ./
       system_msp432p401r.obj                               820     0         8      
       startup_msp432p401r_ccs.obj                          14      228       0      
       main.obj                                             40      0         192    
    +--+----------------------------------------------------+-------+---------+---------+
       Total:                                               874     228       200    
                                                                                     
    ./modules/activities_launcher/activities/combo_master/
       combo_master.obj                                     744     0         2      
    +--+----------------------------------------------------+-------+---------+---------+
       Total:                                               744     0         2      
                                                                                     
    ./modules/clock_system/
       clock.obj                                            4616    66        58     
    +--+----------------------------------------------------+-------+---------+---------+
       Total:                                               4616    66        58     
                                                                                     
    ./modules/clock_system/images/
       CLOCK_1.obj                                          0       1940      0      
       CLOCK_2.obj                                          0       1940      0      
       CLOCK_3.obj                                          0       1940      0      
       CLOCK_4.obj                                          0       1940      0      
       ALARM_OFF.obj                                        0       1440      0      
       ALARM_ON.obj                                         0       1440      0      
       CURSOR_DOWN.obj                                      0       46        0      
       CURSOR_R.obj                                         0       46        0      
       CURSOR_UP.obj                                        0       46        0      
    +--+----------------------------------------------------+-------+---------+---------+
       Total:                                               0       10778     0      
                                                                                     
    ./modules/hardware/
       hardware.obj                                         2084    68        0      
    +--+----------------------------------------------------+-------+---------+---------+
       Total:                                               2084    68        0      
                                                                                     
    ./modules/hardware/libraries/
       Crystalfontz128x128_ST7735.obj                       1664    40        52     
       HAL_MSP_EXP432P401R_Crystalfontz128x128_ST7735.obj   204     28        0      
    +--+----------------------------------------------------+-------+---------+---------+
       Total:                                               1868    68        52     
                                                                                     
    /home/asus-laptop/Applications/CodeComposerStudio/ccs/tools/compiler/ti-cgt-arm_20.2.7.LTS/lib/rtsv7M4_T_le_v4SPD16_eabi.lib
       _printfi.c.obj                                       4851    0         0      
       fd_add_t2.asm.obj                                    438     0         0      
       fd_div_t2.asm.obj                                    310     0         0      
       s_scalbn.c.obj                                       272     0         0      
       fd_cmp_t2.asm.obj                                    268     0         0      
       ctype.c.obj                                          0       257       0      
       fd_mul_t2.asm.obj                                    252     0         0      
       memcpy_t2.asm.obj                                    156     0         0      
       ull_div_t2.asm.obj                                   150     0         0      
       memset_t2.asm.obj                                    122     0         0      
       copy_decompress_lzss.c.obj                           104     0         0      
       s_frexp.c.obj                                        100     0         0      
       sprintf.c.obj                                        98      0         0      
       _ltoa.c.obj                                          84      0         0      
       atoi.c.obj                                           76      0         0      
       fd_toi_t2.asm.obj                                    72      0         0      
       autoinit.c.obj                                       68      0         0      
       boot_cortex_m.c.obj                                  52      0         0      
       i_tofd_t2.asm.obj                                    46      0         0      
       memccpy.c.obj                                        28      0         0      
       s_copysign.c.obj                                     26      0         0      
       strchr.c.obj                                         22      0         0      
       strcpy.c.obj                                         20      0         0      
       strlen.c.obj                                         20      0         0      
       wcslen.c.obj                                         18      0         0      
       errno.c.obj                                          8       0         8      
       copy_decompress_none.c.obj                           14      0         0      
       copy_zero_init.c.obj                                 12      0         0      
       exit.c.obj                                           4       0         0      
       pre_init.c.obj                                       4       0         0      
       div0.asm.obj                                         2       0         0      
    +--+----------------------------------------------------+-------+---------+---------+
       Total:                                               7697    257       8      
                                                                                     
    /home/asus-laptop/github/SmartAlarm/driverlib/source/ti/devices/msp432p4xx/driverlib/ccs/msp432p4xx_driverlib.lib
       adc14.o                                              1244    128       0      
       rtc_c.o                                              1032    0         0      
       pcm.o                                                888     0         0      
       gpio.o                                               752     48        0      
       timer_a.o                                            592     0         0      
       cs.o                                                 356     0         0      
       spi.o                                                312     0         0      
       interrupt.o                                          272     16        0      
       flash.o                                              72      0         0      
       cpu.o                                                16      0         0      
    +--+----------------------------------------------------+-------+---------+---------+
       Total:                                               5536    192       0      
                                                                                     
    /home/asus-laptop/github/SmartAlarm/driverlib/source/ti/grlib/lib/ccs/m4f/grlib.a
       fontcm34b.obj                                        0       4103      0      
       image.obj                                            1020    0         2048   
       fontcm18b.obj                                        0       2299      0      
       fontcm16b.obj                                        0       2077      0      
       fontcm14.obj                                         0       1826      0      
       string.obj                                           1214    0         0      
       fontfixed6x8.obj                                     0       960       0      
       rectangle.obj                                        274     0         0      
       display.obj                                          246     0         0      
       context.obj                                          174     0         0      
       line.obj                                             156     0         0      
    +--+----------------------------------------------------+-------+---------+---------+
       Total:                                               3084    11265     2048   
                                                                                     
       Stack:                                               0       0         1024   
       Linker Generated:                                    0       60        0      
    +--+----------------------------------------------------+-------+---------+---------+
       Grand Total:                                         26503   22982     3392   


LINKER GENERATED COPY TABLES

__TI_cinit_table @ 0000c168 records: 2, size/record: 8, table size: 16
	.data: load addr=0000c138, load size=00000018 bytes, run addr=20000484, run size=0000001c bytes, compression=lzss
	.bss: load addr=0000c160, load size=00000008 bytes, run addr=20000000, run size=00000484 bytes, compression=zero_init


LINKER GENERATED HANDLER TABLE

__TI_handler_table @ 0000c150 records: 3, size/record: 4, table size: 12
	index: 0, handler: __TI_decompress_lzss
	index: 1, handler: __TI_decompress_none
	index: 2, handler: __TI_zero_init


GLOBAL SYMBOLS: SORTED ALPHABETICALLY BY Name 

address   name                                       
-------   ----                                       
000024d3  ADC14_IRQHandler                           
000024d3  ADC14_IRQHandler                           
000062e1  ADC14_clearInterruptFlag                   
00004dc1  ADC14_configureConversionMemory            
00004e75  ADC14_configureMultiSequenceMode           
000067d9  ADC14_disableConversion                    
0000644d  ADC14_enableConversion                     
00006311  ADC14_enableInterrupt                      
00006845  ADC14_enableModule                         
00006245  ADC14_enableSampleTimer                    
000061d5  ADC14_getEnabledInterruptStatus            
00006371  ADC14_getInterruptStatus                   
00006475  ADC14_getResult                            
00005d15  ADC14_initModule                           
000065b1  ADC14_setResolution                        
0000639d  ADC14_toggleConversionTrigger              
00006843  AES256_IRQHandler                          
0000c048  ALARM_OFF8BPP_UNCOMP                       
0000c058  ALARM_ON8BPP_UNCOMP                        
00006843  BusFault_Handler                           
00006885  C$$EXIT                                    
0000c068  CLOCK_18BPP_UNCOMP                         
0000c078  CLOCK_28BPP_UNCOMP                         
0000c088  CLOCK_38BPP_UNCOMP                         
0000c098  CLOCK_48BPP_UNCOMP                         
00006843  COMP_E0_IRQHandler                         
00006843  COMP_E1_IRQHandler                         
00006851  CPU_cpsie                                  
0000687d  CPU_wfi                                    
00006843  CS_IRQHandler                              
00004679  CS_initClockSignal                         
00006279  CS_setDCOCenteredFrequency                 
0000c0a8  CURSOR_DOWN1BPP_UNCOMP                     
0000c0b8  CURSOR_R1BPP_UNCOMP                        
0000c0c8  CURSOR_UP1BPP_UNCOMP                       
00002561  Crystalfontz128x128_Init                   
00002675  Crystalfontz128x128_SetDrawFrame           
000027a3  Crystalfontz128x128_SetOrientation         
00006843  DMA_ERR_IRQHandler                         
00006843  DMA_INT0_IRQHandler                        
00006843  DMA_INT1_IRQHandler                        
00006843  DMA_INT2_IRQHandler                        
00006843  DMA_INT3_IRQHandler                        
00006843  DebugMon_Handler                           
00006843  Default_Handler                            
00006843  EUSCIA0_IRQHandler                         
00006843  EUSCIA1_IRQHandler                         
00006843  EUSCIA2_IRQHandler                         
00006843  EUSCIA3_IRQHandler                         
00006843  EUSCIB0_IRQHandler                         
00006843  EUSCIB1_IRQHandler                         
00006843  EUSCIB2_IRQHandler                         
00006843  EUSCIB3_IRQHandler                         
000066e1  EUSCI_A_SPI_enable                         
000066f7  EUSCI_B_SPI_enable                         
00006843  FLCTL_IRQHandler                           
00006843  FPU_IRQHandler                             
00005efd  FlashCtl_setWaitState                      
0000649d  GPIO_clearInterruptFlag                    
000064c5  GPIO_enableInterrupt                       
0000559d  GPIO_getEnabledInterruptStatus             
0000658d  GPIO_getInterruptStatus                    
00005c0d  GPIO_setAsInputPinWithPullUpResistor       
00006019  GPIO_setAsOutputPin                        
00005381  GPIO_setAsPeripheralModuleFunctionInputPin 
00005409  GPIO_setAsPeripheralModuleFunctionOutputPin
000064ed  GPIO_setOutputHighOnPin                    
00006515  GPIO_setOutputLowOnPin                     
000067b5  Graphics_clearDisplay                      
00006661  Graphics_clearDisplayOnDisplay             
0000620d  Graphics_drawHorizontalLineOnDisplay       
0000305f  Graphics_drawImage                         
0000508b  Graphics_drawLineH                         
00005f8d  Graphics_drawMultiplePixelsOnDisplay       
000063c9  Graphics_drawPixelOnDisplay                
00002be1  Graphics_drawString                        
000048cd  Graphics_fillRectangle                     
000065d1  Graphics_fillRectangleOnDisplay            
00005dbd  Graphics_initContext                       
0000667b  Graphics_setBackgroundColor                
00006695  Graphics_setFont                           
0000670d  Graphics_setForegroundColor                
00006723  Graphics_translateColorOnDisplay           
00004cf5  HAL_LCD_PortInit                           
00004d25  HAL_LCD_SpiInit                            
00004d5b  HAL_LCD_writeCommand                       
00004d8b  HAL_LCD_writeData                          
00006843  HardFault_Handler                          
00000e89  IRQdrawClock                               
00005621  Interrupt_disableInterrupt                 
000056a1  Interrupt_enableInterrupt                  
000067f9  Interrupt_enableMaster                     
20000468  JoyValues                                  
20000473  Lcd_FlagRead                               
2000047a  Lcd_FontSolid                              
2000047b  Lcd_Orientation                            
2000047c  Lcd_PenSolid                               
20000474  Lcd_ScreenHeigth                           
20000476  Lcd_ScreenWidth                            
20000478  Lcd_TouchTrim                              
00006843  MemManage_Handler                          
00006843  NMI_Handler                                
00006843  PCM_IRQHandler                             
00005af5  PCM_getCoreVoltageLevel                    
00005bb1  PCM_getPowerMode                           
00006765  PCM_getPowerState                          
0000653d  PCM_gotoLPM0                               
00006809  PCM_setCoreVoltageLevel                    
00006819  PCM_setPowerMode                           
00006843  PORT1_IRQHandler                           
00006843  PORT2_IRQHandler                           
0000244f  PORT3_IRQHandler                           
0000244f  PORT3_IRQHandler                           
00002475  PORT4_IRQHandler                           
00002475  PORT4_IRQHandler                           
00002495  PORT5_IRQHandler                           
00002495  PORT5_IRQHandler                           
00006843  PORT6_IRQHandler                           
00006843  PSS_IRQHandler                             
00006843  PendSV_Handler                             
000011fd  RTC_C_IRQHandler                           
000011fd  RTC_C_IRQHandler                           
00005c65  RTC_C_clearInterruptFlag                   
000065f1  RTC_C_convertBCDToBinary                   
0000660d  RTC_C_convertBinaryToBCD                   
000058f1  RTC_C_disableInterrupt                     
00005a2d  RTC_C_enableInterrupt                      
00005721  RTC_C_getCalendarTime                      
00005259  RTC_C_getEnabledInterruptStatus            
00005b55  RTC_C_getInterruptStatus                   
000052ed  RTC_C_initCalendar                         
00006099  RTC_C_setCalendarAlarm                     
00006199  RTC_C_setCalendarEvent                     
000063f5  RTC_C_startClock                           
00006837  Reset_Handler                              
00006629  SPI_enableModule                           
00004fdb  SPI_initMaster                             
00006843  SVC_Handler                                
00006843  SysTick_Handler                            
2000049c  SystemCoreClock                            
000033f1  SystemCoreClockUpdate                      
00003669  SystemInit                                 
00006843  T32_INT1_IRQHandler                        
00006843  T32_INT2_IRQHandler                        
00006843  T32_INTC_IRQHandler                        
00006843  TA0_0_IRQHandler                           
00006843  TA0_N_IRQHandler                           
0000235d  TA1_0_IRQHandler                           
0000235d  TA1_0_IRQHandler                           
00006843  TA1_N_IRQHandler                           
000023a7  TA2_0_IRQHandler                           
000023a7  TA2_0_IRQHandler                           
00006843  TA2_N_IRQHandler                           
000023f1  TA3_0_IRQHandler                           
000023f1  TA3_0_IRQHandler                           
00006843  TA3_N_IRQHandler                           
00006421  Timer_A_clearCaptureCompareInterrupt       
0000595d  Timer_A_configureUpMode                    
00005e61  Timer_A_initCompare                        
00006739  Timer_A_startCounter                       
00006779  Timer_A_stopTimer                          
00006843  UsageFault_Handler                         
4000480c  WDTCTL_SYM                                 
00006843  WDT_A_IRQHandler                           
20010000  __STACK_END                                
00000200  __STACK_SIZE                               
0000c168  __TI_CINIT_Base                            
0000c178  __TI_CINIT_Limit                           
0000c150  __TI_Handler_Table_Base                    
0000c15c  __TI_Handler_Table_Limit                   
00005fd5  __TI_auto_init_nobinit_nopinit             
000059c5  __TI_decompress_lzss                       
00006829  __TI_decompress_none                       
00005d69  __TI_ltoa                                  
ffffffff  __TI_pprof_out_hndl                        
000012ed  __TI_printfi                               
ffffffff  __TI_prof_data_size                        
ffffffff  __TI_prof_data_start                       
00000000  __TI_static_base__                         
0000685d  __TI_zero_init                             
00005491  __aeabi_cdcmpeq                            
00005491  __aeabi_cdcmple                            
00005517  __aeabi_cdrcmple                           
00005f45  __aeabi_d2iz                               
00003e57  __aeabi_dadd                               
00004541  __aeabi_ddiv                               
00004bf9  __aeabi_dmul                               
00003e4d  __aeabi_dsub                               
00006875  __aeabi_errno_addr                         
00006341  __aeabi_i2d                                
00001d3b  __aeabi_idiv0                              
00001d3b  __aeabi_ldiv0                              
0000579d  __aeabi_memclr                             
0000579d  __aeabi_memclr4                            
0000579d  __aeabi_memclr8                            
00005127  __aeabi_memcpy                             
00005127  __aeabi_memcpy4                            
00005127  __aeabi_memcpy8                            
0000579f  __aeabi_memset                             
0000579f  __aeabi_memset4                            
0000579f  __aeabi_memset8                            
000051c3  __aeabi_uldivmod                           
ffffffff  __binit__                                  
ffffffff  __c_args__                                 
UNDEFED   __mpu_init                                 
2000fe00  __stack                                    
20000000  __start___llvm_prf_cnts                    
20000000  __stop___llvm_prf_cnts                     
000062ad  _c_int00_noargs                            
0000b9d4  _ctypes_                                   
UNDEFED   _system_post_cinit                         
00006881  _system_pre_init                           
00006885  abort                                      
2000047d  alarmFired                                 
00000117  alarmSettView                              
2000041c  alarmTime                                  
00005eb1  atoi                                       
ffffffff  binit                                      
20000470  buttonsPressed                             
2000047e  clockImage                                 
00000cf9  clockView                                  
00003725  combo_master_start                         
000066af  copysign                                   
000066af  copysignl                                  
2000047f  currentState                               
0000bfac  currentTime                                
00002305  disable_timer                              
000022e5  disable_tone                               
00000de9  drawAlarm                                  
00000333  drawAlarmMenu                              
00000ea7  drawClock                                  
00000a75  drawCursor                                 
00001035  drawDate                                   
00000c95  drawMenu                                   
000011ed  drawSeconds                                
00000f7d  drawTime                                   
00000825  drawTimeMenu                               
00000c59  drawTitle                                  
20000498  errno                                      
00005a91  frexp                                      
00005a91  frexpl                                     
20000438  g_sContext                                 
20000484  g_sCrystalfontz128x128                     
0000bf70  g_sCrystalfontz128x128_funcs               
0000bad8  g_sFontCm14                                
0000bba0  g_sFontCm16b                               
0000bc68  g_sFontCm18b                               
0000bd30  g_sFontCm34b                               
0000bdf8  g_sFontFixed6x8                            
20000494  gc                                         
00001f3f  generate_delay                             
00002131  generate_rate                              
00002229  generate_tone                              
00002035  generate_wait                              
00000999  getCursorPosition                          
0000375f  getJoyArea                                 
000038a1  getJoyMovement                             
000024c9  getJoyValue                                
00001e9f  initAdcSystem                              
000002ef  initAlarmSettView                          
00001dd7  initButtonSystem                           
00001d9d  initClockSystem                            
00000f05  initClockView                              
00001d3d  initHardware                               
00001e2f  initLedSystem                              
00001d69  initPCM                                    
00001f13  initRTCSystem                              
00000c15  initSettingsView                           
0000087d  initTimeSettView                           
00001d83  initTimerSystem                            
00000000  interruptVectors                           
00001e63  intiDisplaySystem                          
000049e1  ldexp                                      
000049e1  ldexpl                                     
00006565  main                                       
00006645  memccpy                                    
00005127  memcpy                                     
000057a5  memset                                     
20000480  onesTimer                                  
0000243b  resetButtonsState                          
000049e1  scalbn                                     
000049e1  scalbnl                                    
000008c7  settingsView                               
00006119  sprintf                                    
000024b5  startADCconversions                        
000024c1  stopADCconversions                         
0000674f  strchr                                     
0000678d  strcpy                                     
000067a1  strlen                                     
000000e5  testJoy                                    
000003b9  timeSettView                               
20000454  timerlist                                  
20000481  updateClockImage                           
20000482  updateDate                                 
20000483  updateTime                                 
000067c7  wcslen                                     


GLOBAL SYMBOLS: SORTED BY Symbol Address 

address   name                                       
-------   ----                                       
00000000  __TI_static_base__                         
00000000  interruptVectors                           
000000e5  testJoy                                    
00000117  alarmSettView                              
00000200  __STACK_SIZE                               
000002ef  initAlarmSettView                          
00000333  drawAlarmMenu                              
000003b9  timeSettView                               
00000825  drawTimeMenu                               
0000087d  initTimeSettView                           
000008c7  settingsView                               
00000999  getCursorPosition                          
00000a75  drawCursor                                 
00000c15  initSettingsView                           
00000c59  drawTitle                                  
00000c95  drawMenu                                   
00000cf9  clockView                                  
00000de9  drawAlarm                                  
00000e89  IRQdrawClock                               
00000ea7  drawClock                                  
00000f05  initClockView                              
00000f7d  drawTime                                   
00001035  drawDate                                   
000011ed  drawSeconds                                
000011fd  RTC_C_IRQHandler                           
000011fd  RTC_C_IRQHandler                           
000012ed  __TI_printfi                               
00001d3b  __aeabi_idiv0                              
00001d3b  __aeabi_ldiv0                              
00001d3d  initHardware                               
00001d69  initPCM                                    
00001d83  initTimerSystem                            
00001d9d  initClockSystem                            
00001dd7  initButtonSystem                           
00001e2f  initLedSystem                              
00001e63  intiDisplaySystem                          
00001e9f  initAdcSystem                              
00001f13  initRTCSystem                              
00001f3f  generate_delay                             
00002035  generate_wait                              
00002131  generate_rate                              
00002229  generate_tone                              
000022e5  disable_tone                               
00002305  disable_timer                              
0000235d  TA1_0_IRQHandler                           
0000235d  TA1_0_IRQHandler                           
000023a7  TA2_0_IRQHandler                           
000023a7  TA2_0_IRQHandler                           
000023f1  TA3_0_IRQHandler                           
000023f1  TA3_0_IRQHandler                           
0000243b  resetButtonsState                          
0000244f  PORT3_IRQHandler                           
0000244f  PORT3_IRQHandler                           
00002475  PORT4_IRQHandler                           
00002475  PORT4_IRQHandler                           
00002495  PORT5_IRQHandler                           
00002495  PORT5_IRQHandler                           
000024b5  startADCconversions                        
000024c1  stopADCconversions                         
000024c9  getJoyValue                                
000024d3  ADC14_IRQHandler                           
000024d3  ADC14_IRQHandler                           
00002561  Crystalfontz128x128_Init                   
00002675  Crystalfontz128x128_SetDrawFrame           
000027a3  Crystalfontz128x128_SetOrientation         
00002be1  Graphics_drawString                        
0000305f  Graphics_drawImage                         
000033f1  SystemCoreClockUpdate                      
00003669  SystemInit                                 
00003725  combo_master_start                         
0000375f  getJoyArea                                 
000038a1  getJoyMovement                             
00003e4d  __aeabi_dsub                               
00003e57  __aeabi_dadd                               
00004541  __aeabi_ddiv                               
00004679  CS_initClockSignal                         
000048cd  Graphics_fillRectangle                     
000049e1  ldexp                                      
000049e1  ldexpl                                     
000049e1  scalbn                                     
000049e1  scalbnl                                    
00004bf9  __aeabi_dmul                               
00004cf5  HAL_LCD_PortInit                           
00004d25  HAL_LCD_SpiInit                            
00004d5b  HAL_LCD_writeCommand                       
00004d8b  HAL_LCD_writeData                          
00004dc1  ADC14_configureConversionMemory            
00004e75  ADC14_configureMultiSequenceMode           
00004fdb  SPI_initMaster                             
0000508b  Graphics_drawLineH                         
00005127  __aeabi_memcpy                             
00005127  __aeabi_memcpy4                            
00005127  __aeabi_memcpy8                            
00005127  memcpy                                     
000051c3  __aeabi_uldivmod                           
00005259  RTC_C_getEnabledInterruptStatus            
000052ed  RTC_C_initCalendar                         
00005381  GPIO_setAsPeripheralModuleFunctionInputPin 
00005409  GPIO_setAsPeripheralModuleFunctionOutputPin
00005491  __aeabi_cdcmpeq                            
00005491  __aeabi_cdcmple                            
00005517  __aeabi_cdrcmple                           
0000559d  GPIO_getEnabledInterruptStatus             
00005621  Interrupt_disableInterrupt                 
000056a1  Interrupt_enableInterrupt                  
00005721  RTC_C_getCalendarTime                      
0000579d  __aeabi_memclr                             
0000579d  __aeabi_memclr4                            
0000579d  __aeabi_memclr8                            
0000579f  __aeabi_memset                             
0000579f  __aeabi_memset4                            
0000579f  __aeabi_memset8                            
000057a5  memset                                     
000058f1  RTC_C_disableInterrupt                     
0000595d  Timer_A_configureUpMode                    
000059c5  __TI_decompress_lzss                       
00005a2d  RTC_C_enableInterrupt                      
00005a91  frexp                                      
00005a91  frexpl                                     
00005af5  PCM_getCoreVoltageLevel                    
00005b55  RTC_C_getInterruptStatus                   
00005bb1  PCM_getPowerMode                           
00005c0d  GPIO_setAsInputPinWithPullUpResistor       
00005c65  RTC_C_clearInterruptFlag                   
00005d15  ADC14_initModule                           
00005d69  __TI_ltoa                                  
00005dbd  Graphics_initContext                       
00005e61  Timer_A_initCompare                        
00005eb1  atoi                                       
00005efd  FlashCtl_setWaitState                      
00005f45  __aeabi_d2iz                               
00005f8d  Graphics_drawMultiplePixelsOnDisplay       
00005fd5  __TI_auto_init_nobinit_nopinit             
00006019  GPIO_setAsOutputPin                        
00006099  RTC_C_setCalendarAlarm                     
00006119  sprintf                                    
00006199  RTC_C_setCalendarEvent                     
000061d5  ADC14_getEnabledInterruptStatus            
0000620d  Graphics_drawHorizontalLineOnDisplay       
00006245  ADC14_enableSampleTimer                    
00006279  CS_setDCOCenteredFrequency                 
000062ad  _c_int00_noargs                            
000062e1  ADC14_clearInterruptFlag                   
00006311  ADC14_enableInterrupt                      
00006341  __aeabi_i2d                                
00006371  ADC14_getInterruptStatus                   
0000639d  ADC14_toggleConversionTrigger              
000063c9  Graphics_drawPixelOnDisplay                
000063f5  RTC_C_startClock                           
00006421  Timer_A_clearCaptureCompareInterrupt       
0000644d  ADC14_enableConversion                     
00006475  ADC14_getResult                            
0000649d  GPIO_clearInterruptFlag                    
000064c5  GPIO_enableInterrupt                       
000064ed  GPIO_setOutputHighOnPin                    
00006515  GPIO_setOutputLowOnPin                     
0000653d  PCM_gotoLPM0                               
00006565  main                                       
0000658d  GPIO_getInterruptStatus                    
000065b1  ADC14_setResolution                        
000065d1  Graphics_fillRectangleOnDisplay            
000065f1  RTC_C_convertBCDToBinary                   
0000660d  RTC_C_convertBinaryToBCD                   
00006629  SPI_enableModule                           
00006645  memccpy                                    
00006661  Graphics_clearDisplayOnDisplay             
0000667b  Graphics_setBackgroundColor                
00006695  Graphics_setFont                           
000066af  copysign                                   
000066af  copysignl                                  
000066e1  EUSCI_A_SPI_enable                         
000066f7  EUSCI_B_SPI_enable                         
0000670d  Graphics_setForegroundColor                
00006723  Graphics_translateColorOnDisplay           
00006739  Timer_A_startCounter                       
0000674f  strchr                                     
00006765  PCM_getPowerState                          
00006779  Timer_A_stopTimer                          
0000678d  strcpy                                     
000067a1  strlen                                     
000067b5  Graphics_clearDisplay                      
000067c7  wcslen                                     
000067d9  ADC14_disableConversion                    
000067f9  Interrupt_enableMaster                     
00006809  PCM_setCoreVoltageLevel                    
00006819  PCM_setPowerMode                           
00006829  __TI_decompress_none                       
00006837  Reset_Handler                              
00006843  AES256_IRQHandler                          
00006843  BusFault_Handler                           
00006843  COMP_E0_IRQHandler                         
00006843  COMP_E1_IRQHandler                         
00006843  CS_IRQHandler                              
00006843  DMA_ERR_IRQHandler                         
00006843  DMA_INT0_IRQHandler                        
00006843  DMA_INT1_IRQHandler                        
00006843  DMA_INT2_IRQHandler                        
00006843  DMA_INT3_IRQHandler                        
00006843  DebugMon_Handler                           
00006843  Default_Handler                            
00006843  EUSCIA0_IRQHandler                         
00006843  EUSCIA1_IRQHandler                         
00006843  EUSCIA2_IRQHandler                         
00006843  EUSCIA3_IRQHandler                         
00006843  EUSCIB0_IRQHandler                         
00006843  EUSCIB1_IRQHandler                         
00006843  EUSCIB2_IRQHandler                         
00006843  EUSCIB3_IRQHandler                         
00006843  FLCTL_IRQHandler                           
00006843  FPU_IRQHandler                             
00006843  HardFault_Handler                          
00006843  MemManage_Handler                          
00006843  NMI_Handler                                
00006843  PCM_IRQHandler                             
00006843  PORT1_IRQHandler                           
00006843  PORT2_IRQHandler                           
00006843  PORT6_IRQHandler                           
00006843  PSS_IRQHandler                             
00006843  PendSV_Handler                             
00006843  SVC_Handler                                
00006843  SysTick_Handler                            
00006843  T32_INT1_IRQHandler                        
00006843  T32_INT2_IRQHandler                        
00006843  T32_INTC_IRQHandler                        
00006843  TA0_0_IRQHandler                           
00006843  TA0_N_IRQHandler                           
00006843  TA1_N_IRQHandler                           
00006843  TA2_N_IRQHandler                           
00006843  TA3_N_IRQHandler                           
00006843  UsageFault_Handler                         
00006843  WDT_A_IRQHandler                           
00006845  ADC14_enableModule                         
00006851  CPU_cpsie                                  
0000685d  __TI_zero_init                             
00006875  __aeabi_errno_addr                         
0000687d  CPU_wfi                                    
00006881  _system_pre_init                           
00006885  C$$EXIT                                    
00006885  abort                                      
0000b9d4  _ctypes_                                   
0000bad8  g_sFontCm14                                
0000bba0  g_sFontCm16b                               
0000bc68  g_sFontCm18b                               
0000bd30  g_sFontCm34b                               
0000bdf8  g_sFontFixed6x8                            
0000bf70  g_sCrystalfontz128x128_funcs               
0000bfac  currentTime                                
0000c048  ALARM_OFF8BPP_UNCOMP                       
0000c058  ALARM_ON8BPP_UNCOMP                        
0000c068  CLOCK_18BPP_UNCOMP                         
0000c078  CLOCK_28BPP_UNCOMP                         
0000c088  CLOCK_38BPP_UNCOMP                         
0000c098  CLOCK_48BPP_UNCOMP                         
0000c0a8  CURSOR_DOWN1BPP_UNCOMP                     
0000c0b8  CURSOR_R1BPP_UNCOMP                        
0000c0c8  CURSOR_UP1BPP_UNCOMP                       
0000c150  __TI_Handler_Table_Base                    
0000c15c  __TI_Handler_Table_Limit                   
0000c168  __TI_CINIT_Base                            
0000c178  __TI_CINIT_Limit                           
20000000  __start___llvm_prf_cnts                    
20000000  __stop___llvm_prf_cnts                     
2000041c  alarmTime                                  
20000438  g_sContext                                 
20000454  timerlist                                  
20000468  JoyValues                                  
20000470  buttonsPressed                             
20000473  Lcd_FlagRead                               
20000474  Lcd_ScreenHeigth                           
20000476  Lcd_ScreenWidth                            
20000478  Lcd_TouchTrim                              
2000047a  Lcd_FontSolid                              
2000047b  Lcd_Orientation                            
2000047c  Lcd_PenSolid                               
2000047d  alarmFired                                 
2000047e  clockImage                                 
2000047f  currentState                               
20000480  onesTimer                                  
20000481  updateClockImage                           
20000482  updateDate                                 
20000483  updateTime                                 
20000484  g_sCrystalfontz128x128                     
20000494  gc                                         
20000498  errno                                      
2000049c  SystemCoreClock                            
2000fe00  __stack                                    
20010000  __STACK_END                                
4000480c  WDTCTL_SYM                                 
ffffffff  __TI_pprof_out_hndl                        
ffffffff  __TI_prof_data_size                        
ffffffff  __TI_prof_data_start                       
ffffffff  __binit__                                  
ffffffff  __c_args__                                 
ffffffff  binit                                      
UNDEFED   __mpu_init                                 
UNDEFED   _system_post_cinit                         

[296 symbols]
