******************************************************************************
                  TI ARM Linker Unix v20.2.7                   
******************************************************************************
>> Linked Tue Feb 21 22:23:25 2023

OUTPUT FILE NAME:   <SmartAlarm.out>
ENTRY POINT SYMBOL: "_c_int00_noargs"  address: 00001ca5


MEMORY CONFIGURATION

         name            origin    length      used     unused   attr    fill
----------------------  --------  ---------  --------  --------  ----  --------
  MAIN                  00000000   00040000  000024e8  0003db18  R  X
  INFO                  00200000   00004000  00000000  00004000  R  X
  SRAM_CODE             01000000   00010000  00000232  0000fdce  RW X
  SRAM_DATA             20000000   00010000  00000232  0000fdce  RW  


SEGMENT ALLOCATION MAP

run origin  load origin   length   init length attrs members
----------  ----------- ---------- ----------- ----- -------
00000000    00000000    000024e8   000024e8    r-x
  00000000    00000000    000000e4   000000e4    r-- .intvecs
  000000e4    000000e4    00001f08   00001f08    r-x .text
  00001fec    00001fec    000004c4   000004c4    r-- .const
  000024b0    000024b0    00000038   00000038    r-- .cinit
20000000    20000000    00000034   00000000    rw-
  20000000    20000000    0000001e   00000000    rw- .bss
  20000020    20000020    00000014   00000000    rw- .data
2000fe00    2000fe00    00000200   00000000    rw-
  2000fe00    2000fe00    00000200   00000000    rw- .stack


SECTION ALLOCATION MAP

 output                                  attributes/
section   page    origin      length       input sections
--------  ----  ----------  ----------   ----------------
.intvecs   0    00000000    000000e4     
                  00000000    000000e4     startup_msp432p401r_ccs.obj (.intvecs:retain)

.text      0    000000e4    00001f08     
                  000000e4    00000680     Crystalfontz128x128_ST7735.obj (.text)
                  00000764    0000061c     hardware.obj (.text)
                  00000d80    00000334     system_msp432p401r.obj (.text)
                  000010b4    00000160     msp432p4xx_driverlib.lib : adc14.o (.text:_getIndexForMemRegister)
                  00001214    00000144                              : timer_a.o (.text:privateTimer_AProcessClockSourceDivider)
                  00001358    00000130                              : cs.o (.text:CS_initClockSignal)
                  00001488    000000cc     HAL_MSP_EXP432P401R_Crystalfontz128x128_ST7735.obj (.text)
                  00001554    000000b4     msp432p4xx_driverlib.lib : adc14.o (.text:ADC14_configureConversionMemory)
                  00001608    000000b0                              : spi.o (.text:SPI_initMaster)
                  000016b8    0000009c     rtsv7M4_T_le_v4SPD16_eabi.lib : memcpy_t2.asm.obj (.text)
                  00001754    00000088     msp432p4xx_driverlib.lib : gpio.o (.text:GPIO_setAsPeripheralModuleFunctionInputPin)
                  000017dc    00000088                              : gpio.o (.text:GPIO_setAsPeripheralModuleFunctionOutputPin)
                  00001864    00000080                              : interrupt.o (.text:Interrupt_disableInterrupt)
                  000018e4    00000080                              : interrupt.o (.text:Interrupt_enableInterrupt)
                  00001964    00000074                              : timer_a.o (.text:Timer_A_generatePWM)
                  000019d8    00000068                              : timer_a.o (.text:Timer_A_configureUpMode)
                  00001a40    00000068     rtsv7M4_T_le_v4SPD16_eabi.lib : copy_decompress_lzss.c.obj (.text:decompress:lzss:__TI_decompress_lzss)
                  00001aa8    00000058     msp432p4xx_driverlib.lib : adc14.o (.text:ADC14_configureSingleSampleMode)
                  00001b00    00000058                              : gpio.o (.text:GPIO_setAsInputPinWithPullUpResistor)
                  00001b58    00000052     grlib.a : context.obj (.text:Graphics_initContext)
                  00001baa    00000002     --HOLE-- [fill = 0]
                  00001bac    00000044     rtsv7M4_T_le_v4SPD16_eabi.lib : autoinit.c.obj (.text:__TI_auto_init_nobinit_nopinit:__TI_auto_init_nobinit_nopinit)
                  00001bf0    00000040     msp432p4xx_driverlib.lib : gpio.o (.text:GPIO_setAsOutputPin)
                  00001c30    00000040                              : spi.o (.text:is_A_Module)
                  00001c70    00000034                              : adc14.o (.text:ADC14_enableSampleTimer)
                  00001ca4    00000034     rtsv7M4_T_le_v4SPD16_eabi.lib : boot_cortex_m.c.obj (.text:_c_int00_noargs:_c_int00_noargs)
                  00001cd8    00000030     msp432p4xx_driverlib.lib : adc14.o (.text:ADC14_disableInterrupt)
                  00001d08    00000030                              : adc14.o (.text:ADC14_enableInterrupt)
                  00001d38    00000030                              : cs.o (.text:CS_setReferenceOscillatorFrequency)
                  00001d68    0000002c                              : adc14.o (.text:ADC14_toggleConversionTrigger)
                  00001d94    0000002c                              : timer_a.o (.text:Timer_A_clearCaptureCompareInterrupt)
                  00001dc0    00000028                              : adc14.o (.text:ADC14_enableConversion)
                  00001de8    00000028                              : gpio.o (.text:GPIO_enableInterrupt)
                  00001e10    00000028                              : gpio.o (.text:GPIO_setOutputHighOnPin)
                  00001e38    00000028                              : gpio.o (.text:GPIO_setOutputLowOnPin)
                  00001e60    00000020                              : adc14.o (.text:ADC14_setResolution)
                  00001e80    0000001c                              : spi.o (.text:SPI_enableModule)
                  00001e9c    0000001c     rtsv7M4_T_le_v4SPD16_eabi.lib : copy_zero_init.c.obj (.text:decompress:ZI:__TI_zero_init_nomemset:__TI_zero_init_nomemset)
                  00001eb8    0000001a     grlib.a : display.obj (.text:Graphics_clearDisplayOnDisplay)
                  00001ed2    0000001a             : context.obj (.text:Graphics_setBackgroundColor)
                  00001eec    0000001a             : context.obj (.text:Graphics_setFont)
                  00001f06    00000016     msp432p4xx_driverlib.lib : spi.o (.text:EUSCI_A_SPI_enable)
                  00001f1c    00000016                              : spi.o (.text:EUSCI_B_SPI_enable)
                  00001f32    00000016     grlib.a : context.obj (.text:Graphics_setForegroundColor)
                  00001f48    00000016             : display.obj (.text:Graphics_translateColorOnDisplay)
                  00001f5e    00000016     msp432p4xx_driverlib.lib : timer_a.o (.text:Timer_A_startCounter)
                  00001f74    00000014                              : timer_a.o (.text:Timer_A_stopTimer)
                  00001f88    00000012     grlib.a : context.obj (.text:Graphics_clearDisplay)
                  00001f9a    00000002     --HOLE-- [fill = 0]
                  00001f9c    00000010     msp432p4xx_driverlib.lib : adc14.o (.text:ADCIsConversionRunning)
                  00001fac    00000010     main.obj (.text)
                  00001fbc    0000000e     rtsv7M4_T_le_v4SPD16_eabi.lib : copy_decompress_none.c.obj (.text:decompress:none:__TI_decompress_none)
                  00001fca    0000000e     startup_msp432p401r_ccs.obj (.text)
                  00001fd8    0000000c     msp432p4xx_driverlib.lib : adc14.o (.text:ADC14_enableModule)
                  00001fe4    00000004     rtsv7M4_T_le_v4SPD16_eabi.lib : pre_init.c.obj (.text:_system_pre_init)
                  00001fe8    00000004                                   : exit.c.obj (.text:abort:abort)

.const     0    00001fec    000004c4     
                  00001fec    000002f8     grlib.a : fontfixed6x8.obj (.const:.string:g_pucFontFixed6x8Data)
                  000022e4    000000c8             : fontfixed6x8.obj (.const:g_sFontFixed6x8)
                  000023ac    00000080     msp432p4xx_driverlib.lib : adc14.o (.const:_ctlRegs)
                  0000242c    00000030                              : gpio.o (.const:GPIO_PORT_TO_BASE)
                  0000245c    00000020     Crystalfontz128x128_ST7735.obj (.const:g_sCrystalfontz128x128_funcs)
                  0000247c    0000001c     HAL_MSP_EXP432P401R_Crystalfontz128x128_ST7735.obj (.const:$P$T0$1)
                  00002498    00000008     Crystalfontz128x128_ST7735.obj (.const:$P$T0$1)
                  000024a0    00000008     msp432p4xx_driverlib.lib : interrupt.o (.const:g_pulDisRegs)
                  000024a8    00000008                              : interrupt.o (.const:g_pulEnRegs)

.cinit     0    000024b0    00000038     
                  000024b0    00000012     (.cinit..data.load) [load image, compression = lzss]
                  000024c2    00000002     --HOLE-- [fill = 0]
                  000024c4    0000000c     (__TI_handler_table)
                  000024d0    00000008     (.cinit..bss.load) [load image, compression = zero_init]
                  000024d8    00000010     (__TI_cinit_table)

.init_array 
*          0    00000000    00000000     UNINITIALIZED

.binit     0    00000000    00000000     

.bss       0    20000000    0000001e     UNINITIALIZED
                  20000000    00000014     (.common:timerlist)
                  20000014    00000002     (.common:Lcd_ScreenHeigth)
                  20000016    00000002     (.common:Lcd_ScreenWidth)
                  20000018    00000002     (.common:Lcd_TouchTrim)
                  2000001a    00000001     (.common:Lcd_FlagRead)
                  2000001b    00000001     (.common:Lcd_FontSolid)
                  2000001c    00000001     (.common:Lcd_Orientation)
                  2000001d    00000001     (.common:Lcd_PenSolid)

.data      0    20000020    00000014     UNINITIALIZED
                  20000020    00000010     Crystalfontz128x128_ST7735.obj (.data:g_sCrystalfontz128x128)
                  20000030    00000004     system_msp432p401r.obj (.data)

.stack     0    2000fe00    00000200     UNINITIALIZED
                  2000fe00    00000004     rtsv7M4_T_le_v4SPD16_eabi.lib : boot_cortex_m.c.obj (.stack)
                  2000fe04    000001fc     --HOLE--

__llvm_prf_cnts 
*          0    20000000    00000000     UNINITIALIZED

MODULE SUMMARY

       Module                                               code   ro data   rw data
       ------                                               ----   -------   -------
    ./
       system_msp432p401r.obj                               820    0         8      
       startup_msp432p401r_ccs.obj                          14     228       0      
       main.obj                                             16     0         40     
    +--+----------------------------------------------------+------+---------+---------+
       Total:                                               850    228       48     
                                                                                    
    ./modules/hardware/
       hardware.obj                                         1564   0         0      
    +--+----------------------------------------------------+------+---------+---------+
       Total:                                               1564   0         0      
                                                                                    
    ./modules/hardware/libraries/
       Crystalfontz128x128_ST7735.obj                       1664   40        52     
       HAL_MSP_EXP432P401R_Crystalfontz128x128_ST7735.obj   204    28        0      
    +--+----------------------------------------------------+------+---------+---------+
       Total:                                               1868   68        52     
                                                                                    
    /home/asus-laptop/Applications/CodeComposerStudio/ccs/tools/compiler/ti-cgt-arm_20.2.7.LTS/lib/rtsv7M4_T_le_v4SPD16_eabi.lib
       memcpy_t2.asm.obj                                    156    0         0      
       copy_decompress_lzss.c.obj                           104    0         0      
       autoinit.c.obj                                       68     0         0      
       boot_cortex_m.c.obj                                  52     0         0      
       copy_zero_init.c.obj                                 28     0         0      
       copy_decompress_none.c.obj                           14     0         0      
       exit.c.obj                                           4      0         0      
       pre_init.c.obj                                       4      0         0      
    +--+----------------------------------------------------+------+---------+---------+
       Total:                                               430    0         0      
                                                                                    
    /home/asus-laptop/github/SmartAlarm/driverlib/source/ti/devices/msp432p4xx/driverlib/ccs/msp432p4xx_driverlib.lib
       adc14.o                                              912    128       0      
       timer_a.o                                            630    0         0      
       gpio.o                                               544    48        0      
       cs.o                                                 352    0         0      
       spi.o                                                312    0         0      
       interrupt.o                                          256    16        0      
    +--+----------------------------------------------------+------+---------+---------+
       Total:                                               3006   192       0      
                                                                                    
    /home/asus-laptop/github/SmartAlarm/driverlib/source/ti/grlib/lib/ccs/m4f/grlib.a
       fontfixed6x8.obj                                     0      960       0      
       context.obj                                          174    0         0      
       display.obj                                          48     0         0      
    +--+----------------------------------------------------+------+---------+---------+
       Total:                                               222    960       0      
                                                                                    
       Stack:                                               0      0         1024   
       Linker Generated:                                    0      54        0      
    +--+----------------------------------------------------+------+---------+---------+
       Grand Total:                                         7940   1502      1124   


LINKER GENERATED COPY TABLES

__TI_cinit_table @ 000024d8 records: 2, size/record: 8, table size: 16
	.data: load addr=000024b0, load size=00000012 bytes, run addr=20000020, run size=00000014 bytes, compression=lzss
	.bss: load addr=000024d0, load size=00000008 bytes, run addr=20000000, run size=0000001e bytes, compression=zero_init


LINKER GENERATED HANDLER TABLE

__TI_handler_table @ 000024c4 records: 3, size/record: 4, table size: 12
	index: 0, handler: __TI_decompress_lzss
	index: 1, handler: __TI_decompress_none
	index: 2, handler: __TI_zero_init


GLOBAL SYMBOLS: SORTED ALPHABETICALLY BY Name 

address   name                                       
-------   ----                                       
00001fd7  ADC14_IRQHandler                           
00001555  ADC14_configureConversionMemory            
00001aa9  ADC14_configureSingleSampleMode            
00001cd9  ADC14_disableInterrupt                     
00001dc1  ADC14_enableConversion                     
00001d09  ADC14_enableInterrupt                      
00001fd9  ADC14_enableModule                         
00001c71  ADC14_enableSampleTimer                    
00001e61  ADC14_setResolution                        
00001d69  ADC14_toggleConversionTrigger              
00001fd7  AES256_IRQHandler                          
00001fd7  BusFault_Handler                           
00001fe9  C$$EXIT                                    
00001fd7  COMP_E0_IRQHandler                         
00001fd7  COMP_E1_IRQHandler                         
00001fd7  CS_IRQHandler                              
00001359  CS_initClockSignal                         
00001d39  CS_setReferenceOscillatorFrequency         
000000e5  Crystalfontz128x128_Init                   
000001f9  Crystalfontz128x128_SetDrawFrame           
00000327  Crystalfontz128x128_SetOrientation         
00001fd7  DMA_ERR_IRQHandler                         
00001fd7  DMA_INT0_IRQHandler                        
00001fd7  DMA_INT1_IRQHandler                        
00001fd7  DMA_INT2_IRQHandler                        
00001fd7  DMA_INT3_IRQHandler                        
00001fd7  DebugMon_Handler                           
00001fd7  Default_Handler                            
00001fd7  EUSCIA0_IRQHandler                         
00001fd7  EUSCIA1_IRQHandler                         
00001fd7  EUSCIA2_IRQHandler                         
00001fd7  EUSCIA3_IRQHandler                         
00001fd7  EUSCIB0_IRQHandler                         
00001fd7  EUSCIB1_IRQHandler                         
00001fd7  EUSCIB2_IRQHandler                         
00001fd7  EUSCIB3_IRQHandler                         
00001f07  EUSCI_A_SPI_enable                         
00001f1d  EUSCI_B_SPI_enable                         
00001fd7  FLCTL_IRQHandler                           
00001fd7  FPU_IRQHandler                             
00001de9  GPIO_enableInterrupt                       
00001b01  GPIO_setAsInputPinWithPullUpResistor       
00001bf1  GPIO_setAsOutputPin                        
00001755  GPIO_setAsPeripheralModuleFunctionInputPin 
000017dd  GPIO_setAsPeripheralModuleFunctionOutputPin
00001e11  GPIO_setOutputHighOnPin                    
00001e39  GPIO_setOutputLowOnPin                     
00001f89  Graphics_clearDisplay                      
00001eb9  Graphics_clearDisplayOnDisplay             
00001b59  Graphics_initContext                       
00001ed3  Graphics_setBackgroundColor                
00001eed  Graphics_setFont                           
00001f33  Graphics_setForegroundColor                
00001f49  Graphics_translateColorOnDisplay           
00001489  HAL_LCD_PortInit                           
000014b9  HAL_LCD_SpiInit                            
000014ef  HAL_LCD_writeCommand                       
0000151f  HAL_LCD_writeData                          
00001fd7  HardFault_Handler                          
00001865  Interrupt_disableInterrupt                 
000018e5  Interrupt_enableInterrupt                  
2000001a  Lcd_FlagRead                               
2000001b  Lcd_FontSolid                              
2000001c  Lcd_Orientation                            
2000001d  Lcd_PenSolid                               
20000014  Lcd_ScreenHeigth                           
20000016  Lcd_ScreenWidth                            
20000018  Lcd_TouchTrim                              
00001fd7  MemManage_Handler                          
00001fd7  NMI_Handler                                
00001fd7  PCM_IRQHandler                             
00001fd7  PORT1_IRQHandler                           
00001fd7  PORT2_IRQHandler                           
00001fd7  PORT3_IRQHandler                           
00001fd7  PORT4_IRQHandler                           
00001fd7  PORT5_IRQHandler                           
00001fd7  PORT6_IRQHandler                           
00001fd7  PSS_IRQHandler                             
00001fd7  PendSV_Handler                             
00001fd7  RTC_C_IRQHandler                           
00001fcb  Reset_Handler                              
00001e81  SPI_enableModule                           
00001609  SPI_initMaster                             
00001fd7  SVC_Handler                                
00001fd7  SysTick_Handler                            
20000030  SystemCoreClock                            
00000d81  SystemCoreClockUpdate                      
00000ff9  SystemInit                                 
00001fd7  T32_INT1_IRQHandler                        
00001fd7  T32_INT2_IRQHandler                        
00001fd7  T32_INTC_IRQHandler                        
00000c5d  TA0_0_IRQHandler                           
00000c5d  TA0_0_IRQHandler                           
00001fd7  TA0_N_IRQHandler                           
00000c99  TA1_0_IRQHandler                           
00000c99  TA1_0_IRQHandler                           
00001fd7  TA1_N_IRQHandler                           
00000cd1  TA2_0_IRQHandler                           
00000cd1  TA2_0_IRQHandler                           
00001fd7  TA2_N_IRQHandler                           
00000d01  TA3_0_IRQHandler                           
00000d01  TA3_0_IRQHandler                           
00001fd7  TA3_N_IRQHandler                           
00001d95  Timer_A_clearCaptureCompareInterrupt       
000019d9  Timer_A_configureUpMode                    
00001965  Timer_A_generatePWM                        
00001f5f  Timer_A_startCounter                       
00001f75  Timer_A_stopTimer                          
00001fd7  UsageFault_Handler                         
4000480c  WDTCTL_SYM                                 
00001fd7  WDT_A_IRQHandler                           
20010000  __STACK_END                                
00000200  __STACK_SIZE                               
000024d8  __TI_CINIT_Base                            
000024e8  __TI_CINIT_Limit                           
000024c4  __TI_Handler_Table_Base                    
000024d0  __TI_Handler_Table_Limit                   
00001bad  __TI_auto_init_nobinit_nopinit             
00001a41  __TI_decompress_lzss                       
00001fbd  __TI_decompress_none                       
ffffffff  __TI_pprof_out_hndl                        
ffffffff  __TI_prof_data_size                        
ffffffff  __TI_prof_data_start                       
00000000  __TI_static_base__                         
00001e9d  __TI_zero_init_nomemset                    
000016b9  __aeabi_memcpy                             
000016b9  __aeabi_memcpy4                            
000016b9  __aeabi_memcpy8                            
ffffffff  __binit__                                  
ffffffff  __c_args__                                 
UNDEFED   __mpu_init                                 
2000fe00  __stack                                    
20000000  __start___llvm_prf_cnts                    
20000000  __stop___llvm_prf_cnts                     
00001ca5  _c_int00_noargs                            
UNDEFED   _system_post_cinit                         
00001fe5  _system_pre_init                           
00001fe9  abort                                      
ffffffff  binit                                      
00000d47  disableJoyInterrupt                        
00000bdf  disable_timer                              
00000d39  enableJoyInterrupt                         
20000020  g_sCrystalfontz128x128                     
0000245c  g_sCrystalfontz128x128_funcs               
000022e4  g_sFontFixed6x8                            
00000883  generate_delay                             
00000aad  generate_pwm                               
00000989  generate_rate                              
0000081d  initAdcSystem                              
000007b3  initButtonSystem                           
0000079f  initClockSystem                            
00000765  initHardware                               
000007cd  initLedSystem                              
00000785  initTimerSystem                            
00000000  interruptVectors                           
000007e1  intiDisplaySystem                          
00001fad  main                                       
000016b9  memcpy                                     
20000000  timerlist                                  


GLOBAL SYMBOLS: SORTED BY Symbol Address 

address   name                                       
-------   ----                                       
00000000  __TI_static_base__                         
00000000  interruptVectors                           
000000e5  Crystalfontz128x128_Init                   
000001f9  Crystalfontz128x128_SetDrawFrame           
00000200  __STACK_SIZE                               
00000327  Crystalfontz128x128_SetOrientation         
00000765  initHardware                               
00000785  initTimerSystem                            
0000079f  initClockSystem                            
000007b3  initButtonSystem                           
000007cd  initLedSystem                              
000007e1  intiDisplaySystem                          
0000081d  initAdcSystem                              
00000883  generate_delay                             
00000989  generate_rate                              
00000aad  generate_pwm                               
00000bdf  disable_timer                              
00000c5d  TA0_0_IRQHandler                           
00000c5d  TA0_0_IRQHandler                           
00000c99  TA1_0_IRQHandler                           
00000c99  TA1_0_IRQHandler                           
00000cd1  TA2_0_IRQHandler                           
00000cd1  TA2_0_IRQHandler                           
00000d01  TA3_0_IRQHandler                           
00000d01  TA3_0_IRQHandler                           
00000d39  enableJoyInterrupt                         
00000d47  disableJoyInterrupt                        
00000d81  SystemCoreClockUpdate                      
00000ff9  SystemInit                                 
00001359  CS_initClockSignal                         
00001489  HAL_LCD_PortInit                           
000014b9  HAL_LCD_SpiInit                            
000014ef  HAL_LCD_writeCommand                       
0000151f  HAL_LCD_writeData                          
00001555  ADC14_configureConversionMemory            
00001609  SPI_initMaster                             
000016b9  __aeabi_memcpy                             
000016b9  __aeabi_memcpy4                            
000016b9  __aeabi_memcpy8                            
000016b9  memcpy                                     
00001755  GPIO_setAsPeripheralModuleFunctionInputPin 
000017dd  GPIO_setAsPeripheralModuleFunctionOutputPin
00001865  Interrupt_disableInterrupt                 
000018e5  Interrupt_enableInterrupt                  
00001965  Timer_A_generatePWM                        
000019d9  Timer_A_configureUpMode                    
00001a41  __TI_decompress_lzss                       
00001aa9  ADC14_configureSingleSampleMode            
00001b01  GPIO_setAsInputPinWithPullUpResistor       
00001b59  Graphics_initContext                       
00001bad  __TI_auto_init_nobinit_nopinit             
00001bf1  GPIO_setAsOutputPin                        
00001c71  ADC14_enableSampleTimer                    
00001ca5  _c_int00_noargs                            
00001cd9  ADC14_disableInterrupt                     
00001d09  ADC14_enableInterrupt                      
00001d39  CS_setReferenceOscillatorFrequency         
00001d69  ADC14_toggleConversionTrigger              
00001d95  Timer_A_clearCaptureCompareInterrupt       
00001dc1  ADC14_enableConversion                     
00001de9  GPIO_enableInterrupt                       
00001e11  GPIO_setOutputHighOnPin                    
00001e39  GPIO_setOutputLowOnPin                     
00001e61  ADC14_setResolution                        
00001e81  SPI_enableModule                           
00001e9d  __TI_zero_init_nomemset                    
00001eb9  Graphics_clearDisplayOnDisplay             
00001ed3  Graphics_setBackgroundColor                
00001eed  Graphics_setFont                           
00001f07  EUSCI_A_SPI_enable                         
00001f1d  EUSCI_B_SPI_enable                         
00001f33  Graphics_setForegroundColor                
00001f49  Graphics_translateColorOnDisplay           
00001f5f  Timer_A_startCounter                       
00001f75  Timer_A_stopTimer                          
00001f89  Graphics_clearDisplay                      
00001fad  main                                       
00001fbd  __TI_decompress_none                       
00001fcb  Reset_Handler                              
00001fd7  ADC14_IRQHandler                           
00001fd7  AES256_IRQHandler                          
00001fd7  BusFault_Handler                           
00001fd7  COMP_E0_IRQHandler                         
00001fd7  COMP_E1_IRQHandler                         
00001fd7  CS_IRQHandler                              
00001fd7  DMA_ERR_IRQHandler                         
00001fd7  DMA_INT0_IRQHandler                        
00001fd7  DMA_INT1_IRQHandler                        
00001fd7  DMA_INT2_IRQHandler                        
00001fd7  DMA_INT3_IRQHandler                        
00001fd7  DebugMon_Handler                           
00001fd7  Default_Handler                            
00001fd7  EUSCIA0_IRQHandler                         
00001fd7  EUSCIA1_IRQHandler                         
00001fd7  EUSCIA2_IRQHandler                         
00001fd7  EUSCIA3_IRQHandler                         
00001fd7  EUSCIB0_IRQHandler                         
00001fd7  EUSCIB1_IRQHandler                         
00001fd7  EUSCIB2_IRQHandler                         
00001fd7  EUSCIB3_IRQHandler                         
00001fd7  FLCTL_IRQHandler                           
00001fd7  FPU_IRQHandler                             
00001fd7  HardFault_Handler                          
00001fd7  MemManage_Handler                          
00001fd7  NMI_Handler                                
00001fd7  PCM_IRQHandler                             
00001fd7  PORT1_IRQHandler                           
00001fd7  PORT2_IRQHandler                           
00001fd7  PORT3_IRQHandler                           
00001fd7  PORT4_IRQHandler                           
00001fd7  PORT5_IRQHandler                           
00001fd7  PORT6_IRQHandler                           
00001fd7  PSS_IRQHandler                             
00001fd7  PendSV_Handler                             
00001fd7  RTC_C_IRQHandler                           
00001fd7  SVC_Handler                                
00001fd7  SysTick_Handler                            
00001fd7  T32_INT1_IRQHandler                        
00001fd7  T32_INT2_IRQHandler                        
00001fd7  T32_INTC_IRQHandler                        
00001fd7  TA0_N_IRQHandler                           
00001fd7  TA1_N_IRQHandler                           
00001fd7  TA2_N_IRQHandler                           
00001fd7  TA3_N_IRQHandler                           
00001fd7  UsageFault_Handler                         
00001fd7  WDT_A_IRQHandler                           
00001fd9  ADC14_enableModule                         
00001fe5  _system_pre_init                           
00001fe9  C$$EXIT                                    
00001fe9  abort                                      
000022e4  g_sFontFixed6x8                            
0000245c  g_sCrystalfontz128x128_funcs               
000024c4  __TI_Handler_Table_Base                    
000024d0  __TI_Handler_Table_Limit                   
000024d8  __TI_CINIT_Base                            
000024e8  __TI_CINIT_Limit                           
20000000  __start___llvm_prf_cnts                    
20000000  __stop___llvm_prf_cnts                     
20000000  timerlist                                  
20000014  Lcd_ScreenHeigth                           
20000016  Lcd_ScreenWidth                            
20000018  Lcd_TouchTrim                              
2000001a  Lcd_FlagRead                               
2000001b  Lcd_FontSolid                              
2000001c  Lcd_Orientation                            
2000001d  Lcd_PenSolid                               
20000020  g_sCrystalfontz128x128                     
20000030  SystemCoreClock                            
2000fe00  __stack                                    
20010000  __STACK_END                                
4000480c  WDTCTL_SYM                                 
ffffffff  __TI_pprof_out_hndl                        
ffffffff  __TI_prof_data_size                        
ffffffff  __TI_prof_data_start                       
ffffffff  __binit__                                  
ffffffff  __c_args__                                 
ffffffff  binit                                      
UNDEFED   __mpu_init                                 
UNDEFED   _system_post_cinit                         

[159 symbols]
