******************************************************************************
                  TI ARM Linker PC v20.2.7                     
******************************************************************************
>> Linked Mon Jun  5 15:32:53 2023

OUTPUT FILE NAME:   <SmartAlarm.out>
ENTRY POINT SYMBOL: "_c_int00_noargs"  address: 0000740d


MEMORY CONFIGURATION

         name            origin    length      used     unused   attr    fill
----------------------  --------  ---------  --------  --------  ----  --------
  MAIN                  00000000   00040000  0000f2f7  00030d09  R  X
  INFO                  00200000   00004000  00000000  00004000  R  X
  SRAM_CODE             01000000   00010000  00000819  0000f7e7  RW X
  SRAM_DATA             20000000   00010000  00000819  0000f7e7  RW  


SEGMENT ALLOCATION MAP

run origin  load origin   length   init length attrs members
----------  ----------- ---------- ----------- ----- -------
00000000    00000000    0000f2f8   0000f2f8    r-x
  00000000    00000000    000000e4   000000e4    r-- .intvecs
  000000e4    000000e4    0000797c   0000797c    r-x .text
  00007a60    00007a60    00007827   00007827    r-- .const
  0000f288    0000f288    00000070   00000070    r-- .cinit
20000000    20000000    0000061c   00000000    rw-
  20000000    20000000    000005ad   00000000    rw- .bss
  200005b0    200005b0    0000006c   00000000    rw- .data
2000fe00    2000fe00    00000200   00000000    rw-
  2000fe00    2000fe00    00000200   00000000    rw- .stack


SECTION ALLOCATION MAP

 output                                  attributes/
section   page    origin      length       input sections
--------  ----  ----------  ----------   ----------------
.intvecs   0    00000000    000000e4     
                  00000000    000000e4     startup_msp432p401r_ccs.obj (.intvecs:retain)

.text      0    000000e4    0000797c     
                  000000e4    00001234     clock.obj (.text)
                  00001318    00000a4e     rtsv7M4_T_le_v4SPD16_eabi.lib : _printfi.c.obj (.text:__TI_printfi)
                  00001d66    00000002                                   : _lock.c.obj (.text:_nop)
                  00001d68    000009ba     combo_master.obj (.text)
                  00002722    00000002     rtsv7M4_T_le_v4SPD16_eabi.lib : div0.asm.obj (.text)
                  00002724    00000848     hardware.obj (.text)
                  00002f6c    00000680     Crystalfontz128x128_ST7735.obj (.text)
                  000035ec    000005ac     treasure_hunt.obj (.text)
                  00003b98    0000047e     grlib.a : string.obj (.text:Graphics_drawString)
                  00004016    00000390             : image.obj (.text:Graphics_drawImage)
                  000043a6    00000002     --HOLE-- [fill = 0]
                  000043a8    00000334     system_msp432p401r.obj (.text)
                  000046dc    00000270     rtsv7M4_T_le_v4SPD16_eabi.lib : _printfi.c.obj (.text:_pconv_a)
                  0000494c    000001d0                                   : _printfi.c.obj (.text:_pconv_g)
                  00004b1c    000001b6                                   : fd_add_t2.asm.obj (.text)
                  00004cd2    00000002     --HOLE-- [fill = 0]
                  00004cd4    00000160     msp432p4xx_driverlib.lib : adc14.o (.text:_getIndexForMemRegister)
                  00004e34    0000015c                              : pcm.o (.text:__PCM_setPowerModeAdvanced)
                  00004f90    0000014c     ringtones_manager.obj (.text)
                  000050dc    00000144     msp432p4xx_driverlib.lib : timer_a.o (.text:privateTimer_AProcessClockSourceDivider)
                  00005220    0000013c     rtsv7M4_T_le_v4SPD16_eabi.lib : _printfi.c.obj (.text:_pconv_e)
                  0000535c    00000136                                   : fd_div_t2.asm.obj (.text)
                  00005492    00000002     --HOLE-- [fill = 0]
                  00005494    00000130     msp432p4xx_driverlib.lib : cs.o (.text:CS_initClockSignal)
                  000055c4    00000124     rtsv7M4_T_le_v4SPD16_eabi.lib : _printfi.c.obj (.text:fcvt)
                  000056e8    00000118     main.obj (.text)
                  00005800    00000112     grlib.a : rectangle.obj (.text:Graphics_fillRectangle)
                  00005912    00000002     --HOLE-- [fill = 0]
                  00005914    00000110     rtsv7M4_T_le_v4SPD16_eabi.lib : s_scalbn.c.obj (.text:scalbn)
                  00005a24    00000108     msp432p4xx_driverlib.lib : pcm.o (.text:__PCM_setCoreVoltageLevelAdvanced)
                  00005b2c    000000fc     rtsv7M4_T_le_v4SPD16_eabi.lib : fd_mul_t2.asm.obj (.text)
                  00005c28    000000fa     grlib.a : string.obj (.text:Graphics_getStringWidth)
                  00005d22    00000002     --HOLE-- [fill = 0]
                  00005d24    000000cc     HAL_MSP_EXP432P401R_Crystalfontz128x128_ST7735.obj (.text)
                  00005df0    000000b4     msp432p4xx_driverlib.lib : adc14.o (.text:ADC14_configureConversionMemory)
                  00005ea4    000000b4                              : adc14.o (.text:ADC14_configureMultiSequenceMode)
                  00005f58    000000b1     rtsv7M4_T_le_v4SPD16_eabi.lib : _printfi.c.obj (.text:_ltostr)
                  00006009    00000001     --HOLE-- [fill = 0]
                  0000600a    000000b0     msp432p4xx_driverlib.lib : spi.o (.text:SPI_initMaster)
                  000060ba    0000009c     grlib.a : line.obj (.text:Graphics_drawLineH)
                  00006156    0000009c     rtsv7M4_T_le_v4SPD16_eabi.lib : memcpy_t2.asm.obj (.text)
                  000061f2    00000096                                   : ull_div_t2.asm.obj (.text)
                  00006288    00000094     msp432p4xx_driverlib.lib : rtc_c.o (.text:RTC_C_getEnabledInterruptStatus)
                  0000631c    00000094                              : rtc_c.o (.text:RTC_C_initCalendar)
                  000063b0    00000088                              : gpio.o (.text:GPIO_setAsPeripheralModuleFunctionInputPin)
                  00006438    00000088                              : gpio.o (.text:GPIO_setAsPeripheralModuleFunctionOutputPin)
                  000064c0    00000086     rtsv7M4_T_le_v4SPD16_eabi.lib : fd_cmp_t2.asm.obj (.text:__aeabi_cdcmple)
                  00006546    00000086                                   : fd_cmp_t2.asm.obj (.text:__aeabi_cdrcmple)
                  000065cc    00000084     msp432p4xx_driverlib.lib : gpio.o (.text:GPIO_getEnabledInterruptStatus)
                  00006650    00000080                              : interrupt.o (.text:Interrupt_disableInterrupt)
                  000066d0    00000080                              : interrupt.o (.text:Interrupt_enableInterrupt)
                  00006750    0000007c                              : rtc_c.o (.text:RTC_C_getCalendarTime)
                  000067cc    0000007a     rtsv7M4_T_le_v4SPD16_eabi.lib : memset_t2.asm.obj (.text)
                  00006846    0000006e                                   : _printfi.c.obj (.text:_mcpy)
                  000068b4    0000006c     grlib.a : image.obj (.text:Graphics_convertPalette)
                  00006920    0000006c     msp432p4xx_driverlib.lib : rtc_c.o (.text:RTC_C_disableInterrupt)
                  0000698c    00000068                              : timer_a.o (.text:Timer_A_configureUpMode)
                  000069f4    00000068     rtsv7M4_T_le_v4SPD16_eabi.lib : copy_decompress_lzss.c.obj (.text:decompress:lzss:__TI_decompress_lzss)
                  00006a5c    00000064     msp432p4xx_driverlib.lib : rtc_c.o (.text:RTC_C_enableInterrupt)
                  00006ac0    00000064     rtsv7M4_T_le_v4SPD16_eabi.lib : s_frexp.c.obj (.text:frexp)
                  00006b24    0000005e     msp432p4xx_driverlib.lib : pcm.o (.text:PCM_getCoreVoltageLevel)
                  00006b82    00000002     --HOLE-- [fill = 0]
                  00006b84    0000005c                              : rtc_c.o (.text:RTC_C_getInterruptStatus)
                  00006be0    0000005a                              : pcm.o (.text:PCM_getPowerMode)
                  00006c3a    00000002     --HOLE-- [fill = 0]
                  00006c3c    00000058                              : gpio.o (.text:GPIO_setAsInputPinWithPullUpResistor)
                  00006c94    00000058                              : rtc_c.o (.text:RTC_C_clearInterruptFlag)
                  00006cec    00000056     rtsv7M4_T_le_v4SPD16_eabi.lib : _printfi.c.obj (.text:_pconv_f)
                  00006d42    00000002     --HOLE-- [fill = 0]
                  00006d44    00000054     msp432p4xx_driverlib.lib : adc14.o (.text:ADC14_initModule)
                  00006d98    00000054     rtsv7M4_T_le_v4SPD16_eabi.lib : _ltoa.c.obj (.text:__TI_ltoa)
                  00006dec    00000052     grlib.a : context.obj (.text:Graphics_initContext)
                  00006e3e    00000052     rtsv7M4_T_le_v4SPD16_eabi.lib : _printfi.c.obj (.text:_ecpy)
                  00006e90    0000004e     msp432p4xx_driverlib.lib : timer_a.o (.text:Timer_A_initCompare)
                  00006ede    00000002     --HOLE-- [fill = 0]
                  00006ee0    0000004c     rtsv7M4_T_le_v4SPD16_eabi.lib : atoi.c.obj (.text:atoi)
                  00006f2c    00000048     msp432p4xx_driverlib.lib : flash.o (.text:FlashCtl_setWaitState)
                  00006f74    00000048     rtsv7M4_T_le_v4SPD16_eabi.lib : hosttime.c.obj (.text:HOSTtime)
                  00006fbc    00000048                                   : fd_toi_t2.asm.obj (.text)
                  00007004    00000046     grlib.a : display.obj (.text:Graphics_drawMultiplePixelsOnDisplay)
                  0000704a    00000002     --HOLE-- [fill = 0]
                  0000704c    00000044     rtsv7M4_T_le_v4SPD16_eabi.lib : autoinit.c.obj (.text:__TI_auto_init_nobinit_nopinit:__TI_auto_init_nobinit_nopinit)
                  00007090    00000040     msp432p4xx_driverlib.lib : gpio.o (.text:GPIO_setAsOutputPin)
                  000070d0    00000040     grlib.a : string.obj (.text:Graphics_getNumberOfLeadingZeros)
                  00007110    00000040     msp432p4xx_driverlib.lib : rtc_c.o (.text:RTC_C_setCalendarAlarm)
                  00007150    00000040     activities.obj (.text)
                  00007190    00000040     msp432p4xx_driverlib.lib : spi.o (.text:is_A_Module)
                  000071d0    00000040     rtsv7M4_T_le_v4SPD16_eabi.lib : sprintf.c.obj (.text:sprintf)
                  00007210    0000003e                                   : _printfi.c.obj (.text:_fcpy)
                  0000724e    00000002     --HOLE-- [fill = 0]
                  00007250    0000003c     msp432p4xx_driverlib.lib : gpio.o (.text:GPIO_interruptEdgeSelect)
                  0000728c    0000003c                              : rtc_c.o (.text:RTC_C_setCalendarEvent)
                  000072c8    00000038                              : adc14.o (.text:ADC14_getEnabledInterruptStatus)
                  00007300    00000038     rtsv7M4_T_le_v4SPD16_eabi.lib : trgmsg.c.obj (.text:__TI_writemsg)
                  00007338    00000036     grlib.a : display.obj (.text:Graphics_drawHorizontalLineOnDisplay)
                  0000736e    00000002     --HOLE-- [fill = 0]
                  00007370    00000034     msp432p4xx_driverlib.lib : adc14.o (.text:ADC14_enableSampleTimer)
                  000073a4    00000034                              : cs.o (.text:CS_setDCOCenteredFrequency)
                  000073d8    00000034     rtsv7M4_T_le_v4SPD16_eabi.lib : trgmsg.c.obj (.text:__TI_readmsg)
                  0000740c    00000034                                   : boot_cortex_m.c.obj (.text:_c_int00_noargs:_c_int00_noargs)
                  00007440    00000034                                   : rand.c.obj (.text:rand)
                  00007474    00000030     msp432p4xx_driverlib.lib : adc14.o (.text:ADC14_clearInterruptFlag)
                  000074a4    00000030                              : adc14.o (.text:ADC14_enableInterrupt)
                  000074d4    0000002e     rtsv7M4_T_le_v4SPD16_eabi.lib : i_tofd_t2.asm.obj (.text)
                  00007502    00000002     --HOLE-- [fill = 0]
                  00007504    0000002c     msp432p4xx_driverlib.lib : adc14.o (.text:ADC14_getInterruptStatus)
                  00007530    0000002c                              : adc14.o (.text:ADC14_toggleConversionTrigger)
                  0000755c    0000002c     grlib.a : display.obj (.text:Graphics_drawPixelOnDisplay)
                  00007588    0000002c     msp432p4xx_driverlib.lib : rtc_c.o (.text:RTC_C_startClock)
                  000075b4    0000002c                              : timer_a.o (.text:Timer_A_clearCaptureCompareInterrupt)
                  000075e0    00000028                              : adc14.o (.text:ADC14_enableConversion)
                  00007608    00000028                              : adc14.o (.text:ADC14_getResult)
                  00007630    00000028                              : gpio.o (.text:GPIO_clearInterruptFlag)
                  00007658    00000028                              : gpio.o (.text:GPIO_enableInterrupt)
                  00007680    00000028                              : gpio.o (.text:GPIO_setOutputHighOnPin)
                  000076a8    00000028                              : gpio.o (.text:GPIO_setOutputLowOnPin)
                  000076d0    00000028                              : gpio.o (.text:GPIO_toggleOutputOnPin)
                  000076f8    00000028                              : pcm.o (.text:PCM_gotoLPM0)
                  00007720    00000024                              : gpio.o (.text:GPIO_getInterruptStatus)
                  00007744    00000024     rtsv7M4_T_le_v4SPD16_eabi.lib : rand.c.obj (.text:srand)
                  00007768    00000020     msp432p4xx_driverlib.lib : adc14.o (.text:ADC14_setResolution)
                  00007788    0000001e     grlib.a : display.obj (.text:Graphics_fillRectangleOnDisplay)
                  000077a6    00000002     --HOLE-- [fill = 0]
                  000077a8    0000001c     msp432p4xx_driverlib.lib : rtc_c.o (.text:RTC_C_convertBCDToBinary)
                  000077c4    0000001c                              : rtc_c.o (.text:RTC_C_convertBinaryToBCD)
                  000077e0    0000001c                              : spi.o (.text:SPI_enableModule)
                  000077fc    0000001c     rtsv7M4_T_le_v4SPD16_eabi.lib : memccpy.c.obj (.text:memccpy)
                  00007818    0000001a     grlib.a : display.obj (.text:Graphics_clearDisplayOnDisplay)
                  00007832    0000001a             : context.obj (.text:Graphics_setBackgroundColor)
                  0000784c    0000001a             : context.obj (.text:Graphics_setFont)
                  00007866    0000001a     rtsv7M4_T_le_v4SPD16_eabi.lib : s_copysign.c.obj (.text:copysign)
                  00007880    00000018                                   : sprintf.c.obj (.text:_outs)
                  00007898    00000016     msp432p4xx_driverlib.lib : spi.o (.text:EUSCI_A_SPI_enable)
                  000078ae    00000016                              : spi.o (.text:EUSCI_B_SPI_enable)
                  000078c4    00000016     grlib.a : context.obj (.text:Graphics_setForegroundColor)
                  000078da    00000016             : display.obj (.text:Graphics_translateColorOnDisplay)
                  000078f0    00000016     msp432p4xx_driverlib.lib : timer_a.o (.text:Timer_A_startCounter)
                  00007906    00000016     rtsv7M4_T_le_v4SPD16_eabi.lib : strchr.c.obj (.text:strchr)
                  0000791c    00000014     msp432p4xx_driverlib.lib : pcm.o (.text:PCM_getPowerState)
                  00007930    00000014                              : timer_a.o (.text:Timer_A_stopTimer)
                  00007944    00000014     rtsv7M4_T_le_v4SPD16_eabi.lib : strcpy.c.obj (.text:strcpy)
                  00007958    00000014                                   : strlen.c.obj (.text:strlen)
                  0000796c    00000012     grlib.a : context.obj (.text:Graphics_clearDisplay)
                  0000797e    00000012     rtsv7M4_T_le_v4SPD16_eabi.lib : wcslen.c.obj (.text:wcslen)
                  00007990    00000010     msp432p4xx_driverlib.lib : adc14.o (.text:ADC14_disableConversion)
                  000079a0    00000010                              : adc14.o (.text:ADCIsConversionRunning)
                  000079b0    00000010     grlib.a : string.obj (.text:Graphics_getStringHeight)
                  000079c0    00000010     msp432p4xx_driverlib.lib : interrupt.o (.text:Interrupt_enableMaster)
                  000079d0    00000010                              : pcm.o (.text:PCM_setCoreVoltageLevel)
                  000079e0    00000010                              : pcm.o (.text:PCM_setPowerMode)
                  000079f0    0000000e     rtsv7M4_T_le_v4SPD16_eabi.lib : time.c.obj (.text:__time32)
                  000079fe    0000000e                                   : copy_decompress_none.c.obj (.text:decompress:none:__TI_decompress_none)
                  00007a0c    0000000e     startup_msp432p401r_ccs.obj (.text)
                  00007a1a    00000002     --HOLE-- [fill = 0]
                  00007a1c    0000000c     msp432p4xx_driverlib.lib : adc14.o (.text:ADC14_enableModule)
                  00007a28    0000000c                              : cpu.o (.text:CPU_cpsie)
                  00007a34    0000000c     rtsv7M4_T_le_v4SPD16_eabi.lib : copy_zero_init.c.obj (.text:decompress:ZI:__TI_zero_init)
                  00007a40    0000000a                                   : sprintf.c.obj (.text:_outc)
                  00007a4a    00000002     --HOLE-- [fill = 0]
                  00007a4c    00000008                                   : errno.c.obj (.text:__aeabi_errno_addr)
                  00007a54    00000004     msp432p4xx_driverlib.lib : cpu.o (.text:CPU_wfi)
                  00007a58    00000004     rtsv7M4_T_le_v4SPD16_eabi.lib : pre_init.c.obj (.text:_system_pre_init)
                  00007a5c    00000004                                   : exit.c.obj (.text:abort:abort)

.const     0    00007a60    00007827     
                  00007a60    00000f3f     grlib.a : fontcm34b.obj (.const:.string:g_pucCm34bData)
                  0000899f    00000b19             : fontcm24b.obj (.const:.string:g_pucCm24bData)
                  000094b8    0000094d             : fontcm20b.obj (.const:.string:g_pucCm20bData)
                  00009e05    00000833             : fontcm18b.obj (.const:.string:g_pucCm18bData)
                  0000a638    00000755             : fontcm16b.obj (.const:.string:g_pucCm16bData)
                  0000ad8d    0000065a             : fontcm14.obj (.const:.string:g_pucCm14Data)
                  0000b3e7    00000530             : fontcm12b.obj (.const:.string:g_pucCm12bData)
                  0000b917    00000001     --HOLE-- [fill = 0]
                  0000b918    00000400     ALARM_OFF.obj (.const:palette_ALARM_OFF8BPP_UNCOMP)
                  0000bd18    00000400     ALARM_ON.obj (.const:palette_ALARM_ON8BPP_UNCOMP)
                  0000c118    00000400     CLOCK_1.obj (.const:palette_CLOCK_18BPP_UNCOMP)
                  0000c518    00000400     CLOCK_2.obj (.const:palette_CLOCK_28BPP_UNCOMP)
                  0000c918    00000400     CLOCK_3.obj (.const:palette_CLOCK_38BPP_UNCOMP)
                  0000cd18    00000400     CLOCK_4.obj (.const:palette_CLOCK_48BPP_UNCOMP)
                  0000d118    00000384     CLOCK_1.obj (.const:.string:pixel_CLOCK_18BPP_UNCOMP)
                  0000d49c    00000384     CLOCK_2.obj (.const:.string:pixel_CLOCK_28BPP_UNCOMP)
                  0000d820    00000384     CLOCK_3.obj (.const:.string:pixel_CLOCK_38BPP_UNCOMP)
                  0000dba4    00000384     CLOCK_4.obj (.const:.string:pixel_CLOCK_48BPP_UNCOMP)
                  0000df28    000002f8     grlib.a : fontfixed6x8.obj (.const:.string:g_pucFontFixed6x8Data)
                  0000e220    00000190     ALARM_OFF.obj (.const:.string:pixel_ALARM_OFF8BPP_UNCOMP)
                  0000e3b0    00000190     ALARM_ON.obj (.const:.string:pixel_ALARM_ON8BPP_UNCOMP)
                  0000e540    00000101     rtsv7M4_T_le_v4SPD16_eabi.lib : ctype.c.obj (.const:.string:_ctypes_)
                  0000e641    00000003     --HOLE-- [fill = 0]
                  0000e644    000000c8     grlib.a : fontcm12b.obj (.const:g_sFontCm12b)
                  0000e70c    000000c8             : fontcm14.obj (.const:g_sFontCm14)
                  0000e7d4    000000c8             : fontcm16b.obj (.const:g_sFontCm16b)
                  0000e89c    000000c8             : fontcm18b.obj (.const:g_sFontCm18b)
                  0000e964    000000c8             : fontcm20b.obj (.const:g_sFontCm20b)
                  0000ea2c    000000c8             : fontcm24b.obj (.const:g_sFontCm24b)
                  0000eaf4    000000c8             : fontcm34b.obj (.const:g_sFontCm34b)
                  0000ebbc    000000c8             : fontfixed6x8.obj (.const:g_sFontFixed6x8)
                  0000ec84    00000080     msp432p4xx_driverlib.lib : adc14.o (.const:_ctlRegs)
                  0000ed04    00000048     a.obj (.const:.string:pixel_a1BPP_UNCOMP)
                  0000ed4c    00000048     b.obj (.const:.string:pixel_b1BPP_UNCOMP)
                  0000ed94    00000048     down_arrow.obj (.const:.string:pixel_down_arrow1BPP_UNCOMP)
                  0000eddc    00000048     left_arrow.obj (.const:.string:pixel_left_arrow1BPP_UNCOMP)
                  0000ee24    00000048     right_arrow.obj (.const:.string:pixel_right_arrow1BPP_UNCOMP)
                  0000ee6c    00000048     up_arrow.obj (.const:.string:pixel_up_arrow1BPP_UNCOMP)
                  0000eeb4    00000048     v.obj (.const:.string:pixel_v1BPP_UNCOMP2)
                  0000eefc    00000048     v.obj (.const:.string:pixel_v1BPP_UNCOMP)
                  0000ef44    00000048     x.obj (.const:.string:pixel_x1BPP_UNCOMP)
                  0000ef8c    00000030     msp432p4xx_driverlib.lib : gpio.o (.const:GPIO_PORT_TO_BASE)
                  0000efbc    00000020     Crystalfontz128x128_ST7735.obj (.const:g_sCrystalfontz128x128_funcs)
                  0000efdc    0000001c     HAL_MSP_EXP432P401R_Crystalfontz128x128_ST7735.obj (.const:$P$T0$1)
                  0000eff8    0000001c     hardware.obj (.const:currentTime)
                  0000f014    00000018     hardware.obj (.const:$P$T1$2)
                  0000f02c    00000016     CURSOR_DOWN.obj (.const:.string:pixel_CURSOR_DOWN1BPP_UNCOMP)
                  0000f042    00000016     CURSOR_R.obj (.const:.string:pixel_CURSOR_R1BPP_UNCOMP)
                  0000f058    00000016     CURSOR_UP.obj (.const:.string:pixel_CURSOR_UP1BPP_UNCOMP)
                  0000f06e    00000014     clock.obj (.const:.string:$P$T4$5)
                  0000f082    00000002     --HOLE-- [fill = 0]
                  0000f084    00000010     hardware.obj (.const:$P$T0$1)
                  0000f094    00000010     ALARM_OFF.obj (.const:ALARM_OFF8BPP_UNCOMP)
                  0000f0a4    00000010     ALARM_ON.obj (.const:ALARM_ON8BPP_UNCOMP)
                  0000f0b4    00000010     CLOCK_1.obj (.const:CLOCK_18BPP_UNCOMP)
                  0000f0c4    00000010     CLOCK_2.obj (.const:CLOCK_28BPP_UNCOMP)
                  0000f0d4    00000010     CLOCK_3.obj (.const:CLOCK_38BPP_UNCOMP)
                  0000f0e4    00000010     CLOCK_4.obj (.const:CLOCK_48BPP_UNCOMP)
                  0000f0f4    00000010     CURSOR_DOWN.obj (.const:CURSOR_DOWN1BPP_UNCOMP)
                  0000f104    00000010     CURSOR_R.obj (.const:CURSOR_R1BPP_UNCOMP)
                  0000f114    00000010     CURSOR_UP.obj (.const:CURSOR_UP1BPP_UNCOMP)
                  0000f124    00000010     a.obj (.const:a1BPP_UNCOMP)
                  0000f134    00000010     b.obj (.const:b1BPP_UNCOMP)
                  0000f144    00000010     down_arrow.obj (.const:down_arrow1BPP_UNCOMP)
                  0000f154    00000010     left_arrow.obj (.const:left_arrow1BPP_UNCOMP)
                  0000f164    00000010     right_arrow.obj (.const:right_arrow1BPP_UNCOMP)
                  0000f174    00000010     ringtones_manager.obj (.const:the_lick_durations)
                  0000f184    00000010     ringtones_manager.obj (.const:the_lick_notes)
                  0000f194    00000010     up_arrow.obj (.const:up_arrow1BPP_UNCOMP)
                  0000f1a4    00000010     v.obj (.const:v1BPP_UNCOMP2)
                  0000f1b4    00000010     v.obj (.const:v1BPP_UNCOMP)
                  0000f1c4    00000010     x.obj (.const:x1BPP_UNCOMP)
                  0000f1d4    0000000c     clock.obj (.const:.string:$P$T0$1)
                  0000f1e0    0000000b     clock.obj (.const:.string:$P$T2$3)
                  0000f1eb    00000001     --HOLE-- [fill = 0]
                  0000f1ec    0000000a     ringtones_manager.obj (.const:.string)
                  0000f1f6    00000008     Crystalfontz128x128_ST7735.obj (.const:$P$T0$1)
                  0000f1fe    00000002     --HOLE-- [fill = 0]
                  0000f200    00000008     msp432p4xx_driverlib.lib : interrupt.o (.const:g_pulDisRegs)
                  0000f208    00000008                              : interrupt.o (.const:g_pulEnRegs)
                  0000f210    00000008     CURSOR_DOWN.obj (.const:palette_CURSOR_DOWN1BPP_UNCOMP)
                  0000f218    00000008     CURSOR_R.obj (.const:palette_CURSOR_R1BPP_UNCOMP)
                  0000f220    00000008     CURSOR_UP.obj (.const:palette_CURSOR_UP1BPP_UNCOMP)
                  0000f228    00000008     a.obj (.const:palette_a1BPP_UNCOMP)
                  0000f230    00000008     b.obj (.const:palette_b1BPP_UNCOMP)
                  0000f238    00000008     down_arrow.obj (.const:palette_down_arrow1BPP_UNCOMP)
                  0000f240    00000008     left_arrow.obj (.const:palette_left_arrow1BPP_UNCOMP)
                  0000f248    00000008     right_arrow.obj (.const:palette_right_arrow1BPP_UNCOMP)
                  0000f250    00000008     up_arrow.obj (.const:palette_up_arrow1BPP_UNCOMP)
                  0000f258    00000008     v.obj (.const:palette_v1BPP_UNCOMP2)
                  0000f260    00000008     v.obj (.const:palette_v1BPP_UNCOMP)
                  0000f268    00000008     x.obj (.const:palette_x1BPP_UNCOMP)
                  0000f270    00000006     clock.obj (.const:.string:$P$T1$2)
                  0000f276    00000006     clock.obj (.const:.string:$P$T3$4)
                  0000f27c    00000006     clock.obj (.const:.string:$P$T6$7)
                  0000f282    00000005     clock.obj (.const:.string:$P$T5$6)

.cinit     0    0000f288    00000070     
                  0000f288    0000004c     (.cinit..data.load) [load image, compression = lzss]
                  0000f2d4    0000000c     (__TI_handler_table)
                  0000f2e0    00000008     (.cinit..bss.load) [load image, compression = zero_init]
                  0000f2e8    00000010     (__TI_cinit_table)

.init_array 
*          0    00000000    00000000     UNINITIALIZED

.binit     0    00000000    00000000     

.bss       0    20000000    000005ad     UNINITIALIZED
                  20000000    00000400     grlib.a : image.obj (.bss:g_pulConvertedPalette)
                  20000400    00000120     rtsv7M4_T_le_v4SPD16_eabi.lib : trgmsg.c.obj (.bss:_CIOBUF_)
                  20000520    0000001c     clock.obj (.bss:currentTime)
                  2000053c    0000001c     (.common:alarmTime)
                  20000558    0000001c     (.common:g_sContext)
                  20000574    00000014     (.common:timerlist)
                  20000588    00000008     (.common:JoyValues)
                  20000590    00000008     (.common:parmbuf)
                  20000598    00000003     (.common:buttonsPressed)
                  2000059b    00000001     (.common:Lcd_FlagRead)
                  2000059c    00000002     (.common:Lcd_ScreenHeigth)
                  2000059e    00000002     (.common:Lcd_ScreenWidth)
                  200005a0    00000002     (.common:Lcd_TouchTrim)
                  200005a2    00000001     (.common:Lcd_FontSolid)
                  200005a3    00000001     (.common:Lcd_Orientation)
                  200005a4    00000001     (.common:Lcd_PenSolid)
                  200005a5    00000001     (.common:alarmFired)
                  200005a6    00000001     (.common:clockImage)
                  200005a7    00000001     (.common:inactivity_status)
                  200005a8    00000001     (.common:inactivity_timer)
                  200005a9    00000001     (.common:onesTimer)
                  200005aa    00000001     (.common:updateClockImage)
                  200005ab    00000001     (.common:updateDate)
                  200005ac    00000001     (.common:updateTime)

.data      0    200005b0    0000006c     UNINITIALIZED
                  200005b0    00000018     combo_master.obj (.data:index)
                  200005c8    00000014     ringtones_manager.obj (.data:ringtones)
                  200005dc    00000010     Crystalfontz128x128_ST7735.obj (.data:g_sCrystalfontz128x128)
                  200005ec    00000010     treasure_hunt.obj (.data)
                  200005fc    00000008     rtsv7M4_T_le_v4SPD16_eabi.lib : _lock.c.obj (.data:$O1$$)
                  20000604    00000006     ringtones_manager.obj (.data:piezo)
                  2000060a    00000002     --HOLE--
                  2000060c    00000004     main.obj (.data)
                  20000610    00000004     rtsv7M4_T_le_v4SPD16_eabi.lib : errno.c.obj (.data)
                  20000614    00000004                                   : rand.c.obj (.data)
                  20000618    00000004     system_msp432p401r.obj (.data)

.stack     0    2000fe00    00000200     UNINITIALIZED
                  2000fe00    00000004     rtsv7M4_T_le_v4SPD16_eabi.lib : boot_cortex_m.c.obj (.stack)
                  2000fe04    000001fc     --HOLE--

__llvm_prf_cnts 
*          0    20000000    00000000     UNINITIALIZED

MODULE SUMMARY

       Module                                               code    ro data   rw data
       ------                                               ----    -------   -------
    .\
       system_msp432p401r.obj                               820     0         8      
       main.obj                                             280     0         196    
       startup_msp432p401r_ccs.obj                          14      228       0      
    +--+----------------------------------------------------+-------+---------+---------+
       Total:                                               1114    228       204    
                                                                                     
    .\modules\activities_launcher\
       activities.obj                                       64      0         0      
    +--+----------------------------------------------------+-------+---------+---------+
       Total:                                               64      0         0      
                                                                                     
    .\modules\activities_launcher\activities\combo_master\
       combo_master.obj                                     2490    0         48     
    +--+----------------------------------------------------+-------+---------+---------+
       Total:                                               2490    0         48     
                                                                                     
    .\modules\activities_launcher\activities\combo_master\images\
       a.obj                                                0       96        0      
       b.obj                                                0       96        0      
       down_arrow.obj                                       0       96        0      
       left_arrow.obj                                       0       96        0      
       right_arrow.obj                                      0       96        0      
       up_arrow.obj                                         0       96        0      
       v.obj                                                0       96        0      
       x.obj                                                0       96        0      
    +--+----------------------------------------------------+-------+---------+---------+
       Total:                                               0       768       0      
                                                                                     
    .\modules\activities_launcher\activities\treasure_hunt\
       treasure_hunt.obj                                    1452    0         32     
       v.obj                                                0       96        0      
    +--+----------------------------------------------------+-------+---------+---------+
       Total:                                               1452    96        32     
                                                                                     
    .\modules\clock_system\
       clock.obj                                            4660    66        58     
    +--+----------------------------------------------------+-------+---------+---------+
       Total:                                               4660    66        58     
                                                                                     
    .\modules\clock_system\images\
       CLOCK_1.obj                                          0       1940      0      
       CLOCK_2.obj                                          0       1940      0      
       CLOCK_3.obj                                          0       1940      0      
       CLOCK_4.obj                                          0       1940      0      
       ALARM_OFF.obj                                        0       1440      0      
       ALARM_ON.obj                                         0       1440      0      
       CURSOR_DOWN.obj                                      0       46        0      
       CURSOR_R.obj                                         0       46        0      
       CURSOR_UP.obj                                        0       46        0      
    +--+----------------------------------------------------+-------+---------+---------+
       Total:                                               0       10778     0      
                                                                                     
    .\modules\hardware\
       hardware.obj                                         2120    68        0      
    +--+----------------------------------------------------+-------+---------+---------+
       Total:                                               2120    68        0      
                                                                                     
    .\modules\hardware\libraries\
       Crystalfontz128x128_ST7735.obj                       1664    40        52     
       HAL_MSP_EXP432P401R_Crystalfontz128x128_ST7735.obj   204     28        0      
    +--+----------------------------------------------------+-------+---------+---------+
       Total:                                               1868    68        52     
                                                                                     
    .\modules\ringtones_manager\
       ringtones_manager.obj                                332     42        52     
    +--+----------------------------------------------------+-------+---------+---------+
       Total:                                               332     42        52     
                                                                                     
    C:/Users/Filippo Castellan/Desktop/SmartAlarm/driverlib/source/ti/devices/msp432p4xx/driverlib/ccs/msp432p4xx_driverlib.lib
       adc14.o                                              1244    128       0      
       rtc_c.o                                              1032    0         0      
       gpio.o                                               852     48        0      
       pcm.o                                                888     0         0      
       timer_a.o                                            592     0         0      
       cs.o                                                 356     0         0      
       spi.o                                                312     0         0      
       interrupt.o                                          272     16        0      
       flash.o                                              72      0         0      
       cpu.o                                                16      0         0      
    +--+----------------------------------------------------+-------+---------+---------+
       Total:                                               5636    192       0      
                                                                                     
    C:/Users/Filippo Castellan/Desktop/SmartAlarm/driverlib/source/ti/grlib/lib/ccs/m4f/grlib.a
       fontcm34b.obj                                        0       4103      0      
       image.obj                                            1020    0         2048   
       fontcm24b.obj                                        0       3041      0      
       fontcm20b.obj                                        0       2581      0      
       fontcm18b.obj                                        0       2299      0      
       fontcm16b.obj                                        0       2077      0      
       fontcm14.obj                                         0       1826      0      
       fontcm12b.obj                                        0       1528      0      
       string.obj                                           1480    0         0      
       fontfixed6x8.obj                                     0       960       0      
       rectangle.obj                                        274     0         0      
       display.obj                                          246     0         0      
       context.obj                                          174     0         0      
       line.obj                                             156     0         0      
    +--+----------------------------------------------------+-------+---------+---------+
       Total:                                               3350    18415     2048   
                                                                                     
    C:\ti\ccs1220\ccs\tools\compiler\ti-cgt-arm_20.2.7.LTS\lib\rtsv7M4_T_le_v4SPD16_eabi.lib
       _printfi.c.obj                                       4851    0         0      
       trgmsg.c.obj                                         108     0         576    
       fd_add_t2.asm.obj                                    438     0         0      
       fd_div_t2.asm.obj                                    310     0         0      
       s_scalbn.c.obj                                       272     0         0      
       fd_cmp_t2.asm.obj                                    268     0         0      
       ctype.c.obj                                          0       257       0      
       fd_mul_t2.asm.obj                                    252     0         0      
       memcpy_t2.asm.obj                                    156     0         0      
       ull_div_t2.asm.obj                                   150     0         0      
       memset_t2.asm.obj                                    122     0         0      
       copy_decompress_lzss.c.obj                           104     0         0      
       s_frexp.c.obj                                        100     0         0      
       sprintf.c.obj                                        98      0         0      
       rand.c.obj                                           88      0         8      
       _ltoa.c.obj                                          84      0         0      
       atoi.c.obj                                           76      0         0      
       fd_toi_t2.asm.obj                                    72      0         0      
       hosttime.c.obj                                       72      0         0      
       autoinit.c.obj                                       68      0         0      
       boot_cortex_m.c.obj                                  52      0         0      
       i_tofd_t2.asm.obj                                    46      0         0      
       memccpy.c.obj                                        28      0         0      
       s_copysign.c.obj                                     26      0         0      
       strchr.c.obj                                         22      0         0      
       strcpy.c.obj                                         20      0         0      
       strlen.c.obj                                         20      0         0      
       _lock.c.obj                                          2       0         16     
       wcslen.c.obj                                         18      0         0      
       errno.c.obj                                          8       0         8      
       hostopen.c.obj                                       0       0         16     
       copy_decompress_none.c.obj                           14      0         0      
       time.c.obj                                           14      0         0      
       copy_zero_init.c.obj                                 12      0         0      
       exit.c.obj                                           4       0         0      
       pre_init.c.obj                                       4       0         0      
       div0.asm.obj                                         2       0         0      
    +--+----------------------------------------------------+-------+---------+---------+
       Total:                                               7981    257       624    
                                                                                     
       Stack:                                               0       0         1024   
       Linker Generated:                                    0       112       0      
    +--+----------------------------------------------------+-------+---------+---------+
       Grand Total:                                         31067   31090     4142   


LINKER GENERATED COPY TABLES

__TI_cinit_table @ 0000f2e8 records: 2, size/record: 8, table size: 16
	.data: load addr=0000f288, load size=0000004c bytes, run addr=200005b0, run size=0000006c bytes, compression=lzss
	.bss: load addr=0000f2e0, load size=00000008 bytes, run addr=20000000, run size=000005ad bytes, compression=zero_init


LINKER GENERATED HANDLER TABLE

__TI_handler_table @ 0000f2d4 records: 3, size/record: 4, table size: 12
	index: 0, handler: __TI_decompress_lzss
	index: 1, handler: __TI_decompress_none
	index: 2, handler: __TI_zero_init


GLOBAL SYMBOLS: SORTED ALPHABETICALLY BY Name 

address   name                                       
-------   ----                                       
00002edf  ADC14_IRQHandler                           
00002edf  ADC14_IRQHandler                           
00007475  ADC14_clearInterruptFlag                   
00005df1  ADC14_configureConversionMemory            
00005ea5  ADC14_configureMultiSequenceMode           
00007991  ADC14_disableConversion                    
000075e1  ADC14_enableConversion                     
000074a5  ADC14_enableInterrupt                      
00007a1d  ADC14_enableModule                         
00007371  ADC14_enableSampleTimer                    
000072c9  ADC14_getEnabledInterruptStatus            
00007505  ADC14_getInterruptStatus                   
00007609  ADC14_getResult                            
00006d45  ADC14_initModule                           
00007769  ADC14_setResolution                        
00007531  ADC14_toggleConversionTrigger              
00007a19  AES256_IRQHandler                          
0000f094  ALARM_OFF8BPP_UNCOMP                       
0000f0a4  ALARM_ON8BPP_UNCOMP                        
00007a19  BusFault_Handler                           
00007a5d  C$$EXIT                                    
0000732f  C$$IO$$                                    
0000f0b4  CLOCK_18BPP_UNCOMP                         
0000f0c4  CLOCK_28BPP_UNCOMP                         
0000f0d4  CLOCK_38BPP_UNCOMP                         
0000f0e4  CLOCK_48BPP_UNCOMP                         
00007a19  COMP_E0_IRQHandler                         
00007a19  COMP_E1_IRQHandler                         
00007a29  CPU_cpsie                                  
00007a55  CPU_wfi                                    
00007a19  CS_IRQHandler                              
00005495  CS_initClockSignal                         
000073a5  CS_setDCOCenteredFrequency                 
0000f0f4  CURSOR_DOWN1BPP_UNCOMP                     
0000f104  CURSOR_R1BPP_UNCOMP                        
0000f114  CURSOR_UP1BPP_UNCOMP                       
00002f6d  Crystalfontz128x128_Init                   
00003081  Crystalfontz128x128_SetDrawFrame           
000031af  Crystalfontz128x128_SetOrientation         
00007a19  DMA_ERR_IRQHandler                         
00007a19  DMA_INT0_IRQHandler                        
00007a19  DMA_INT1_IRQHandler                        
00007a19  DMA_INT2_IRQHandler                        
00007a19  DMA_INT3_IRQHandler                        
00007a19  DebugMon_Handler                           
00007a19  Default_Handler                            
00007a19  EUSCIA0_IRQHandler                         
00007a19  EUSCIA1_IRQHandler                         
00007a19  EUSCIA2_IRQHandler                         
00007a19  EUSCIA3_IRQHandler                         
00007a19  EUSCIB0_IRQHandler                         
00007a19  EUSCIB1_IRQHandler                         
00007a19  EUSCIB2_IRQHandler                         
00007a19  EUSCIB3_IRQHandler                         
00007899  EUSCI_A_SPI_enable                         
000078af  EUSCI_B_SPI_enable                         
00007a19  FLCTL_IRQHandler                           
00007a19  FPU_IRQHandler                             
00006f2d  FlashCtl_setWaitState                      
00007631  GPIO_clearInterruptFlag                    
00007659  GPIO_enableInterrupt                       
000065cd  GPIO_getEnabledInterruptStatus             
00007721  GPIO_getInterruptStatus                    
00007251  GPIO_interruptEdgeSelect                   
00006c3d  GPIO_setAsInputPinWithPullUpResistor       
00007091  GPIO_setAsOutputPin                        
000063b1  GPIO_setAsPeripheralModuleFunctionInputPin 
00006439  GPIO_setAsPeripheralModuleFunctionOutputPin
00007681  GPIO_setOutputHighOnPin                    
000076a9  GPIO_setOutputLowOnPin                     
000076d1  GPIO_toggleOutputOnPin                     
0000796d  Graphics_clearDisplay                      
00007819  Graphics_clearDisplayOnDisplay             
00007339  Graphics_drawHorizontalLineOnDisplay       
00004017  Graphics_drawImage                         
000060bb  Graphics_drawLineH                         
00007005  Graphics_drawMultiplePixelsOnDisplay       
0000755d  Graphics_drawPixelOnDisplay                
00003b99  Graphics_drawString                        
00005801  Graphics_fillRectangle                     
00007789  Graphics_fillRectangleOnDisplay            
000079b1  Graphics_getStringHeight                   
00005c29  Graphics_getStringWidth                    
00006ded  Graphics_initContext                       
00007833  Graphics_setBackgroundColor                
0000784d  Graphics_setFont                           
000078c5  Graphics_setForegroundColor                
000078db  Graphics_translateColorOnDisplay           
00005d25  HAL_LCD_PortInit                           
00005d55  HAL_LCD_SpiInit                            
00005d8b  HAL_LCD_writeCommand                       
00005dbb  HAL_LCD_writeData                          
00006f75  HOSTtime                                   
00007a19  HardFault_Handler                          
00000e89  IRQdrawClock                               
00006651  Interrupt_disableInterrupt                 
000066d1  Interrupt_enableInterrupt                  
000079c1  Interrupt_enableMaster                     
20000588  JoyValues                                  
2000059b  Lcd_FlagRead                               
200005a2  Lcd_FontSolid                              
200005a3  Lcd_Orientation                            
200005a4  Lcd_PenSolid                               
2000059c  Lcd_ScreenHeigth                           
2000059e  Lcd_ScreenWidth                            
200005a0  Lcd_TouchTrim                              
00007a19  MemManage_Handler                          
00007a19  NMI_Handler                                
00007a19  PCM_IRQHandler                             
00006b25  PCM_getCoreVoltageLevel                    
00006be1  PCM_getPowerMode                           
0000791d  PCM_getPowerState                          
000076f9  PCM_gotoLPM0                               
000079d1  PCM_setCoreVoltageLevel                    
000079e1  PCM_setPowerMode                           
00007a19  PORT1_IRQHandler                           
00007a19  PORT2_IRQHandler                           
00002e5d  PORT3_IRQHandler                           
00002e5d  PORT3_IRQHandler                           
00002e81  PORT4_IRQHandler                           
00002e81  PORT4_IRQHandler                           
00002ea1  PORT5_IRQHandler                           
00002ea1  PORT5_IRQHandler                           
00007a19  PORT6_IRQHandler                           
00007a19  PSS_IRQHandler                             
00007a19  PendSV_Handler                             
000011fd  RTC_C_IRQHandler                           
000011fd  RTC_C_IRQHandler                           
00006c95  RTC_C_clearInterruptFlag                   
000077a9  RTC_C_convertBCDToBinary                   
000077c5  RTC_C_convertBinaryToBCD                   
00006921  RTC_C_disableInterrupt                     
00006a5d  RTC_C_enableInterrupt                      
00006751  RTC_C_getCalendarTime                      
00006289  RTC_C_getEnabledInterruptStatus            
00006b85  RTC_C_getInterruptStatus                   
0000631d  RTC_C_initCalendar                         
00007111  RTC_C_setCalendarAlarm                     
0000728d  RTC_C_setCalendarEvent                     
00007589  RTC_C_startClock                           
00007a0d  Reset_Handler                              
000077e1  SPI_enableModule                           
0000600b  SPI_initMaster                             
00007a19  SVC_Handler                                
00007a19  SysTick_Handler                            
20000618  SystemCoreClock                            
000043a9  SystemCoreClockUpdate                      
00004621  SystemInit                                 
00007a19  T32_INT1_IRQHandler                        
00007a19  T32_INT2_IRQHandler                        
00007a19  T32_INTC_IRQHandler                        
00007a19  TA0_0_IRQHandler                           
00007a19  TA0_N_IRQHandler                           
00002d61  TA1_0_IRQHandler                           
00002d61  TA1_0_IRQHandler                           
00007a19  TA1_N_IRQHandler                           
00002db5  TA2_0_IRQHandler                           
00002db5  TA2_0_IRQHandler                           
00007a19  TA2_N_IRQHandler                           
00002dff  TA3_0_IRQHandler                           
00002dff  TA3_0_IRQHandler                           
00007a19  TA3_N_IRQHandler                           
000075b5  Timer_A_clearCaptureCompareInterrupt       
0000698d  Timer_A_configureUpMode                    
00006e91  Timer_A_initCompare                        
000078f1  Timer_A_startCounter                       
00007931  Timer_A_stopTimer                          
00007a19  UsageFault_Handler                         
4000480c  WDTCTL_SYM                                 
00007a19  WDT_A_IRQHandler                           
20000400  __CIOBUF_                                  
20010000  __STACK_END                                
00000200  __STACK_SIZE                               
0000f2e8  __TI_CINIT_Base                            
0000f2f8  __TI_CINIT_Limit                           
0000f2d4  __TI_Handler_Table_Base                    
0000f2e0  __TI_Handler_Table_Limit                   
0000704d  __TI_auto_init_nobinit_nopinit             
000069f5  __TI_decompress_lzss                       
000079ff  __TI_decompress_none                       
00006d99  __TI_ltoa                                  
ffffffff  __TI_pprof_out_hndl                        
00001319  __TI_printfi                               
ffffffff  __TI_prof_data_size                        
ffffffff  __TI_prof_data_start                       
000073d9  __TI_readmsg                               
00000000  __TI_static_base__                         
00007301  __TI_writemsg                              
00007a35  __TI_zero_init                             
000064c1  __aeabi_cdcmpeq                            
000064c1  __aeabi_cdcmple                            
00006547  __aeabi_cdrcmple                           
00006fbd  __aeabi_d2iz                               
00004b27  __aeabi_dadd                               
0000535d  __aeabi_ddiv                               
00005b2d  __aeabi_dmul                               
00004b1d  __aeabi_dsub                               
00007a4d  __aeabi_errno_addr                         
000074d5  __aeabi_i2d                                
00002723  __aeabi_idiv0                              
00002723  __aeabi_ldiv0                              
000067cd  __aeabi_memclr                             
000067cd  __aeabi_memclr4                            
000067cd  __aeabi_memclr8                            
00006157  __aeabi_memcpy                             
00006157  __aeabi_memcpy4                            
00006157  __aeabi_memcpy8                            
000067cf  __aeabi_memset                             
000067cf  __aeabi_memset4                            
000067cf  __aeabi_memset8                            
000061f3  __aeabi_uldivmod                           
ffffffff  __binit__                                  
ffffffff  __c_args__                                 
UNDEFED   __mpu_init                                 
2000fe00  __stack                                    
20000000  __start___llvm_prf_cnts                    
20000000  __stop___llvm_prf_cnts                     
000079f1  __time32                                   
0000740d  _c_int00_noargs                            
0000e540  _ctypes_                                   
200005fc  _lock                                      
00001d67  _nop                                       
UNDEFED   _system_post_cinit                         
00007a59  _system_pre_init                           
20000600  _unlock                                    
0000f124  a1BPP_UNCOMP                               
00007a5d  abort                                      
200005a5  alarmFired                                 
00000117  alarmSettView                              
2000053c  alarmTime                                  
00006ee1  atoi                                       
0000f134  b1BPP_UNCOMP                               
ffffffff  binit                                      
20000598  buttonsPressed                             
00003aef  checkPosition                              
0000239b  clearScreen                                
00003925  clearscreen2                               
200005a6  clockImage                                 
00000cf9  clockView                                  
00001d69  combo_master_start                         
00007867  copysign                                   
00007867  copysignl                                  
0000eff8  currentTime                                
00002d09  disable_timer                              
00002ce9  disable_tone                               
0000f144  down_arrow1BPP_UNCOMP                      
00000de9  drawAlarm                                  
00000333  drawAlarmMenu                              
00000ea7  drawClock                                  
00000a79  drawCursor                                 
00001035  drawDate                                   
00000c95  drawMenu                                   
000011ed  drawSeconds                                
00000f7d  drawTime                                   
00000829  drawTimeMenu                               
00000c59  drawTitle                                  
20000610  errno                                      
00006ac1  frexp                                      
00006ac1  frexpl                                     
20000558  g_sContext                                 
200005dc  g_sCrystalfontz128x128                     
0000efbc  g_sCrystalfontz128x128_funcs               
0000e644  g_sFontCm12b                               
0000e70c  g_sFontCm14                                
0000e7d4  g_sFontCm16b                               
0000e89c  g_sFontCm18b                               
0000e964  g_sFontCm20b                               
0000ea2c  g_sFontCm24b                               
0000eaf4  g_sFontCm34b                               
0000ebbc  g_sFontFixed6x8                            
2000060c  gc                                         
00002945  generate_delay                             
00002b35  generate_rate                              
00002c2d  generate_tone                              
00002a3d  generate_wait                              
0000099d  getCursorPosition                          
0000229d  getInactivityTimerStatus                   
00003799  getInactivityTimerStatus2                  
00002481  getJoyArea                                 
000025b5  getJoyMovement                             
00002ed5  getJoyValue                                
00004f91  get_ringtone_description                   
00004fb3  get_ringtones_number                       
0000226f  inactivityHandler                          
0000376b  inactivityHandler2                         
200005a7  inactivity_status                          
200005a8  inactivity_timer                           
200005b0  index                                      
000028a5  initAdcSystem                              
000002ef  initAlarmSettView                          
000027bf  initButtonSystem                           
00002785  initClockSystem                            
00000f05  initClockView                              
00002725  initHardware                               
00002835  initLedSystem                              
00002751  initPCM                                    
00002919  initRTCSystem                              
00000c15  initSettingsView                           
00000881  initTimeSettView                           
0000276b  initTimerSystem                            
00000000  interruptVectors                           
00002869  intiDisplaySystem                          
00007151  launch_game                                
00005915  ldexp                                      
00005915  ldexpl                                     
0000f154  left_arrow1BPP_UNCOMP                      
000056e9  main                                       
000077fd  memccpy                                    
00006157  memcpy                                     
000067d5  memset                                     
000039e5  newTreasure                                
00005023  noteInterrupt                              
200005a9  onesTimer                                  
0000f240  palette_left_arrow1BPP_UNCOMP              
0000f248  palette_right_arrow1BPP_UNCOMP             
0000f250  palette_up_arrow1BPP_UNCOMP                
20000590  parmbuf                                    
20000604  piezo                                      
0000eddc  pixel_left_arrow1BPP_UNCOMP                
0000ee24  pixel_right_arrow1BPP_UNCOMP               
0000ee6c  pixel_up_arrow1BPP_UNCOMP                  
000023dd  printMessage                               
0000395d  printMessage2                              
00003a2d  printRectangle                             
000022c1  printTitleMessage                          
000037b5  printTitleMessage2                         
00007441  rand                                       
00002e49  resetButtonsState                          
00002277  resetInactivityTimer                       
00003773  resetInactivityTimer2                      
0000f164  right_arrow1BPP_UNCOMP                     
200005c8  ringtones                                  
00005915  scalbn                                     
00005915  scalbnl                                    
000008cb  settingsView                               
000071d1  sprintf                                    
00007745  srand                                      
00002ec1  startADCconversions                        
00004fb7  start_ringtone                             
00002ecd  stopADCconversions                         
000022a9  stopInactivityTimer                        
0000379f  stopInactivityTimer2                       
0000501b  stop_ringtone                              
00007907  strchr                                     
00007945  strcpy                                     
00007959  strlen                                     
000000e5  testJoy                                    
0000f174  the_lick_durations                         
0000f184  the_lick_notes                             
000079f1  time                                       
000003b9  timeSettView                               
20000574  timerlist                                  
000035ed  treasure_hunt_start                        
0000f194  up_arrow1BPP_UNCOMP                        
200005aa  updateClockImage                           
200005ab  updateDate                                 
200005ac  updateTime                                 
0000f1b4  v1BPP_UNCOMP                               
0000f1a4  v1BPP_UNCOMP2                              
0000797f  wcslen                                     
200005ec  x0                                         
200005f0  x1                                         
0000f1c4  x1BPP_UNCOMP                               
200005f4  y0                                         
200005f8  y1                                         


GLOBAL SYMBOLS: SORTED BY Symbol Address 

address   name                                       
-------   ----                                       
00000000  __TI_static_base__                         
00000000  interruptVectors                           
000000e5  testJoy                                    
00000117  alarmSettView                              
00000200  __STACK_SIZE                               
000002ef  initAlarmSettView                          
00000333  drawAlarmMenu                              
000003b9  timeSettView                               
00000829  drawTimeMenu                               
00000881  initTimeSettView                           
000008cb  settingsView                               
0000099d  getCursorPosition                          
00000a79  drawCursor                                 
00000c15  initSettingsView                           
00000c59  drawTitle                                  
00000c95  drawMenu                                   
00000cf9  clockView                                  
00000de9  drawAlarm                                  
00000e89  IRQdrawClock                               
00000ea7  drawClock                                  
00000f05  initClockView                              
00000f7d  drawTime                                   
00001035  drawDate                                   
000011ed  drawSeconds                                
000011fd  RTC_C_IRQHandler                           
000011fd  RTC_C_IRQHandler                           
00001319  __TI_printfi                               
00001d67  _nop                                       
00001d69  combo_master_start                         
0000226f  inactivityHandler                          
00002277  resetInactivityTimer                       
0000229d  getInactivityTimerStatus                   
000022a9  stopInactivityTimer                        
000022c1  printTitleMessage                          
0000239b  clearScreen                                
000023dd  printMessage                               
00002481  getJoyArea                                 
000025b5  getJoyMovement                             
00002723  __aeabi_idiv0                              
00002723  __aeabi_ldiv0                              
00002725  initHardware                               
00002751  initPCM                                    
0000276b  initTimerSystem                            
00002785  initClockSystem                            
000027bf  initButtonSystem                           
00002835  initLedSystem                              
00002869  intiDisplaySystem                          
000028a5  initAdcSystem                              
00002919  initRTCSystem                              
00002945  generate_delay                             
00002a3d  generate_wait                              
00002b35  generate_rate                              
00002c2d  generate_tone                              
00002ce9  disable_tone                               
00002d09  disable_timer                              
00002d61  TA1_0_IRQHandler                           
00002d61  TA1_0_IRQHandler                           
00002db5  TA2_0_IRQHandler                           
00002db5  TA2_0_IRQHandler                           
00002dff  TA3_0_IRQHandler                           
00002dff  TA3_0_IRQHandler                           
00002e49  resetButtonsState                          
00002e5d  PORT3_IRQHandler                           
00002e5d  PORT3_IRQHandler                           
00002e81  PORT4_IRQHandler                           
00002e81  PORT4_IRQHandler                           
00002ea1  PORT5_IRQHandler                           
00002ea1  PORT5_IRQHandler                           
00002ec1  startADCconversions                        
00002ecd  stopADCconversions                         
00002ed5  getJoyValue                                
00002edf  ADC14_IRQHandler                           
00002edf  ADC14_IRQHandler                           
00002f6d  Crystalfontz128x128_Init                   
00003081  Crystalfontz128x128_SetDrawFrame           
000031af  Crystalfontz128x128_SetOrientation         
000035ed  treasure_hunt_start                        
0000376b  inactivityHandler2                         
00003773  resetInactivityTimer2                      
00003799  getInactivityTimerStatus2                  
0000379f  stopInactivityTimer2                       
000037b5  printTitleMessage2                         
00003925  clearscreen2                               
0000395d  printMessage2                              
000039e5  newTreasure                                
00003a2d  printRectangle                             
00003aef  checkPosition                              
00003b99  Graphics_drawString                        
00004017  Graphics_drawImage                         
000043a9  SystemCoreClockUpdate                      
00004621  SystemInit                                 
00004b1d  __aeabi_dsub                               
00004b27  __aeabi_dadd                               
00004f91  get_ringtone_description                   
00004fb3  get_ringtones_number                       
00004fb7  start_ringtone                             
0000501b  stop_ringtone                              
00005023  noteInterrupt                              
0000535d  __aeabi_ddiv                               
00005495  CS_initClockSignal                         
000056e9  main                                       
00005801  Graphics_fillRectangle                     
00005915  ldexp                                      
00005915  ldexpl                                     
00005915  scalbn                                     
00005915  scalbnl                                    
00005b2d  __aeabi_dmul                               
00005c29  Graphics_getStringWidth                    
00005d25  HAL_LCD_PortInit                           
00005d55  HAL_LCD_SpiInit                            
00005d8b  HAL_LCD_writeCommand                       
00005dbb  HAL_LCD_writeData                          
00005df1  ADC14_configureConversionMemory            
00005ea5  ADC14_configureMultiSequenceMode           
0000600b  SPI_initMaster                             
000060bb  Graphics_drawLineH                         
00006157  __aeabi_memcpy                             
00006157  __aeabi_memcpy4                            
00006157  __aeabi_memcpy8                            
00006157  memcpy                                     
000061f3  __aeabi_uldivmod                           
00006289  RTC_C_getEnabledInterruptStatus            
0000631d  RTC_C_initCalendar                         
000063b1  GPIO_setAsPeripheralModuleFunctionInputPin 
00006439  GPIO_setAsPeripheralModuleFunctionOutputPin
000064c1  __aeabi_cdcmpeq                            
000064c1  __aeabi_cdcmple                            
00006547  __aeabi_cdrcmple                           
000065cd  GPIO_getEnabledInterruptStatus             
00006651  Interrupt_disableInterrupt                 
000066d1  Interrupt_enableInterrupt                  
00006751  RTC_C_getCalendarTime                      
000067cd  __aeabi_memclr                             
000067cd  __aeabi_memclr4                            
000067cd  __aeabi_memclr8                            
000067cf  __aeabi_memset                             
000067cf  __aeabi_memset4                            
000067cf  __aeabi_memset8                            
000067d5  memset                                     
00006921  RTC_C_disableInterrupt                     
0000698d  Timer_A_configureUpMode                    
000069f5  __TI_decompress_lzss                       
00006a5d  RTC_C_enableInterrupt                      
00006ac1  frexp                                      
00006ac1  frexpl                                     
00006b25  PCM_getCoreVoltageLevel                    
00006b85  RTC_C_getInterruptStatus                   
00006be1  PCM_getPowerMode                           
00006c3d  GPIO_setAsInputPinWithPullUpResistor       
00006c95  RTC_C_clearInterruptFlag                   
00006d45  ADC14_initModule                           
00006d99  __TI_ltoa                                  
00006ded  Graphics_initContext                       
00006e91  Timer_A_initCompare                        
00006ee1  atoi                                       
00006f2d  FlashCtl_setWaitState                      
00006f75  HOSTtime                                   
00006fbd  __aeabi_d2iz                               
00007005  Graphics_drawMultiplePixelsOnDisplay       
0000704d  __TI_auto_init_nobinit_nopinit             
00007091  GPIO_setAsOutputPin                        
00007111  RTC_C_setCalendarAlarm                     
00007151  launch_game                                
000071d1  sprintf                                    
00007251  GPIO_interruptEdgeSelect                   
0000728d  RTC_C_setCalendarEvent                     
000072c9  ADC14_getEnabledInterruptStatus            
00007301  __TI_writemsg                              
0000732f  C$$IO$$                                    
00007339  Graphics_drawHorizontalLineOnDisplay       
00007371  ADC14_enableSampleTimer                    
000073a5  CS_setDCOCenteredFrequency                 
000073d9  __TI_readmsg                               
0000740d  _c_int00_noargs                            
00007441  rand                                       
00007475  ADC14_clearInterruptFlag                   
000074a5  ADC14_enableInterrupt                      
000074d5  __aeabi_i2d                                
00007505  ADC14_getInterruptStatus                   
00007531  ADC14_toggleConversionTrigger              
0000755d  Graphics_drawPixelOnDisplay                
00007589  RTC_C_startClock                           
000075b5  Timer_A_clearCaptureCompareInterrupt       
000075e1  ADC14_enableConversion                     
00007609  ADC14_getResult                            
00007631  GPIO_clearInterruptFlag                    
00007659  GPIO_enableInterrupt                       
00007681  GPIO_setOutputHighOnPin                    
000076a9  GPIO_setOutputLowOnPin                     
000076d1  GPIO_toggleOutputOnPin                     
000076f9  PCM_gotoLPM0                               
00007721  GPIO_getInterruptStatus                    
00007745  srand                                      
00007769  ADC14_setResolution                        
00007789  Graphics_fillRectangleOnDisplay            
000077a9  RTC_C_convertBCDToBinary                   
000077c5  RTC_C_convertBinaryToBCD                   
000077e1  SPI_enableModule                           
000077fd  memccpy                                    
00007819  Graphics_clearDisplayOnDisplay             
00007833  Graphics_setBackgroundColor                
0000784d  Graphics_setFont                           
00007867  copysign                                   
00007867  copysignl                                  
00007899  EUSCI_A_SPI_enable                         
000078af  EUSCI_B_SPI_enable                         
000078c5  Graphics_setForegroundColor                
000078db  Graphics_translateColorOnDisplay           
000078f1  Timer_A_startCounter                       
00007907  strchr                                     
0000791d  PCM_getPowerState                          
00007931  Timer_A_stopTimer                          
00007945  strcpy                                     
00007959  strlen                                     
0000796d  Graphics_clearDisplay                      
0000797f  wcslen                                     
00007991  ADC14_disableConversion                    
000079b1  Graphics_getStringHeight                   
000079c1  Interrupt_enableMaster                     
000079d1  PCM_setCoreVoltageLevel                    
000079e1  PCM_setPowerMode                           
000079f1  __time32                                   
000079f1  time                                       
000079ff  __TI_decompress_none                       
00007a0d  Reset_Handler                              
00007a19  AES256_IRQHandler                          
00007a19  BusFault_Handler                           
00007a19  COMP_E0_IRQHandler                         
00007a19  COMP_E1_IRQHandler                         
00007a19  CS_IRQHandler                              
00007a19  DMA_ERR_IRQHandler                         
00007a19  DMA_INT0_IRQHandler                        
00007a19  DMA_INT1_IRQHandler                        
00007a19  DMA_INT2_IRQHandler                        
00007a19  DMA_INT3_IRQHandler                        
00007a19  DebugMon_Handler                           
00007a19  Default_Handler                            
00007a19  EUSCIA0_IRQHandler                         
00007a19  EUSCIA1_IRQHandler                         
00007a19  EUSCIA2_IRQHandler                         
00007a19  EUSCIA3_IRQHandler                         
00007a19  EUSCIB0_IRQHandler                         
00007a19  EUSCIB1_IRQHandler                         
00007a19  EUSCIB2_IRQHandler                         
00007a19  EUSCIB3_IRQHandler                         
00007a19  FLCTL_IRQHandler                           
00007a19  FPU_IRQHandler                             
00007a19  HardFault_Handler                          
00007a19  MemManage_Handler                          
00007a19  NMI_Handler                                
00007a19  PCM_IRQHandler                             
00007a19  PORT1_IRQHandler                           
00007a19  PORT2_IRQHandler                           
00007a19  PORT6_IRQHandler                           
00007a19  PSS_IRQHandler                             
00007a19  PendSV_Handler                             
00007a19  SVC_Handler                                
00007a19  SysTick_Handler                            
00007a19  T32_INT1_IRQHandler                        
00007a19  T32_INT2_IRQHandler                        
00007a19  T32_INTC_IRQHandler                        
00007a19  TA0_0_IRQHandler                           
00007a19  TA0_N_IRQHandler                           
00007a19  TA1_N_IRQHandler                           
00007a19  TA2_N_IRQHandler                           
00007a19  TA3_N_IRQHandler                           
00007a19  UsageFault_Handler                         
00007a19  WDT_A_IRQHandler                           
00007a1d  ADC14_enableModule                         
00007a29  CPU_cpsie                                  
00007a35  __TI_zero_init                             
00007a4d  __aeabi_errno_addr                         
00007a55  CPU_wfi                                    
00007a59  _system_pre_init                           
00007a5d  C$$EXIT                                    
00007a5d  abort                                      
0000e540  _ctypes_                                   
0000e644  g_sFontCm12b                               
0000e70c  g_sFontCm14                                
0000e7d4  g_sFontCm16b                               
0000e89c  g_sFontCm18b                               
0000e964  g_sFontCm20b                               
0000ea2c  g_sFontCm24b                               
0000eaf4  g_sFontCm34b                               
0000ebbc  g_sFontFixed6x8                            
0000eddc  pixel_left_arrow1BPP_UNCOMP                
0000ee24  pixel_right_arrow1BPP_UNCOMP               
0000ee6c  pixel_up_arrow1BPP_UNCOMP                  
0000efbc  g_sCrystalfontz128x128_funcs               
0000eff8  currentTime                                
0000f094  ALARM_OFF8BPP_UNCOMP                       
0000f0a4  ALARM_ON8BPP_UNCOMP                        
0000f0b4  CLOCK_18BPP_UNCOMP                         
0000f0c4  CLOCK_28BPP_UNCOMP                         
0000f0d4  CLOCK_38BPP_UNCOMP                         
0000f0e4  CLOCK_48BPP_UNCOMP                         
0000f0f4  CURSOR_DOWN1BPP_UNCOMP                     
0000f104  CURSOR_R1BPP_UNCOMP                        
0000f114  CURSOR_UP1BPP_UNCOMP                       
0000f124  a1BPP_UNCOMP                               
0000f134  b1BPP_UNCOMP                               
0000f144  down_arrow1BPP_UNCOMP                      
0000f154  left_arrow1BPP_UNCOMP                      
0000f164  right_arrow1BPP_UNCOMP                     
0000f174  the_lick_durations                         
0000f184  the_lick_notes                             
0000f194  up_arrow1BPP_UNCOMP                        
0000f1a4  v1BPP_UNCOMP2                              
0000f1b4  v1BPP_UNCOMP                               
0000f1c4  x1BPP_UNCOMP                               
0000f240  palette_left_arrow1BPP_UNCOMP              
0000f248  palette_right_arrow1BPP_UNCOMP             
0000f250  palette_up_arrow1BPP_UNCOMP                
0000f2d4  __TI_Handler_Table_Base                    
0000f2e0  __TI_Handler_Table_Limit                   
0000f2e8  __TI_CINIT_Base                            
0000f2f8  __TI_CINIT_Limit                           
20000000  __start___llvm_prf_cnts                    
20000000  __stop___llvm_prf_cnts                     
20000400  __CIOBUF_                                  
2000053c  alarmTime                                  
20000558  g_sContext                                 
20000574  timerlist                                  
20000588  JoyValues                                  
20000590  parmbuf                                    
20000598  buttonsPressed                             
2000059b  Lcd_FlagRead                               
2000059c  Lcd_ScreenHeigth                           
2000059e  Lcd_ScreenWidth                            
200005a0  Lcd_TouchTrim                              
200005a2  Lcd_FontSolid                              
200005a3  Lcd_Orientation                            
200005a4  Lcd_PenSolid                               
200005a5  alarmFired                                 
200005a6  clockImage                                 
200005a7  inactivity_status                          
200005a8  inactivity_timer                           
200005a9  onesTimer                                  
200005aa  updateClockImage                           
200005ab  updateDate                                 
200005ac  updateTime                                 
200005b0  index                                      
200005c8  ringtones                                  
200005dc  g_sCrystalfontz128x128                     
200005ec  x0                                         
200005f0  x1                                         
200005f4  y0                                         
200005f8  y1                                         
200005fc  _lock                                      
20000600  _unlock                                    
20000604  piezo                                      
2000060c  gc                                         
20000610  errno                                      
20000618  SystemCoreClock                            
2000fe00  __stack                                    
20010000  __STACK_END                                
4000480c  WDTCTL_SYM                                 
ffffffff  __TI_pprof_out_hndl                        
ffffffff  __TI_prof_data_size                        
ffffffff  __TI_prof_data_start                       
ffffffff  __binit__                                  
ffffffff  __c_args__                                 
ffffffff  binit                                      
UNDEFED   __mpu_init                                 
UNDEFED   _system_post_cinit                         

[365 symbols]
