******************************************************************************
                  TI ARM Linker PC v20.2.7                     
******************************************************************************
>> Linked Wed Mar 15 15:25:12 2023

OUTPUT FILE NAME:   <SmartAlarm.out>
ENTRY POINT SYMBOL: "_c_int00_noargs"  address: 00005d9d


MEMORY CONFIGURATION

         name            origin    length      used     unused   attr    fill
----------------------  --------  ---------  --------  --------  ----  --------
  MAIN                  00000000   00040000  0000b517  00034ae9  R  X
  INFO                  00200000   00004000  00000000  00004000  R  X
  SRAM_CODE             01000000   00010000  00000682  0000f97e  RW X
  SRAM_DATA             20000000   00010000  00000682  0000f97e  RW  


SEGMENT ALLOCATION MAP

run origin  load origin   length   init length attrs members
----------  ----------- ---------- ----------- ----- -------
00000000    00000000    0000b518   0000b518    r-x
  00000000    00000000    000000e4   000000e4    r-- .intvecs
  000000e4    000000e4    00006268   00006268    r-x .text
  0000634c    0000634c    0000518b   0000518b    r-- .const
  0000b4d8    0000b4d8    00000040   00000040    r-- .cinit
20000000    20000000    00000484   00000000    rw-
  20000000    20000000    00000466   00000000    rw- .bss
  20000468    20000468    0000001c   00000000    rw- .data
2000fe00    2000fe00    00000200   00000000    rw-
  2000fe00    2000fe00    00000200   00000000    rw- .stack


SECTION ALLOCATION MAP

 output                                  attributes/
section   page    origin      length       input sections
--------  ----  ----------  ----------   ----------------
.intvecs   0    00000000    000000e4     
                  00000000    000000e4     startup_msp432p401r_ccs.obj (.intvecs:retain)

.text      0    000000e4    00006268     
                  000000e4    00001120     clock.obj (.text)
                  00001204    00000a4e     rtsv7M4_T_le_v4SPD16_eabi.lib : _printfi.c.obj (.text:__TI_printfi)
                  00001c52    00000002                                   : div0.asm.obj (.text)
                  00001c54    000006d8     hardware.obj (.text)
                  0000232c    00000680     Crystalfontz128x128_ST7735.obj (.text)
                  000029ac    0000047e     grlib.a : string.obj (.text:Graphics_drawString)
                  00002e2a    00000390             : image.obj (.text:Graphics_drawImage)
                  000031ba    00000002     --HOLE-- [fill = 0]
                  000031bc    00000334     system_msp432p401r.obj (.text)
                  000034f0    00000270     rtsv7M4_T_le_v4SPD16_eabi.lib : _printfi.c.obj (.text:_pconv_a)
                  00003760    000001d0                                   : _printfi.c.obj (.text:_pconv_g)
                  00003930    000001b6                                   : fd_add_t2.asm.obj (.text)
                  00003ae6    00000002     --HOLE-- [fill = 0]
                  00003ae8    00000160     msp432p4xx_driverlib.lib : adc14.o (.text:_getIndexForMemRegister)
                  00003c48    0000015c                              : pcm.o (.text:__PCM_setPowerModeAdvanced)
                  00003da4    00000144                              : timer_a.o (.text:privateTimer_AProcessClockSourceDivider)
                  00003ee8    0000013c     rtsv7M4_T_le_v4SPD16_eabi.lib : _printfi.c.obj (.text:_pconv_e)
                  00004024    00000136                                   : fd_div_t2.asm.obj (.text)
                  0000415a    00000002     --HOLE-- [fill = 0]
                  0000415c    00000130     msp432p4xx_driverlib.lib : cs.o (.text:CS_initClockSignal)
                  0000428c    00000124     rtsv7M4_T_le_v4SPD16_eabi.lib : _printfi.c.obj (.text:fcvt)
                  000043b0    00000112     grlib.a : rectangle.obj (.text:Graphics_fillRectangle)
                  000044c2    00000002     --HOLE-- [fill = 0]
                  000044c4    00000110     rtsv7M4_T_le_v4SPD16_eabi.lib : s_scalbn.c.obj (.text:scalbn)
                  000045d4    00000108     msp432p4xx_driverlib.lib : pcm.o (.text:__PCM_setCoreVoltageLevelAdvanced)
                  000046dc    000000fc     rtsv7M4_T_le_v4SPD16_eabi.lib : fd_mul_t2.asm.obj (.text)
                  000047d8    000000cc     HAL_MSP_EXP432P401R_Crystalfontz128x128_ST7735.obj (.text)
                  000048a4    000000b4     msp432p4xx_driverlib.lib : adc14.o (.text:ADC14_configureConversionMemory)
                  00004958    000000b4                              : adc14.o (.text:ADC14_configureMultiSequenceMode)
                  00004a0c    000000b1     rtsv7M4_T_le_v4SPD16_eabi.lib : _printfi.c.obj (.text:_ltostr)
                  00004abd    00000001     --HOLE-- [fill = 0]
                  00004abe    000000b0     msp432p4xx_driverlib.lib : spi.o (.text:SPI_initMaster)
                  00004b6e    0000009c     grlib.a : line.obj (.text:Graphics_drawLineH)
                  00004c0a    0000009c     rtsv7M4_T_le_v4SPD16_eabi.lib : memcpy_t2.asm.obj (.text)
                  00004ca6    00000096                                   : ull_div_t2.asm.obj (.text)
                  00004d3c    00000094     msp432p4xx_driverlib.lib : rtc_c.o (.text:RTC_C_getEnabledInterruptStatus)
                  00004dd0    00000094                              : rtc_c.o (.text:RTC_C_initCalendar)
                  00004e64    00000088                              : gpio.o (.text:GPIO_setAsPeripheralModuleFunctionInputPin)
                  00004eec    00000088                              : gpio.o (.text:GPIO_setAsPeripheralModuleFunctionOutputPin)
                  00004f74    00000086     rtsv7M4_T_le_v4SPD16_eabi.lib : fd_cmp_t2.asm.obj (.text:__aeabi_cdcmple)
                  00004ffa    00000086                                   : fd_cmp_t2.asm.obj (.text:__aeabi_cdrcmple)
                  00005080    00000084     msp432p4xx_driverlib.lib : gpio.o (.text:GPIO_getEnabledInterruptStatus)
                  00005104    00000080                              : interrupt.o (.text:Interrupt_disableInterrupt)
                  00005184    00000080                              : interrupt.o (.text:Interrupt_enableInterrupt)
                  00005204    0000007c                              : rtc_c.o (.text:RTC_C_getCalendarTime)
                  00005280    0000007a     rtsv7M4_T_le_v4SPD16_eabi.lib : memset_t2.asm.obj (.text)
                  000052fa    00000002     --HOLE-- [fill = 0]
                  000052fc    00000074     main.obj (.text)
                  00005370    0000006e     rtsv7M4_T_le_v4SPD16_eabi.lib : _printfi.c.obj (.text:_mcpy)
                  000053de    00000002     --HOLE-- [fill = 0]
                  000053e0    0000006c     grlib.a : image.obj (.text:Graphics_convertPalette)
                  0000544c    00000068     msp432p4xx_driverlib.lib : timer_a.o (.text:Timer_A_configureUpMode)
                  000054b4    00000068     rtsv7M4_T_le_v4SPD16_eabi.lib : copy_decompress_lzss.c.obj (.text:decompress:lzss:__TI_decompress_lzss)
                  0000551c    00000064     msp432p4xx_driverlib.lib : rtc_c.o (.text:RTC_C_enableInterrupt)
                  00005580    00000064     rtsv7M4_T_le_v4SPD16_eabi.lib : s_frexp.c.obj (.text:frexp)
                  000055e4    0000005e     msp432p4xx_driverlib.lib : pcm.o (.text:PCM_getCoreVoltageLevel)
                  00005642    00000002     --HOLE-- [fill = 0]
                  00005644    0000005c                              : rtc_c.o (.text:RTC_C_getInterruptStatus)
                  000056a0    0000005a                              : pcm.o (.text:PCM_getPowerMode)
                  000056fa    00000002     --HOLE-- [fill = 0]
                  000056fc    00000058                              : gpio.o (.text:GPIO_setAsInputPinWithPullUpResistor)
                  00005754    00000058                              : rtc_c.o (.text:RTC_C_clearInterruptFlag)
                  000057ac    00000056     rtsv7M4_T_le_v4SPD16_eabi.lib : _printfi.c.obj (.text:_pconv_f)
                  00005802    00000002     --HOLE-- [fill = 0]
                  00005804    00000054     msp432p4xx_driverlib.lib : adc14.o (.text:ADC14_initModule)
                  00005858    00000054     rtsv7M4_T_le_v4SPD16_eabi.lib : _ltoa.c.obj (.text:__TI_ltoa)
                  000058ac    00000052     grlib.a : context.obj (.text:Graphics_initContext)
                  000058fe    00000052     rtsv7M4_T_le_v4SPD16_eabi.lib : _printfi.c.obj (.text:_ecpy)
                  00005950    0000004e     msp432p4xx_driverlib.lib : timer_a.o (.text:Timer_A_initCompare)
                  0000599e    00000002     --HOLE-- [fill = 0]
                  000059a0    0000004c     rtsv7M4_T_le_v4SPD16_eabi.lib : atoi.c.obj (.text:atoi)
                  000059ec    00000048     msp432p4xx_driverlib.lib : flash.o (.text:FlashCtl_setWaitState)
                  00005a34    00000048     rtsv7M4_T_le_v4SPD16_eabi.lib : fd_toi_t2.asm.obj (.text)
                  00005a7c    00000046     grlib.a : display.obj (.text:Graphics_drawMultiplePixelsOnDisplay)
                  00005ac2    00000002     --HOLE-- [fill = 0]
                  00005ac4    00000044     rtsv7M4_T_le_v4SPD16_eabi.lib : autoinit.c.obj (.text:__TI_auto_init_nobinit_nopinit:__TI_auto_init_nobinit_nopinit)
                  00005b08    00000040     msp432p4xx_driverlib.lib : gpio.o (.text:GPIO_setAsOutputPin)
                  00005b48    00000040     grlib.a : string.obj (.text:Graphics_getNumberOfLeadingZeros)
                  00005b88    00000040     msp432p4xx_driverlib.lib : rtc_c.o (.text:RTC_C_setCalendarAlarm)
                  00005bc8    00000040                              : spi.o (.text:is_A_Module)
                  00005c08    00000040     rtsv7M4_T_le_v4SPD16_eabi.lib : sprintf.c.obj (.text:sprintf)
                  00005c48    0000003e                                   : _printfi.c.obj (.text:_fcpy)
                  00005c86    00000002     --HOLE-- [fill = 0]
                  00005c88    0000003c     msp432p4xx_driverlib.lib : rtc_c.o (.text:RTC_C_setCalendarEvent)
                  00005cc4    00000038                              : adc14.o (.text:ADC14_getEnabledInterruptStatus)
                  00005cfc    00000036     grlib.a : display.obj (.text:Graphics_drawHorizontalLineOnDisplay)
                  00005d32    00000002     --HOLE-- [fill = 0]
                  00005d34    00000034     msp432p4xx_driverlib.lib : adc14.o (.text:ADC14_enableSampleTimer)
                  00005d68    00000034                              : cs.o (.text:CS_setDCOCenteredFrequency)
                  00005d9c    00000034     rtsv7M4_T_le_v4SPD16_eabi.lib : boot_cortex_m.c.obj (.text:_c_int00_noargs:_c_int00_noargs)
                  00005dd0    00000030     msp432p4xx_driverlib.lib : adc14.o (.text:ADC14_clearInterruptFlag)
                  00005e00    00000030                              : adc14.o (.text:ADC14_enableInterrupt)
                  00005e30    0000002e     rtsv7M4_T_le_v4SPD16_eabi.lib : i_tofd_t2.asm.obj (.text)
                  00005e5e    00000002     --HOLE-- [fill = 0]
                  00005e60    0000002c     msp432p4xx_driverlib.lib : adc14.o (.text:ADC14_getInterruptStatus)
                  00005e8c    0000002c                              : adc14.o (.text:ADC14_toggleConversionTrigger)
                  00005eb8    0000002c     grlib.a : display.obj (.text:Graphics_drawPixelOnDisplay)
                  00005ee4    0000002c     msp432p4xx_driverlib.lib : rtc_c.o (.text:RTC_C_startClock)
                  00005f10    0000002c                              : timer_a.o (.text:Timer_A_clearCaptureCompareInterrupt)
                  00005f3c    00000028                              : adc14.o (.text:ADC14_enableConversion)
                  00005f64    00000028                              : adc14.o (.text:ADC14_getResult)
                  00005f8c    00000028                              : gpio.o (.text:GPIO_clearInterruptFlag)
                  00005fb4    00000028                              : gpio.o (.text:GPIO_enableInterrupt)
                  00005fdc    00000028                              : gpio.o (.text:GPIO_setOutputHighOnPin)
                  00006004    00000028                              : gpio.o (.text:GPIO_setOutputLowOnPin)
                  0000602c    00000028                              : gpio.o (.text:GPIO_toggleOutputOnPin)
                  00006054    00000024                              : gpio.o (.text:GPIO_getInterruptStatus)
                  00006078    00000020                              : adc14.o (.text:ADC14_setResolution)
                  00006098    0000001e     grlib.a : display.obj (.text:Graphics_fillRectangleOnDisplay)
                  000060b6    00000002     --HOLE-- [fill = 0]
                  000060b8    0000001c     msp432p4xx_driverlib.lib : rtc_c.o (.text:RTC_C_convertBCDToBinary)
                  000060d4    0000001c                              : rtc_c.o (.text:RTC_C_convertBinaryToBCD)
                  000060f0    0000001c                              : spi.o (.text:SPI_enableModule)
                  0000610c    0000001c     rtsv7M4_T_le_v4SPD16_eabi.lib : memccpy.c.obj (.text:memccpy)
                  00006128    0000001a     grlib.a : display.obj (.text:Graphics_clearDisplayOnDisplay)
                  00006142    0000001a             : context.obj (.text:Graphics_setBackgroundColor)
                  0000615c    0000001a             : context.obj (.text:Graphics_setFont)
                  00006176    0000001a     rtsv7M4_T_le_v4SPD16_eabi.lib : s_copysign.c.obj (.text:copysign)
                  00006190    00000018                                   : sprintf.c.obj (.text:_outs)
                  000061a8    00000016     msp432p4xx_driverlib.lib : spi.o (.text:EUSCI_A_SPI_enable)
                  000061be    00000016                              : spi.o (.text:EUSCI_B_SPI_enable)
                  000061d4    00000016     grlib.a : context.obj (.text:Graphics_setForegroundColor)
                  000061ea    00000016             : display.obj (.text:Graphics_translateColorOnDisplay)
                  00006200    00000016     msp432p4xx_driverlib.lib : timer_a.o (.text:Timer_A_startCounter)
                  00006216    00000016     rtsv7M4_T_le_v4SPD16_eabi.lib : strchr.c.obj (.text:strchr)
                  0000622c    00000014     msp432p4xx_driverlib.lib : pcm.o (.text:PCM_getPowerState)
                  00006240    00000014                              : timer_a.o (.text:Timer_A_stopTimer)
                  00006254    00000014     rtsv7M4_T_le_v4SPD16_eabi.lib : strcpy.c.obj (.text:strcpy)
                  00006268    00000014                                   : strlen.c.obj (.text:strlen)
                  0000627c    00000012     grlib.a : context.obj (.text:Graphics_clearDisplay)
                  0000628e    00000012     rtsv7M4_T_le_v4SPD16_eabi.lib : wcslen.c.obj (.text:wcslen)
                  000062a0    00000010     msp432p4xx_driverlib.lib : adc14.o (.text:ADC14_disableConversion)
                  000062b0    00000010                              : adc14.o (.text:ADCIsConversionRunning)
                  000062c0    00000010                              : interrupt.o (.text:Interrupt_enableMaster)
                  000062d0    00000010                              : pcm.o (.text:PCM_setCoreVoltageLevel)
                  000062e0    00000010                              : pcm.o (.text:PCM_setPowerMode)
                  000062f0    0000000e     rtsv7M4_T_le_v4SPD16_eabi.lib : copy_decompress_none.c.obj (.text:decompress:none:__TI_decompress_none)
                  000062fe    0000000e     startup_msp432p401r_ccs.obj (.text)
                  0000630c    0000000c     msp432p4xx_driverlib.lib : adc14.o (.text:ADC14_enableModule)
                  00006318    0000000c                              : cpu.o (.text:CPU_cpsie)
                  00006324    0000000c     rtsv7M4_T_le_v4SPD16_eabi.lib : copy_zero_init.c.obj (.text:decompress:ZI:__TI_zero_init)
                  00006330    0000000a                                   : sprintf.c.obj (.text:_outc)
                  0000633a    00000002     --HOLE-- [fill = 0]
                  0000633c    00000008                                   : errno.c.obj (.text:__aeabi_errno_addr)
                  00006344    00000004                                   : pre_init.c.obj (.text:_system_pre_init)
                  00006348    00000004                                   : exit.c.obj (.text:abort:abort)

.const     0    0000634c    0000518b     
                  0000634c    00000f3f     grlib.a : fontcm34b.obj (.const:.string:g_pucCm34bData)
                  0000728b    00000833             : fontcm18b.obj (.const:.string:g_pucCm18bData)
                  00007abe    00000755             : fontcm16b.obj (.const:.string:g_pucCm16bData)
                  00008213    00000001     --HOLE-- [fill = 0]
                  00008214    00000400     ALARM_OFF.obj (.const:palette_ALARM_OFF8BPP_UNCOMP)
                  00008614    00000400     ALARM_ON.obj (.const:palette_ALARM_ON8BPP_UNCOMP)
                  00008a14    00000400     CLOCK_1.obj (.const:palette_CLOCK_18BPP_UNCOMP)
                  00008e14    00000400     CLOCK_2.obj (.const:palette_CLOCK_28BPP_UNCOMP)
                  00009214    00000400     CLOCK_3.obj (.const:palette_CLOCK_38BPP_UNCOMP)
                  00009614    00000400     CLOCK_4.obj (.const:palette_CLOCK_48BPP_UNCOMP)
                  00009a14    00000384     CLOCK_1.obj (.const:.string:pixel_CLOCK_18BPP_UNCOMP)
                  00009d98    00000384     CLOCK_2.obj (.const:.string:pixel_CLOCK_28BPP_UNCOMP)
                  0000a11c    00000384     CLOCK_3.obj (.const:.string:pixel_CLOCK_38BPP_UNCOMP)
                  0000a4a0    00000384     CLOCK_4.obj (.const:.string:pixel_CLOCK_48BPP_UNCOMP)
                  0000a824    000002f8     grlib.a : fontfixed6x8.obj (.const:.string:g_pucFontFixed6x8Data)
                  0000ab1c    00000190     ALARM_OFF.obj (.const:.string:pixel_ALARM_OFF8BPP_UNCOMP)
                  0000acac    00000190     ALARM_ON.obj (.const:.string:pixel_ALARM_ON8BPP_UNCOMP)
                  0000ae3c    00000101     rtsv7M4_T_le_v4SPD16_eabi.lib : ctype.c.obj (.const:.string:_ctypes_)
                  0000af3d    00000003     --HOLE-- [fill = 0]
                  0000af40    000000c8     grlib.a : fontcm16b.obj (.const:g_sFontCm16b)
                  0000b008    000000c8             : fontcm18b.obj (.const:g_sFontCm18b)
                  0000b0d0    000000c8             : fontcm34b.obj (.const:g_sFontCm34b)
                  0000b198    000000c8             : fontfixed6x8.obj (.const:g_sFontFixed6x8)
                  0000b260    00000080     msp432p4xx_driverlib.lib : adc14.o (.const:_ctlRegs)
                  0000b2e0    00000030                              : gpio.o (.const:GPIO_PORT_TO_BASE)
                  0000b310    00000020     Crystalfontz128x128_ST7735.obj (.const:g_sCrystalfontz128x128_funcs)
                  0000b330    0000001c     HAL_MSP_EXP432P401R_Crystalfontz128x128_ST7735.obj (.const:$P$T0$1)
                  0000b34c    0000001c     hardware.obj (.const:currentTime)
                  0000b368    00000018     hardware.obj (.const:$P$T1$2)
                  0000b380    00000016     CURSOR_DOWN.obj (.const:.string:pixel_CURSOR_DOWN1BPP_UNCOMP)
                  0000b396    00000016     CURSOR_R.obj (.const:.string:pixel_CURSOR_R1BPP_UNCOMP)
                  0000b3ac    00000016     CURSOR_UP.obj (.const:.string:pixel_CURSOR_UP1BPP_UNCOMP)
                  0000b3c2    00000014     clock.obj (.const:.string:$P$T4$5)
                  0000b3d6    00000002     --HOLE-- [fill = 0]
                  0000b3d8    00000010     hardware.obj (.const:$P$T0$1)
                  0000b3e8    00000010     ALARM_OFF.obj (.const:ALARM_OFF8BPP_UNCOMP)
                  0000b3f8    00000010     ALARM_ON.obj (.const:ALARM_ON8BPP_UNCOMP)
                  0000b408    00000010     CLOCK_1.obj (.const:CLOCK_18BPP_UNCOMP)
                  0000b418    00000010     CLOCK_2.obj (.const:CLOCK_28BPP_UNCOMP)
                  0000b428    00000010     CLOCK_3.obj (.const:CLOCK_38BPP_UNCOMP)
                  0000b438    00000010     CLOCK_4.obj (.const:CLOCK_48BPP_UNCOMP)
                  0000b448    00000010     CURSOR_DOWN.obj (.const:CURSOR_DOWN1BPP_UNCOMP)
                  0000b458    00000010     CURSOR_R.obj (.const:CURSOR_R1BPP_UNCOMP)
                  0000b468    00000010     CURSOR_UP.obj (.const:CURSOR_UP1BPP_UNCOMP)
                  0000b478    0000000c     clock.obj (.const:.string:$P$T0$1)
                  0000b484    0000000b     clock.obj (.const:.string:$P$T2$3)
                  0000b48f    00000001     --HOLE-- [fill = 0]
                  0000b490    00000008     Crystalfontz128x128_ST7735.obj (.const:$P$T0$1)
                  0000b498    00000008     msp432p4xx_driverlib.lib : interrupt.o (.const:g_pulDisRegs)
                  0000b4a0    00000008                              : interrupt.o (.const:g_pulEnRegs)
                  0000b4a8    00000008     CURSOR_DOWN.obj (.const:palette_CURSOR_DOWN1BPP_UNCOMP)
                  0000b4b0    00000008     CURSOR_R.obj (.const:palette_CURSOR_R1BPP_UNCOMP)
                  0000b4b8    00000008     CURSOR_UP.obj (.const:palette_CURSOR_UP1BPP_UNCOMP)
                  0000b4c0    00000006     clock.obj (.const:.string:$P$T1$2)
                  0000b4c6    00000006     clock.obj (.const:.string:$P$T3$4)
                  0000b4cc    00000006     clock.obj (.const:.string:$P$T6$7)
                  0000b4d2    00000005     clock.obj (.const:.string:$P$T5$6)

.cinit     0    0000b4d8    00000040     
                  0000b4d8    00000018     (.cinit..data.load) [load image, compression = lzss]
                  0000b4f0    0000000c     (__TI_handler_table)
                  0000b4fc    00000004     --HOLE-- [fill = 0]
                  0000b500    00000008     (.cinit..bss.load) [load image, compression = zero_init]
                  0000b508    00000010     (__TI_cinit_table)

.init_array 
*          0    00000000    00000000     UNINITIALIZED

.binit     0    00000000    00000000     

.bss       0    20000000    00000466     UNINITIALIZED
                  20000000    00000400     grlib.a : image.obj (.bss:g_pulConvertedPalette)
                  20000400    0000001c     clock.obj (.bss:currentTime)
                  2000041c    0000001c     (.common:g_sContext)
                  20000438    00000014     (.common:timerlist)
                  2000044c    00000008     (.common:JoyValues)
                  20000454    00000004     clock.obj (.bss)
                  20000458    00000003     (.common:buttonsPressed)
                  2000045b    00000001     (.common:Lcd_FlagRead)
                  2000045c    00000002     (.common:Lcd_ScreenHeigth)
                  2000045e    00000002     (.common:Lcd_ScreenWidth)
                  20000460    00000002     (.common:Lcd_TouchTrim)
                  20000462    00000001     (.common:Lcd_FontSolid)
                  20000463    00000001     (.common:Lcd_Orientation)
                  20000464    00000001     (.common:Lcd_PenSolid)
                  20000465    00000001     (.common:onesTimer)

.data      0    20000468    0000001c     UNINITIALIZED
                  20000468    00000010     Crystalfontz128x128_ST7735.obj (.data:g_sCrystalfontz128x128)
                  20000478    00000004     main.obj (.data)
                  2000047c    00000004     rtsv7M4_T_le_v4SPD16_eabi.lib : errno.c.obj (.data)
                  20000480    00000004     system_msp432p401r.obj (.data)

.stack     0    2000fe00    00000200     UNINITIALIZED
                  2000fe00    00000004     rtsv7M4_T_le_v4SPD16_eabi.lib : boot_cortex_m.c.obj (.stack)
                  2000fe04    000001fc     --HOLE--

__llvm_prf_cnts 
*          0    20000000    00000000     UNINITIALIZED

MODULE SUMMARY

       Module                                               code    ro data   rw data
       ------                                               ----    -------   -------
    .\
       system_msp432p401r.obj                               820     0         8      
       main.obj                                             116     0         126    
       startup_msp432p401r_ccs.obj                          14      228       0      
    +--+----------------------------------------------------+-------+---------+---------+
       Total:                                               950     228       134    
                                                                                     
    .\modules\clock_system\
       clock.obj                                            4384    66        66     
    +--+----------------------------------------------------+-------+---------+---------+
       Total:                                               4384    66        66     
                                                                                     
    .\modules\clock_system\images\
       CLOCK_1.obj                                          0       1940      0      
       CLOCK_2.obj                                          0       1940      0      
       CLOCK_3.obj                                          0       1940      0      
       CLOCK_4.obj                                          0       1940      0      
       ALARM_OFF.obj                                        0       1440      0      
       ALARM_ON.obj                                         0       1440      0      
       CURSOR_DOWN.obj                                      0       46        0      
       CURSOR_R.obj                                         0       46        0      
       CURSOR_UP.obj                                        0       46        0      
    +--+----------------------------------------------------+-------+---------+---------+
       Total:                                               0       10778     0      
                                                                                     
    .\modules\hardware\
       hardware.obj                                         1752    68        0      
    +--+----------------------------------------------------+-------+---------+---------+
       Total:                                               1752    68        0      
                                                                                     
    .\modules\hardware\libraries\
       Crystalfontz128x128_ST7735.obj                       1664    40        52     
       HAL_MSP_EXP432P401R_Crystalfontz128x128_ST7735.obj   204     28        0      
    +--+----------------------------------------------------+-------+---------+---------+
       Total:                                               1868    68        52     
                                                                                     
    C:/Users/Filippo Castellan/Desktop/SmartAlarm/driverlib/source/ti/devices/msp432p4xx/driverlib/ccs/msp432p4xx_driverlib.lib
       adc14.o                                              1244    128       0      
       rtc_c.o                                              924     0         0      
       pcm.o                                                848     0         0      
       gpio.o                                               792     48        0      
       timer_a.o                                            592     0         0      
       cs.o                                                 356     0         0      
       spi.o                                                312     0         0      
       interrupt.o                                          272     16        0      
       flash.o                                              72      0         0      
       cpu.o                                                12      0         0      
    +--+----------------------------------------------------+-------+---------+---------+
       Total:                                               5424    192       0      
                                                                                     
    C:/Users/Filippo Castellan/Desktop/SmartAlarm/driverlib/source/ti/grlib/lib/ccs/m4f/grlib.a
       fontcm34b.obj                                        0       4103      0      
       image.obj                                            1020    0         2048   
       fontcm18b.obj                                        0       2299      0      
       fontcm16b.obj                                        0       2077      0      
       string.obj                                           1214    0         0      
       fontfixed6x8.obj                                     0       960       0      
       rectangle.obj                                        274     0         0      
       display.obj                                          246     0         0      
       context.obj                                          174     0         0      
       line.obj                                             156     0         0      
    +--+----------------------------------------------------+-------+---------+---------+
       Total:                                               3084    9439      2048   
                                                                                     
    C:\ti\ccs1220\ccs\tools\compiler\ti-cgt-arm_20.2.7.LTS\lib\rtsv7M4_T_le_v4SPD16_eabi.lib
       _printfi.c.obj                                       4851    0         0      
       fd_add_t2.asm.obj                                    438     0         0      
       fd_div_t2.asm.obj                                    310     0         0      
       s_scalbn.c.obj                                       272     0         0      
       fd_cmp_t2.asm.obj                                    268     0         0      
       ctype.c.obj                                          0       257       0      
       fd_mul_t2.asm.obj                                    252     0         0      
       memcpy_t2.asm.obj                                    156     0         0      
       ull_div_t2.asm.obj                                   150     0         0      
       memset_t2.asm.obj                                    122     0         0      
       copy_decompress_lzss.c.obj                           104     0         0      
       s_frexp.c.obj                                        100     0         0      
       sprintf.c.obj                                        98      0         0      
       _ltoa.c.obj                                          84      0         0      
       atoi.c.obj                                           76      0         0      
       fd_toi_t2.asm.obj                                    72      0         0      
       autoinit.c.obj                                       68      0         0      
       boot_cortex_m.c.obj                                  52      0         0      
       i_tofd_t2.asm.obj                                    46      0         0      
       memccpy.c.obj                                        28      0         0      
       s_copysign.c.obj                                     26      0         0      
       strchr.c.obj                                         22      0         0      
       strcpy.c.obj                                         20      0         0      
       strlen.c.obj                                         20      0         0      
       wcslen.c.obj                                         18      0         0      
       errno.c.obj                                          8       0         8      
       copy_decompress_none.c.obj                           14      0         0      
       copy_zero_init.c.obj                                 12      0         0      
       exit.c.obj                                           4       0         0      
       pre_init.c.obj                                       4       0         0      
       div0.asm.obj                                         2       0         0      
    +--+----------------------------------------------------+-------+---------+---------+
       Total:                                               7697    257       8      
                                                                                     
       Stack:                                               0       0         1024   
       Linker Generated:                                    0       60        0      
    +--+----------------------------------------------------+-------+---------+---------+
       Grand Total:                                         25159   21156     3332   


LINKER GENERATED COPY TABLES

__TI_cinit_table @ 0000b508 records: 2, size/record: 8, table size: 16
	.data: load addr=0000b4d8, load size=00000018 bytes, run addr=20000468, run size=0000001c bytes, compression=lzss
	.bss: load addr=0000b500, load size=00000008 bytes, run addr=20000000, run size=00000466 bytes, compression=zero_init


LINKER GENERATED HANDLER TABLE

__TI_handler_table @ 0000b4f0 records: 3, size/record: 4, table size: 12
	index: 0, handler: __TI_decompress_lzss
	index: 1, handler: __TI_decompress_none
	index: 2, handler: __TI_zero_init


GLOBAL SYMBOLS: SORTED ALPHABETICALLY BY Name 

address   name                                       
-------   ----                                       
000022b9  ADC14_IRQHandler                           
000022b9  ADC14_IRQHandler                           
00005dd1  ADC14_clearInterruptFlag                   
000048a5  ADC14_configureConversionMemory            
00004959  ADC14_configureMultiSequenceMode           
000062a1  ADC14_disableConversion                    
00005f3d  ADC14_enableConversion                     
00005e01  ADC14_enableInterrupt                      
0000630d  ADC14_enableModule                         
00005d35  ADC14_enableSampleTimer                    
00005cc5  ADC14_getEnabledInterruptStatus            
00005e61  ADC14_getInterruptStatus                   
00005f65  ADC14_getResult                            
00005805  ADC14_initModule                           
00006079  ADC14_setResolution                        
00005e8d  ADC14_toggleConversionTrigger              
0000630b  AES256_IRQHandler                          
0000b3e8  ALARM_OFF8BPP_UNCOMP                       
0000b3f8  ALARM_ON8BPP_UNCOMP                        
0000630b  BusFault_Handler                           
00006349  C$$EXIT                                    
0000b408  CLOCK_18BPP_UNCOMP                         
0000b418  CLOCK_28BPP_UNCOMP                         
0000b428  CLOCK_38BPP_UNCOMP                         
0000b438  CLOCK_48BPP_UNCOMP                         
0000630b  COMP_E0_IRQHandler                         
0000630b  COMP_E1_IRQHandler                         
00006319  CPU_cpsie                                  
0000630b  CS_IRQHandler                              
0000415d  CS_initClockSignal                         
00005d69  CS_setDCOCenteredFrequency                 
0000b448  CURSOR_DOWN1BPP_UNCOMP                     
0000b458  CURSOR_R1BPP_UNCOMP                        
0000b468  CURSOR_UP1BPP_UNCOMP                       
0000232d  Crystalfontz128x128_Init                   
00002441  Crystalfontz128x128_SetDrawFrame           
0000256f  Crystalfontz128x128_SetOrientation         
0000630b  DMA_ERR_IRQHandler                         
0000630b  DMA_INT0_IRQHandler                        
0000630b  DMA_INT1_IRQHandler                        
0000630b  DMA_INT2_IRQHandler                        
0000630b  DMA_INT3_IRQHandler                        
0000630b  DebugMon_Handler                           
0000630b  Default_Handler                            
0000630b  EUSCIA0_IRQHandler                         
0000630b  EUSCIA1_IRQHandler                         
0000630b  EUSCIA2_IRQHandler                         
0000630b  EUSCIA3_IRQHandler                         
0000630b  EUSCIB0_IRQHandler                         
0000630b  EUSCIB1_IRQHandler                         
0000630b  EUSCIB2_IRQHandler                         
0000630b  EUSCIB3_IRQHandler                         
000061a9  EUSCI_A_SPI_enable                         
000061bf  EUSCI_B_SPI_enable                         
0000630b  FLCTL_IRQHandler                           
0000630b  FPU_IRQHandler                             
000059ed  FlashCtl_setWaitState                      
00005f8d  GPIO_clearInterruptFlag                    
00005fb5  GPIO_enableInterrupt                       
00005081  GPIO_getEnabledInterruptStatus             
00006055  GPIO_getInterruptStatus                    
000056fd  GPIO_setAsInputPinWithPullUpResistor       
00005b09  GPIO_setAsOutputPin                        
00004e65  GPIO_setAsPeripheralModuleFunctionInputPin 
00004eed  GPIO_setAsPeripheralModuleFunctionOutputPin
00005fdd  GPIO_setOutputHighOnPin                    
00006005  GPIO_setOutputLowOnPin                     
0000602d  GPIO_toggleOutputOnPin                     
0000627d  Graphics_clearDisplay                      
00006129  Graphics_clearDisplayOnDisplay             
00005cfd  Graphics_drawHorizontalLineOnDisplay       
00002e2b  Graphics_drawImage                         
00004b6f  Graphics_drawLineH                         
00005a7d  Graphics_drawMultiplePixelsOnDisplay       
00005eb9  Graphics_drawPixelOnDisplay                
000029ad  Graphics_drawString                        
000043b1  Graphics_fillRectangle                     
00006099  Graphics_fillRectangleOnDisplay            
000058ad  Graphics_initContext                       
00006143  Graphics_setBackgroundColor                
0000615d  Graphics_setFont                           
000061d5  Graphics_setForegroundColor                
000061eb  Graphics_translateColorOnDisplay           
000047d9  HAL_LCD_PortInit                           
00004809  HAL_LCD_SpiInit                            
0000483f  HAL_LCD_writeCommand                       
0000486f  HAL_LCD_writeData                          
0000630b  HardFault_Handler                          
00000dbd  IRQdrawClock                               
00005105  Interrupt_disableInterrupt                 
00005185  Interrupt_enableInterrupt                  
000062c1  Interrupt_enableMaster                     
2000044c  JoyValues                                  
2000045b  Lcd_FlagRead                               
20000462  Lcd_FontSolid                              
20000463  Lcd_Orientation                            
20000464  Lcd_PenSolid                               
2000045c  Lcd_ScreenHeigth                           
2000045e  Lcd_ScreenWidth                            
20000460  Lcd_TouchTrim                              
0000630b  MemManage_Handler                          
0000630b  NMI_Handler                                
0000630b  PCM_IRQHandler                             
000055e5  PCM_getCoreVoltageLevel                    
000056a1  PCM_getPowerMode                           
0000622d  PCM_getPowerState                          
000062d1  PCM_setCoreVoltageLevel                    
000062e1  PCM_setPowerMode                           
0000630b  PORT1_IRQHandler                           
0000630b  PORT2_IRQHandler                           
00002237  PORT3_IRQHandler                           
00002237  PORT3_IRQHandler                           
00002257  PORT4_IRQHandler                           
00002257  PORT4_IRQHandler                           
00002277  PORT5_IRQHandler                           
00002277  PORT5_IRQHandler                           
0000630b  PORT6_IRQHandler                           
0000630b  PSS_IRQHandler                             
0000630b  PendSV_Handler                             
0000111d  RTC_C_IRQHandler                           
0000111d  RTC_C_IRQHandler                           
00005755  RTC_C_clearInterruptFlag                   
000060b9  RTC_C_convertBCDToBinary                   
000060d5  RTC_C_convertBinaryToBCD                   
0000551d  RTC_C_enableInterrupt                      
00005205  RTC_C_getCalendarTime                      
00004d3d  RTC_C_getEnabledInterruptStatus            
00005645  RTC_C_getInterruptStatus                   
00004dd1  RTC_C_initCalendar                         
00005b89  RTC_C_setCalendarAlarm                     
00005c89  RTC_C_setCalendarEvent                     
00005ee5  RTC_C_startClock                           
000062ff  Reset_Handler                              
000060f1  SPI_enableModule                           
00004abf  SPI_initMaster                             
0000630b  SVC_Handler                                
0000630b  SysTick_Handler                            
20000480  SystemCoreClock                            
000031bd  SystemCoreClockUpdate                      
00003435  SystemInit                                 
0000630b  T32_INT1_IRQHandler                        
0000630b  T32_INT2_IRQHandler                        
0000630b  T32_INTC_IRQHandler                        
0000630b  TA0_0_IRQHandler                           
0000630b  TA0_N_IRQHandler                           
00002169  TA1_0_IRQHandler                           
00002169  TA1_0_IRQHandler                           
0000630b  TA1_N_IRQHandler                           
000021a9  TA2_0_IRQHandler                           
000021a9  TA2_0_IRQHandler                           
0000630b  TA2_N_IRQHandler                           
000021e1  TA3_0_IRQHandler                           
000021e1  TA3_0_IRQHandler                           
0000630b  TA3_N_IRQHandler                           
00005f11  Timer_A_clearCaptureCompareInterrupt       
0000544d  Timer_A_configureUpMode                    
00005951  Timer_A_initCompare                        
00006201  Timer_A_startCounter                       
00006241  Timer_A_stopTimer                          
0000630b  UsageFault_Handler                         
4000480c  WDTCTL_SYM                                 
0000630b  WDT_A_IRQHandler                           
20010000  __STACK_END                                
00000200  __STACK_SIZE                               
0000b508  __TI_CINIT_Base                            
0000b518  __TI_CINIT_Limit                           
0000b4f0  __TI_Handler_Table_Base                    
0000b4fc  __TI_Handler_Table_Limit                   
00005ac5  __TI_auto_init_nobinit_nopinit             
000054b5  __TI_decompress_lzss                       
000062f1  __TI_decompress_none                       
00005859  __TI_ltoa                                  
ffffffff  __TI_pprof_out_hndl                        
00001205  __TI_printfi                               
ffffffff  __TI_prof_data_size                        
ffffffff  __TI_prof_data_start                       
00000000  __TI_static_base__                         
00006325  __TI_zero_init                             
00004f75  __aeabi_cdcmpeq                            
00004f75  __aeabi_cdcmple                            
00004ffb  __aeabi_cdrcmple                           
00005a35  __aeabi_d2iz                               
0000393b  __aeabi_dadd                               
00004025  __aeabi_ddiv                               
000046dd  __aeabi_dmul                               
00003931  __aeabi_dsub                               
0000633d  __aeabi_errno_addr                         
00005e31  __aeabi_i2d                                
00001c53  __aeabi_idiv0                              
00001c53  __aeabi_ldiv0                              
00005281  __aeabi_memclr                             
00005281  __aeabi_memclr4                            
00005281  __aeabi_memclr8                            
00004c0b  __aeabi_memcpy                             
00004c0b  __aeabi_memcpy4                            
00004c0b  __aeabi_memcpy8                            
00005283  __aeabi_memset                             
00005283  __aeabi_memset4                            
00005283  __aeabi_memset8                            
00004ca7  __aeabi_uldivmod                           
ffffffff  __binit__                                  
ffffffff  __c_args__                                 
UNDEFED   __mpu_init                                 
2000fe00  __stack                                    
20000000  __start___llvm_prf_cnts                    
20000000  __stop___llvm_prf_cnts                     
00005d9d  _c_int00_noargs                            
0000ae3c  _ctypes_                                   
UNDEFED   _system_post_cinit                         
00006345  _system_pre_init                           
00006349  abort                                      
00000117  alarmSettView                              
000059a1  atoi                                       
ffffffff  binit                                      
20000458  buttonsPressed                             
00000cd9  clockView                                  
00006177  copysign                                   
00006177  copysignl                                  
0000b34c  currentTime                                
00002111  disable_timer                              
000020f5  disable_tone                               
00000d93  drawAlarm                                  
00000317  drawAlarmMenu                              
00000ddb  drawClock                                  
00000a55  drawCursor                                 
00000f55  drawDate                                   
00000c75  drawMenu                                   
0000110d  drawSeconds                                
00000ead  drawTime                                   
00000803  drawTimeMenu                               
00000c39  drawTitle                                  
2000047c  errno                                      
00005581  frexp                                      
00005581  frexpl                                     
2000041c  g_sContext                                 
20000468  g_sCrystalfontz128x128                     
0000b310  g_sCrystalfontz128x128_funcs               
0000af40  g_sFontCm16b                               
0000b008  g_sFontCm18b                               
0000b0d0  g_sFontCm34b                               
0000b198  g_sFontFixed6x8                            
20000478  gc                                         
00001e37  generate_delay                             
00001f29  generate_rate                              
00002041  generate_tone                              
00000979  getCursorPosition                          
000022ab  getJoyValue                                
00001d97  initAdcSystem                              
000002d3  initAlarmSettView                          
00001cef  initButtonSystem                           
00001cb5  initClockSystem                            
00000e3d  initClockView                              
00001c55  initHardware                               
00001d47  initLedSystem                              
00001c81  initPCM                                    
00001e0b  initRTCSystem                              
00000bf5  initSettingsView                           
0000085b  initTimeSettView                           
00001c9b  initTimerSystem                            
00000000  interruptVectors                           
00001d5b  intiDisplaySystem                          
000044c5  ldexp                                      
000044c5  ldexpl                                     
000052fd  main                                       
0000610d  memccpy                                    
00004c0b  memcpy                                     
00005289  memset                                     
20000465  onesTimer                                  
00002223  resetButtonsState                          
000044c5  scalbn                                     
000044c5  scalbnl                                    
000008a5  settingsView                               
00005c09  sprintf                                    
00002297  startADCconversions                        
000022a3  stopADCconversions                         
00006217  strchr                                     
00006255  strcpy                                     
00006269  strlen                                     
000000e5  testJoy                                    
00000399  timeSettView                               
20000438  timerlist                                  
0000628f  wcslen                                     


GLOBAL SYMBOLS: SORTED BY Symbol Address 

address   name                                       
-------   ----                                       
00000000  __TI_static_base__                         
00000000  interruptVectors                           
000000e5  testJoy                                    
00000117  alarmSettView                              
00000200  __STACK_SIZE                               
000002d3  initAlarmSettView                          
00000317  drawAlarmMenu                              
00000399  timeSettView                               
00000803  drawTimeMenu                               
0000085b  initTimeSettView                           
000008a5  settingsView                               
00000979  getCursorPosition                          
00000a55  drawCursor                                 
00000bf5  initSettingsView                           
00000c39  drawTitle                                  
00000c75  drawMenu                                   
00000cd9  clockView                                  
00000d93  drawAlarm                                  
00000dbd  IRQdrawClock                               
00000ddb  drawClock                                  
00000e3d  initClockView                              
00000ead  drawTime                                   
00000f55  drawDate                                   
0000110d  drawSeconds                                
0000111d  RTC_C_IRQHandler                           
0000111d  RTC_C_IRQHandler                           
00001205  __TI_printfi                               
00001c53  __aeabi_idiv0                              
00001c53  __aeabi_ldiv0                              
00001c55  initHardware                               
00001c81  initPCM                                    
00001c9b  initTimerSystem                            
00001cb5  initClockSystem                            
00001cef  initButtonSystem                           
00001d47  initLedSystem                              
00001d5b  intiDisplaySystem                          
00001d97  initAdcSystem                              
00001e0b  initRTCSystem                              
00001e37  generate_delay                             
00001f29  generate_rate                              
00002041  generate_tone                              
000020f5  disable_tone                               
00002111  disable_timer                              
00002169  TA1_0_IRQHandler                           
00002169  TA1_0_IRQHandler                           
000021a9  TA2_0_IRQHandler                           
000021a9  TA2_0_IRQHandler                           
000021e1  TA3_0_IRQHandler                           
000021e1  TA3_0_IRQHandler                           
00002223  resetButtonsState                          
00002237  PORT3_IRQHandler                           
00002237  PORT3_IRQHandler                           
00002257  PORT4_IRQHandler                           
00002257  PORT4_IRQHandler                           
00002277  PORT5_IRQHandler                           
00002277  PORT5_IRQHandler                           
00002297  startADCconversions                        
000022a3  stopADCconversions                         
000022ab  getJoyValue                                
000022b9  ADC14_IRQHandler                           
000022b9  ADC14_IRQHandler                           
0000232d  Crystalfontz128x128_Init                   
00002441  Crystalfontz128x128_SetDrawFrame           
0000256f  Crystalfontz128x128_SetOrientation         
000029ad  Graphics_drawString                        
00002e2b  Graphics_drawImage                         
000031bd  SystemCoreClockUpdate                      
00003435  SystemInit                                 
00003931  __aeabi_dsub                               
0000393b  __aeabi_dadd                               
00004025  __aeabi_ddiv                               
0000415d  CS_initClockSignal                         
000043b1  Graphics_fillRectangle                     
000044c5  ldexp                                      
000044c5  ldexpl                                     
000044c5  scalbn                                     
000044c5  scalbnl                                    
000046dd  __aeabi_dmul                               
000047d9  HAL_LCD_PortInit                           
00004809  HAL_LCD_SpiInit                            
0000483f  HAL_LCD_writeCommand                       
0000486f  HAL_LCD_writeData                          
000048a5  ADC14_configureConversionMemory            
00004959  ADC14_configureMultiSequenceMode           
00004abf  SPI_initMaster                             
00004b6f  Graphics_drawLineH                         
00004c0b  __aeabi_memcpy                             
00004c0b  __aeabi_memcpy4                            
00004c0b  __aeabi_memcpy8                            
00004c0b  memcpy                                     
00004ca7  __aeabi_uldivmod                           
00004d3d  RTC_C_getEnabledInterruptStatus            
00004dd1  RTC_C_initCalendar                         
00004e65  GPIO_setAsPeripheralModuleFunctionInputPin 
00004eed  GPIO_setAsPeripheralModuleFunctionOutputPin
00004f75  __aeabi_cdcmpeq                            
00004f75  __aeabi_cdcmple                            
00004ffb  __aeabi_cdrcmple                           
00005081  GPIO_getEnabledInterruptStatus             
00005105  Interrupt_disableInterrupt                 
00005185  Interrupt_enableInterrupt                  
00005205  RTC_C_getCalendarTime                      
00005281  __aeabi_memclr                             
00005281  __aeabi_memclr4                            
00005281  __aeabi_memclr8                            
00005283  __aeabi_memset                             
00005283  __aeabi_memset4                            
00005283  __aeabi_memset8                            
00005289  memset                                     
000052fd  main                                       
0000544d  Timer_A_configureUpMode                    
000054b5  __TI_decompress_lzss                       
0000551d  RTC_C_enableInterrupt                      
00005581  frexp                                      
00005581  frexpl                                     
000055e5  PCM_getCoreVoltageLevel                    
00005645  RTC_C_getInterruptStatus                   
000056a1  PCM_getPowerMode                           
000056fd  GPIO_setAsInputPinWithPullUpResistor       
00005755  RTC_C_clearInterruptFlag                   
00005805  ADC14_initModule                           
00005859  __TI_ltoa                                  
000058ad  Graphics_initContext                       
00005951  Timer_A_initCompare                        
000059a1  atoi                                       
000059ed  FlashCtl_setWaitState                      
00005a35  __aeabi_d2iz                               
00005a7d  Graphics_drawMultiplePixelsOnDisplay       
00005ac5  __TI_auto_init_nobinit_nopinit             
00005b09  GPIO_setAsOutputPin                        
00005b89  RTC_C_setCalendarAlarm                     
00005c09  sprintf                                    
00005c89  RTC_C_setCalendarEvent                     
00005cc5  ADC14_getEnabledInterruptStatus            
00005cfd  Graphics_drawHorizontalLineOnDisplay       
00005d35  ADC14_enableSampleTimer                    
00005d69  CS_setDCOCenteredFrequency                 
00005d9d  _c_int00_noargs                            
00005dd1  ADC14_clearInterruptFlag                   
00005e01  ADC14_enableInterrupt                      
00005e31  __aeabi_i2d                                
00005e61  ADC14_getInterruptStatus                   
00005e8d  ADC14_toggleConversionTrigger              
00005eb9  Graphics_drawPixelOnDisplay                
00005ee5  RTC_C_startClock                           
00005f11  Timer_A_clearCaptureCompareInterrupt       
00005f3d  ADC14_enableConversion                     
00005f65  ADC14_getResult                            
00005f8d  GPIO_clearInterruptFlag                    
00005fb5  GPIO_enableInterrupt                       
00005fdd  GPIO_setOutputHighOnPin                    
00006005  GPIO_setOutputLowOnPin                     
0000602d  GPIO_toggleOutputOnPin                     
00006055  GPIO_getInterruptStatus                    
00006079  ADC14_setResolution                        
00006099  Graphics_fillRectangleOnDisplay            
000060b9  RTC_C_convertBCDToBinary                   
000060d5  RTC_C_convertBinaryToBCD                   
000060f1  SPI_enableModule                           
0000610d  memccpy                                    
00006129  Graphics_clearDisplayOnDisplay             
00006143  Graphics_setBackgroundColor                
0000615d  Graphics_setFont                           
00006177  copysign                                   
00006177  copysignl                                  
000061a9  EUSCI_A_SPI_enable                         
000061bf  EUSCI_B_SPI_enable                         
000061d5  Graphics_setForegroundColor                
000061eb  Graphics_translateColorOnDisplay           
00006201  Timer_A_startCounter                       
00006217  strchr                                     
0000622d  PCM_getPowerState                          
00006241  Timer_A_stopTimer                          
00006255  strcpy                                     
00006269  strlen                                     
0000627d  Graphics_clearDisplay                      
0000628f  wcslen                                     
000062a1  ADC14_disableConversion                    
000062c1  Interrupt_enableMaster                     
000062d1  PCM_setCoreVoltageLevel                    
000062e1  PCM_setPowerMode                           
000062f1  __TI_decompress_none                       
000062ff  Reset_Handler                              
0000630b  AES256_IRQHandler                          
0000630b  BusFault_Handler                           
0000630b  COMP_E0_IRQHandler                         
0000630b  COMP_E1_IRQHandler                         
0000630b  CS_IRQHandler                              
0000630b  DMA_ERR_IRQHandler                         
0000630b  DMA_INT0_IRQHandler                        
0000630b  DMA_INT1_IRQHandler                        
0000630b  DMA_INT2_IRQHandler                        
0000630b  DMA_INT3_IRQHandler                        
0000630b  DebugMon_Handler                           
0000630b  Default_Handler                            
0000630b  EUSCIA0_IRQHandler                         
0000630b  EUSCIA1_IRQHandler                         
0000630b  EUSCIA2_IRQHandler                         
0000630b  EUSCIA3_IRQHandler                         
0000630b  EUSCIB0_IRQHandler                         
0000630b  EUSCIB1_IRQHandler                         
0000630b  EUSCIB2_IRQHandler                         
0000630b  EUSCIB3_IRQHandler                         
0000630b  FLCTL_IRQHandler                           
0000630b  FPU_IRQHandler                             
0000630b  HardFault_Handler                          
0000630b  MemManage_Handler                          
0000630b  NMI_Handler                                
0000630b  PCM_IRQHandler                             
0000630b  PORT1_IRQHandler                           
0000630b  PORT2_IRQHandler                           
0000630b  PORT6_IRQHandler                           
0000630b  PSS_IRQHandler                             
0000630b  PendSV_Handler                             
0000630b  SVC_Handler                                
0000630b  SysTick_Handler                            
0000630b  T32_INT1_IRQHandler                        
0000630b  T32_INT2_IRQHandler                        
0000630b  T32_INTC_IRQHandler                        
0000630b  TA0_0_IRQHandler                           
0000630b  TA0_N_IRQHandler                           
0000630b  TA1_N_IRQHandler                           
0000630b  TA2_N_IRQHandler                           
0000630b  TA3_N_IRQHandler                           
0000630b  UsageFault_Handler                         
0000630b  WDT_A_IRQHandler                           
0000630d  ADC14_enableModule                         
00006319  CPU_cpsie                                  
00006325  __TI_zero_init                             
0000633d  __aeabi_errno_addr                         
00006345  _system_pre_init                           
00006349  C$$EXIT                                    
00006349  abort                                      
0000ae3c  _ctypes_                                   
0000af40  g_sFontCm16b                               
0000b008  g_sFontCm18b                               
0000b0d0  g_sFontCm34b                               
0000b198  g_sFontFixed6x8                            
0000b310  g_sCrystalfontz128x128_funcs               
0000b34c  currentTime                                
0000b3e8  ALARM_OFF8BPP_UNCOMP                       
0000b3f8  ALARM_ON8BPP_UNCOMP                        
0000b408  CLOCK_18BPP_UNCOMP                         
0000b418  CLOCK_28BPP_UNCOMP                         
0000b428  CLOCK_38BPP_UNCOMP                         
0000b438  CLOCK_48BPP_UNCOMP                         
0000b448  CURSOR_DOWN1BPP_UNCOMP                     
0000b458  CURSOR_R1BPP_UNCOMP                        
0000b468  CURSOR_UP1BPP_UNCOMP                       
0000b4f0  __TI_Handler_Table_Base                    
0000b4fc  __TI_Handler_Table_Limit                   
0000b508  __TI_CINIT_Base                            
0000b518  __TI_CINIT_Limit                           
20000000  __start___llvm_prf_cnts                    
20000000  __stop___llvm_prf_cnts                     
2000041c  g_sContext                                 
20000438  timerlist                                  
2000044c  JoyValues                                  
20000458  buttonsPressed                             
2000045b  Lcd_FlagRead                               
2000045c  Lcd_ScreenHeigth                           
2000045e  Lcd_ScreenWidth                            
20000460  Lcd_TouchTrim                              
20000462  Lcd_FontSolid                              
20000463  Lcd_Orientation                            
20000464  Lcd_PenSolid                               
20000465  onesTimer                                  
20000468  g_sCrystalfontz128x128                     
20000478  gc                                         
2000047c  errno                                      
20000480  SystemCoreClock                            
2000fe00  __stack                                    
20010000  __STACK_END                                
4000480c  WDTCTL_SYM                                 
ffffffff  __TI_pprof_out_hndl                        
ffffffff  __TI_prof_data_size                        
ffffffff  __TI_prof_data_start                       
ffffffff  __binit__                                  
ffffffff  __c_args__                                 
ffffffff  binit                                      
UNDEFED   __mpu_init                                 
UNDEFED   _system_post_cinit                         

[282 symbols]
