******************************************************************************
                  TI ARM Linker Unix v20.2.7                   
******************************************************************************
>> Linked Fri Mar  3 19:02:27 2023

OUTPUT FILE NAME:   <SmartAlarm.out>
ENTRY POINT SYMBOL: "_c_int00_noargs"  address: 00004865


MEMORY CONFIGURATION

         name            origin    length      used     unused   attr    fill
----------------------  --------  ---------  --------  --------  ----  --------
  MAIN                  00000000   00040000  0000535c  0003aca4  R  X
  INFO                  00200000   00004000  00000000  00004000  R  X
  SRAM_CODE             01000000   00010000  0000027a  0000fd86  RW X
  SRAM_DATA             20000000   00010000  0000027a  0000fd86  RW  


SEGMENT ALLOCATION MAP

run origin  load origin   length   init length attrs members
----------  ----------- ---------- ----------- ----- -------
00000000    00000000    00005360   00005360    r-x
  00000000    00000000    000000e4   000000e4    r-- .intvecs
  000000e4    000000e4    00004c2c   00004c2c    r-x .text
  00004d10    00004d10    0000060c   0000060c    r-- .const
  00005320    00005320    00000040   00000040    r-- .cinit
20000000    20000000    0000007c   00000000    rw-
  20000000    20000000    0000005a   00000000    rw- .bss
  2000005c    2000005c    00000020   00000000    rw- .data
2000fe00    2000fe00    00000200   00000000    rw-
  2000fe00    2000fe00    00000200   00000000    rw- .stack


SECTION ALLOCATION MAP

 output                                  attributes/
section   page    origin      length       input sections
--------  ----  ----------  ----------   ----------------
.intvecs   0    00000000    000000e4     
                  00000000    000000e4     startup_msp432p401r_ccs.obj (.intvecs:retain)

.text      0    000000e4    00004c2c     
                  000000e4    00000a4e     rtsv7M4_T_le_v4SPD16_eabi.lib : _printfi.c.obj (.text:__TI_printfi)
                  00000b32    00000002                                   : div0.asm.obj (.text)
                  00000b34    00000680     Crystalfontz128x128_ST7735.obj (.text)
                  000011b4    000005f8     hardware.obj (.text)
                  000017ac    0000047e     grlib.a : string.obj (.text:Graphics_drawString)
                  00001c2a    00000002     --HOLE-- [fill = 0]
                  00001c2c    00000334     system_msp432p401r.obj (.text)
                  00001f60    00000318     clock.obj (.text)
                  00002278    00000270     rtsv7M4_T_le_v4SPD16_eabi.lib : _printfi.c.obj (.text:_pconv_a)
                  000024e8    000001d0                                   : _printfi.c.obj (.text:_pconv_g)
                  000026b8    000001b6                                   : fd_add_t2.asm.obj (.text)
                  0000286e    00000002     --HOLE-- [fill = 0]
                  00002870    00000160     msp432p4xx_driverlib.lib : adc14.o (.text:_getIndexForMemRegister)
                  000029d0    0000015c                              : pcm.o (.text:__PCM_setPowerModeAdvanced)
                  00002b2c    00000144                              : timer_a.o (.text:privateTimer_AProcessClockSourceDivider)
                  00002c70    0000013c     rtsv7M4_T_le_v4SPD16_eabi.lib : _printfi.c.obj (.text:_pconv_e)
                  00002dac    00000136                                   : fd_div_t2.asm.obj (.text)
                  00002ee2    00000002     --HOLE-- [fill = 0]
                  00002ee4    00000130     msp432p4xx_driverlib.lib : cs.o (.text:CS_initClockSignal)
                  00003014    00000124     rtsv7M4_T_le_v4SPD16_eabi.lib : _printfi.c.obj (.text:fcvt)
                  00003138    00000112     grlib.a : rectangle.obj (.text:Graphics_fillRectangle)
                  0000324a    00000002     --HOLE-- [fill = 0]
                  0000324c    00000110     rtsv7M4_T_le_v4SPD16_eabi.lib : s_scalbn.c.obj (.text:scalbn)
                  0000335c    00000108     msp432p4xx_driverlib.lib : pcm.o (.text:__PCM_setCoreVoltageLevelAdvanced)
                  00003464    000000fc     rtsv7M4_T_le_v4SPD16_eabi.lib : fd_mul_t2.asm.obj (.text)
                  00003560    000000cc     HAL_MSP_EXP432P401R_Crystalfontz128x128_ST7735.obj (.text)
                  0000362c    000000b4     msp432p4xx_driverlib.lib : adc14.o (.text:ADC14_configureConversionMemory)
                  000036e0    000000b4                              : adc14.o (.text:ADC14_configureMultiSequenceMode)
                  00003794    000000b1     rtsv7M4_T_le_v4SPD16_eabi.lib : _printfi.c.obj (.text:_ltostr)
                  00003845    00000001     --HOLE-- [fill = 0]
                  00003846    000000b0     msp432p4xx_driverlib.lib : spi.o (.text:SPI_initMaster)
                  000038f6    0000009c     grlib.a : line.obj (.text:Graphics_drawLineH)
                  00003992    0000009c     rtsv7M4_T_le_v4SPD16_eabi.lib : memcpy_t2.asm.obj (.text)
                  00003a2e    00000096                                   : ull_div_t2.asm.obj (.text)
                  00003ac4    00000094     msp432p4xx_driverlib.lib : rtc_c.o (.text:RTC_C_getEnabledInterruptStatus)
                  00003b58    00000088                              : gpio.o (.text:GPIO_setAsPeripheralModuleFunctionInputPin)
                  00003be0    00000088                              : gpio.o (.text:GPIO_setAsPeripheralModuleFunctionOutputPin)
                  00003c68    00000086     rtsv7M4_T_le_v4SPD16_eabi.lib : fd_cmp_t2.asm.obj (.text:__aeabi_cdcmple)
                  00003cee    00000086                                   : fd_cmp_t2.asm.obj (.text:__aeabi_cdrcmple)
                  00003d74    00000084     msp432p4xx_driverlib.lib : gpio.o (.text:GPIO_getEnabledInterruptStatus)
                  00003df8    00000080                              : interrupt.o (.text:Interrupt_disableInterrupt)
                  00003e78    00000080                              : interrupt.o (.text:Interrupt_enableInterrupt)
                  00003ef8    0000007c                              : rtc_c.o (.text:RTC_C_getCalendarTime)
                  00003f74    0000007a     rtsv7M4_T_le_v4SPD16_eabi.lib : memset_t2.asm.obj (.text)
                  00003fee    0000006e                                   : _printfi.c.obj (.text:_mcpy)
                  0000405c    00000068     msp432p4xx_driverlib.lib : timer_a.o (.text:Timer_A_configureUpMode)
                  000040c4    00000068     rtsv7M4_T_le_v4SPD16_eabi.lib : copy_decompress_lzss.c.obj (.text:decompress:lzss:__TI_decompress_lzss)
                  0000412c    00000064     msp432p4xx_driverlib.lib : rtc_c.o (.text:RTC_C_enableInterrupt)
                  00004190    00000064     rtsv7M4_T_le_v4SPD16_eabi.lib : s_frexp.c.obj (.text:frexp)
                  000041f4    0000005e     msp432p4xx_driverlib.lib : pcm.o (.text:PCM_getCoreVoltageLevel)
                  00004252    00000002     --HOLE-- [fill = 0]
                  00004254    0000005c                              : rtc_c.o (.text:RTC_C_getInterruptStatus)
                  000042b0    0000005a                              : pcm.o (.text:PCM_getPowerMode)
                  0000430a    00000002     --HOLE-- [fill = 0]
                  0000430c    00000058                              : gpio.o (.text:GPIO_setAsInputPinWithPullUpResistor)
                  00004364    00000056     rtsv7M4_T_le_v4SPD16_eabi.lib : _printfi.c.obj (.text:_pconv_f)
                  000043ba    00000002     --HOLE-- [fill = 0]
                  000043bc    00000054     msp432p4xx_driverlib.lib : adc14.o (.text:ADC14_initModule)
                  00004410    00000054     rtsv7M4_T_le_v4SPD16_eabi.lib : _ltoa.c.obj (.text:__TI_ltoa)
                  00004464    00000052     grlib.a : context.obj (.text:Graphics_initContext)
                  000044b6    00000052     rtsv7M4_T_le_v4SPD16_eabi.lib : _printfi.c.obj (.text:_ecpy)
                  00004508    0000004e     msp432p4xx_driverlib.lib : timer_a.o (.text:Timer_A_initCompare)
                  00004556    00000002     --HOLE-- [fill = 0]
                  00004558    0000004c     rtsv7M4_T_le_v4SPD16_eabi.lib : atoi.c.obj (.text:atoi)
                  000045a4    00000048     msp432p4xx_driverlib.lib : flash.o (.text:FlashCtl_setWaitState)
                  000045ec    00000048     rtsv7M4_T_le_v4SPD16_eabi.lib : fd_toi_t2.asm.obj (.text)
                  00004634    00000044                                   : autoinit.c.obj (.text:__TI_auto_init_nobinit_nopinit:__TI_auto_init_nobinit_nopinit)
                  00004678    00000044     main.obj (.text)
                  000046bc    00000040     msp432p4xx_driverlib.lib : gpio.o (.text:GPIO_setAsOutputPin)
                  000046fc    00000040     grlib.a : string.obj (.text:Graphics_getNumberOfLeadingZeros)
                  0000473c    00000040     msp432p4xx_driverlib.lib : spi.o (.text:is_A_Module)
                  0000477c    00000040     rtsv7M4_T_le_v4SPD16_eabi.lib : sprintf.c.obj (.text:sprintf)
                  000047bc    0000003e                                   : _printfi.c.obj (.text:_fcpy)
                  000047fa    00000036     grlib.a : display.obj (.text:Graphics_drawHorizontalLineOnDisplay)
                  00004830    00000034     msp432p4xx_driverlib.lib : adc14.o (.text:ADC14_enableSampleTimer)
                  00004864    00000034     rtsv7M4_T_le_v4SPD16_eabi.lib : boot_cortex_m.c.obj (.text:_c_int00_noargs:_c_int00_noargs)
                  00004898    00000030     msp432p4xx_driverlib.lib : cs.o (.text:CS_setReferenceOscillatorFrequency)
                  000048c8    0000002e     rtsv7M4_T_le_v4SPD16_eabi.lib : i_tofd_t2.asm.obj (.text)
                  000048f6    00000002     --HOLE-- [fill = 0]
                  000048f8    0000002c     msp432p4xx_driverlib.lib : adc14.o (.text:ADC14_toggleConversionTrigger)
                  00004924    0000002c     grlib.a : display.obj (.text:Graphics_drawPixelOnDisplay)
                  00004950    0000002c     msp432p4xx_driverlib.lib : timer_a.o (.text:Timer_A_clearCaptureCompareInterrupt)
                  0000497c    00000028                              : adc14.o (.text:ADC14_enableConversion)
                  000049a4    00000028                              : adc14.o (.text:ADC14_getResult)
                  000049cc    00000028                              : gpio.o (.text:GPIO_clearInterruptFlag)
                  000049f4    00000028                              : gpio.o (.text:GPIO_enableInterrupt)
                  00004a1c    00000028                              : gpio.o (.text:GPIO_setOutputHighOnPin)
                  00004a44    00000028                              : gpio.o (.text:GPIO_setOutputLowOnPin)
                  00004a6c    00000024                              : gpio.o (.text:GPIO_getInterruptStatus)
                  00004a90    00000020                              : adc14.o (.text:ADC14_setResolution)
                  00004ab0    0000001e     grlib.a : display.obj (.text:Graphics_fillRectangleOnDisplay)
                  00004ace    0000001c     msp432p4xx_driverlib.lib : spi.o (.text:SPI_enableModule)
                  00004aea    0000001c     rtsv7M4_T_le_v4SPD16_eabi.lib : copy_zero_init.c.obj (.text:decompress:ZI:__TI_zero_init_nomemset:__TI_zero_init_nomemset)
                  00004b06    0000001c                                   : memccpy.c.obj (.text:memccpy)
                  00004b22    0000001a     grlib.a : display.obj (.text:Graphics_clearDisplayOnDisplay)
                  00004b3c    0000001a             : context.obj (.text:Graphics_setBackgroundColor)
                  00004b56    0000001a             : context.obj (.text:Graphics_setFont)
                  00004b70    0000001a     rtsv7M4_T_le_v4SPD16_eabi.lib : s_copysign.c.obj (.text:copysign)
                  00004b8a    00000018                                   : sprintf.c.obj (.text:_outs)
                  00004ba2    00000016     msp432p4xx_driverlib.lib : spi.o (.text:EUSCI_A_SPI_enable)
                  00004bb8    00000016                              : spi.o (.text:EUSCI_B_SPI_enable)
                  00004bce    00000016     grlib.a : context.obj (.text:Graphics_setForegroundColor)
                  00004be4    00000016             : display.obj (.text:Graphics_translateColorOnDisplay)
                  00004bfa    00000016     msp432p4xx_driverlib.lib : timer_a.o (.text:Timer_A_startCounter)
                  00004c10    00000016     rtsv7M4_T_le_v4SPD16_eabi.lib : strchr.c.obj (.text:strchr)
                  00004c26    00000002     --HOLE-- [fill = 0]
                  00004c28    00000014     msp432p4xx_driverlib.lib : pcm.o (.text:PCM_getPowerState)
                  00004c3c    00000014                              : timer_a.o (.text:Timer_A_stopTimer)
                  00004c50    00000014     rtsv7M4_T_le_v4SPD16_eabi.lib : strcpy.c.obj (.text:strcpy)
                  00004c64    00000014                                   : strlen.c.obj (.text:strlen)
                  00004c78    00000012     grlib.a : context.obj (.text:Graphics_clearDisplay)
                  00004c8a    00000012     rtsv7M4_T_le_v4SPD16_eabi.lib : wcslen.c.obj (.text:wcslen)
                  00004c9c    00000010     msp432p4xx_driverlib.lib : adc14.o (.text:ADCIsConversionRunning)
                  00004cac    00000010                              : pcm.o (.text:PCM_setCoreVoltageLevel)
                  00004cbc    00000010                              : pcm.o (.text:PCM_setPowerMode)
                  00004ccc    0000000e     rtsv7M4_T_le_v4SPD16_eabi.lib : copy_decompress_none.c.obj (.text:decompress:none:__TI_decompress_none)
                  00004cda    0000000e     startup_msp432p401r_ccs.obj (.text)
                  00004ce8    0000000c     msp432p4xx_driverlib.lib : adc14.o (.text:ADC14_enableModule)
                  00004cf4    0000000a     rtsv7M4_T_le_v4SPD16_eabi.lib : sprintf.c.obj (.text:_outc)
                  00004cfe    00000002     --HOLE-- [fill = 0]
                  00004d00    00000008                                   : errno.c.obj (.text:__aeabi_errno_addr)
                  00004d08    00000004                                   : pre_init.c.obj (.text:_system_pre_init)
                  00004d0c    00000004                                   : exit.c.obj (.text:abort:abort)

.const     0    00004d10    0000060c     
                  00004d10    000002f8     grlib.a : fontfixed6x8.obj (.const:.string:g_pucFontFixed6x8Data)
                  00005008    00000101     rtsv7M4_T_le_v4SPD16_eabi.lib : ctype.c.obj (.const:.string:_ctypes_)
                  00005109    00000003     --HOLE-- [fill = 0]
                  0000510c    000000c8     grlib.a : fontfixed6x8.obj (.const:g_sFontFixed6x8)
                  000051d4    00000080     msp432p4xx_driverlib.lib : adc14.o (.const:_ctlRegs)
                  00005254    00000030                              : gpio.o (.const:GPIO_PORT_TO_BASE)
                  00005284    00000020     Crystalfontz128x128_ST7735.obj (.const:g_sCrystalfontz128x128_funcs)
                  000052a4    0000001c     HAL_MSP_EXP432P401R_Crystalfontz128x128_ST7735.obj (.const:$P$T0$1)
                  000052c0    0000001c     hardware.obj (.const:currentTime)
                  000052dc    00000018     hardware.obj (.const:$P$T1$2)
                  000052f4    00000010     hardware.obj (.const:$P$T0$1)
                  00005304    00000008     Crystalfontz128x128_ST7735.obj (.const:$P$T0$1)
                  0000530c    00000008     msp432p4xx_driverlib.lib : interrupt.o (.const:g_pulDisRegs)
                  00005314    00000008                              : interrupt.o (.const:g_pulEnRegs)

.cinit     0    00005320    00000040     
                  00005320    0000001a     (.cinit..data.load) [load image, compression = lzss]
                  0000533a    00000002     --HOLE-- [fill = 0]
                  0000533c    0000000c     (__TI_handler_table)
                  00005348    00000008     (.cinit..bss.load) [load image, compression = zero_init]
                  00005350    00000010     (__TI_cinit_table)

.init_array 
*          0    00000000    00000000     UNINITIALIZED

.binit     0    00000000    00000000     

.bss       0    20000000    0000005a     UNINITIALIZED
                  20000000    0000001c     clock.obj (.bss:currentTime)
                  2000001c    0000001c     (.common:g_sContext)
                  20000038    00000014     (.common:timerlist)
                  2000004c    00000002     clock.obj (.bss)
                  2000004e    00000002     (.common:Lcd_ScreenHeigth)
                  20000050    00000002     (.common:Lcd_ScreenWidth)
                  20000052    00000002     (.common:Lcd_TouchTrim)
                  20000054    00000001     (.common:Lcd_FlagRead)
                  20000055    00000001     (.common:Lcd_FontSolid)
                  20000056    00000001     (.common:Lcd_Orientation)
                  20000057    00000001     (.common:Lcd_PenSolid)
                  20000058    00000001     (.common:button1Pressed)
                  20000059    00000001     (.common:joyButtonPressed)

.data      0    2000005c    00000020     UNINITIALIZED
                  2000005c    00000010     Crystalfontz128x128_ST7735.obj (.data:g_sCrystalfontz128x128)
                  2000006c    00000005     main.obj (.data)
                  20000071    00000003     --HOLE--
                  20000074    00000004     rtsv7M4_T_le_v4SPD16_eabi.lib : errno.c.obj (.data)
                  20000078    00000004     system_msp432p401r.obj (.data)

.stack     0    2000fe00    00000200     UNINITIALIZED
                  2000fe00    00000004     rtsv7M4_T_le_v4SPD16_eabi.lib : boot_cortex_m.c.obj (.stack)
                  2000fe04    000001fc     --HOLE--

__llvm_prf_cnts 
*          0    20000000    00000000     UNINITIALIZED

MODULE SUMMARY

       Module                                               code    ro data   rw data
       ------                                               ----    -------   -------
    ./
       system_msp432p401r.obj                               820     0         8      
       startup_msp432p401r_ccs.obj                          14      228       0      
       main.obj                                             68      0         110    
    +--+----------------------------------------------------+-------+---------+---------+
       Total:                                               902     228       118    
                                                                                     
    ./modules/clock_system/
       clock.obj                                            792     0         60     
    +--+----------------------------------------------------+-------+---------+---------+
       Total:                                               792     0         60     
                                                                                     
    ./modules/hardware/
       hardware.obj                                         1528    68        0      
    +--+----------------------------------------------------+-------+---------+---------+
       Total:                                               1528    68        0      
                                                                                     
    ./modules/hardware/libraries/
       Crystalfontz128x128_ST7735.obj                       1664    40        52     
       HAL_MSP_EXP432P401R_Crystalfontz128x128_ST7735.obj   204     28        0      
    +--+----------------------------------------------------+-------+---------+---------+
       Total:                                               1868    68        52     
                                                                                     
    /home/asus-laptop/Applications/CodeComposerStudio/ccs/tools/compiler/ti-cgt-arm_20.2.7.LTS/lib/rtsv7M4_T_le_v4SPD16_eabi.lib
       _printfi.c.obj                                       4851    0         0      
       fd_add_t2.asm.obj                                    438     0         0      
       fd_div_t2.asm.obj                                    310     0         0      
       s_scalbn.c.obj                                       272     0         0      
       fd_cmp_t2.asm.obj                                    268     0         0      
       ctype.c.obj                                          0       257       0      
       fd_mul_t2.asm.obj                                    252     0         0      
       memcpy_t2.asm.obj                                    156     0         0      
       ull_div_t2.asm.obj                                   150     0         0      
       memset_t2.asm.obj                                    122     0         0      
       copy_decompress_lzss.c.obj                           104     0         0      
       s_frexp.c.obj                                        100     0         0      
       sprintf.c.obj                                        98      0         0      
       _ltoa.c.obj                                          84      0         0      
       atoi.c.obj                                           76      0         0      
       fd_toi_t2.asm.obj                                    72      0         0      
       autoinit.c.obj                                       68      0         0      
       boot_cortex_m.c.obj                                  52      0         0      
       i_tofd_t2.asm.obj                                    46      0         0      
       copy_zero_init.c.obj                                 28      0         0      
       memccpy.c.obj                                        28      0         0      
       s_copysign.c.obj                                     26      0         0      
       strchr.c.obj                                         22      0         0      
       strcpy.c.obj                                         20      0         0      
       strlen.c.obj                                         20      0         0      
       wcslen.c.obj                                         18      0         0      
       errno.c.obj                                          8       0         8      
       copy_decompress_none.c.obj                           14      0         0      
       exit.c.obj                                           4       0         0      
       pre_init.c.obj                                       4       0         0      
       div0.asm.obj                                         2       0         0      
    +--+----------------------------------------------------+-------+---------+---------+
       Total:                                               7713    257       8      
                                                                                     
    /home/asus-laptop/github/SmartAlarm/driverlib/source/ti/devices/msp432p4xx/driverlib/ccs/msp432p4xx_driverlib.lib
       adc14.o                                              1032    128       0      
       pcm.o                                                848     0         0      
       gpio.o                                               752     48        0      
       timer_a.o                                            592     0         0      
       rtc_c.o                                              464     0         0      
       cs.o                                                 352     0         0      
       spi.o                                                312     0         0      
       interrupt.o                                          256     16        0      
       flash.o                                              72      0         0      
    +--+----------------------------------------------------+-------+---------+---------+
       Total:                                               4680    192       0      
                                                                                     
    /home/asus-laptop/github/SmartAlarm/driverlib/source/ti/grlib/lib/ccs/m4f/grlib.a
       string.obj                                           1214    0         0      
       fontfixed6x8.obj                                     0       960       0      
       rectangle.obj                                        274     0         0      
       display.obj                                          176     0         0      
       context.obj                                          174     0         0      
       line.obj                                             156     0         0      
    +--+----------------------------------------------------+-------+---------+---------+
       Total:                                               1994    960       0      
                                                                                     
       Stack:                                               0       0         1024   
       Linker Generated:                                    0       62        0      
    +--+----------------------------------------------------+-------+---------+---------+
       Grand Total:                                         19477   1835      1262   


LINKER GENERATED COPY TABLES

__TI_cinit_table @ 00005350 records: 2, size/record: 8, table size: 16
	.data: load addr=00005320, load size=0000001a bytes, run addr=2000005c, run size=00000020 bytes, compression=lzss
	.bss: load addr=00005348, load size=00000008 bytes, run addr=20000000, run size=0000005a bytes, compression=zero_init


LINKER GENERATED HANDLER TABLE

__TI_handler_table @ 0000533c records: 3, size/record: 4, table size: 12
	index: 0, handler: __TI_decompress_lzss
	index: 1, handler: __TI_decompress_none
	index: 2, handler: __TI_zero_init


GLOBAL SYMBOLS: SORTED ALPHABETICALLY BY Name 

address   name                                       
-------   ----                                       
00004ce7  ADC14_IRQHandler                           
0000362d  ADC14_configureConversionMemory            
000036e1  ADC14_configureMultiSequenceMode           
0000497d  ADC14_enableConversion                     
00004ce9  ADC14_enableModule                         
00004831  ADC14_enableSampleTimer                    
000049a5  ADC14_getResult                            
000043bd  ADC14_initModule                           
00004a91  ADC14_setResolution                        
000048f9  ADC14_toggleConversionTrigger              
00004ce7  AES256_IRQHandler                          
00004ce7  BusFault_Handler                           
0000172d  Button1Pressed                             
00004d0d  C$$EXIT                                    
00004ce7  COMP_E0_IRQHandler                         
00004ce7  COMP_E1_IRQHandler                         
00004ce7  CS_IRQHandler                              
00002ee5  CS_initClockSignal                         
00004899  CS_setReferenceOscillatorFrequency         
00000b35  Crystalfontz128x128_Init                   
00000c49  Crystalfontz128x128_SetDrawFrame           
00000d77  Crystalfontz128x128_SetOrientation         
00004ce7  DMA_ERR_IRQHandler                         
00004ce7  DMA_INT0_IRQHandler                        
00004ce7  DMA_INT1_IRQHandler                        
00004ce7  DMA_INT2_IRQHandler                        
00004ce7  DMA_INT3_IRQHandler                        
00004ce7  DebugMon_Handler                           
00004ce7  Default_Handler                            
00004ce7  EUSCIA0_IRQHandler                         
00004ce7  EUSCIA1_IRQHandler                         
00004ce7  EUSCIA2_IRQHandler                         
00004ce7  EUSCIA3_IRQHandler                         
00004ce7  EUSCIB0_IRQHandler                         
00004ce7  EUSCIB1_IRQHandler                         
00004ce7  EUSCIB2_IRQHandler                         
00004ce7  EUSCIB3_IRQHandler                         
00004ba3  EUSCI_A_SPI_enable                         
00004bb9  EUSCI_B_SPI_enable                         
00004ce7  FLCTL_IRQHandler                           
00004ce7  FPU_IRQHandler                             
000045a5  FlashCtl_setWaitState                      
000049cd  GPIO_clearInterruptFlag                    
000049f5  GPIO_enableInterrupt                       
00003d75  GPIO_getEnabledInterruptStatus             
00004a6d  GPIO_getInterruptStatus                    
0000430d  GPIO_setAsInputPinWithPullUpResistor       
000046bd  GPIO_setAsOutputPin                        
00003b59  GPIO_setAsPeripheralModuleFunctionInputPin 
00003be1  GPIO_setAsPeripheralModuleFunctionOutputPin
00004a1d  GPIO_setOutputHighOnPin                    
00004a45  GPIO_setOutputLowOnPin                     
00004c79  Graphics_clearDisplay                      
00004b23  Graphics_clearDisplayOnDisplay             
000047fb  Graphics_drawHorizontalLineOnDisplay       
000038f7  Graphics_drawLineH                         
00004925  Graphics_drawPixelOnDisplay                
000017ad  Graphics_drawString                        
00003139  Graphics_fillRectangle                     
00004ab1  Graphics_fillRectangleOnDisplay            
00004465  Graphics_initContext                       
00004b3d  Graphics_setBackgroundColor                
00004b57  Graphics_setFont                           
00004bcf  Graphics_setForegroundColor                
00004be5  Graphics_translateColorOnDisplay           
00003561  HAL_LCD_PortInit                           
00003591  HAL_LCD_SpiInit                            
000035c7  HAL_LCD_writeCommand                       
000035f7  HAL_LCD_writeData                          
00004ce7  HardFault_Handler                          
00003df9  Interrupt_disableInterrupt                 
00003e79  Interrupt_enableInterrupt                  
20000054  Lcd_FlagRead                               
20000055  Lcd_FontSolid                              
20000056  Lcd_Orientation                            
20000057  Lcd_PenSolid                               
2000004e  Lcd_ScreenHeigth                           
20000050  Lcd_ScreenWidth                            
20000052  Lcd_TouchTrim                              
00004ce7  MemManage_Handler                          
00004ce7  NMI_Handler                                
00004ce7  PCM_IRQHandler                             
000041f5  PCM_getCoreVoltageLevel                    
000042b1  PCM_getPowerMode                           
00004c29  PCM_getPowerState                          
00004cad  PCM_setCoreVoltageLevel                    
00004cbd  PCM_setPowerMode                           
00004ce7  PORT1_IRQHandler                           
00004ce7  PORT2_IRQHandler                           
00004ce7  PORT3_IRQHandler                           
0000172f  PORT4_IRQHandler                           
0000172f  PORT4_IRQHandler                           
00001749  PORT5_IRQHandler                           
00001749  PORT5_IRQHandler                           
00004ce7  PORT6_IRQHandler                           
00004ce7  PSS_IRQHandler                             
00004ce7  PendSV_Handler                             
0000218f  RTC_C_IRQHandler                           
0000218f  RTC_C_IRQHandler                           
0000412d  RTC_C_enableInterrupt                      
00003ef9  RTC_C_getCalendarTime                      
00003ac5  RTC_C_getEnabledInterruptStatus            
00004255  RTC_C_getInterruptStatus                   
00004cdb  Reset_Handler                              
00004acf  SPI_enableModule                           
00003847  SPI_initMaster                             
00004ce7  SVC_Handler                                
00004ce7  SysTick_Handler                            
20000078  SystemCoreClock                            
00001c2d  SystemCoreClockUpdate                      
00001ea5  SystemInit                                 
00004ce7  T32_INT1_IRQHandler                        
00004ce7  T32_INT2_IRQHandler                        
00004ce7  T32_INTC_IRQHandler                        
00004ce7  TA0_0_IRQHandler                           
00004ce7  TA0_N_IRQHandler                           
00001671  TA1_0_IRQHandler                           
00001671  TA1_0_IRQHandler                           
00004ce7  TA1_N_IRQHandler                           
000016b1  TA2_0_IRQHandler                           
000016b1  TA2_0_IRQHandler                           
00004ce7  TA2_N_IRQHandler                           
000016e9  TA3_0_IRQHandler                           
000016e9  TA3_0_IRQHandler                           
00004ce7  TA3_N_IRQHandler                           
00004951  Timer_A_clearCaptureCompareInterrupt       
0000405d  Timer_A_configureUpMode                    
00004509  Timer_A_initCompare                        
00004bfb  Timer_A_startCounter                       
00004c3d  Timer_A_stopTimer                          
00004ce7  UsageFault_Handler                         
4000480c  WDTCTL_SYM                                 
00004ce7  WDT_A_IRQHandler                           
20010000  __STACK_END                                
00000200  __STACK_SIZE                               
00005350  __TI_CINIT_Base                            
00005360  __TI_CINIT_Limit                           
0000533c  __TI_Handler_Table_Base                    
00005348  __TI_Handler_Table_Limit                   
00004635  __TI_auto_init_nobinit_nopinit             
000040c5  __TI_decompress_lzss                       
00004ccd  __TI_decompress_none                       
00004411  __TI_ltoa                                  
ffffffff  __TI_pprof_out_hndl                        
000000e5  __TI_printfi                               
ffffffff  __TI_prof_data_size                        
ffffffff  __TI_prof_data_start                       
00000000  __TI_static_base__                         
00004aeb  __TI_zero_init_nomemset                    
00003c69  __aeabi_cdcmpeq                            
00003c69  __aeabi_cdcmple                            
00003cef  __aeabi_cdrcmple                           
000045ed  __aeabi_d2iz                               
000026c3  __aeabi_dadd                               
00002dad  __aeabi_ddiv                               
00003465  __aeabi_dmul                               
000026b9  __aeabi_dsub                               
00004d01  __aeabi_errno_addr                         
000048c9  __aeabi_i2d                                
00000b33  __aeabi_idiv0                              
00000b33  __aeabi_ldiv0                              
00003f75  __aeabi_memclr                             
00003f75  __aeabi_memclr4                            
00003f75  __aeabi_memclr8                            
00003993  __aeabi_memcpy                             
00003993  __aeabi_memcpy4                            
00003993  __aeabi_memcpy8                            
00003f77  __aeabi_memset                             
00003f77  __aeabi_memset4                            
00003f77  __aeabi_memset8                            
00003a2f  __aeabi_uldivmod                           
ffffffff  __binit__                                  
ffffffff  __c_args__                                 
UNDEFED   __mpu_init                                 
2000fe00  __stack                                    
20000000  __start___llvm_prf_cnts                    
20000000  __stop___llvm_prf_cnts                     
00004865  _c_int00_noargs                            
00005008  _ctypes_                                   
UNDEFED   _system_post_cinit                         
00004d09  _system_pre_init                           
00004d0d  abort                                      
00004559  atoi                                       
ffffffff  binit                                      
20000058  button1Pressed                             
00001f9d  clockView                                  
00004b71  copysign                                   
00004b71  copysignl                                  
000052c0  currentTime                                
00001619  disable_timer                              
000015f9  disable_tone                               
00002029  drawDate                                   
00001ff3  drawTime                                   
20000074  errno                                      
00004191  frexp                                      
00004191  frexpl                                     
2000001c  g_sContext                                 
2000005c  g_sCrystalfontz128x128                     
00005284  g_sCrystalfontz128x128_funcs               
0000510c  g_sFontFixed6x8                            
2000006c  gc                                         
00001349  generate_delay                             
00001435  generate_rate                              
00001545  generate_tone                              
00001763  getJoyValue                                
000012ad  initAdcSystem                              
00001221  initButtonSystem                           
0000120d  initClockSystem                            
00001fcb  initClockView                              
000011b5  initHardware                               
0000125d  initLedSystem                              
000011d9  initPCM                                    
00001311  initRTCSystem                              
000011f3  initTimerSystem                            
00000000  interruptVectors                           
00001271  intiDisplaySystem                          
20000059  joyButtonPressed                           
0000324d  ldexp                                      
0000324d  ldexpl                                     
00004679  main                                       
00004b07  memccpy                                    
00003993  memcpy                                     
00003f7d  memset                                     
20000070  menuActive                                 
0000324d  scalbn                                     
0000324d  scalbnl                                    
00001f93  settingsView                               
0000477d  sprintf                                    
00004c11  strchr                                     
00004c51  strcpy                                     
00004c65  strlen                                     
00001f61  testJoy                                    
20000038  timerlist                                  
00004c8b  wcslen                                     


GLOBAL SYMBOLS: SORTED BY Symbol Address 

address   name                                       
-------   ----                                       
00000000  __TI_static_base__                         
00000000  interruptVectors                           
000000e5  __TI_printfi                               
00000200  __STACK_SIZE                               
00000b33  __aeabi_idiv0                              
00000b33  __aeabi_ldiv0                              
00000b35  Crystalfontz128x128_Init                   
00000c49  Crystalfontz128x128_SetDrawFrame           
00000d77  Crystalfontz128x128_SetOrientation         
000011b5  initHardware                               
000011d9  initPCM                                    
000011f3  initTimerSystem                            
0000120d  initClockSystem                            
00001221  initButtonSystem                           
0000125d  initLedSystem                              
00001271  intiDisplaySystem                          
000012ad  initAdcSystem                              
00001311  initRTCSystem                              
00001349  generate_delay                             
00001435  generate_rate                              
00001545  generate_tone                              
000015f9  disable_tone                               
00001619  disable_timer                              
00001671  TA1_0_IRQHandler                           
00001671  TA1_0_IRQHandler                           
000016b1  TA2_0_IRQHandler                           
000016b1  TA2_0_IRQHandler                           
000016e9  TA3_0_IRQHandler                           
000016e9  TA3_0_IRQHandler                           
0000172d  Button1Pressed                             
0000172f  PORT4_IRQHandler                           
0000172f  PORT4_IRQHandler                           
00001749  PORT5_IRQHandler                           
00001749  PORT5_IRQHandler                           
00001763  getJoyValue                                
000017ad  Graphics_drawString                        
00001c2d  SystemCoreClockUpdate                      
00001ea5  SystemInit                                 
00001f61  testJoy                                    
00001f93  settingsView                               
00001f9d  clockView                                  
00001fcb  initClockView                              
00001ff3  drawTime                                   
00002029  drawDate                                   
0000218f  RTC_C_IRQHandler                           
0000218f  RTC_C_IRQHandler                           
000026b9  __aeabi_dsub                               
000026c3  __aeabi_dadd                               
00002dad  __aeabi_ddiv                               
00002ee5  CS_initClockSignal                         
00003139  Graphics_fillRectangle                     
0000324d  ldexp                                      
0000324d  ldexpl                                     
0000324d  scalbn                                     
0000324d  scalbnl                                    
00003465  __aeabi_dmul                               
00003561  HAL_LCD_PortInit                           
00003591  HAL_LCD_SpiInit                            
000035c7  HAL_LCD_writeCommand                       
000035f7  HAL_LCD_writeData                          
0000362d  ADC14_configureConversionMemory            
000036e1  ADC14_configureMultiSequenceMode           
00003847  SPI_initMaster                             
000038f7  Graphics_drawLineH                         
00003993  __aeabi_memcpy                             
00003993  __aeabi_memcpy4                            
00003993  __aeabi_memcpy8                            
00003993  memcpy                                     
00003a2f  __aeabi_uldivmod                           
00003ac5  RTC_C_getEnabledInterruptStatus            
00003b59  GPIO_setAsPeripheralModuleFunctionInputPin 
00003be1  GPIO_setAsPeripheralModuleFunctionOutputPin
00003c69  __aeabi_cdcmpeq                            
00003c69  __aeabi_cdcmple                            
00003cef  __aeabi_cdrcmple                           
00003d75  GPIO_getEnabledInterruptStatus             
00003df9  Interrupt_disableInterrupt                 
00003e79  Interrupt_enableInterrupt                  
00003ef9  RTC_C_getCalendarTime                      
00003f75  __aeabi_memclr                             
00003f75  __aeabi_memclr4                            
00003f75  __aeabi_memclr8                            
00003f77  __aeabi_memset                             
00003f77  __aeabi_memset4                            
00003f77  __aeabi_memset8                            
00003f7d  memset                                     
0000405d  Timer_A_configureUpMode                    
000040c5  __TI_decompress_lzss                       
0000412d  RTC_C_enableInterrupt                      
00004191  frexp                                      
00004191  frexpl                                     
000041f5  PCM_getCoreVoltageLevel                    
00004255  RTC_C_getInterruptStatus                   
000042b1  PCM_getPowerMode                           
0000430d  GPIO_setAsInputPinWithPullUpResistor       
000043bd  ADC14_initModule                           
00004411  __TI_ltoa                                  
00004465  Graphics_initContext                       
00004509  Timer_A_initCompare                        
00004559  atoi                                       
000045a5  FlashCtl_setWaitState                      
000045ed  __aeabi_d2iz                               
00004635  __TI_auto_init_nobinit_nopinit             
00004679  main                                       
000046bd  GPIO_setAsOutputPin                        
0000477d  sprintf                                    
000047fb  Graphics_drawHorizontalLineOnDisplay       
00004831  ADC14_enableSampleTimer                    
00004865  _c_int00_noargs                            
00004899  CS_setReferenceOscillatorFrequency         
000048c9  __aeabi_i2d                                
000048f9  ADC14_toggleConversionTrigger              
00004925  Graphics_drawPixelOnDisplay                
00004951  Timer_A_clearCaptureCompareInterrupt       
0000497d  ADC14_enableConversion                     
000049a5  ADC14_getResult                            
000049cd  GPIO_clearInterruptFlag                    
000049f5  GPIO_enableInterrupt                       
00004a1d  GPIO_setOutputHighOnPin                    
00004a45  GPIO_setOutputLowOnPin                     
00004a6d  GPIO_getInterruptStatus                    
00004a91  ADC14_setResolution                        
00004ab1  Graphics_fillRectangleOnDisplay            
00004acf  SPI_enableModule                           
00004aeb  __TI_zero_init_nomemset                    
00004b07  memccpy                                    
00004b23  Graphics_clearDisplayOnDisplay             
00004b3d  Graphics_setBackgroundColor                
00004b57  Graphics_setFont                           
00004b71  copysign                                   
00004b71  copysignl                                  
00004ba3  EUSCI_A_SPI_enable                         
00004bb9  EUSCI_B_SPI_enable                         
00004bcf  Graphics_setForegroundColor                
00004be5  Graphics_translateColorOnDisplay           
00004bfb  Timer_A_startCounter                       
00004c11  strchr                                     
00004c29  PCM_getPowerState                          
00004c3d  Timer_A_stopTimer                          
00004c51  strcpy                                     
00004c65  strlen                                     
00004c79  Graphics_clearDisplay                      
00004c8b  wcslen                                     
00004cad  PCM_setCoreVoltageLevel                    
00004cbd  PCM_setPowerMode                           
00004ccd  __TI_decompress_none                       
00004cdb  Reset_Handler                              
00004ce7  ADC14_IRQHandler                           
00004ce7  AES256_IRQHandler                          
00004ce7  BusFault_Handler                           
00004ce7  COMP_E0_IRQHandler                         
00004ce7  COMP_E1_IRQHandler                         
00004ce7  CS_IRQHandler                              
00004ce7  DMA_ERR_IRQHandler                         
00004ce7  DMA_INT0_IRQHandler                        
00004ce7  DMA_INT1_IRQHandler                        
00004ce7  DMA_INT2_IRQHandler                        
00004ce7  DMA_INT3_IRQHandler                        
00004ce7  DebugMon_Handler                           
00004ce7  Default_Handler                            
00004ce7  EUSCIA0_IRQHandler                         
00004ce7  EUSCIA1_IRQHandler                         
00004ce7  EUSCIA2_IRQHandler                         
00004ce7  EUSCIA3_IRQHandler                         
00004ce7  EUSCIB0_IRQHandler                         
00004ce7  EUSCIB1_IRQHandler                         
00004ce7  EUSCIB2_IRQHandler                         
00004ce7  EUSCIB3_IRQHandler                         
00004ce7  FLCTL_IRQHandler                           
00004ce7  FPU_IRQHandler                             
00004ce7  HardFault_Handler                          
00004ce7  MemManage_Handler                          
00004ce7  NMI_Handler                                
00004ce7  PCM_IRQHandler                             
00004ce7  PORT1_IRQHandler                           
00004ce7  PORT2_IRQHandler                           
00004ce7  PORT3_IRQHandler                           
00004ce7  PORT6_IRQHandler                           
00004ce7  PSS_IRQHandler                             
00004ce7  PendSV_Handler                             
00004ce7  SVC_Handler                                
00004ce7  SysTick_Handler                            
00004ce7  T32_INT1_IRQHandler                        
00004ce7  T32_INT2_IRQHandler                        
00004ce7  T32_INTC_IRQHandler                        
00004ce7  TA0_0_IRQHandler                           
00004ce7  TA0_N_IRQHandler                           
00004ce7  TA1_N_IRQHandler                           
00004ce7  TA2_N_IRQHandler                           
00004ce7  TA3_N_IRQHandler                           
00004ce7  UsageFault_Handler                         
00004ce7  WDT_A_IRQHandler                           
00004ce9  ADC14_enableModule                         
00004d01  __aeabi_errno_addr                         
00004d09  _system_pre_init                           
00004d0d  C$$EXIT                                    
00004d0d  abort                                      
00005008  _ctypes_                                   
0000510c  g_sFontFixed6x8                            
00005284  g_sCrystalfontz128x128_funcs               
000052c0  currentTime                                
0000533c  __TI_Handler_Table_Base                    
00005348  __TI_Handler_Table_Limit                   
00005350  __TI_CINIT_Base                            
00005360  __TI_CINIT_Limit                           
20000000  __start___llvm_prf_cnts                    
20000000  __stop___llvm_prf_cnts                     
2000001c  g_sContext                                 
20000038  timerlist                                  
2000004e  Lcd_ScreenHeigth                           
20000050  Lcd_ScreenWidth                            
20000052  Lcd_TouchTrim                              
20000054  Lcd_FlagRead                               
20000055  Lcd_FontSolid                              
20000056  Lcd_Orientation                            
20000057  Lcd_PenSolid                               
20000058  button1Pressed                             
20000059  joyButtonPressed                           
2000005c  g_sCrystalfontz128x128                     
2000006c  gc                                         
20000070  menuActive                                 
20000074  errno                                      
20000078  SystemCoreClock                            
2000fe00  __stack                                    
20010000  __STACK_END                                
4000480c  WDTCTL_SYM                                 
ffffffff  __TI_pprof_out_hndl                        
ffffffff  __TI_prof_data_size                        
ffffffff  __TI_prof_data_start                       
ffffffff  __binit__                                  
ffffffff  __c_args__                                 
ffffffff  binit                                      
UNDEFED   __mpu_init                                 
UNDEFED   _system_post_cinit                         

[234 symbols]
