<?xml version="1.0" encoding="ISO-8859-1" ?>
<link_info>
   <banner>TI ARM Linker PC v20.2.7.LTS</banner>
   <copyright>Copyright (c) 1996-2018 Texas Instruments Incorporated</copyright>
   <link_time>0x647de405</link_time>
   <link_errors>0x0</link_errors>
   <output_file>SmartAlarm.out</output_file>
   <entry_point>
      <name>_c_int00_noargs</name>
      <address>0x740d</address>
   </entry_point>
   <input_file_list>
      <input_file id="fl-2">
         <path>.\</path>
         <kind>object</kind>
         <file>main.obj</file>
         <name>main.obj</name>
      </input_file>
      <input_file id="fl-3">
         <path>.\</path>
         <kind>object</kind>
         <file>startup_msp432p401r_ccs.obj</file>
         <name>startup_msp432p401r_ccs.obj</name>
      </input_file>
      <input_file id="fl-4">
         <path>.\</path>
         <kind>object</kind>
         <file>system_msp432p401r.obj</file>
         <name>system_msp432p401r.obj</name>
      </input_file>
      <input_file id="fl-5">
         <path>.\modules\activities_launcher\activities\combo_master\</path>
         <kind>object</kind>
         <file>combo_master.obj</file>
         <name>combo_master.obj</name>
      </input_file>
      <input_file id="fl-6">
         <path>.\modules\activities_launcher\activities\combo_master\images\</path>
         <kind>object</kind>
         <file>a.obj</file>
         <name>a.obj</name>
      </input_file>
      <input_file id="fl-7">
         <path>.\modules\activities_launcher\activities\combo_master\images\</path>
         <kind>object</kind>
         <file>b.obj</file>
         <name>b.obj</name>
      </input_file>
      <input_file id="fl-8">
         <path>.\modules\activities_launcher\activities\combo_master\images\</path>
         <kind>object</kind>
         <file>down_arrow.obj</file>
         <name>down_arrow.obj</name>
      </input_file>
      <input_file id="fl-9">
         <path>.\modules\activities_launcher\activities\combo_master\images\</path>
         <kind>object</kind>
         <file>left_arrow.obj</file>
         <name>left_arrow.obj</name>
      </input_file>
      <input_file id="fl-a">
         <path>.\modules\activities_launcher\activities\combo_master\images\</path>
         <kind>object</kind>
         <file>right_arrow.obj</file>
         <name>right_arrow.obj</name>
      </input_file>
      <input_file id="fl-b">
         <path>.\modules\activities_launcher\activities\combo_master\images\</path>
         <kind>object</kind>
         <file>up_arrow.obj</file>
         <name>up_arrow.obj</name>
      </input_file>
      <input_file id="fl-c">
         <path>.\modules\activities_launcher\activities\combo_master\images\</path>
         <kind>object</kind>
         <file>v.obj</file>
         <name>v.obj</name>
      </input_file>
      <input_file id="fl-d">
         <path>.\modules\activities_launcher\activities\combo_master\images\</path>
         <kind>object</kind>
         <file>x.obj</file>
         <name>x.obj</name>
      </input_file>
      <input_file id="fl-e">
         <path>.\modules\activities_launcher\activities\treasure_hunt\</path>
         <kind>object</kind>
         <file>treasure_hunt.obj</file>
         <name>treasure_hunt.obj</name>
      </input_file>
      <input_file id="fl-f">
         <path>.\modules\activities_launcher\activities\treasure_hunt\</path>
         <kind>object</kind>
         <file>v.obj</file>
         <name>v.obj</name>
      </input_file>
      <input_file id="fl-10">
         <path>.\modules\activities_launcher\</path>
         <kind>object</kind>
         <file>activities.obj</file>
         <name>activities.obj</name>
      </input_file>
      <input_file id="fl-11">
         <path>.\modules\clock_system\</path>
         <kind>object</kind>
         <file>clock.obj</file>
         <name>clock.obj</name>
      </input_file>
      <input_file id="fl-12">
         <path>.\modules\clock_system\images\</path>
         <kind>object</kind>
         <file>ALARM_OFF.obj</file>
         <name>ALARM_OFF.obj</name>
      </input_file>
      <input_file id="fl-13">
         <path>.\modules\clock_system\images\</path>
         <kind>object</kind>
         <file>ALARM_ON.obj</file>
         <name>ALARM_ON.obj</name>
      </input_file>
      <input_file id="fl-14">
         <path>.\modules\clock_system\images\</path>
         <kind>object</kind>
         <file>CLOCK_1.obj</file>
         <name>CLOCK_1.obj</name>
      </input_file>
      <input_file id="fl-15">
         <path>.\modules\clock_system\images\</path>
         <kind>object</kind>
         <file>CLOCK_2.obj</file>
         <name>CLOCK_2.obj</name>
      </input_file>
      <input_file id="fl-16">
         <path>.\modules\clock_system\images\</path>
         <kind>object</kind>
         <file>CLOCK_3.obj</file>
         <name>CLOCK_3.obj</name>
      </input_file>
      <input_file id="fl-17">
         <path>.\modules\clock_system\images\</path>
         <kind>object</kind>
         <file>CLOCK_4.obj</file>
         <name>CLOCK_4.obj</name>
      </input_file>
      <input_file id="fl-18">
         <path>.\modules\clock_system\images\</path>
         <kind>object</kind>
         <file>CURSOR_DOWN.obj</file>
         <name>CURSOR_DOWN.obj</name>
      </input_file>
      <input_file id="fl-19">
         <path>.\modules\clock_system\images\</path>
         <kind>object</kind>
         <file>CURSOR_R.obj</file>
         <name>CURSOR_R.obj</name>
      </input_file>
      <input_file id="fl-1a">
         <path>.\modules\clock_system\images\</path>
         <kind>object</kind>
         <file>CURSOR_UP.obj</file>
         <name>CURSOR_UP.obj</name>
      </input_file>
      <input_file id="fl-1b">
         <path>.\modules\hardware\</path>
         <kind>object</kind>
         <file>hardware.obj</file>
         <name>hardware.obj</name>
      </input_file>
      <input_file id="fl-1c">
         <path>.\modules\hardware\libraries\</path>
         <kind>object</kind>
         <file>Crystalfontz128x128_ST7735.obj</file>
         <name>Crystalfontz128x128_ST7735.obj</name>
      </input_file>
      <input_file id="fl-1d">
         <path>.\modules\hardware\libraries\</path>
         <kind>object</kind>
         <file>HAL_MSP_EXP432P401R_Crystalfontz128x128_ST7735.obj</file>
         <name>HAL_MSP_EXP432P401R_Crystalfontz128x128_ST7735.obj</name>
      </input_file>
      <input_file id="fl-1e">
         <path>.\modules\ringtones_manager\ringtones\</path>
         <kind>object</kind>
         <file>the_lick.obj</file>
         <name>the_lick.obj</name>
      </input_file>
      <input_file id="fl-1f">
         <path>.\modules\ringtones_manager\</path>
         <kind>object</kind>
         <file>ringtones_manager.obj</file>
         <name>ringtones_manager.obj</name>
      </input_file>
      <input_file id="fl-25">
         <kind>object</kind>
         <file>&lt;internal&gt;</file>
         <name>&lt;internal&gt;</name>
      </input_file>
      <input_file id="fl-db">
         <path>C:\ti\ccs1220\ccs\tools\compiler\ti-cgt-arm_20.2.7.LTS\lib\</path>
         <kind>archive</kind>
         <file>rtsv7M4_T_le_v4SPD16_eabi.lib</file>
         <name>sprintf.c.obj</name>
      </input_file>
      <input_file id="fl-dc">
         <path>C:\ti\ccs1220\ccs\tools\compiler\ti-cgt-arm_20.2.7.LTS\lib\</path>
         <kind>archive</kind>
         <file>rtsv7M4_T_le_v4SPD16_eabi.lib</file>
         <name>memcpy_t2.asm.obj</name>
      </input_file>
      <input_file id="fl-dd">
         <path>C:\ti\ccs1220\ccs\tools\compiler\ti-cgt-arm_20.2.7.LTS\lib\</path>
         <kind>archive</kind>
         <file>rtsv7M4_T_le_v4SPD16_eabi.lib</file>
         <name>copy_zero_init.c.obj</name>
      </input_file>
      <input_file id="fl-de">
         <path>C:\ti\ccs1220\ccs\tools\compiler\ti-cgt-arm_20.2.7.LTS\lib\</path>
         <kind>archive</kind>
         <file>rtsv7M4_T_le_v4SPD16_eabi.lib</file>
         <name>copy_decompress_none.c.obj</name>
      </input_file>
      <input_file id="fl-df">
         <path>C:\ti\ccs1220\ccs\tools\compiler\ti-cgt-arm_20.2.7.LTS\lib\</path>
         <kind>archive</kind>
         <file>rtsv7M4_T_le_v4SPD16_eabi.lib</file>
         <name>copy_decompress_lzss.c.obj</name>
      </input_file>
      <input_file id="fl-e0">
         <path>C:\ti\ccs1220\ccs\tools\compiler\ti-cgt-arm_20.2.7.LTS\lib\</path>
         <kind>archive</kind>
         <file>rtsv7M4_T_le_v4SPD16_eabi.lib</file>
         <name>rand.c.obj</name>
      </input_file>
      <input_file id="fl-e1">
         <path>C:\ti\ccs1220\ccs\tools\compiler\ti-cgt-arm_20.2.7.LTS\lib\</path>
         <kind>archive</kind>
         <file>rtsv7M4_T_le_v4SPD16_eabi.lib</file>
         <name>strcpy.c.obj</name>
      </input_file>
      <input_file id="fl-e2">
         <path>C:\ti\ccs1220\ccs\tools\compiler\ti-cgt-arm_20.2.7.LTS\lib\</path>
         <kind>archive</kind>
         <file>rtsv7M4_T_le_v4SPD16_eabi.lib</file>
         <name>boot_cortex_m.c.obj</name>
      </input_file>
      <input_file id="fl-e3">
         <path>C:\ti\ccs1220\ccs\tools\compiler\ti-cgt-arm_20.2.7.LTS\lib\</path>
         <kind>archive</kind>
         <file>rtsv7M4_T_le_v4SPD16_eabi.lib</file>
         <name>time.c.obj</name>
      </input_file>
      <input_file id="fl-e4">
         <path>C:\ti\ccs1220\ccs\tools\compiler\ti-cgt-arm_20.2.7.LTS\lib\</path>
         <kind>archive</kind>
         <file>rtsv7M4_T_le_v4SPD16_eabi.lib</file>
         <name>_printfi.c.obj</name>
      </input_file>
      <input_file id="fl-e5">
         <path>C:\ti\ccs1220\ccs\tools\compiler\ti-cgt-arm_20.2.7.LTS\lib\</path>
         <kind>archive</kind>
         <file>rtsv7M4_T_le_v4SPD16_eabi.lib</file>
         <name>fd_add_t2.asm.obj</name>
      </input_file>
      <input_file id="fl-e6">
         <path>C:\ti\ccs1220\ccs\tools\compiler\ti-cgt-arm_20.2.7.LTS\lib\</path>
         <kind>archive</kind>
         <file>rtsv7M4_T_le_v4SPD16_eabi.lib</file>
         <name>fd_cmp_t2.asm.obj</name>
      </input_file>
      <input_file id="fl-e7">
         <path>C:\ti\ccs1220\ccs\tools\compiler\ti-cgt-arm_20.2.7.LTS\lib\</path>
         <kind>archive</kind>
         <file>rtsv7M4_T_le_v4SPD16_eabi.lib</file>
         <name>fd_div_t2.asm.obj</name>
      </input_file>
      <input_file id="fl-e8">
         <path>C:\ti\ccs1220\ccs\tools\compiler\ti-cgt-arm_20.2.7.LTS\lib\</path>
         <kind>archive</kind>
         <file>rtsv7M4_T_le_v4SPD16_eabi.lib</file>
         <name>fd_mul_t2.asm.obj</name>
      </input_file>
      <input_file id="fl-e9">
         <path>C:\ti\ccs1220\ccs\tools\compiler\ti-cgt-arm_20.2.7.LTS\lib\</path>
         <kind>archive</kind>
         <file>rtsv7M4_T_le_v4SPD16_eabi.lib</file>
         <name>fd_toi_t2.asm.obj</name>
      </input_file>
      <input_file id="fl-ea">
         <path>C:\ti\ccs1220\ccs\tools\compiler\ti-cgt-arm_20.2.7.LTS\lib\</path>
         <kind>archive</kind>
         <file>rtsv7M4_T_le_v4SPD16_eabi.lib</file>
         <name>i_tofd_t2.asm.obj</name>
      </input_file>
      <input_file id="fl-eb">
         <path>C:\ti\ccs1220\ccs\tools\compiler\ti-cgt-arm_20.2.7.LTS\lib\</path>
         <kind>archive</kind>
         <file>rtsv7M4_T_le_v4SPD16_eabi.lib</file>
         <name>memset_t2.asm.obj</name>
      </input_file>
      <input_file id="fl-ec">
         <path>C:\ti\ccs1220\ccs\tools\compiler\ti-cgt-arm_20.2.7.LTS\lib\</path>
         <kind>archive</kind>
         <file>rtsv7M4_T_le_v4SPD16_eabi.lib</file>
         <name>ull_div_t2.asm.obj</name>
      </input_file>
      <input_file id="fl-ed">
         <path>C:\ti\ccs1220\ccs\tools\compiler\ti-cgt-arm_20.2.7.LTS\lib\</path>
         <kind>archive</kind>
         <file>rtsv7M4_T_le_v4SPD16_eabi.lib</file>
         <name>autoinit.c.obj</name>
      </input_file>
      <input_file id="fl-ee">
         <path>C:\ti\ccs1220\ccs\tools\compiler\ti-cgt-arm_20.2.7.LTS\lib\</path>
         <kind>archive</kind>
         <file>rtsv7M4_T_le_v4SPD16_eabi.lib</file>
         <name>pre_init.c.obj</name>
      </input_file>
      <input_file id="fl-ef">
         <path>C:\ti\ccs1220\ccs\tools\compiler\ti-cgt-arm_20.2.7.LTS\lib\</path>
         <kind>archive</kind>
         <file>rtsv7M4_T_le_v4SPD16_eabi.lib</file>
         <name>cpy_tbl.c.obj</name>
      </input_file>
      <input_file id="fl-f0">
         <path>C:\ti\ccs1220\ccs\tools\compiler\ti-cgt-arm_20.2.7.LTS\lib\</path>
         <kind>archive</kind>
         <file>rtsv7M4_T_le_v4SPD16_eabi.lib</file>
         <name>exit.c.obj</name>
      </input_file>
      <input_file id="fl-f1">
         <path>C:\ti\ccs1220\ccs\tools\compiler\ti-cgt-arm_20.2.7.LTS\lib\</path>
         <kind>archive</kind>
         <file>rtsv7M4_T_le_v4SPD16_eabi.lib</file>
         <name>_lock.c.obj</name>
      </input_file>
      <input_file id="fl-f2">
         <path>C:\ti\ccs1220\ccs\tools\compiler\ti-cgt-arm_20.2.7.LTS\lib\</path>
         <kind>archive</kind>
         <file>rtsv7M4_T_le_v4SPD16_eabi.lib</file>
         <name>_ltoa.c.obj</name>
      </input_file>
      <input_file id="fl-f3">
         <path>C:\ti\ccs1220\ccs\tools\compiler\ti-cgt-arm_20.2.7.LTS\lib\</path>
         <kind>archive</kind>
         <file>rtsv7M4_T_le_v4SPD16_eabi.lib</file>
         <name>args_main.c.obj</name>
      </input_file>
      <input_file id="fl-f4">
         <path>C:\ti\ccs1220\ccs\tools\compiler\ti-cgt-arm_20.2.7.LTS\lib\</path>
         <kind>archive</kind>
         <file>rtsv7M4_T_le_v4SPD16_eabi.lib</file>
         <name>atoi.c.obj</name>
      </input_file>
      <input_file id="fl-f5">
         <path>C:\ti\ccs1220\ccs\tools\compiler\ti-cgt-arm_20.2.7.LTS\lib\</path>
         <kind>archive</kind>
         <file>rtsv7M4_T_le_v4SPD16_eabi.lib</file>
         <name>ctype.c.obj</name>
      </input_file>
      <input_file id="fl-f6">
         <path>C:\ti\ccs1220\ccs\tools\compiler\ti-cgt-arm_20.2.7.LTS\lib\</path>
         <kind>archive</kind>
         <file>rtsv7M4_T_le_v4SPD16_eabi.lib</file>
         <name>memccpy.c.obj</name>
      </input_file>
      <input_file id="fl-f7">
         <path>C:\ti\ccs1220\ccs\tools\compiler\ti-cgt-arm_20.2.7.LTS\lib\</path>
         <kind>archive</kind>
         <file>rtsv7M4_T_le_v4SPD16_eabi.lib</file>
         <name>strchr.c.obj</name>
      </input_file>
      <input_file id="fl-f8">
         <path>C:\ti\ccs1220\ccs\tools\compiler\ti-cgt-arm_20.2.7.LTS\lib\</path>
         <kind>archive</kind>
         <file>rtsv7M4_T_le_v4SPD16_eabi.lib</file>
         <name>strlen.c.obj</name>
      </input_file>
      <input_file id="fl-f9">
         <path>C:\ti\ccs1220\ccs\tools\compiler\ti-cgt-arm_20.2.7.LTS\lib\</path>
         <kind>archive</kind>
         <file>rtsv7M4_T_le_v4SPD16_eabi.lib</file>
         <name>hosttime.c.obj</name>
      </input_file>
      <input_file id="fl-fa">
         <path>C:\ti\ccs1220\ccs\tools\compiler\ti-cgt-arm_20.2.7.LTS\lib\</path>
         <kind>archive</kind>
         <file>rtsv7M4_T_le_v4SPD16_eabi.lib</file>
         <name>trgmsg.c.obj</name>
      </input_file>
      <input_file id="fl-fb">
         <path>C:\ti\ccs1220\ccs\tools\compiler\ti-cgt-arm_20.2.7.LTS\lib\</path>
         <kind>archive</kind>
         <file>rtsv7M4_T_le_v4SPD16_eabi.lib</file>
         <name>errno.c.obj</name>
      </input_file>
      <input_file id="fl-fc">
         <path>C:\ti\ccs1220\ccs\tools\compiler\ti-cgt-arm_20.2.7.LTS\lib\</path>
         <kind>archive</kind>
         <file>rtsv7M4_T_le_v4SPD16_eabi.lib</file>
         <name>wcslen.c.obj</name>
      </input_file>
      <input_file id="fl-fd">
         <path>C:\ti\ccs1220\ccs\tools\compiler\ti-cgt-arm_20.2.7.LTS\lib\</path>
         <kind>archive</kind>
         <file>rtsv7M4_T_le_v4SPD16_eabi.lib</file>
         <name>s_frexp.c.obj</name>
      </input_file>
      <input_file id="fl-fe">
         <path>C:\ti\ccs1220\ccs\tools\compiler\ti-cgt-arm_20.2.7.LTS\lib\</path>
         <kind>archive</kind>
         <file>rtsv7M4_T_le_v4SPD16_eabi.lib</file>
         <name>s_scalbn.c.obj</name>
      </input_file>
      <input_file id="fl-ff">
         <path>C:\ti\ccs1220\ccs\tools\compiler\ti-cgt-arm_20.2.7.LTS\lib\</path>
         <kind>archive</kind>
         <file>rtsv7M4_T_le_v4SPD16_eabi.lib</file>
         <name>div0.asm.obj</name>
      </input_file>
      <input_file id="fl-100">
         <path>C:\ti\ccs1220\ccs\tools\compiler\ti-cgt-arm_20.2.7.LTS\lib\</path>
         <kind>archive</kind>
         <file>rtsv7M4_T_le_v4SPD16_eabi.lib</file>
         <name>hostopen.c.obj</name>
      </input_file>
      <input_file id="fl-101">
         <path>C:\ti\ccs1220\ccs\tools\compiler\ti-cgt-arm_20.2.7.LTS\lib\</path>
         <kind>archive</kind>
         <file>rtsv7M4_T_le_v4SPD16_eabi.lib</file>
         <name>s_copysign.c.obj</name>
      </input_file>
      <input_file id="fl-102">
         <path>C:\Users\Filippo Castellan\Desktop\SmartAlarm\driverlib\source\ti\grlib\lib\ccs\m4f\</path>
         <kind>archive</kind>
         <file>grlib.a</file>
         <name>context.obj</name>
      </input_file>
      <input_file id="fl-103">
         <path>C:\Users\Filippo Castellan\Desktop\SmartAlarm\driverlib\source\ti\grlib\lib\ccs\m4f\</path>
         <kind>archive</kind>
         <file>grlib.a</file>
         <name>display.obj</name>
      </input_file>
      <input_file id="fl-104">
         <path>C:\Users\Filippo Castellan\Desktop\SmartAlarm\driverlib\source\ti\grlib\lib\ccs\m4f\</path>
         <kind>archive</kind>
         <file>grlib.a</file>
         <name>fontcm12b.obj</name>
      </input_file>
      <input_file id="fl-105">
         <path>C:\Users\Filippo Castellan\Desktop\SmartAlarm\driverlib\source\ti\grlib\lib\ccs\m4f\</path>
         <kind>archive</kind>
         <file>grlib.a</file>
         <name>fontcm14.obj</name>
      </input_file>
      <input_file id="fl-106">
         <path>C:\Users\Filippo Castellan\Desktop\SmartAlarm\driverlib\source\ti\grlib\lib\ccs\m4f\</path>
         <kind>archive</kind>
         <file>grlib.a</file>
         <name>fontcm16b.obj</name>
      </input_file>
      <input_file id="fl-107">
         <path>C:\Users\Filippo Castellan\Desktop\SmartAlarm\driverlib\source\ti\grlib\lib\ccs\m4f\</path>
         <kind>archive</kind>
         <file>grlib.a</file>
         <name>fontcm18b.obj</name>
      </input_file>
      <input_file id="fl-108">
         <path>C:\Users\Filippo Castellan\Desktop\SmartAlarm\driverlib\source\ti\grlib\lib\ccs\m4f\</path>
         <kind>archive</kind>
         <file>grlib.a</file>
         <name>fontcm20b.obj</name>
      </input_file>
      <input_file id="fl-109">
         <path>C:\Users\Filippo Castellan\Desktop\SmartAlarm\driverlib\source\ti\grlib\lib\ccs\m4f\</path>
         <kind>archive</kind>
         <file>grlib.a</file>
         <name>fontcm24b.obj</name>
      </input_file>
      <input_file id="fl-10a">
         <path>C:\Users\Filippo Castellan\Desktop\SmartAlarm\driverlib\source\ti\grlib\lib\ccs\m4f\</path>
         <kind>archive</kind>
         <file>grlib.a</file>
         <name>fontcm34b.obj</name>
      </input_file>
      <input_file id="fl-10b">
         <path>C:\Users\Filippo Castellan\Desktop\SmartAlarm\driverlib\source\ti\grlib\lib\ccs\m4f\</path>
         <kind>archive</kind>
         <file>grlib.a</file>
         <name>fontfixed6x8.obj</name>
      </input_file>
      <input_file id="fl-10c">
         <path>C:\Users\Filippo Castellan\Desktop\SmartAlarm\driverlib\source\ti\grlib\lib\ccs\m4f\</path>
         <kind>archive</kind>
         <file>grlib.a</file>
         <name>image.obj</name>
      </input_file>
      <input_file id="fl-10d">
         <path>C:\Users\Filippo Castellan\Desktop\SmartAlarm\driverlib\source\ti\grlib\lib\ccs\m4f\</path>
         <kind>archive</kind>
         <file>grlib.a</file>
         <name>rectangle.obj</name>
      </input_file>
      <input_file id="fl-10e">
         <path>C:\Users\Filippo Castellan\Desktop\SmartAlarm\driverlib\source\ti\grlib\lib\ccs\m4f\</path>
         <kind>archive</kind>
         <file>grlib.a</file>
         <name>string.obj</name>
      </input_file>
      <input_file id="fl-10f">
         <path>C:\Users\Filippo Castellan\Desktop\SmartAlarm\driverlib\source\ti\grlib\lib\ccs\m4f\</path>
         <kind>archive</kind>
         <file>grlib.a</file>
         <name>line.obj</name>
      </input_file>
      <input_file id="fl-110">
         <path>C:\Users\Filippo Castellan\Desktop\SmartAlarm\driverlib\source\ti\devices\msp432p4xx\driverlib\ccs\</path>
         <kind>archive</kind>
         <file>msp432p4xx_driverlib.lib</file>
         <name>adc14.o</name>
      </input_file>
      <input_file id="fl-111">
         <path>C:\Users\Filippo Castellan\Desktop\SmartAlarm\driverlib\source\ti\devices\msp432p4xx\driverlib\ccs\</path>
         <kind>archive</kind>
         <file>msp432p4xx_driverlib.lib</file>
         <name>cs.o</name>
      </input_file>
      <input_file id="fl-112">
         <path>C:\Users\Filippo Castellan\Desktop\SmartAlarm\driverlib\source\ti\devices\msp432p4xx\driverlib\ccs\</path>
         <kind>archive</kind>
         <file>msp432p4xx_driverlib.lib</file>
         <name>flash.o</name>
      </input_file>
      <input_file id="fl-113">
         <path>C:\Users\Filippo Castellan\Desktop\SmartAlarm\driverlib\source\ti\devices\msp432p4xx\driverlib\ccs\</path>
         <kind>archive</kind>
         <file>msp432p4xx_driverlib.lib</file>
         <name>gpio.o</name>
      </input_file>
      <input_file id="fl-114">
         <path>C:\Users\Filippo Castellan\Desktop\SmartAlarm\driverlib\source\ti\devices\msp432p4xx\driverlib\ccs\</path>
         <kind>archive</kind>
         <file>msp432p4xx_driverlib.lib</file>
         <name>interrupt.o</name>
      </input_file>
      <input_file id="fl-115">
         <path>C:\Users\Filippo Castellan\Desktop\SmartAlarm\driverlib\source\ti\devices\msp432p4xx\driverlib\ccs\</path>
         <kind>archive</kind>
         <file>msp432p4xx_driverlib.lib</file>
         <name>pcm.o</name>
      </input_file>
      <input_file id="fl-116">
         <path>C:\Users\Filippo Castellan\Desktop\SmartAlarm\driverlib\source\ti\devices\msp432p4xx\driverlib\ccs\</path>
         <kind>archive</kind>
         <file>msp432p4xx_driverlib.lib</file>
         <name>rtc_c.o</name>
      </input_file>
      <input_file id="fl-117">
         <path>C:\Users\Filippo Castellan\Desktop\SmartAlarm\driverlib\source\ti\devices\msp432p4xx\driverlib\ccs\</path>
         <kind>archive</kind>
         <file>msp432p4xx_driverlib.lib</file>
         <name>spi.o</name>
      </input_file>
      <input_file id="fl-118">
         <path>C:\Users\Filippo Castellan\Desktop\SmartAlarm\driverlib\source\ti\devices\msp432p4xx\driverlib\ccs\</path>
         <kind>archive</kind>
         <file>msp432p4xx_driverlib.lib</file>
         <name>sysctl.o</name>
      </input_file>
      <input_file id="fl-119">
         <path>C:\Users\Filippo Castellan\Desktop\SmartAlarm\driverlib\source\ti\devices\msp432p4xx\driverlib\ccs\</path>
         <kind>archive</kind>
         <file>msp432p4xx_driverlib.lib</file>
         <name>sysctl_a.o</name>
      </input_file>
      <input_file id="fl-11a">
         <path>C:\Users\Filippo Castellan\Desktop\SmartAlarm\driverlib\source\ti\devices\msp432p4xx\driverlib\ccs\</path>
         <kind>archive</kind>
         <file>msp432p4xx_driverlib.lib</file>
         <name>timer_a.o</name>
      </input_file>
      <input_file id="fl-11b">
         <path>C:\Users\Filippo Castellan\Desktop\SmartAlarm\driverlib\source\ti\devices\msp432p4xx\driverlib\ccs\</path>
         <kind>archive</kind>
         <file>msp432p4xx_driverlib.lib</file>
         <name>wdt_a.o</name>
      </input_file>
      <input_file id="fl-11c">
         <path>C:\Users\Filippo Castellan\Desktop\SmartAlarm\driverlib\source\ti\devices\msp432p4xx\driverlib\ccs\</path>
         <kind>archive</kind>
         <file>msp432p4xx_driverlib.lib</file>
         <name>cpu.o</name>
      </input_file>
   </input_file_list>
   <object_component_list>
      <object_component id="oc-26">
         <name>.intvecs:retain</name>
         <load_address>0x0</load_address>
         <run_address>0x0</run_address>
         <size>0xe4</size>
         <input_file_ref idref="fl-3"/>
      </object_component>
      <object_component id="oc-73">
         <name>.text</name>
         <load_address>0xe4</load_address>
         <run_address>0xe4</run_address>
         <size>0x1234</size>
         <input_file_ref idref="fl-11"/>
      </object_component>
      <object_component id="oc-3f8">
         <name>.text:__TI_printfi</name>
         <load_address>0x1318</load_address>
         <run_address>0x1318</run_address>
         <size>0xa4e</size>
         <input_file_ref idref="fl-e4"/>
      </object_component>
      <object_component id="oc-6ef">
         <name>.text:_nop</name>
         <load_address>0x1d66</load_address>
         <run_address>0x1d66</run_address>
         <size>0x2</size>
         <input_file_ref idref="fl-f1"/>
      </object_component>
      <object_component id="oc-2bf">
         <name>.text</name>
         <load_address>0x1d68</load_address>
         <run_address>0x1d68</run_address>
         <size>0x9ba</size>
         <input_file_ref idref="fl-5"/>
      </object_component>
      <object_component id="oc-84a">
         <name>.text</name>
         <load_address>0x2722</load_address>
         <run_address>0x2722</run_address>
         <size>0x2</size>
         <input_file_ref idref="fl-ff"/>
      </object_component>
      <object_component id="oc-6d">
         <name>.text</name>
         <load_address>0x2724</load_address>
         <run_address>0x2724</run_address>
         <size>0x848</size>
         <input_file_ref idref="fl-1b"/>
      </object_component>
      <object_component id="oc-fa">
         <name>.text</name>
         <load_address>0x2f6c</load_address>
         <run_address>0x2f6c</run_address>
         <size>0x680</size>
         <input_file_ref idref="fl-1c"/>
      </object_component>
      <object_component id="oc-51b">
         <name>.text</name>
         <load_address>0x35ec</load_address>
         <run_address>0x35ec</run_address>
         <size>0x5ac</size>
         <input_file_ref idref="fl-e"/>
      </object_component>
      <object_component id="oc-20f">
         <name>.text:Graphics_drawString</name>
         <load_address>0x3b98</load_address>
         <run_address>0x3b98</run_address>
         <size>0x47e</size>
         <input_file_ref idref="fl-10e"/>
      </object_component>
      <object_component id="oc-244">
         <name>.text:Graphics_drawImage</name>
         <load_address>0x4016</load_address>
         <run_address>0x4016</run_address>
         <size>0x390</size>
         <input_file_ref idref="fl-10c"/>
      </object_component>
      <object_component id="oc-b1">
         <name>.text</name>
         <load_address>0x43a8</load_address>
         <run_address>0x43a8</run_address>
         <size>0x334</size>
         <input_file_ref idref="fl-4"/>
      </object_component>
      <object_component id="oc-5e1">
         <name>.text:_pconv_a</name>
         <load_address>0x46dc</load_address>
         <run_address>0x46dc</run_address>
         <size>0x270</size>
         <input_file_ref idref="fl-e4"/>
      </object_component>
      <object_component id="oc-5cf">
         <name>.text:_pconv_g</name>
         <load_address>0x494c</load_address>
         <run_address>0x494c</run_address>
         <size>0x1d0</size>
         <input_file_ref idref="fl-e4"/>
      </object_component>
      <object_component id="oc-763">
         <name>.text</name>
         <load_address>0x4b1c</load_address>
         <run_address>0x4b1c</run_address>
         <size>0x1b6</size>
         <input_file_ref idref="fl-e5"/>
      </object_component>
      <object_component id="oc-36c">
         <name>.text:_getIndexForMemRegister</name>
         <load_address>0x4cd4</load_address>
         <run_address>0x4cd4</run_address>
         <size>0x160</size>
         <input_file_ref idref="fl-110"/>
      </object_component>
      <object_component id="oc-711">
         <name>.text:__PCM_setPowerModeAdvanced</name>
         <load_address>0x4e34</load_address>
         <run_address>0x4e34</run_address>
         <size>0x15c</size>
         <input_file_ref idref="fl-115"/>
      </object_component>
      <object_component id="oc-2b9">
         <name>.text</name>
         <load_address>0x4f90</load_address>
         <run_address>0x4f90</run_address>
         <size>0x14c</size>
         <input_file_ref idref="fl-1f"/>
      </object_component>
      <object_component id="oc-381">
         <name>.text:privateTimer_AProcessClockSourceDivider</name>
         <load_address>0x50dc</load_address>
         <run_address>0x50dc</run_address>
         <size>0x144</size>
         <input_file_ref idref="fl-11a"/>
      </object_component>
      <object_component id="oc-5db">
         <name>.text:_pconv_e</name>
         <load_address>0x5220</load_address>
         <run_address>0x5220</run_address>
         <size>0x13c</size>
         <input_file_ref idref="fl-e4"/>
      </object_component>
      <object_component id="oc-749">
         <name>.text</name>
         <load_address>0x535c</load_address>
         <run_address>0x535c</run_address>
         <size>0x136</size>
         <input_file_ref idref="fl-e7"/>
      </object_component>
      <object_component id="oc-d0">
         <name>.text:CS_initClockSignal</name>
         <load_address>0x5494</load_address>
         <run_address>0x5494</run_address>
         <size>0x130</size>
         <input_file_ref idref="fl-111"/>
      </object_component>
      <object_component id="oc-775">
         <name>.text:fcvt</name>
         <load_address>0x55c4</load_address>
         <run_address>0x55c4</run_address>
         <size>0x124</size>
         <input_file_ref idref="fl-e4"/>
      </object_component>
      <object_component id="oc-9f">
         <name>.text</name>
         <load_address>0x56e8</load_address>
         <run_address>0x56e8</run_address>
         <size>0x118</size>
         <input_file_ref idref="fl-2"/>
      </object_component>
      <object_component id="oc-227">
         <name>.text:Graphics_fillRectangle</name>
         <load_address>0x5800</load_address>
         <run_address>0x5800</run_address>
         <size>0x112</size>
         <input_file_ref idref="fl-10d"/>
      </object_component>
      <object_component id="oc-789">
         <name>.text:scalbn</name>
         <load_address>0x5914</load_address>
         <run_address>0x5914</run_address>
         <size>0x110</size>
         <input_file_ref idref="fl-fe"/>
      </object_component>
      <object_component id="oc-318">
         <name>.text:__PCM_setCoreVoltageLevelAdvanced</name>
         <load_address>0x5a24</load_address>
         <run_address>0x5a24</run_address>
         <size>0x108</size>
         <input_file_ref idref="fl-115"/>
      </object_component>
      <object_component id="oc-744">
         <name>.text</name>
         <load_address>0x5b2c</load_address>
         <run_address>0x5b2c</run_address>
         <size>0xfc</size>
         <input_file_ref idref="fl-e8"/>
      </object_component>
      <object_component id="oc-502">
         <name>.text:Graphics_getStringWidth</name>
         <load_address>0x5c28</load_address>
         <run_address>0x5c28</run_address>
         <size>0xfa</size>
         <input_file_ref idref="fl-10e"/>
      </object_component>
      <object_component id="oc-338">
         <name>.text</name>
         <load_address>0x5d24</load_address>
         <run_address>0x5d24</run_address>
         <size>0xcc</size>
         <input_file_ref idref="fl-1d"/>
      </object_component>
      <object_component id="oc-136">
         <name>.text:ADC14_configureConversionMemory</name>
         <load_address>0x5df0</load_address>
         <run_address>0x5df0</run_address>
         <size>0xb4</size>
         <input_file_ref idref="fl-110"/>
      </object_component>
      <object_component id="oc-130">
         <name>.text:ADC14_configureMultiSequenceMode</name>
         <load_address>0x5ea4</load_address>
         <run_address>0x5ea4</run_address>
         <size>0xb4</size>
         <input_file_ref idref="fl-110"/>
      </object_component>
      <object_component id="oc-5c4">
         <name>.text:_ltostr</name>
         <load_address>0x5f58</load_address>
         <run_address>0x5f58</run_address>
         <size>0xb1</size>
         <input_file_ref idref="fl-e4"/>
      </object_component>
      <object_component id="oc-56c">
         <name>.text:SPI_initMaster</name>
         <load_address>0x600a</load_address>
         <run_address>0x600a</run_address>
         <size>0xb0</size>
         <input_file_ref idref="fl-117"/>
      </object_component>
      <object_component id="oc-417">
         <name>.text:Graphics_drawLineH</name>
         <load_address>0x60ba</load_address>
         <run_address>0x60ba</run_address>
         <size>0x9c</size>
         <input_file_ref idref="fl-10f"/>
      </object_component>
      <object_component id="oc-37">
         <name>.text</name>
         <load_address>0x6156</load_address>
         <run_address>0x6156</run_address>
         <size>0x9c</size>
         <input_file_ref idref="fl-dc"/>
      </object_component>
      <object_component id="oc-73d">
         <name>.text</name>
         <load_address>0x61f2</load_address>
         <run_address>0x61f2</run_address>
         <size>0x96</size>
         <input_file_ref idref="fl-ec"/>
      </object_component>
      <object_component id="oc-28b">
         <name>.text:RTC_C_getEnabledInterruptStatus</name>
         <load_address>0x6288</load_address>
         <run_address>0x6288</run_address>
         <size>0x94</size>
         <input_file_ref idref="fl-116"/>
      </object_component>
      <object_component id="oc-14e">
         <name>.text:RTC_C_initCalendar</name>
         <load_address>0x631c</load_address>
         <run_address>0x631c</run_address>
         <size>0x94</size>
         <input_file_ref idref="fl-116"/>
      </object_component>
      <object_component id="oc-11e">
         <name>.text:GPIO_setAsPeripheralModuleFunctionInputPin</name>
         <load_address>0x63b0</load_address>
         <run_address>0x63b0</run_address>
         <size>0x88</size>
         <input_file_ref idref="fl-113"/>
      </object_component>
      <object_component id="oc-19a">
         <name>.text:GPIO_setAsPeripheralModuleFunctionOutputPin</name>
         <load_address>0x6438</load_address>
         <run_address>0x6438</run_address>
         <size>0x88</size>
         <input_file_ref idref="fl-113"/>
      </object_component>
      <object_component id="oc-5ca">
         <name>.text:__aeabi_cdcmple</name>
         <load_address>0x64c0</load_address>
         <run_address>0x64c0</run_address>
         <size>0x86</size>
         <input_file_ref idref="fl-e6"/>
      </object_component>
      <object_component id="oc-74e">
         <name>.text:__aeabi_cdrcmple</name>
         <load_address>0x6546</load_address>
         <run_address>0x6546</run_address>
         <size>0x86</size>
         <input_file_ref idref="fl-e6"/>
      </object_component>
      <object_component id="oc-1b8">
         <name>.text:GPIO_getEnabledInterruptStatus</name>
         <load_address>0x65cc</load_address>
         <run_address>0x65cc</run_address>
         <size>0x84</size>
         <input_file_ref idref="fl-113"/>
      </object_component>
      <object_component id="oc-1ac">
         <name>.text:Interrupt_disableInterrupt</name>
         <load_address>0x6650</load_address>
         <run_address>0x6650</run_address>
         <size>0x80</size>
         <input_file_ref idref="fl-114"/>
      </object_component>
      <object_component id="oc-e8">
         <name>.text:Interrupt_enableInterrupt</name>
         <load_address>0x66d0</load_address>
         <run_address>0x66d0</run_address>
         <size>0x80</size>
         <input_file_ref idref="fl-114"/>
      </object_component>
      <object_component id="oc-25c">
         <name>.text:RTC_C_getCalendarTime</name>
         <load_address>0x6750</load_address>
         <run_address>0x6750</run_address>
         <size>0x7c</size>
         <input_file_ref idref="fl-116"/>
      </object_component>
      <object_component id="oc-93">
         <name>.text</name>
         <load_address>0x67cc</load_address>
         <run_address>0x67cc</run_address>
         <size>0x7a</size>
         <input_file_ref idref="fl-eb"/>
      </object_component>
      <object_component id="oc-76e">
         <name>.text:_mcpy</name>
         <load_address>0x6846</load_address>
         <run_address>0x6846</run_address>
         <size>0x6e</size>
         <input_file_ref idref="fl-e4"/>
      </object_component>
      <object_component id="oc-447">
         <name>.text:Graphics_convertPalette</name>
         <load_address>0x68b4</load_address>
         <run_address>0x68b4</run_address>
         <size>0x6c</size>
         <input_file_ref idref="fl-10c"/>
      </object_component>
      <object_component id="oc-24d">
         <name>.text:RTC_C_disableInterrupt</name>
         <load_address>0x6920</load_address>
         <run_address>0x6920</run_address>
         <size>0x6c</size>
         <input_file_ref idref="fl-116"/>
      </object_component>
      <object_component id="oc-16c">
         <name>.text:Timer_A_configureUpMode</name>
         <load_address>0x698c</load_address>
         <run_address>0x698c</run_address>
         <size>0x68</size>
         <input_file_ref idref="fl-11a"/>
      </object_component>
      <object_component id="oc-17">
         <name>.text:decompress:lzss:__TI_decompress_lzss</name>
         <load_address>0x69f4</load_address>
         <run_address>0x69f4</run_address>
         <size>0x68</size>
         <input_file_ref idref="fl-df"/>
      </object_component>
      <object_component id="oc-160">
         <name>.text:RTC_C_enableInterrupt</name>
         <load_address>0x6a5c</load_address>
         <run_address>0x6a5c</run_address>
         <size>0x64</size>
         <input_file_ref idref="fl-116"/>
      </object_component>
      <object_component id="oc-783">
         <name>.text:frexp</name>
         <load_address>0x6ac0</load_address>
         <run_address>0x6ac0</run_address>
         <size>0x64</size>
         <input_file_ref idref="fl-fd"/>
      </object_component>
      <object_component id="oc-54e">
         <name>.text:PCM_getCoreVoltageLevel</name>
         <load_address>0x6b24</load_address>
         <run_address>0x6b24</run_address>
         <size>0x5e</size>
         <input_file_ref idref="fl-115"/>
      </object_component>
      <object_component id="oc-4c5">
         <name>.text:RTC_C_getInterruptStatus</name>
         <load_address>0x6b84</load_address>
         <run_address>0x6b84</run_address>
         <size>0x5c</size>
         <input_file_ref idref="fl-116"/>
      </object_component>
      <object_component id="oc-548">
         <name>.text:PCM_getPowerMode</name>
         <load_address>0x6be0</load_address>
         <run_address>0x6be0</run_address>
         <size>0x5a</size>
         <input_file_ref idref="fl-115"/>
      </object_component>
      <object_component id="oc-d6">
         <name>.text:GPIO_setAsInputPinWithPullUpResistor</name>
         <load_address>0x6c3c</load_address>
         <run_address>0x6c3c</run_address>
         <size>0x58</size>
         <input_file_ref idref="fl-113"/>
      </object_component>
      <object_component id="oc-15a">
         <name>.text:RTC_C_clearInterruptFlag</name>
         <load_address>0x6c94</load_address>
         <run_address>0x6c94</run_address>
         <size>0x58</size>
         <input_file_ref idref="fl-116"/>
      </object_component>
      <object_component id="oc-5d5">
         <name>.text:_pconv_f</name>
         <load_address>0x6cec</load_address>
         <run_address>0x6cec</run_address>
         <size>0x56</size>
         <input_file_ref idref="fl-e4"/>
      </object_component>
      <object_component id="oc-12a">
         <name>.text:ADC14_initModule</name>
         <load_address>0x6d44</load_address>
         <run_address>0x6d44</run_address>
         <size>0x54</size>
         <input_file_ref idref="fl-110"/>
      </object_component>
      <object_component id="oc-758">
         <name>.text:__TI_ltoa</name>
         <load_address>0x6d98</load_address>
         <run_address>0x6d98</run_address>
         <size>0x54</size>
         <input_file_ref idref="fl-f2"/>
      </object_component>
      <object_component id="oc-100">
         <name>.text:Graphics_initContext</name>
         <load_address>0x6dec</load_address>
         <run_address>0x6dec</run_address>
         <size>0x52</size>
         <input_file_ref idref="fl-102"/>
      </object_component>
      <object_component id="oc-768">
         <name>.text:_ecpy</name>
         <load_address>0x6e3e</load_address>
         <run_address>0x6e3e</run_address>
         <size>0x52</size>
         <input_file_ref idref="fl-e4"/>
      </object_component>
      <object_component id="oc-1a0">
         <name>.text:Timer_A_initCompare</name>
         <load_address>0x6e90</load_address>
         <run_address>0x6e90</run_address>
         <size>0x4e</size>
         <input_file_ref idref="fl-11a"/>
      </object_component>
      <object_component id="oc-5be">
         <name>.text:atoi</name>
         <load_address>0x6ee0</load_address>
         <run_address>0x6ee0</run_address>
         <size>0x4c</size>
         <input_file_ref idref="fl-f4"/>
      </object_component>
      <object_component id="oc-c4">
         <name>.text:FlashCtl_setWaitState</name>
         <load_address>0x6f2c</load_address>
         <run_address>0x6f2c</run_address>
         <size>0x48</size>
         <input_file_ref idref="fl-112"/>
      </object_component>
      <object_component id="oc-678">
         <name>.text:HOSTtime</name>
         <load_address>0x6f74</load_address>
         <run_address>0x6f74</run_address>
         <size>0x48</size>
         <input_file_ref idref="fl-f9"/>
      </object_component>
      <object_component id="oc-753">
         <name>.text</name>
         <load_address>0x6fbc</load_address>
         <run_address>0x6fbc</run_address>
         <size>0x48</size>
         <input_file_ref idref="fl-e9"/>
      </object_component>
      <object_component id="oc-44d">
         <name>.text:Graphics_drawMultiplePixelsOnDisplay</name>
         <load_address>0x7004</load_address>
         <run_address>0x7004</run_address>
         <size>0x46</size>
         <input_file_ref idref="fl-103"/>
      </object_component>
      <object_component id="oc-2db">
         <name>.text:__TI_auto_init_nobinit_nopinit:__TI_auto_init_nobinit_nopinit</name>
         <load_address>0x704c</load_address>
         <run_address>0x704c</run_address>
         <size>0x44</size>
         <input_file_ref idref="fl-ed"/>
      </object_component>
      <object_component id="oc-ee">
         <name>.text:GPIO_setAsOutputPin</name>
         <load_address>0x7090</load_address>
         <run_address>0x7090</run_address>
         <size>0x40</size>
         <input_file_ref idref="fl-113"/>
      </object_component>
      <object_component id="oc-411">
         <name>.text:Graphics_getNumberOfLeadingZeros</name>
         <load_address>0x70d0</load_address>
         <run_address>0x70d0</run_address>
         <size>0x40</size>
         <input_file_ref idref="fl-10e"/>
      </object_component>
      <object_component id="oc-221">
         <name>.text:RTC_C_setCalendarAlarm</name>
         <load_address>0x7110</load_address>
         <run_address>0x7110</run_address>
         <size>0x40</size>
         <input_file_ref idref="fl-116"/>
      </object_component>
      <object_component id="oc-2c5">
         <name>.text</name>
         <load_address>0x7150</load_address>
         <run_address>0x7150</run_address>
         <size>0x40</size>
         <input_file_ref idref="fl-10"/>
      </object_component>
      <object_component id="oc-71c">
         <name>.text:is_A_Module</name>
         <load_address>0x7190</load_address>
         <run_address>0x7190</run_address>
         <size>0x40</size>
         <input_file_ref idref="fl-117"/>
      </object_component>
      <object_component id="oc-209">
         <name>.text:sprintf</name>
         <load_address>0x71d0</load_address>
         <run_address>0x71d0</run_address>
         <size>0x40</size>
         <input_file_ref idref="fl-db"/>
      </object_component>
      <object_component id="oc-77b">
         <name>.text:_fcpy</name>
         <load_address>0x7210</load_address>
         <run_address>0x7210</run_address>
         <size>0x3e</size>
         <input_file_ref idref="fl-e4"/>
      </object_component>
      <object_component id="oc-e2">
         <name>.text:GPIO_interruptEdgeSelect</name>
         <load_address>0x7250</load_address>
         <run_address>0x7250</run_address>
         <size>0x3c</size>
         <input_file_ref idref="fl-113"/>
      </object_component>
      <object_component id="oc-154">
         <name>.text:RTC_C_setCalendarEvent</name>
         <load_address>0x728c</load_address>
         <run_address>0x728c</run_address>
         <size>0x3c</size>
         <input_file_ref idref="fl-116"/>
      </object_component>
      <object_component id="oc-1d6">
         <name>.text:ADC14_getEnabledInterruptStatus</name>
         <load_address>0x72c8</load_address>
         <run_address>0x72c8</run_address>
         <size>0x38</size>
         <input_file_ref idref="fl-110"/>
      </object_component>
      <object_component id="oc-7be">
         <name>.text:__TI_writemsg</name>
         <load_address>0x7300</load_address>
         <run_address>0x7300</run_address>
         <size>0x38</size>
         <input_file_ref idref="fl-fa"/>
      </object_component>
      <object_component id="oc-60a">
         <name>.text:Graphics_drawHorizontalLineOnDisplay</name>
         <load_address>0x7338</load_address>
         <run_address>0x7338</run_address>
         <size>0x36</size>
         <input_file_ref idref="fl-103"/>
      </object_component>
      <object_component id="oc-13c">
         <name>.text:ADC14_enableSampleTimer</name>
         <load_address>0x7370</load_address>
         <run_address>0x7370</run_address>
         <size>0x34</size>
         <input_file_ref idref="fl-110"/>
      </object_component>
      <object_component id="oc-ca">
         <name>.text:CS_setDCOCenteredFrequency</name>
         <load_address>0x73a4</load_address>
         <run_address>0x73a4</run_address>
         <size>0x34</size>
         <input_file_ref idref="fl-111"/>
      </object_component>
      <object_component id="oc-7c4">
         <name>.text:__TI_readmsg</name>
         <load_address>0x73d8</load_address>
         <run_address>0x73d8</run_address>
         <size>0x34</size>
         <input_file_ref idref="fl-fa"/>
      </object_component>
      <object_component id="oc-55">
         <name>.text:_c_int00_noargs:_c_int00_noargs</name>
         <load_address>0x740c</load_address>
         <run_address>0x740c</run_address>
         <size>0x34</size>
         <input_file_ref idref="fl-e2"/>
      </object_component>
      <object_component id="oc-4e0">
         <name>.text:rand</name>
         <load_address>0x7440</load_address>
         <run_address>0x7440</run_address>
         <size>0x34</size>
         <input_file_ref idref="fl-e0"/>
      </object_component>
      <object_component id="oc-1dc">
         <name>.text:ADC14_clearInterruptFlag</name>
         <load_address>0x7474</load_address>
         <run_address>0x7474</run_address>
         <size>0x30</size>
         <input_file_ref idref="fl-110"/>
      </object_component>
      <object_component id="oc-148">
         <name>.text:ADC14_enableInterrupt</name>
         <load_address>0x74a4</load_address>
         <run_address>0x74a4</run_address>
         <size>0x30</size>
         <input_file_ref idref="fl-110"/>
      </object_component>
      <object_component id="oc-75e">
         <name>.text</name>
         <load_address>0x74d4</load_address>
         <run_address>0x74d4</run_address>
         <size>0x2e</size>
         <input_file_ref idref="fl-ea"/>
      </object_component>
      <object_component id="oc-3e6">
         <name>.text:ADC14_getInterruptStatus</name>
         <load_address>0x7504</load_address>
         <run_address>0x7504</run_address>
         <size>0x2c</size>
         <input_file_ref idref="fl-110"/>
      </object_component>
      <object_component id="oc-1ca">
         <name>.text:ADC14_toggleConversionTrigger</name>
         <load_address>0x7530</load_address>
         <run_address>0x7530</run_address>
         <size>0x2c</size>
         <input_file_ref idref="fl-110"/>
      </object_component>
      <object_component id="oc-41d">
         <name>.text:Graphics_drawPixelOnDisplay</name>
         <load_address>0x755c</load_address>
         <run_address>0x755c</run_address>
         <size>0x2c</size>
         <input_file_ref idref="fl-103"/>
      </object_component>
      <object_component id="oc-166">
         <name>.text:RTC_C_startClock</name>
         <load_address>0x7588</load_address>
         <run_address>0x7588</run_address>
         <size>0x2c</size>
         <input_file_ref idref="fl-116"/>
      </object_component>
      <object_component id="oc-1b2">
         <name>.text:Timer_A_clearCaptureCompareInterrupt</name>
         <load_address>0x75b4</load_address>
         <run_address>0x75b4</run_address>
         <size>0x2c</size>
         <input_file_ref idref="fl-11a"/>
      </object_component>
      <object_component id="oc-1c4">
         <name>.text:ADC14_enableConversion</name>
         <load_address>0x75e0</load_address>
         <run_address>0x75e0</run_address>
         <size>0x28</size>
         <input_file_ref idref="fl-110"/>
      </object_component>
      <object_component id="oc-1e2">
         <name>.text:ADC14_getResult</name>
         <load_address>0x7608</load_address>
         <run_address>0x7608</run_address>
         <size>0x28</size>
         <input_file_ref idref="fl-110"/>
      </object_component>
      <object_component id="oc-1be">
         <name>.text:GPIO_clearInterruptFlag</name>
         <load_address>0x7630</load_address>
         <run_address>0x7630</run_address>
         <size>0x28</size>
         <input_file_ref idref="fl-113"/>
      </object_component>
      <object_component id="oc-dc">
         <name>.text:GPIO_enableInterrupt</name>
         <load_address>0x7658</load_address>
         <run_address>0x7658</run_address>
         <size>0x28</size>
         <input_file_ref idref="fl-113"/>
      </object_component>
      <object_component id="oc-33e">
         <name>.text:GPIO_setOutputHighOnPin</name>
         <load_address>0x7680</load_address>
         <run_address>0x7680</run_address>
         <size>0x28</size>
         <input_file_ref idref="fl-113"/>
      </object_component>
      <object_component id="oc-f4">
         <name>.text:GPIO_setOutputLowOnPin</name>
         <load_address>0x76a8</load_address>
         <run_address>0x76a8</run_address>
         <size>0x28</size>
         <input_file_ref idref="fl-113"/>
      </object_component>
      <object_component id="oc-291">
         <name>.text:GPIO_toggleOutputOnPin</name>
         <load_address>0x76d0</load_address>
         <run_address>0x76d0</run_address>
         <size>0x28</size>
         <input_file_ref idref="fl-113"/>
      </object_component>
      <object_component id="oc-187">
         <name>.text:PCM_gotoLPM0</name>
         <load_address>0x76f8</load_address>
         <run_address>0x76f8</run_address>
         <size>0x28</size>
         <input_file_ref idref="fl-115"/>
      </object_component>
      <object_component id="oc-3db">
         <name>.text:GPIO_getInterruptStatus</name>
         <load_address>0x7720</load_address>
         <run_address>0x7720</run_address>
         <size>0x24</size>
         <input_file_ref idref="fl-113"/>
      </object_component>
      <object_component id="oc-4da">
         <name>.text:srand</name>
         <load_address>0x7744</load_address>
         <run_address>0x7744</run_address>
         <size>0x24</size>
         <input_file_ref idref="fl-e0"/>
      </object_component>
      <object_component id="oc-142">
         <name>.text:ADC14_setResolution</name>
         <load_address>0x7768</load_address>
         <run_address>0x7768</run_address>
         <size>0x20</size>
         <input_file_ref idref="fl-110"/>
      </object_component>
      <object_component id="oc-42d">
         <name>.text:Graphics_fillRectangleOnDisplay</name>
         <load_address>0x7788</load_address>
         <run_address>0x7788</run_address>
         <size>0x1e</size>
         <input_file_ref idref="fl-103"/>
      </object_component>
      <object_component id="oc-215">
         <name>.text:RTC_C_convertBCDToBinary</name>
         <load_address>0x77a8</load_address>
         <run_address>0x77a8</run_address>
         <size>0x1c</size>
         <input_file_ref idref="fl-116"/>
      </object_component>
      <object_component id="oc-21b">
         <name>.text:RTC_C_convertBinaryToBCD</name>
         <load_address>0x77c4</load_address>
         <run_address>0x77c4</run_address>
         <size>0x1c</size>
         <input_file_ref idref="fl-116"/>
      </object_component>
      <object_component id="oc-572">
         <name>.text:SPI_enableModule</name>
         <load_address>0x77e0</load_address>
         <run_address>0x77e0</run_address>
         <size>0x1c</size>
         <input_file_ref idref="fl-117"/>
      </object_component>
      <object_component id="oc-5e7">
         <name>.text:memccpy</name>
         <load_address>0x77fc</load_address>
         <run_address>0x77fc</run_address>
         <size>0x1c</size>
         <input_file_ref idref="fl-f6"/>
      </object_component>
      <object_component id="oc-35c">
         <name>.text:Graphics_clearDisplayOnDisplay</name>
         <load_address>0x7818</load_address>
         <run_address>0x7818</run_address>
         <size>0x1a</size>
         <input_file_ref idref="fl-103"/>
      </object_component>
      <object_component id="oc-10c">
         <name>.text:Graphics_setBackgroundColor</name>
         <load_address>0x7832</load_address>
         <run_address>0x7832</run_address>
         <size>0x1a</size>
         <input_file_ref idref="fl-102"/>
      </object_component>
      <object_component id="oc-112">
         <name>.text:Graphics_setFont</name>
         <load_address>0x784c</load_address>
         <run_address>0x784c</run_address>
         <size>0x1a</size>
         <input_file_ref idref="fl-102"/>
      </object_component>
      <object_component id="oc-863">
         <name>.text:copysign</name>
         <load_address>0x7866</load_address>
         <run_address>0x7866</run_address>
         <size>0x1a</size>
         <input_file_ref idref="fl-101"/>
      </object_component>
      <object_component id="oc-3fe">
         <name>.text:_outs</name>
         <load_address>0x7880</load_address>
         <run_address>0x7880</run_address>
         <size>0x18</size>
         <input_file_ref idref="fl-db"/>
      </object_component>
      <object_component id="oc-724">
         <name>.text:EUSCI_A_SPI_enable</name>
         <load_address>0x7898</load_address>
         <run_address>0x7898</run_address>
         <size>0x16</size>
         <input_file_ref idref="fl-117"/>
      </object_component>
      <object_component id="oc-72a">
         <name>.text:EUSCI_B_SPI_enable</name>
         <load_address>0x78ae</load_address>
         <run_address>0x78ae</run_address>
         <size>0x16</size>
         <input_file_ref idref="fl-117"/>
      </object_component>
      <object_component id="oc-106">
         <name>.text:Graphics_setForegroundColor</name>
         <load_address>0x78c4</load_address>
         <run_address>0x78c4</run_address>
         <size>0x16</size>
         <input_file_ref idref="fl-102"/>
      </object_component>
      <object_component id="oc-353">
         <name>.text:Graphics_translateColorOnDisplay</name>
         <load_address>0x78da</load_address>
         <run_address>0x78da</run_address>
         <size>0x16</size>
         <input_file_ref idref="fl-103"/>
      </object_component>
      <object_component id="oc-172">
         <name>.text:Timer_A_startCounter</name>
         <load_address>0x78f0</load_address>
         <run_address>0x78f0</run_address>
         <size>0x16</size>
         <input_file_ref idref="fl-11a"/>
      </object_component>
      <object_component id="oc-78f">
         <name>.text:strchr</name>
         <load_address>0x7906</load_address>
         <run_address>0x7906</run_address>
         <size>0x16</size>
         <input_file_ref idref="fl-f7"/>
      </object_component>
      <object_component id="oc-554">
         <name>.text:PCM_getPowerState</name>
         <load_address>0x791c</load_address>
         <run_address>0x791c</run_address>
         <size>0x14</size>
         <input_file_ref idref="fl-115"/>
      </object_component>
      <object_component id="oc-1a6">
         <name>.text:Timer_A_stopTimer</name>
         <load_address>0x7930</load_address>
         <run_address>0x7930</run_address>
         <size>0x14</size>
         <input_file_ref idref="fl-11a"/>
      </object_component>
      <object_component id="oc-282">
         <name>.text:strcpy</name>
         <load_address>0x7944</load_address>
         <run_address>0x7944</run_address>
         <size>0x14</size>
         <input_file_ref idref="fl-e1"/>
      </object_component>
      <object_component id="oc-5b8">
         <name>.text:strlen</name>
         <load_address>0x7958</load_address>
         <run_address>0x7958</run_address>
         <size>0x14</size>
         <input_file_ref idref="fl-f8"/>
      </object_component>
      <object_component id="oc-118">
         <name>.text:Graphics_clearDisplay</name>
         <load_address>0x796c</load_address>
         <run_address>0x796c</run_address>
         <size>0x12</size>
         <input_file_ref idref="fl-102"/>
      </object_component>
      <object_component id="oc-5ed">
         <name>.text:wcslen</name>
         <load_address>0x797e</load_address>
         <run_address>0x797e</run_address>
         <size>0x12</size>
         <input_file_ref idref="fl-fc"/>
      </object_component>
      <object_component id="oc-1d0">
         <name>.text:ADC14_disableConversion</name>
         <load_address>0x7990</load_address>
         <run_address>0x7990</run_address>
         <size>0x10</size>
         <input_file_ref idref="fl-110"/>
      </object_component>
      <object_component id="oc-365">
         <name>.text:ADCIsConversionRunning</name>
         <load_address>0x79a0</load_address>
         <run_address>0x79a0</run_address>
         <size>0x10</size>
         <input_file_ref idref="fl-110"/>
      </object_component>
      <object_component id="oc-4fc">
         <name>.text:Graphics_getStringHeight</name>
         <load_address>0x79b0</load_address>
         <run_address>0x79b0</run_address>
         <size>0x10</size>
         <input_file_ref idref="fl-10e"/>
      </object_component>
      <object_component id="oc-b8">
         <name>.text:Interrupt_enableMaster</name>
         <load_address>0x79c0</load_address>
         <run_address>0x79c0</run_address>
         <size>0x10</size>
         <input_file_ref idref="fl-114"/>
      </object_component>
      <object_component id="oc-be">
         <name>.text:PCM_setCoreVoltageLevel</name>
         <load_address>0x79d0</load_address>
         <run_address>0x79d0</run_address>
         <size>0x10</size>
         <input_file_ref idref="fl-115"/>
      </object_component>
      <object_component id="oc-55a">
         <name>.text:PCM_setPowerMode</name>
         <load_address>0x79e0</load_address>
         <run_address>0x79e0</run_address>
         <size>0x10</size>
         <input_file_ref idref="fl-115"/>
      </object_component>
      <object_component id="oc-4d4">
         <name>.text:__time32</name>
         <load_address>0x79f0</load_address>
         <run_address>0x79f0</run_address>
         <size>0xe</size>
         <input_file_ref idref="fl-e3"/>
      </object_component>
      <object_component id="oc-1d">
         <name>.text:decompress:none:__TI_decompress_none</name>
         <load_address>0x79fe</load_address>
         <run_address>0x79fe</run_address>
         <size>0xe</size>
         <input_file_ref idref="fl-de"/>
      </object_component>
      <object_component id="oc-67">
         <name>.text</name>
         <load_address>0x7a0c</load_address>
         <run_address>0x7a0c</run_address>
         <size>0xe</size>
         <input_file_ref idref="fl-3"/>
      </object_component>
      <object_component id="oc-124">
         <name>.text:ADC14_enableModule</name>
         <load_address>0x7a1c</load_address>
         <run_address>0x7a1c</run_address>
         <size>0xc</size>
         <input_file_ref idref="fl-110"/>
      </object_component>
      <object_component id="oc-311">
         <name>.text:CPU_cpsie</name>
         <load_address>0x7a28</load_address>
         <run_address>0x7a28</run_address>
         <size>0xc</size>
         <input_file_ref idref="fl-11c"/>
      </object_component>
      <object_component id="oc-49">
         <name>.text:decompress:ZI:__TI_zero_init</name>
         <load_address>0x7a34</load_address>
         <run_address>0x7a34</run_address>
         <size>0xc</size>
         <input_file_ref idref="fl-dd"/>
      </object_component>
      <object_component id="oc-404">
         <name>.text:_outc</name>
         <load_address>0x7a40</load_address>
         <run_address>0x7a40</run_address>
         <size>0xa</size>
         <input_file_ref idref="fl-db"/>
      </object_component>
      <object_component id="oc-5f3">
         <name>.text:__aeabi_errno_addr</name>
         <load_address>0x7a4c</load_address>
         <run_address>0x7a4c</run_address>
         <size>0x8</size>
         <input_file_ref idref="fl-fb"/>
      </object_component>
      <object_component id="oc-3c0">
         <name>.text:CPU_wfi</name>
         <load_address>0x7a54</load_address>
         <run_address>0x7a54</run_address>
         <size>0x4</size>
         <input_file_ref idref="fl-11c"/>
      </object_component>
      <object_component id="oc-99">
         <name>.text:_system_pre_init</name>
         <load_address>0x7a58</load_address>
         <run_address>0x7a58</run_address>
         <size>0x4</size>
         <input_file_ref idref="fl-ee"/>
      </object_component>
      <object_component id="oc-2cf">
         <name>.text:abort:abort</name>
         <load_address>0x7a5c</load_address>
         <run_address>0x7a5c</run_address>
         <size>0x4</size>
         <input_file_ref idref="fl-f0"/>
      </object_component>
      <object_component id="oc-4bf">
         <name>.const:.string:g_pucCm34bData</name>
         <load_address>0x7a60</load_address>
         <run_address>0x7a60</run_address>
         <size>0xf3f</size>
         <input_file_ref idref="fl-10a"/>
      </object_component>
      <object_component id="oc-6d7">
         <name>.const:.string:g_pucCm24bData</name>
         <load_address>0x899f</load_address>
         <run_address>0x899f</run_address>
         <size>0xb19</size>
         <input_file_ref idref="fl-109"/>
      </object_component>
      <object_component id="oc-81f">
         <name>.const:.string:g_pucCm20bData</name>
         <load_address>0x94b8</load_address>
         <run_address>0x94b8</run_address>
         <size>0x94d</size>
         <input_file_ref idref="fl-108"/>
      </object_component>
      <object_component id="oc-439">
         <name>.const:.string:g_pucCm18bData</name>
         <load_address>0x9e05</load_address>
         <run_address>0x9e05</run_address>
         <size>0x833</size>
         <input_file_ref idref="fl-107"/>
      </object_component>
      <object_component id="oc-471">
         <name>.const:.string:g_pucCm16bData</name>
         <load_address>0xa638</load_address>
         <run_address>0xa638</run_address>
         <size>0x755</size>
         <input_file_ref idref="fl-106"/>
      </object_component>
      <object_component id="oc-48a">
         <name>.const:.string:g_pucCm14Data</name>
         <load_address>0xad8d</load_address>
         <run_address>0xad8d</run_address>
         <size>0x65a</size>
         <input_file_ref idref="fl-105"/>
      </object_component>
      <object_component id="oc-6dd">
         <name>.const:.string:g_pucCm12bData</name>
         <load_address>0xb3e7</load_address>
         <run_address>0xb3e7</run_address>
         <size>0x530</size>
         <input_file_ref idref="fl-104"/>
      </object_component>
      <object_component id="oc-490">
         <name>.const:palette_ALARM_OFF8BPP_UNCOMP</name>
         <load_address>0xb918</load_address>
         <run_address>0xb918</run_address>
         <size>0x400</size>
         <input_file_ref idref="fl-12"/>
      </object_component>
      <object_component id="oc-481">
         <name>.const:palette_ALARM_ON8BPP_UNCOMP</name>
         <load_address>0xbd18</load_address>
         <run_address>0xbd18</run_address>
         <size>0x400</size>
         <input_file_ref idref="fl-13"/>
      </object_component>
      <object_component id="oc-499">
         <name>.const:palette_CLOCK_18BPP_UNCOMP</name>
         <load_address>0xc118</load_address>
         <run_address>0xc118</run_address>
         <size>0x400</size>
         <input_file_ref idref="fl-14"/>
      </object_component>
      <object_component id="oc-4a2">
         <name>.const:palette_CLOCK_28BPP_UNCOMP</name>
         <load_address>0xc518</load_address>
         <run_address>0xc518</run_address>
         <size>0x400</size>
         <input_file_ref idref="fl-15"/>
      </object_component>
      <object_component id="oc-4ab">
         <name>.const:palette_CLOCK_38BPP_UNCOMP</name>
         <load_address>0xc918</load_address>
         <run_address>0xc918</run_address>
         <size>0x400</size>
         <input_file_ref idref="fl-16"/>
      </object_component>
      <object_component id="oc-4b4">
         <name>.const:palette_CLOCK_48BPP_UNCOMP</name>
         <load_address>0xcd18</load_address>
         <run_address>0xcd18</run_address>
         <size>0x400</size>
         <input_file_ref idref="fl-17"/>
      </object_component>
      <object_component id="oc-49c">
         <name>.const:.string:pixel_CLOCK_18BPP_UNCOMP</name>
         <load_address>0xd118</load_address>
         <run_address>0xd118</run_address>
         <size>0x384</size>
         <input_file_ref idref="fl-14"/>
      </object_component>
      <object_component id="oc-4a5">
         <name>.const:.string:pixel_CLOCK_28BPP_UNCOMP</name>
         <load_address>0xd49c</load_address>
         <run_address>0xd49c</run_address>
         <size>0x384</size>
         <input_file_ref idref="fl-15"/>
      </object_component>
      <object_component id="oc-4ae">
         <name>.const:.string:pixel_CLOCK_38BPP_UNCOMP</name>
         <load_address>0xd820</load_address>
         <run_address>0xd820</run_address>
         <size>0x384</size>
         <input_file_ref idref="fl-16"/>
      </object_component>
      <object_component id="oc-4b7">
         <name>.const:.string:pixel_CLOCK_48BPP_UNCOMP</name>
         <load_address>0xdba4</load_address>
         <run_address>0xdba4</run_address>
         <size>0x384</size>
         <input_file_ref idref="fl-17"/>
      </object_component>
      <object_component id="oc-3cb">
         <name>.const:.string:g_pucFontFixed6x8Data</name>
         <load_address>0xdf28</load_address>
         <run_address>0xdf28</run_address>
         <size>0x2f8</size>
         <input_file_ref idref="fl-10b"/>
      </object_component>
      <object_component id="oc-493">
         <name>.const:.string:pixel_ALARM_OFF8BPP_UNCOMP</name>
         <load_address>0xe220</load_address>
         <run_address>0xe220</run_address>
         <size>0x190</size>
         <input_file_ref idref="fl-12"/>
      </object_component>
      <object_component id="oc-484">
         <name>.const:.string:pixel_ALARM_ON8BPP_UNCOMP</name>
         <load_address>0xe3b0</load_address>
         <run_address>0xe3b0</run_address>
         <size>0x190</size>
         <input_file_ref idref="fl-13"/>
      </object_component>
      <object_component id="oc-738">
         <name>.const:.string:_ctypes_</name>
         <load_address>0xe540</load_address>
         <run_address>0xe540</run_address>
         <size>0x101</size>
         <input_file_ref idref="fl-f5"/>
      </object_component>
      <object_component id="oc-512">
         <name>.const:g_sFontCm12b</name>
         <load_address>0xe644</load_address>
         <run_address>0xe644</run_address>
         <size>0xc8</size>
         <input_file_ref idref="fl-104"/>
      </object_component>
      <object_component id="oc-26f">
         <name>.const:g_sFontCm14</name>
         <load_address>0xe70c</load_address>
         <run_address>0xe70c</run_address>
         <size>0xc8</size>
         <input_file_ref idref="fl-105"/>
      </object_component>
      <object_component id="oc-259">
         <name>.const:g_sFontCm16b</name>
         <load_address>0xe7d4</load_address>
         <run_address>0xe7d4</run_address>
         <size>0xc8</size>
         <input_file_ref idref="fl-106"/>
      </object_component>
      <object_component id="oc-234">
         <name>.const:g_sFontCm18b</name>
         <load_address>0xe89c</load_address>
         <run_address>0xe89c</run_address>
         <size>0xc8</size>
         <input_file_ref idref="fl-107"/>
      </object_component>
      <object_component id="oc-6e6">
         <name>.const:g_sFontCm20b</name>
         <load_address>0xe964</load_address>
         <run_address>0xe964</run_address>
         <size>0xc8</size>
         <input_file_ref idref="fl-108"/>
      </object_component>
      <object_component id="oc-50f">
         <name>.const:g_sFontCm24b</name>
         <load_address>0xea2c</load_address>
         <run_address>0xea2c</run_address>
         <size>0xc8</size>
         <input_file_ref idref="fl-109"/>
      </object_component>
      <object_component id="oc-288">
         <name>.const:g_sFontCm34b</name>
         <load_address>0xeaf4</load_address>
         <run_address>0xeaf4</run_address>
         <size>0xc8</size>
         <input_file_ref idref="fl-10a"/>
      </object_component>
      <object_component id="oc-194">
         <name>.const:g_sFontFixed6x8</name>
         <load_address>0xebbc</load_address>
         <run_address>0xebbc</run_address>
         <size>0xc8</size>
         <input_file_ref idref="fl-10b"/>
      </object_component>
      <object_component id="oc-372">
         <name>.const:_ctlRegs</name>
         <load_address>0xec84</load_address>
         <run_address>0xec84</run_address>
         <size>0x80</size>
         <input_file_ref idref="fl-110"/>
      </object_component>
      <object_component id="oc-690">
         <name>.const:.string:pixel_a1BPP_UNCOMP</name>
         <load_address>0xed04</load_address>
         <run_address>0xed04</run_address>
         <size>0x48</size>
         <input_file_ref idref="fl-6"/>
      </object_component>
      <object_component id="oc-6ab">
         <name>.const:.string:pixel_b1BPP_UNCOMP</name>
         <load_address>0xed4c</load_address>
         <run_address>0xed4c</run_address>
         <size>0x48</size>
         <input_file_ref idref="fl-7"/>
      </object_component>
      <object_component id="oc-6bd">
         <name>.const:.string:pixel_down_arrow1BPP_UNCOMP</name>
         <load_address>0xed94</load_address>
         <run_address>0xed94</run_address>
         <size>0x48</size>
         <input_file_ref idref="fl-8"/>
      </object_component>
      <object_component id="oc-6c8">
         <name>.const:.string:pixel_left_arrow1BPP_UNCOMP</name>
         <load_address>0xeddc</load_address>
         <run_address>0xeddc</run_address>
         <size>0x48</size>
         <input_file_ref idref="fl-9"/>
      </object_component>
      <object_component id="oc-6d1">
         <name>.const:.string:pixel_right_arrow1BPP_UNCOMP</name>
         <load_address>0xee24</load_address>
         <run_address>0xee24</run_address>
         <size>0x48</size>
         <input_file_ref idref="fl-a"/>
      </object_component>
      <object_component id="oc-6b4">
         <name>.const:.string:pixel_up_arrow1BPP_UNCOMP</name>
         <load_address>0xee6c</load_address>
         <run_address>0xee6c</run_address>
         <size>0x48</size>
         <input_file_ref idref="fl-b"/>
      </object_component>
      <object_component id="oc-819">
         <name>.const:.string:pixel_v1BPP_UNCOMP2</name>
         <load_address>0xeeb4</load_address>
         <run_address>0xeeb4</run_address>
         <size>0x48</size>
         <input_file_ref idref="fl-f"/>
      </object_component>
      <object_component id="oc-699">
         <name>.const:.string:pixel_v1BPP_UNCOMP</name>
         <load_address>0xeefc</load_address>
         <run_address>0xeefc</run_address>
         <size>0x48</size>
         <input_file_ref idref="fl-c"/>
      </object_component>
      <object_component id="oc-6a2">
         <name>.const:.string:pixel_x1BPP_UNCOMP</name>
         <load_address>0xef44</load_address>
         <run_address>0xef44</run_address>
         <size>0x48</size>
         <input_file_ref idref="fl-d"/>
      </object_component>
      <object_component id="oc-32c">
         <name>.const:GPIO_PORT_TO_BASE</name>
         <load_address>0xef8c</load_address>
         <run_address>0xef8c</run_address>
         <size>0x30</size>
         <input_file_ref idref="fl-113"/>
      </object_component>
      <object_component id="oc-191">
         <name>.const:g_sCrystalfontz128x128_funcs</name>
         <load_address>0xefbc</load_address>
         <run_address>0xefbc</run_address>
         <size>0x20</size>
         <input_file_ref idref="fl-1c"/>
      </object_component>
      <object_component id="oc-578">
         <name>.const:$P$T0$1</name>
         <load_address>0xefdc</load_address>
         <run_address>0xefdc</run_address>
         <size>0x1c</size>
         <input_file_ref idref="fl-1d"/>
      </object_component>
      <object_component id="oc-197">
         <name>.const:currentTime</name>
         <load_address>0xeff8</load_address>
         <run_address>0xeff8</run_address>
         <size>0x1c</size>
         <input_file_ref idref="fl-1b"/>
      </object_component>
      <object_component id="oc-1eb">
         <name>.const:$P$T1$2</name>
         <load_address>0xf014</load_address>
         <run_address>0xf014</run_address>
         <size>0x18</size>
         <input_file_ref idref="fl-1b"/>
      </object_component>
      <object_component id="oc-46b">
         <name>.const:.string:pixel_CURSOR_DOWN1BPP_UNCOMP</name>
         <load_address>0xf02c</load_address>
         <run_address>0xf02c</run_address>
         <size>0x16</size>
         <input_file_ref idref="fl-18"/>
      </object_component>
      <object_component id="oc-458">
         <name>.const:.string:pixel_CURSOR_R1BPP_UNCOMP</name>
         <load_address>0xf042</load_address>
         <run_address>0xf042</run_address>
         <size>0x16</size>
         <input_file_ref idref="fl-19"/>
      </object_component>
      <object_component id="oc-462">
         <name>.const:.string:pixel_CURSOR_UP1BPP_UNCOMP</name>
         <load_address>0xf058</load_address>
         <run_address>0xf058</run_address>
         <size>0x16</size>
         <input_file_ref idref="fl-1a"/>
      </object_component>
      <object_component id="oc-241">
         <name>.const:.string:$P$T4$5</name>
         <load_address>0xf06e</load_address>
         <run_address>0xf06e</run_address>
         <size>0x14</size>
         <input_file_ref idref="fl-11"/>
      </object_component>
      <object_component id="oc-1e8">
         <name>.const:$P$T0$1</name>
         <load_address>0xf084</load_address>
         <run_address>0xf084</run_address>
         <size>0x10</size>
         <input_file_ref idref="fl-1b"/>
      </object_component>
      <object_component id="oc-272">
         <name>.const:ALARM_OFF8BPP_UNCOMP</name>
         <load_address>0xf094</load_address>
         <run_address>0xf094</run_address>
         <size>0x10</size>
         <input_file_ref idref="fl-12"/>
      </object_component>
      <object_component id="oc-26c">
         <name>.const:ALARM_ON8BPP_UNCOMP</name>
         <load_address>0xf0a4</load_address>
         <run_address>0xf0a4</run_address>
         <size>0x10</size>
         <input_file_ref idref="fl-13"/>
      </object_component>
      <object_component id="oc-276">
         <name>.const:CLOCK_18BPP_UNCOMP</name>
         <load_address>0xf0b4</load_address>
         <run_address>0xf0b4</run_address>
         <size>0x10</size>
         <input_file_ref idref="fl-14"/>
      </object_component>
      <object_component id="oc-279">
         <name>.const:CLOCK_28BPP_UNCOMP</name>
         <load_address>0xf0c4</load_address>
         <run_address>0xf0c4</run_address>
         <size>0x10</size>
         <input_file_ref idref="fl-15"/>
      </object_component>
      <object_component id="oc-27c">
         <name>.const:CLOCK_38BPP_UNCOMP</name>
         <load_address>0xf0d4</load_address>
         <run_address>0xf0d4</run_address>
         <size>0x10</size>
         <input_file_ref idref="fl-16"/>
      </object_component>
      <object_component id="oc-27f">
         <name>.const:CLOCK_48BPP_UNCOMP</name>
         <load_address>0xf0e4</load_address>
         <run_address>0xf0e4</run_address>
         <size>0x10</size>
         <input_file_ref idref="fl-17"/>
      </object_component>
      <object_component id="oc-256">
         <name>.const:CURSOR_DOWN1BPP_UNCOMP</name>
         <load_address>0xf0f4</load_address>
         <run_address>0xf0f4</run_address>
         <size>0x10</size>
         <input_file_ref idref="fl-18"/>
      </object_component>
      <object_component id="oc-24a">
         <name>.const:CURSOR_R1BPP_UNCOMP</name>
         <load_address>0xf104</load_address>
         <run_address>0xf104</run_address>
         <size>0x10</size>
         <input_file_ref idref="fl-19"/>
      </object_component>
      <object_component id="oc-253">
         <name>.const:CURSOR_UP1BPP_UNCOMP</name>
         <load_address>0xf114</load_address>
         <run_address>0xf114</run_address>
         <size>0x10</size>
         <input_file_ref idref="fl-1a"/>
      </object_component>
      <object_component id="oc-4ea">
         <name>.const:a1BPP_UNCOMP</name>
         <load_address>0xf124</load_address>
         <run_address>0xf124</run_address>
         <size>0x10</size>
         <input_file_ref idref="fl-6"/>
      </object_component>
      <object_component id="oc-4f3">
         <name>.const:b1BPP_UNCOMP</name>
         <load_address>0xf134</load_address>
         <run_address>0xf134</run_address>
         <size>0x10</size>
         <input_file_ref idref="fl-7"/>
      </object_component>
      <object_component id="oc-4f9">
         <name>.const:down_arrow1BPP_UNCOMP</name>
         <load_address>0xf144</load_address>
         <run_address>0xf144</run_address>
         <size>0x10</size>
         <input_file_ref idref="fl-8"/>
      </object_component>
      <object_component id="oc-508">
         <name>.const:left_arrow1BPP_UNCOMP</name>
         <load_address>0xf154</load_address>
         <run_address>0xf154</run_address>
         <size>0x10</size>
         <input_file_ref idref="fl-9"/>
      </object_component>
      <object_component id="oc-50b">
         <name>.const:right_arrow1BPP_UNCOMP</name>
         <load_address>0xf164</load_address>
[...]
         <name>Graphics_setForegroundColor</name>
         <value>0x78c5</value>
         <object_component_ref idref="oc-106"/>
      </symbol>
      <symbol id="sm-bae">
         <name>Graphics_clearDisplay</name>
         <value>0x796d</value>
         <object_component_ref idref="oc-118"/>
      </symbol>
      <symbol id="sm-be3">
         <name>Graphics_clearDisplayOnDisplay</name>
         <value>0x7819</value>
         <object_component_ref idref="oc-35c"/>
      </symbol>
      <symbol id="sm-be4">
         <name>Graphics_drawPixelOnDisplay</name>
         <value>0x755d</value>
         <object_component_ref idref="oc-41d"/>
      </symbol>
      <symbol id="sm-be5">
         <name>Graphics_translateColorOnDisplay</name>
         <value>0x78db</value>
         <object_component_ref idref="oc-353"/>
      </symbol>
      <symbol id="sm-be6">
         <name>Graphics_drawHorizontalLineOnDisplay</name>
         <value>0x7339</value>
         <object_component_ref idref="oc-60a"/>
      </symbol>
      <symbol id="sm-be7">
         <name>Graphics_drawMultiplePixelsOnDisplay</name>
         <value>0x7005</value>
         <object_component_ref idref="oc-44d"/>
      </symbol>
      <symbol id="sm-be8">
         <name>Graphics_fillRectangleOnDisplay</name>
         <value>0x7789</value>
         <object_component_ref idref="oc-42d"/>
      </symbol>
      <symbol id="sm-bfa">
         <name>g_sFontCm12b</name>
         <value>0xe644</value>
         <object_component_ref idref="oc-512"/>
      </symbol>
      <symbol id="sm-c0c">
         <name>g_sFontCm14</name>
         <value>0xe70c</value>
         <object_component_ref idref="oc-26f"/>
      </symbol>
      <symbol id="sm-c1e">
         <name>g_sFontCm16b</name>
         <value>0xe7d4</value>
         <object_component_ref idref="oc-259"/>
      </symbol>
      <symbol id="sm-c30">
         <name>g_sFontCm18b</name>
         <value>0xe89c</value>
         <object_component_ref idref="oc-234"/>
      </symbol>
      <symbol id="sm-c42">
         <name>g_sFontCm20b</name>
         <value>0xe964</value>
         <object_component_ref idref="oc-6e6"/>
      </symbol>
      <symbol id="sm-c54">
         <name>g_sFontCm24b</name>
         <value>0xea2c</value>
         <object_component_ref idref="oc-50f"/>
      </symbol>
      <symbol id="sm-c66">
         <name>g_sFontCm34b</name>
         <value>0xeaf4</value>
         <object_component_ref idref="oc-288"/>
      </symbol>
      <symbol id="sm-c78">
         <name>g_sFontFixed6x8</name>
         <value>0xebbc</value>
         <object_component_ref idref="oc-194"/>
      </symbol>
      <symbol id="sm-cae">
         <name>Graphics_drawImage</name>
         <value>0x4017</value>
         <object_component_ref idref="oc-244"/>
      </symbol>
      <symbol id="sm-cc5">
         <name>Graphics_fillRectangle</name>
         <value>0x5801</value>
         <object_component_ref idref="oc-227"/>
      </symbol>
      <symbol id="sm-d1d">
         <name>Graphics_getStringHeight</name>
         <value>0x79b1</value>
         <object_component_ref idref="oc-4fc"/>
      </symbol>
      <symbol id="sm-d1e">
         <name>Graphics_drawString</name>
         <value>0x3b99</value>
         <object_component_ref idref="oc-20f"/>
      </symbol>
      <symbol id="sm-d1f">
         <name>Graphics_getStringWidth</name>
         <value>0x5c29</value>
         <object_component_ref idref="oc-502"/>
      </symbol>
      <symbol id="sm-d32">
         <name>Graphics_drawLineH</name>
         <value>0x60bb</value>
         <object_component_ref idref="oc-417"/>
      </symbol>
      <symbol id="sm-e3d">
         <name>ADC14_enableInterrupt</name>
         <value>0x74a5</value>
         <object_component_ref idref="oc-148"/>
      </symbol>
      <symbol id="sm-e3e">
         <name>ADC14_getInterruptStatus</name>
         <value>0x7505</value>
         <object_component_ref idref="oc-3e6"/>
      </symbol>
      <symbol id="sm-e3f">
         <name>ADC14_disableConversion</name>
         <value>0x7991</value>
         <object_component_ref idref="oc-1d0"/>
      </symbol>
      <symbol id="sm-e40">
         <name>ADC14_enableSampleTimer</name>
         <value>0x7371</value>
         <object_component_ref idref="oc-13c"/>
      </symbol>
      <symbol id="sm-e41">
         <name>ADC14_enableConversion</name>
         <value>0x75e1</value>
         <object_component_ref idref="oc-1c4"/>
      </symbol>
      <symbol id="sm-e42">
         <name>ADC14_setResolution</name>
         <value>0x7769</value>
         <object_component_ref idref="oc-142"/>
      </symbol>
      <symbol id="sm-e43">
         <name>ADC14_toggleConversionTrigger</name>
         <value>0x7531</value>
         <object_component_ref idref="oc-1ca"/>
      </symbol>
      <symbol id="sm-e44">
         <name>ADC14_getEnabledInterruptStatus</name>
         <value>0x72c9</value>
         <object_component_ref idref="oc-1d6"/>
      </symbol>
      <symbol id="sm-e45">
         <name>ADC14_initModule</name>
         <value>0x6d45</value>
         <object_component_ref idref="oc-12a"/>
      </symbol>
      <symbol id="sm-e46">
         <name>ADC14_configureMultiSequenceMode</name>
         <value>0x5ea5</value>
         <object_component_ref idref="oc-130"/>
      </symbol>
      <symbol id="sm-e47">
         <name>ADC14_clearInterruptFlag</name>
         <value>0x7475</value>
         <object_component_ref idref="oc-1dc"/>
      </symbol>
      <symbol id="sm-e48">
         <name>ADC14_configureConversionMemory</name>
         <value>0x5df1</value>
         <object_component_ref idref="oc-136"/>
      </symbol>
      <symbol id="sm-e49">
         <name>ADC14_enableModule</name>
         <value>0x7a1d</value>
         <object_component_ref idref="oc-124"/>
      </symbol>
      <symbol id="sm-e4a">
         <name>ADC14_getResult</name>
         <value>0x7609</value>
         <object_component_ref idref="oc-1e2"/>
      </symbol>
      <symbol id="sm-e79">
         <name>CS_setDCOCenteredFrequency</name>
         <value>0x73a5</value>
         <object_component_ref idref="oc-ca"/>
      </symbol>
      <symbol id="sm-e7a">
         <name>CS_initClockSignal</name>
         <value>0x5495</value>
         <object_component_ref idref="oc-d0"/>
      </symbol>
      <symbol id="sm-e89">
         <name>FlashCtl_setWaitState</name>
         <value>0x6f2d</value>
         <object_component_ref idref="oc-c4"/>
      </symbol>
      <symbol id="sm-f22">
         <name>GPIO_setOutputHighOnPin</name>
         <value>0x7681</value>
         <object_component_ref idref="oc-33e"/>
      </symbol>
      <symbol id="sm-f23">
         <name>GPIO_setAsInputPinWithPullUpResistor</name>
         <value>0x6c3d</value>
         <object_component_ref idref="oc-d6"/>
      </symbol>
      <symbol id="sm-f24">
         <name>GPIO_getInterruptStatus</name>
         <value>0x7721</value>
         <object_component_ref idref="oc-3db"/>
      </symbol>
      <symbol id="sm-f25">
         <name>GPIO_enableInterrupt</name>
         <value>0x7659</value>
         <object_component_ref idref="oc-dc"/>
      </symbol>
      <symbol id="sm-f26">
         <name>GPIO_getEnabledInterruptStatus</name>
         <value>0x65cd</value>
         <object_component_ref idref="oc-1b8"/>
      </symbol>
      <symbol id="sm-f27">
         <name>GPIO_setAsOutputPin</name>
         <value>0x7091</value>
         <object_component_ref idref="oc-ee"/>
      </symbol>
      <symbol id="sm-f28">
         <name>GPIO_interruptEdgeSelect</name>
         <value>0x7251</value>
         <object_component_ref idref="oc-e2"/>
      </symbol>
      <symbol id="sm-f29">
         <name>GPIO_setOutputLowOnPin</name>
         <value>0x76a9</value>
         <object_component_ref idref="oc-f4"/>
      </symbol>
      <symbol id="sm-f2a">
         <name>GPIO_clearInterruptFlag</name>
         <value>0x7631</value>
         <object_component_ref idref="oc-1be"/>
      </symbol>
      <symbol id="sm-f2b">
         <name>GPIO_toggleOutputOnPin</name>
         <value>0x76d1</value>
         <object_component_ref idref="oc-291"/>
      </symbol>
      <symbol id="sm-f2c">
         <name>GPIO_setAsPeripheralModuleFunctionOutputPin</name>
         <value>0x6439</value>
         <object_component_ref idref="oc-19a"/>
      </symbol>
      <symbol id="sm-f2d">
         <name>GPIO_setAsPeripheralModuleFunctionInputPin</name>
         <value>0x63b1</value>
         <object_component_ref idref="oc-11e"/>
      </symbol>
      <symbol id="sm-f6b">
         <name>Interrupt_disableInterrupt</name>
         <value>0x6651</value>
         <object_component_ref idref="oc-1ac"/>
      </symbol>
      <symbol id="sm-f6c">
         <name>Interrupt_enableMaster</name>
         <value>0x79c1</value>
         <object_component_ref idref="oc-b8"/>
      </symbol>
      <symbol id="sm-f6d">
         <name>Interrupt_enableInterrupt</name>
         <value>0x66d1</value>
         <object_component_ref idref="oc-e8"/>
      </symbol>
      <symbol id="sm-ffd">
         <name>PCM_setCoreVoltageLevel</name>
         <value>0x79d1</value>
         <object_component_ref idref="oc-be"/>
      </symbol>
      <symbol id="sm-ffe">
         <name>PCM_getCoreVoltageLevel</name>
         <value>0x6b25</value>
         <object_component_ref idref="oc-54e"/>
      </symbol>
      <symbol id="sm-fff">
         <name>PCM_getPowerMode</name>
         <value>0x6be1</value>
         <object_component_ref idref="oc-548"/>
      </symbol>
      <symbol id="sm-1000">
         <name>PCM_getPowerState</name>
         <value>0x791d</value>
         <object_component_ref idref="oc-554"/>
      </symbol>
      <symbol id="sm-1001">
         <name>PCM_gotoLPM0</name>
         <value>0x76f9</value>
         <object_component_ref idref="oc-187"/>
      </symbol>
      <symbol id="sm-1002">
         <name>PCM_setPowerMode</name>
         <value>0x79e1</value>
         <object_component_ref idref="oc-55a"/>
      </symbol>
      <symbol id="sm-10b3">
         <name>RTC_C_startClock</name>
         <value>0x7589</value>
         <object_component_ref idref="oc-166"/>
      </symbol>
      <symbol id="sm-10b4">
         <name>RTC_C_getCalendarTime</name>
         <value>0x6751</value>
         <object_component_ref idref="oc-25c"/>
      </symbol>
      <symbol id="sm-10b5">
         <name>RTC_C_setCalendarAlarm</name>
         <value>0x7111</value>
         <object_component_ref idref="oc-221"/>
      </symbol>
      <symbol id="sm-10b6">
         <name>RTC_C_getInterruptStatus</name>
         <value>0x6b85</value>
         <object_component_ref idref="oc-4c5"/>
      </symbol>
      <symbol id="sm-10b7">
         <name>RTC_C_convertBCDToBinary</name>
         <value>0x77a9</value>
         <object_component_ref idref="oc-215"/>
      </symbol>
      <symbol id="sm-10b8">
         <name>RTC_C_initCalendar</name>
         <value>0x631d</value>
         <object_component_ref idref="oc-14e"/>
      </symbol>
      <symbol id="sm-10b9">
         <name>RTC_C_setCalendarEvent</name>
         <value>0x728d</value>
         <object_component_ref idref="oc-154"/>
      </symbol>
      <symbol id="sm-10ba">
         <name>RTC_C_getEnabledInterruptStatus</name>
         <value>0x6289</value>
         <object_component_ref idref="oc-28b"/>
      </symbol>
      <symbol id="sm-10bb">
         <name>RTC_C_disableInterrupt</name>
         <value>0x6921</value>
         <object_component_ref idref="oc-24d"/>
      </symbol>
      <symbol id="sm-10bc">
         <name>RTC_C_enableInterrupt</name>
         <value>0x6a5d</value>
         <object_component_ref idref="oc-160"/>
      </symbol>
      <symbol id="sm-10bd">
         <name>RTC_C_convertBinaryToBCD</name>
         <value>0x77c5</value>
         <object_component_ref idref="oc-21b"/>
      </symbol>
      <symbol id="sm-10be">
         <name>RTC_C_clearInterruptFlag</name>
         <value>0x6c95</value>
         <object_component_ref idref="oc-15a"/>
      </symbol>
      <symbol id="sm-10fd">
         <name>EUSCI_B_SPI_enable</name>
         <value>0x78af</value>
         <object_component_ref idref="oc-72a"/>
      </symbol>
      <symbol id="sm-10fe">
         <name>SPI_enableModule</name>
         <value>0x77e1</value>
         <object_component_ref idref="oc-572"/>
      </symbol>
      <symbol id="sm-10ff">
         <name>EUSCI_A_SPI_enable</name>
         <value>0x7899</value>
         <object_component_ref idref="oc-724"/>
      </symbol>
      <symbol id="sm-1100">
         <name>SPI_initMaster</name>
         <value>0x600b</value>
         <object_component_ref idref="oc-56c"/>
      </symbol>
      <symbol id="sm-1152">
         <name>Timer_A_clearCaptureCompareInterrupt</name>
         <value>0x75b5</value>
         <object_component_ref idref="oc-1b2"/>
      </symbol>
      <symbol id="sm-1153">
         <name>Timer_A_initCompare</name>
         <value>0x6e91</value>
         <object_component_ref idref="oc-1a0"/>
      </symbol>
      <symbol id="sm-1154">
         <name>Timer_A_startCounter</name>
         <value>0x78f1</value>
         <object_component_ref idref="oc-172"/>
      </symbol>
      <symbol id="sm-1155">
         <name>Timer_A_stopTimer</name>
         <value>0x7931</value>
         <object_component_ref idref="oc-1a6"/>
      </symbol>
      <symbol id="sm-1156">
         <name>Timer_A_configureUpMode</name>
         <value>0x698d</value>
         <object_component_ref idref="oc-16c"/>
      </symbol>
      <symbol id="sm-1169">
         <name>CPU_wfi</name>
         <value>0x7a55</value>
         <object_component_ref idref="oc-3c0"/>
      </symbol>
      <symbol id="sm-116a">
         <name>CPU_cpsie</name>
         <value>0x7a29</value>
         <object_component_ref idref="oc-311"/>
      </symbol>
      <symbol id="sm-116b">
         <name>__TI_static_base__</name>
         <value>0x0</value>
      </symbol>
      <symbol id="sm-116e">
         <name>__mpu_init</name>
         <value>0x0</value>
      </symbol>
      <symbol id="sm-116f">
         <name>_system_post_cinit</name>
         <value>0x0</value>
      </symbol>
      <symbol id="sm-1170">
         <name>NMI_Handler</name>
         <value>0x7a19</value>
      </symbol>
      <symbol id="sm-1171">
         <name>HardFault_Handler</name>
         <value>0x7a19</value>
      </symbol>
      <symbol id="sm-1172">
         <name>MemManage_Handler</name>
         <value>0x7a19</value>
      </symbol>
      <symbol id="sm-1173">
         <name>BusFault_Handler</name>
         <value>0x7a19</value>
      </symbol>
      <symbol id="sm-1174">
         <name>UsageFault_Handler</name>
         <value>0x7a19</value>
      </symbol>
      <symbol id="sm-1175">
         <name>SVC_Handler</name>
         <value>0x7a19</value>
      </symbol>
      <symbol id="sm-1176">
         <name>DebugMon_Handler</name>
         <value>0x7a19</value>
      </symbol>
      <symbol id="sm-1177">
         <name>PendSV_Handler</name>
         <value>0x7a19</value>
      </symbol>
      <symbol id="sm-1178">
         <name>SysTick_Handler</name>
         <value>0x7a19</value>
      </symbol>
      <symbol id="sm-1179">
         <name>PSS_IRQHandler</name>
         <value>0x7a19</value>
      </symbol>
      <symbol id="sm-117a">
         <name>CS_IRQHandler</name>
         <value>0x7a19</value>
      </symbol>
      <symbol id="sm-117b">
         <name>PCM_IRQHandler</name>
         <value>0x7a19</value>
      </symbol>
      <symbol id="sm-117c">
         <name>WDT_A_IRQHandler</name>
         <value>0x7a19</value>
      </symbol>
      <symbol id="sm-117d">
         <name>FPU_IRQHandler</name>
         <value>0x7a19</value>
      </symbol>
      <symbol id="sm-117e">
         <name>FLCTL_IRQHandler</name>
         <value>0x7a19</value>
      </symbol>
      <symbol id="sm-117f">
         <name>COMP_E0_IRQHandler</name>
         <value>0x7a19</value>
      </symbol>
      <symbol id="sm-1180">
         <name>COMP_E1_IRQHandler</name>
         <value>0x7a19</value>
      </symbol>
      <symbol id="sm-1181">
         <name>TA0_0_IRQHandler</name>
         <value>0x7a19</value>
      </symbol>
      <symbol id="sm-1182">
         <name>TA0_N_IRQHandler</name>
         <value>0x7a19</value>
      </symbol>
      <symbol id="sm-1183">
         <name>TA1_0_IRQHandler</name>
         <value>0x2d61</value>
      </symbol>
      <symbol id="sm-1184">
         <name>TA1_N_IRQHandler</name>
         <value>0x7a19</value>
      </symbol>
      <symbol id="sm-1185">
         <name>TA2_0_IRQHandler</name>
         <value>0x2db5</value>
      </symbol>
      <symbol id="sm-1186">
         <name>TA2_N_IRQHandler</name>
         <value>0x7a19</value>
      </symbol>
      <symbol id="sm-1187">
         <name>TA3_0_IRQHandler</name>
         <value>0x2dff</value>
      </symbol>
      <symbol id="sm-1188">
         <name>TA3_N_IRQHandler</name>
         <value>0x7a19</value>
      </symbol>
      <symbol id="sm-1189">
         <name>EUSCIA0_IRQHandler</name>
         <value>0x7a19</value>
      </symbol>
      <symbol id="sm-118a">
         <name>EUSCIA1_IRQHandler</name>
         <value>0x7a19</value>
      </symbol>
      <symbol id="sm-118b">
         <name>EUSCIA2_IRQHandler</name>
         <value>0x7a19</value>
      </symbol>
      <symbol id="sm-118c">
         <name>EUSCIA3_IRQHandler</name>
         <value>0x7a19</value>
      </symbol>
      <symbol id="sm-118d">
         <name>EUSCIB0_IRQHandler</name>
         <value>0x7a19</value>
      </symbol>
      <symbol id="sm-118e">
         <name>EUSCIB1_IRQHandler</name>
         <value>0x7a19</value>
      </symbol>
      <symbol id="sm-118f">
         <name>EUSCIB2_IRQHandler</name>
         <value>0x7a19</value>
      </symbol>
      <symbol id="sm-1190">
         <name>EUSCIB3_IRQHandler</name>
         <value>0x7a19</value>
      </symbol>
      <symbol id="sm-1191">
         <name>ADC14_IRQHandler</name>
         <value>0x2edf</value>
      </symbol>
      <symbol id="sm-1192">
         <name>T32_INT1_IRQHandler</name>
         <value>0x7a19</value>
      </symbol>
      <symbol id="sm-1193">
         <name>T32_INT2_IRQHandler</name>
         <value>0x7a19</value>
      </symbol>
      <symbol id="sm-1194">
         <name>T32_INTC_IRQHandler</name>
         <value>0x7a19</value>
      </symbol>
      <symbol id="sm-1195">
         <name>AES256_IRQHandler</name>
         <value>0x7a19</value>
      </symbol>
      <symbol id="sm-1196">
         <name>RTC_C_IRQHandler</name>
         <value>0x11fd</value>
      </symbol>
      <symbol id="sm-1197">
         <name>DMA_ERR_IRQHandler</name>
         <value>0x7a19</value>
      </symbol>
      <symbol id="sm-1198">
         <name>DMA_INT3_IRQHandler</name>
         <value>0x7a19</value>
      </symbol>
      <symbol id="sm-1199">
         <name>DMA_INT2_IRQHandler</name>
         <value>0x7a19</value>
      </symbol>
      <symbol id="sm-119a">
         <name>DMA_INT1_IRQHandler</name>
         <value>0x7a19</value>
      </symbol>
      <symbol id="sm-119b">
         <name>DMA_INT0_IRQHandler</name>
         <value>0x7a19</value>
      </symbol>
      <symbol id="sm-119c">
         <name>PORT1_IRQHandler</name>
         <value>0x7a19</value>
      </symbol>
      <symbol id="sm-119d">
         <name>PORT2_IRQHandler</name>
         <value>0x7a19</value>
      </symbol>
      <symbol id="sm-119e">
         <name>PORT3_IRQHandler</name>
         <value>0x2e5d</value>
      </symbol>
      <symbol id="sm-119f">
         <name>PORT4_IRQHandler</name>
         <value>0x2e81</value>
      </symbol>
      <symbol id="sm-11a0">
         <name>PORT5_IRQHandler</name>
         <value>0x2ea1</value>
      </symbol>
      <symbol id="sm-11a1">
         <name>PORT6_IRQHandler</name>
         <value>0x7a19</value>
      </symbol>
   </symbol_table>
   <title>Link successful</title>
</link_info>
