******************************************************************************
                  TI ARM Linker PC v20.2.7                     
******************************************************************************
>> Linked Wed Mar 15 18:22:17 2023

OUTPUT FILE NAME:   <SmartAlarm.out>
ENTRY POINT SYMBOL: "_c_int00_noargs"  address: 00005f49


MEMORY CONFIGURATION

         name            origin    length      used     unused   attr    fill
----------------------  --------  ---------  --------  --------  ----  --------
  MAIN                  00000000   00040000  0000bde7  00034219  R  X
  INFO                  00200000   00004000  00000000  00004000  R  X
  SRAM_CODE             01000000   00010000  0000069f  0000f961  RW X
  SRAM_DATA             20000000   00010000  0000069f  0000f961  RW  


SEGMENT ALLOCATION MAP

run origin  load origin   length   init length attrs members
----------  ----------- ---------- ----------- ----- -------
00000000    00000000    0000bde8   0000bde8    r-x
  00000000    00000000    000000e4   000000e4    r-- .intvecs
  000000e4    000000e4    00006414   00006414    r-x .text
  000064f8    000064f8    000058af   000058af    r-- .const
  0000bda8    0000bda8    00000040   00000040    r-- .cinit
20000000    20000000    000004a0   00000000    rw-
  20000000    20000000    00000483   00000000    rw- .bss
  20000484    20000484    0000001c   00000000    rw- .data
2000fe00    2000fe00    00000200   00000000    rw-
  2000fe00    2000fe00    00000200   00000000    rw- .stack


SECTION ALLOCATION MAP

 output                                  attributes/
section   page    origin      length       input sections
--------  ----  ----------  ----------   ----------------
.intvecs   0    00000000    000000e4     
                  00000000    000000e4     startup_msp432p401r_ccs.obj (.intvecs:retain)

.text      0    000000e4    00006414     
                  000000e4    00001208     clock.obj (.text)
                  000012ec    00000a4e     rtsv7M4_T_le_v4SPD16_eabi.lib : _printfi.c.obj (.text:__TI_printfi)
                  00001d3a    00000002                                   : div0.asm.obj (.text)
                  00001d3c    000006f4     hardware.obj (.text)
                  00002430    00000680     Crystalfontz128x128_ST7735.obj (.text)
                  00002ab0    0000047e     grlib.a : string.obj (.text:Graphics_drawString)
                  00002f2e    00000390             : image.obj (.text:Graphics_drawImage)
                  000032be    00000002     --HOLE-- [fill = 0]
                  000032c0    00000334     system_msp432p401r.obj (.text)
                  000035f4    00000270     rtsv7M4_T_le_v4SPD16_eabi.lib : _printfi.c.obj (.text:_pconv_a)
                  00003864    000001d0                                   : _printfi.c.obj (.text:_pconv_g)
                  00003a34    000001b6                                   : fd_add_t2.asm.obj (.text)
                  00003bea    00000002     --HOLE-- [fill = 0]
                  00003bec    00000160     msp432p4xx_driverlib.lib : adc14.o (.text:_getIndexForMemRegister)
                  00003d4c    0000015c                              : pcm.o (.text:__PCM_setPowerModeAdvanced)
                  00003ea8    00000144                              : timer_a.o (.text:privateTimer_AProcessClockSourceDivider)
                  00003fec    0000013c     rtsv7M4_T_le_v4SPD16_eabi.lib : _printfi.c.obj (.text:_pconv_e)
                  00004128    00000136                                   : fd_div_t2.asm.obj (.text)
                  0000425e    00000002     --HOLE-- [fill = 0]
                  00004260    00000130     msp432p4xx_driverlib.lib : cs.o (.text:CS_initClockSignal)
                  00004390    00000124     rtsv7M4_T_le_v4SPD16_eabi.lib : _printfi.c.obj (.text:fcvt)
                  000044b4    00000112     grlib.a : rectangle.obj (.text:Graphics_fillRectangle)
                  000045c6    00000002     --HOLE-- [fill = 0]
                  000045c8    00000110     rtsv7M4_T_le_v4SPD16_eabi.lib : s_scalbn.c.obj (.text:scalbn)
                  000046d8    00000108     msp432p4xx_driverlib.lib : pcm.o (.text:__PCM_setCoreVoltageLevelAdvanced)
                  000047e0    000000fc     rtsv7M4_T_le_v4SPD16_eabi.lib : fd_mul_t2.asm.obj (.text)
                  000048dc    000000cc     HAL_MSP_EXP432P401R_Crystalfontz128x128_ST7735.obj (.text)
                  000049a8    000000b4     msp432p4xx_driverlib.lib : adc14.o (.text:ADC14_configureConversionMemory)
                  00004a5c    000000b4                              : adc14.o (.text:ADC14_configureMultiSequenceMode)
                  00004b10    000000b1     rtsv7M4_T_le_v4SPD16_eabi.lib : _printfi.c.obj (.text:_ltostr)
                  00004bc1    00000001     --HOLE-- [fill = 0]
                  00004bc2    000000b0     msp432p4xx_driverlib.lib : spi.o (.text:SPI_initMaster)
                  00004c72    00000002     --HOLE-- [fill = 0]
                  00004c74    000000b0     main.obj (.text)
                  00004d24    0000009c     grlib.a : line.obj (.text:Graphics_drawLineH)
                  00004dc0    0000009c     rtsv7M4_T_le_v4SPD16_eabi.lib : memcpy_t2.asm.obj (.text)
                  00004e5c    00000096                                   : ull_div_t2.asm.obj (.text)
                  00004ef2    00000002     --HOLE-- [fill = 0]
                  00004ef4    00000094     msp432p4xx_driverlib.lib : rtc_c.o (.text:RTC_C_getEnabledInterruptStatus)
                  00004f88    00000094                              : rtc_c.o (.text:RTC_C_initCalendar)
                  0000501c    00000088                              : gpio.o (.text:GPIO_setAsPeripheralModuleFunctionInputPin)
                  000050a4    00000088                              : gpio.o (.text:GPIO_setAsPeripheralModuleFunctionOutputPin)
                  0000512c    00000086     rtsv7M4_T_le_v4SPD16_eabi.lib : fd_cmp_t2.asm.obj (.text:__aeabi_cdcmple)
                  000051b2    00000086                                   : fd_cmp_t2.asm.obj (.text:__aeabi_cdrcmple)
                  00005238    00000084     msp432p4xx_driverlib.lib : gpio.o (.text:GPIO_getEnabledInterruptStatus)
                  000052bc    00000080                              : interrupt.o (.text:Interrupt_disableInterrupt)
                  0000533c    00000080                              : interrupt.o (.text:Interrupt_enableInterrupt)
                  000053bc    0000007c                              : rtc_c.o (.text:RTC_C_getCalendarTime)
                  00005438    0000007a     rtsv7M4_T_le_v4SPD16_eabi.lib : memset_t2.asm.obj (.text)
                  000054b2    0000006e                                   : _printfi.c.obj (.text:_mcpy)
                  00005520    0000006c     grlib.a : image.obj (.text:Graphics_convertPalette)
                  0000558c    0000006c     msp432p4xx_driverlib.lib : rtc_c.o (.text:RTC_C_disableInterrupt)
                  000055f8    00000068                              : timer_a.o (.text:Timer_A_configureUpMode)
                  00005660    00000068     rtsv7M4_T_le_v4SPD16_eabi.lib : copy_decompress_lzss.c.obj (.text:decompress:lzss:__TI_decompress_lzss)
                  000056c8    00000064     msp432p4xx_driverlib.lib : rtc_c.o (.text:RTC_C_enableInterrupt)
                  0000572c    00000064     rtsv7M4_T_le_v4SPD16_eabi.lib : s_frexp.c.obj (.text:frexp)
                  00005790    0000005e     msp432p4xx_driverlib.lib : pcm.o (.text:PCM_getCoreVoltageLevel)
                  000057ee    00000002     --HOLE-- [fill = 0]
                  000057f0    0000005c                              : rtc_c.o (.text:RTC_C_getInterruptStatus)
                  0000584c    0000005a                              : pcm.o (.text:PCM_getPowerMode)
                  000058a6    00000002     --HOLE-- [fill = 0]
                  000058a8    00000058                              : gpio.o (.text:GPIO_setAsInputPinWithPullUpResistor)
                  00005900    00000058                              : rtc_c.o (.text:RTC_C_clearInterruptFlag)
                  00005958    00000056     rtsv7M4_T_le_v4SPD16_eabi.lib : _printfi.c.obj (.text:_pconv_f)
                  000059ae    00000002     --HOLE-- [fill = 0]
                  000059b0    00000054     msp432p4xx_driverlib.lib : adc14.o (.text:ADC14_initModule)
                  00005a04    00000054     rtsv7M4_T_le_v4SPD16_eabi.lib : _ltoa.c.obj (.text:__TI_ltoa)
                  00005a58    00000052     grlib.a : context.obj (.text:Graphics_initContext)
                  00005aaa    00000052     rtsv7M4_T_le_v4SPD16_eabi.lib : _printfi.c.obj (.text:_ecpy)
                  00005afc    0000004e     msp432p4xx_driverlib.lib : timer_a.o (.text:Timer_A_initCompare)
                  00005b4a    00000002     --HOLE-- [fill = 0]
                  00005b4c    0000004c     rtsv7M4_T_le_v4SPD16_eabi.lib : atoi.c.obj (.text:atoi)
                  00005b98    00000048     msp432p4xx_driverlib.lib : flash.o (.text:FlashCtl_setWaitState)
                  00005be0    00000048     rtsv7M4_T_le_v4SPD16_eabi.lib : fd_toi_t2.asm.obj (.text)
                  00005c28    00000046     grlib.a : display.obj (.text:Graphics_drawMultiplePixelsOnDisplay)
                  00005c6e    00000002     --HOLE-- [fill = 0]
                  00005c70    00000044     rtsv7M4_T_le_v4SPD16_eabi.lib : autoinit.c.obj (.text:__TI_auto_init_nobinit_nopinit:__TI_auto_init_nobinit_nopinit)
                  00005cb4    00000040     msp432p4xx_driverlib.lib : gpio.o (.text:GPIO_setAsOutputPin)
                  00005cf4    00000040     grlib.a : string.obj (.text:Graphics_getNumberOfLeadingZeros)
                  00005d34    00000040     msp432p4xx_driverlib.lib : rtc_c.o (.text:RTC_C_setCalendarAlarm)
                  00005d74    00000040                              : spi.o (.text:is_A_Module)
                  00005db4    00000040     rtsv7M4_T_le_v4SPD16_eabi.lib : sprintf.c.obj (.text:sprintf)
                  00005df4    0000003e                                   : _printfi.c.obj (.text:_fcpy)
                  00005e32    00000002     --HOLE-- [fill = 0]
                  00005e34    0000003c     msp432p4xx_driverlib.lib : rtc_c.o (.text:RTC_C_setCalendarEvent)
                  00005e70    00000038                              : adc14.o (.text:ADC14_getEnabledInterruptStatus)
                  00005ea8    00000036     grlib.a : display.obj (.text:Graphics_drawHorizontalLineOnDisplay)
                  00005ede    00000002     --HOLE-- [fill = 0]
                  00005ee0    00000034     msp432p4xx_driverlib.lib : adc14.o (.text:ADC14_enableSampleTimer)
                  00005f14    00000034                              : cs.o (.text:CS_setDCOCenteredFrequency)
                  00005f48    00000034     rtsv7M4_T_le_v4SPD16_eabi.lib : boot_cortex_m.c.obj (.text:_c_int00_noargs:_c_int00_noargs)
                  00005f7c    00000030     msp432p4xx_driverlib.lib : adc14.o (.text:ADC14_clearInterruptFlag)
                  00005fac    00000030                              : adc14.o (.text:ADC14_enableInterrupt)
                  00005fdc    0000002e     rtsv7M4_T_le_v4SPD16_eabi.lib : i_tofd_t2.asm.obj (.text)
                  0000600a    00000002     --HOLE-- [fill = 0]
                  0000600c    0000002c     msp432p4xx_driverlib.lib : adc14.o (.text:ADC14_getInterruptStatus)
                  00006038    0000002c                              : adc14.o (.text:ADC14_toggleConversionTrigger)
                  00006064    0000002c     grlib.a : display.obj (.text:Graphics_drawPixelOnDisplay)
                  00006090    0000002c     msp432p4xx_driverlib.lib : rtc_c.o (.text:RTC_C_startClock)
                  000060bc    0000002c                              : timer_a.o (.text:Timer_A_clearCaptureCompareInterrupt)
                  000060e8    00000028                              : adc14.o (.text:ADC14_enableConversion)
                  00006110    00000028                              : adc14.o (.text:ADC14_getResult)
                  00006138    00000028                              : gpio.o (.text:GPIO_clearInterruptFlag)
                  00006160    00000028                              : gpio.o (.text:GPIO_enableInterrupt)
                  00006188    00000028                              : gpio.o (.text:GPIO_setOutputHighOnPin)
                  000061b0    00000028                              : gpio.o (.text:GPIO_setOutputLowOnPin)
                  000061d8    00000028                              : gpio.o (.text:GPIO_toggleOutputOnPin)
                  00006200    00000024                              : gpio.o (.text:GPIO_getInterruptStatus)
                  00006224    00000020                              : adc14.o (.text:ADC14_setResolution)
                  00006244    0000001e     grlib.a : display.obj (.text:Graphics_fillRectangleOnDisplay)
                  00006262    00000002     --HOLE-- [fill = 0]
                  00006264    0000001c     msp432p4xx_driverlib.lib : rtc_c.o (.text:RTC_C_convertBCDToBinary)
                  00006280    0000001c                              : rtc_c.o (.text:RTC_C_convertBinaryToBCD)
                  0000629c    0000001c                              : spi.o (.text:SPI_enableModule)
                  000062b8    0000001c     rtsv7M4_T_le_v4SPD16_eabi.lib : memccpy.c.obj (.text:memccpy)
                  000062d4    0000001a     grlib.a : display.obj (.text:Graphics_clearDisplayOnDisplay)
                  000062ee    0000001a             : context.obj (.text:Graphics_setBackgroundColor)
                  00006308    0000001a             : context.obj (.text:Graphics_setFont)
                  00006322    0000001a     rtsv7M4_T_le_v4SPD16_eabi.lib : s_copysign.c.obj (.text:copysign)
                  0000633c    00000018                                   : sprintf.c.obj (.text:_outs)
                  00006354    00000016     msp432p4xx_driverlib.lib : spi.o (.text:EUSCI_A_SPI_enable)
                  0000636a    00000016                              : spi.o (.text:EUSCI_B_SPI_enable)
                  00006380    00000016     grlib.a : context.obj (.text:Graphics_setForegroundColor)
                  00006396    00000016             : display.obj (.text:Graphics_translateColorOnDisplay)
                  000063ac    00000016     msp432p4xx_driverlib.lib : timer_a.o (.text:Timer_A_startCounter)
                  000063c2    00000016     rtsv7M4_T_le_v4SPD16_eabi.lib : strchr.c.obj (.text:strchr)
                  000063d8    00000014     msp432p4xx_driverlib.lib : pcm.o (.text:PCM_getPowerState)
                  000063ec    00000014                              : timer_a.o (.text:Timer_A_stopTimer)
                  00006400    00000014     rtsv7M4_T_le_v4SPD16_eabi.lib : strcpy.c.obj (.text:strcpy)
                  00006414    00000014                                   : strlen.c.obj (.text:strlen)
                  00006428    00000012     grlib.a : context.obj (.text:Graphics_clearDisplay)
                  0000643a    00000012     rtsv7M4_T_le_v4SPD16_eabi.lib : wcslen.c.obj (.text:wcslen)
                  0000644c    00000010     msp432p4xx_driverlib.lib : adc14.o (.text:ADC14_disableConversion)
                  0000645c    00000010                              : adc14.o (.text:ADCIsConversionRunning)
                  0000646c    00000010                              : interrupt.o (.text:Interrupt_enableMaster)
                  0000647c    00000010                              : pcm.o (.text:PCM_setCoreVoltageLevel)
                  0000648c    00000010                              : pcm.o (.text:PCM_setPowerMode)
                  0000649c    0000000e     rtsv7M4_T_le_v4SPD16_eabi.lib : copy_decompress_none.c.obj (.text:decompress:none:__TI_decompress_none)
                  000064aa    0000000e     startup_msp432p401r_ccs.obj (.text)
                  000064b8    0000000c     msp432p4xx_driverlib.lib : adc14.o (.text:ADC14_enableModule)
                  000064c4    0000000c                              : cpu.o (.text:CPU_cpsie)
                  000064d0    0000000c     rtsv7M4_T_le_v4SPD16_eabi.lib : copy_zero_init.c.obj (.text:decompress:ZI:__TI_zero_init)
                  000064dc    0000000a                                   : sprintf.c.obj (.text:_outc)
                  000064e6    00000002     --HOLE-- [fill = 0]
                  000064e8    00000008                                   : errno.c.obj (.text:__aeabi_errno_addr)
                  000064f0    00000004                                   : pre_init.c.obj (.text:_system_pre_init)
                  000064f4    00000004                                   : exit.c.obj (.text:abort:abort)

.const     0    000064f8    000058af     
                  000064f8    00000f3f     grlib.a : fontcm34b.obj (.const:.string:g_pucCm34bData)
                  00007437    00000833             : fontcm18b.obj (.const:.string:g_pucCm18bData)
                  00007c6a    00000755             : fontcm16b.obj (.const:.string:g_pucCm16bData)
                  000083bf    0000065a             : fontcm14.obj (.const:.string:g_pucCm14Data)
                  00008a19    00000003     --HOLE-- [fill = 0]
                  00008a1c    00000400     ALARM_OFF.obj (.const:palette_ALARM_OFF8BPP_UNCOMP)
                  00008e1c    00000400     ALARM_ON.obj (.const:palette_ALARM_ON8BPP_UNCOMP)
                  0000921c    00000400     CLOCK_1.obj (.const:palette_CLOCK_18BPP_UNCOMP)
                  0000961c    00000400     CLOCK_2.obj (.const:palette_CLOCK_28BPP_UNCOMP)
                  00009a1c    00000400     CLOCK_3.obj (.const:palette_CLOCK_38BPP_UNCOMP)
                  00009e1c    00000400     CLOCK_4.obj (.const:palette_CLOCK_48BPP_UNCOMP)
                  0000a21c    00000384     CLOCK_1.obj (.const:.string:pixel_CLOCK_18BPP_UNCOMP)
                  0000a5a0    00000384     CLOCK_2.obj (.const:.string:pixel_CLOCK_28BPP_UNCOMP)
                  0000a924    00000384     CLOCK_3.obj (.const:.string:pixel_CLOCK_38BPP_UNCOMP)
                  0000aca8    00000384     CLOCK_4.obj (.const:.string:pixel_CLOCK_48BPP_UNCOMP)
                  0000b02c    000002f8     grlib.a : fontfixed6x8.obj (.const:.string:g_pucFontFixed6x8Data)
                  0000b324    00000190     ALARM_OFF.obj (.const:.string:pixel_ALARM_OFF8BPP_UNCOMP)
                  0000b4b4    00000190     ALARM_ON.obj (.const:.string:pixel_ALARM_ON8BPP_UNCOMP)
                  0000b644    00000101     rtsv7M4_T_le_v4SPD16_eabi.lib : ctype.c.obj (.const:.string:_ctypes_)
                  0000b745    00000003     --HOLE-- [fill = 0]
                  0000b748    000000c8     grlib.a : fontcm14.obj (.const:g_sFontCm14)
                  0000b810    000000c8             : fontcm16b.obj (.const:g_sFontCm16b)
                  0000b8d8    000000c8             : fontcm18b.obj (.const:g_sFontCm18b)
                  0000b9a0    000000c8             : fontcm34b.obj (.const:g_sFontCm34b)
                  0000ba68    000000c8             : fontfixed6x8.obj (.const:g_sFontFixed6x8)
                  0000bb30    00000080     msp432p4xx_driverlib.lib : adc14.o (.const:_ctlRegs)
                  0000bbb0    00000030                              : gpio.o (.const:GPIO_PORT_TO_BASE)
                  0000bbe0    00000020     Crystalfontz128x128_ST7735.obj (.const:g_sCrystalfontz128x128_funcs)
                  0000bc00    0000001c     HAL_MSP_EXP432P401R_Crystalfontz128x128_ST7735.obj (.const:$P$T0$1)
                  0000bc1c    0000001c     hardware.obj (.const:currentTime)
                  0000bc38    00000018     hardware.obj (.const:$P$T1$2)
                  0000bc50    00000016     CURSOR_DOWN.obj (.const:.string:pixel_CURSOR_DOWN1BPP_UNCOMP)
                  0000bc66    00000016     CURSOR_R.obj (.const:.string:pixel_CURSOR_R1BPP_UNCOMP)
                  0000bc7c    00000016     CURSOR_UP.obj (.const:.string:pixel_CURSOR_UP1BPP_UNCOMP)
                  0000bc92    00000014     clock.obj (.const:.string:$P$T4$5)
                  0000bca6    00000002     --HOLE-- [fill = 0]
                  0000bca8    00000010     hardware.obj (.const:$P$T0$1)
                  0000bcb8    00000010     ALARM_OFF.obj (.const:ALARM_OFF8BPP_UNCOMP)
                  0000bcc8    00000010     ALARM_ON.obj (.const:ALARM_ON8BPP_UNCOMP)
                  0000bcd8    00000010     CLOCK_1.obj (.const:CLOCK_18BPP_UNCOMP)
                  0000bce8    00000010     CLOCK_2.obj (.const:CLOCK_28BPP_UNCOMP)
                  0000bcf8    00000010     CLOCK_3.obj (.const:CLOCK_38BPP_UNCOMP)
                  0000bd08    00000010     CLOCK_4.obj (.const:CLOCK_48BPP_UNCOMP)
                  0000bd18    00000010     CURSOR_DOWN.obj (.const:CURSOR_DOWN1BPP_UNCOMP)
                  0000bd28    00000010     CURSOR_R.obj (.const:CURSOR_R1BPP_UNCOMP)
                  0000bd38    00000010     CURSOR_UP.obj (.const:CURSOR_UP1BPP_UNCOMP)
                  0000bd48    0000000c     clock.obj (.const:.string:$P$T0$1)
                  0000bd54    0000000b     clock.obj (.const:.string:$P$T2$3)
                  0000bd5f    00000001     --HOLE-- [fill = 0]
                  0000bd60    00000008     Crystalfontz128x128_ST7735.obj (.const:$P$T0$1)
                  0000bd68    00000008     msp432p4xx_driverlib.lib : interrupt.o (.const:g_pulDisRegs)
                  0000bd70    00000008                              : interrupt.o (.const:g_pulEnRegs)
                  0000bd78    00000008     CURSOR_DOWN.obj (.const:palette_CURSOR_DOWN1BPP_UNCOMP)
                  0000bd80    00000008     CURSOR_R.obj (.const:palette_CURSOR_R1BPP_UNCOMP)
                  0000bd88    00000008     CURSOR_UP.obj (.const:palette_CURSOR_UP1BPP_UNCOMP)
                  0000bd90    00000006     clock.obj (.const:.string:$P$T1$2)
                  0000bd96    00000006     clock.obj (.const:.string:$P$T3$4)
                  0000bd9c    00000006     clock.obj (.const:.string:$P$T6$7)
                  0000bda2    00000005     clock.obj (.const:.string:$P$T5$6)

.cinit     0    0000bda8    00000040     
                  0000bda8    00000018     (.cinit..data.load) [load image, compression = lzss]
                  0000bdc0    0000000c     (__TI_handler_table)
                  0000bdcc    00000004     --HOLE-- [fill = 0]
                  0000bdd0    00000008     (.cinit..bss.load) [load image, compression = zero_init]
                  0000bdd8    00000010     (__TI_cinit_table)

.init_array 
*          0    00000000    00000000     UNINITIALIZED

.binit     0    00000000    00000000     

.bss       0    20000000    00000483     UNINITIALIZED
                  20000000    00000400     grlib.a : image.obj (.bss:g_pulConvertedPalette)
                  20000400    0000001c     clock.obj (.bss:currentTime)
                  2000041c    0000001c     (.common:alarmTime)
                  20000438    0000001c     (.common:g_sContext)
                  20000454    00000014     (.common:timerlist)
                  20000468    00000008     (.common:JoyValues)
                  20000470    00000003     (.common:buttonsPressed)
                  20000473    00000001     (.common:Lcd_FlagRead)
                  20000474    00000002     (.common:Lcd_ScreenHeigth)
                  20000476    00000002     (.common:Lcd_ScreenWidth)
                  20000478    00000002     (.common:Lcd_TouchTrim)
                  2000047a    00000001     (.common:Lcd_FontSolid)
                  2000047b    00000001     (.common:Lcd_Orientation)
                  2000047c    00000001     (.common:Lcd_PenSolid)
                  2000047d    00000001     (.common:alarmFired)
                  2000047e    00000001     (.common:clockImage)
                  2000047f    00000001     (.common:onesTimer)
                  20000480    00000001     (.common:updateClockImage)
                  20000481    00000001     (.common:updateDate)
                  20000482    00000001     (.common:updateTime)

.data      0    20000484    0000001c     UNINITIALIZED
                  20000484    00000010     Crystalfontz128x128_ST7735.obj (.data:g_sCrystalfontz128x128)
                  20000494    00000004     main.obj (.data)
                  20000498    00000004     rtsv7M4_T_le_v4SPD16_eabi.lib : errno.c.obj (.data)
                  2000049c    00000004     system_msp432p401r.obj (.data)

.stack     0    2000fe00    00000200     UNINITIALIZED
                  2000fe00    00000004     rtsv7M4_T_le_v4SPD16_eabi.lib : boot_cortex_m.c.obj (.stack)
                  2000fe04    000001fc     --HOLE--

__llvm_prf_cnts 
*          0    20000000    00000000     UNINITIALIZED

MODULE SUMMARY

       Module                                               code    ro data   rw data
       ------                                               ----    -------   -------
    .\
       system_msp432p401r.obj                               820     0         8      
       main.obj                                             176     0         192    
       startup_msp432p401r_ccs.obj                          14      228       0      
    +--+----------------------------------------------------+-------+---------+---------+
       Total:                                               1010    228       200    
                                                                                     
    .\modules\clock_system\
       clock.obj                                            4616    66        58     
    +--+----------------------------------------------------+-------+---------+---------+
       Total:                                               4616    66        58     
                                                                                     
    .\modules\clock_system\images\
       CLOCK_1.obj                                          0       1940      0      
       CLOCK_2.obj                                          0       1940      0      
       CLOCK_3.obj                                          0       1940      0      
       CLOCK_4.obj                                          0       1940      0      
       ALARM_OFF.obj                                        0       1440      0      
       ALARM_ON.obj                                         0       1440      0      
       CURSOR_DOWN.obj                                      0       46        0      
       CURSOR_R.obj                                         0       46        0      
       CURSOR_UP.obj                                        0       46        0      
    +--+----------------------------------------------------+-------+---------+---------+
       Total:                                               0       10778     0      
                                                                                     
    .\modules\hardware\
       hardware.obj                                         1780    68        0      
    +--+----------------------------------------------------+-------+---------+---------+
       Total:                                               1780    68        0      
                                                                                     
    .\modules\hardware\libraries\
       Crystalfontz128x128_ST7735.obj                       1664    40        52     
       HAL_MSP_EXP432P401R_Crystalfontz128x128_ST7735.obj   204     28        0      
    +--+----------------------------------------------------+-------+---------+---------+
       Total:                                               1868    68        52     
                                                                                     
    C:/Users/Filippo Castellan/Desktop/SmartAlarm/driverlib/source/ti/devices/msp432p4xx/driverlib/ccs/msp432p4xx_driverlib.lib
       adc14.o                                              1244    128       0      
       rtc_c.o                                              1032    0         0      
       pcm.o                                                848     0         0      
       gpio.o                                               792     48        0      
       timer_a.o                                            592     0         0      
       cs.o                                                 356     0         0      
       spi.o                                                312     0         0      
       interrupt.o                                          272     16        0      
       flash.o                                              72      0         0      
       cpu.o                                                12      0         0      
    +--+----------------------------------------------------+-------+---------+---------+
       Total:                                               5532    192       0      
                                                                                     
    C:/Users/Filippo Castellan/Desktop/SmartAlarm/driverlib/source/ti/grlib/lib/ccs/m4f/grlib.a
       fontcm34b.obj                                        0       4103      0      
       image.obj                                            1020    0         2048   
       fontcm18b.obj                                        0       2299      0      
       fontcm16b.obj                                        0       2077      0      
       fontcm14.obj                                         0       1826      0      
       string.obj                                           1214    0         0      
       fontfixed6x8.obj                                     0       960       0      
       rectangle.obj                                        274     0         0      
       display.obj                                          246     0         0      
       context.obj                                          174     0         0      
       line.obj                                             156     0         0      
    +--+----------------------------------------------------+-------+---------+---------+
       Total:                                               3084    11265     2048   
                                                                                     
    C:\ti\ccs1220\ccs\tools\compiler\ti-cgt-arm_20.2.7.LTS\lib\rtsv7M4_T_le_v4SPD16_eabi.lib
       _printfi.c.obj                                       4851    0         0      
       fd_add_t2.asm.obj                                    438     0         0      
       fd_div_t2.asm.obj                                    310     0         0      
       s_scalbn.c.obj                                       272     0         0      
       fd_cmp_t2.asm.obj                                    268     0         0      
       ctype.c.obj                                          0       257       0      
       fd_mul_t2.asm.obj                                    252     0         0      
       memcpy_t2.asm.obj                                    156     0         0      
       ull_div_t2.asm.obj                                   150     0         0      
       memset_t2.asm.obj                                    122     0         0      
       copy_decompress_lzss.c.obj                           104     0         0      
       s_frexp.c.obj                                        100     0         0      
       sprintf.c.obj                                        98      0         0      
       _ltoa.c.obj                                          84      0         0      
       atoi.c.obj                                           76      0         0      
       fd_toi_t2.asm.obj                                    72      0         0      
       autoinit.c.obj                                       68      0         0      
       boot_cortex_m.c.obj                                  52      0         0      
       i_tofd_t2.asm.obj                                    46      0         0      
       memccpy.c.obj                                        28      0         0      
       s_copysign.c.obj                                     26      0         0      
       strchr.c.obj                                         22      0         0      
       strcpy.c.obj                                         20      0         0      
       strlen.c.obj                                         20      0         0      
       wcslen.c.obj                                         18      0         0      
       errno.c.obj                                          8       0         8      
       copy_decompress_none.c.obj                           14      0         0      
       copy_zero_init.c.obj                                 12      0         0      
       exit.c.obj                                           4       0         0      
       pre_init.c.obj                                       4       0         0      
       div0.asm.obj                                         2       0         0      
    +--+----------------------------------------------------+-------+---------+---------+
       Total:                                               7697    257       8      
                                                                                     
       Stack:                                               0       0         1024   
       Linker Generated:                                    0       60        0      
    +--+----------------------------------------------------+-------+---------+---------+
       Grand Total:                                         25587   22982     3390   


LINKER GENERATED COPY TABLES

__TI_cinit_table @ 0000bdd8 records: 2, size/record: 8, table size: 16
	.data: load addr=0000bda8, load size=00000018 bytes, run addr=20000484, run size=0000001c bytes, compression=lzss
	.bss: load addr=0000bdd0, load size=00000008 bytes, run addr=20000000, run size=00000483 bytes, compression=zero_init


LINKER GENERATED HANDLER TABLE

__TI_handler_table @ 0000bdc0 records: 3, size/record: 4, table size: 12
	index: 0, handler: __TI_decompress_lzss
	index: 1, handler: __TI_decompress_none
	index: 2, handler: __TI_zero_init


GLOBAL SYMBOLS: SORTED ALPHABETICALLY BY Name 

address   name                                       
-------   ----                                       
000023bd  ADC14_IRQHandler                           
000023bd  ADC14_IRQHandler                           
00005f7d  ADC14_clearInterruptFlag                   
000049a9  ADC14_configureConversionMemory            
00004a5d  ADC14_configureMultiSequenceMode           
0000644d  ADC14_disableConversion                    
000060e9  ADC14_enableConversion                     
00005fad  ADC14_enableInterrupt                      
000064b9  ADC14_enableModule                         
00005ee1  ADC14_enableSampleTimer                    
00005e71  ADC14_getEnabledInterruptStatus            
0000600d  ADC14_getInterruptStatus                   
00006111  ADC14_getResult                            
000059b1  ADC14_initModule                           
00006225  ADC14_setResolution                        
00006039  ADC14_toggleConversionTrigger              
000064b7  AES256_IRQHandler                          
0000bcb8  ALARM_OFF8BPP_UNCOMP                       
0000bcc8  ALARM_ON8BPP_UNCOMP                        
000064b7  BusFault_Handler                           
000064f5  C$$EXIT                                    
0000bcd8  CLOCK_18BPP_UNCOMP                         
0000bce8  CLOCK_28BPP_UNCOMP                         
0000bcf8  CLOCK_38BPP_UNCOMP                         
0000bd08  CLOCK_48BPP_UNCOMP                         
000064b7  COMP_E0_IRQHandler                         
000064b7  COMP_E1_IRQHandler                         
000064c5  CPU_cpsie                                  
000064b7  CS_IRQHandler                              
00004261  CS_initClockSignal                         
00005f15  CS_setDCOCenteredFrequency                 
0000bd18  CURSOR_DOWN1BPP_UNCOMP                     
0000bd28  CURSOR_R1BPP_UNCOMP                        
0000bd38  CURSOR_UP1BPP_UNCOMP                       
00002431  Crystalfontz128x128_Init                   
00002545  Crystalfontz128x128_SetDrawFrame           
00002673  Crystalfontz128x128_SetOrientation         
000064b7  DMA_ERR_IRQHandler                         
000064b7  DMA_INT0_IRQHandler                        
000064b7  DMA_INT1_IRQHandler                        
000064b7  DMA_INT2_IRQHandler                        
000064b7  DMA_INT3_IRQHandler                        
000064b7  DebugMon_Handler                           
000064b7  Default_Handler                            
000064b7  EUSCIA0_IRQHandler                         
000064b7  EUSCIA1_IRQHandler                         
000064b7  EUSCIA2_IRQHandler                         
000064b7  EUSCIA3_IRQHandler                         
000064b7  EUSCIB0_IRQHandler                         
000064b7  EUSCIB1_IRQHandler                         
000064b7  EUSCIB2_IRQHandler                         
000064b7  EUSCIB3_IRQHandler                         
00006355  EUSCI_A_SPI_enable                         
0000636b  EUSCI_B_SPI_enable                         
000064b7  FLCTL_IRQHandler                           
000064b7  FPU_IRQHandler                             
00005b99  FlashCtl_setWaitState                      
00006139  GPIO_clearInterruptFlag                    
00006161  GPIO_enableInterrupt                       
00005239  GPIO_getEnabledInterruptStatus             
00006201  GPIO_getInterruptStatus                    
000058a9  GPIO_setAsInputPinWithPullUpResistor       
00005cb5  GPIO_setAsOutputPin                        
0000501d  GPIO_setAsPeripheralModuleFunctionInputPin 
000050a5  GPIO_setAsPeripheralModuleFunctionOutputPin
00006189  GPIO_setOutputHighOnPin                    
000061b1  GPIO_setOutputLowOnPin                     
000061d9  GPIO_toggleOutputOnPin                     
00006429  Graphics_clearDisplay                      
000062d5  Graphics_clearDisplayOnDisplay             
00005ea9  Graphics_drawHorizontalLineOnDisplay       
00002f2f  Graphics_drawImage                         
00004d25  Graphics_drawLineH                         
00005c29  Graphics_drawMultiplePixelsOnDisplay       
00006065  Graphics_drawPixelOnDisplay                
00002ab1  Graphics_drawString                        
000044b5  Graphics_fillRectangle                     
00006245  Graphics_fillRectangleOnDisplay            
00005a59  Graphics_initContext                       
000062ef  Graphics_setBackgroundColor                
00006309  Graphics_setFont                           
00006381  Graphics_setForegroundColor                
00006397  Graphics_translateColorOnDisplay           
000048dd  HAL_LCD_PortInit                           
0000490d  HAL_LCD_SpiInit                            
00004943  HAL_LCD_writeCommand                       
00004973  HAL_LCD_writeData                          
000064b7  HardFault_Handler                          
00000e89  IRQdrawClock                               
000052bd  Interrupt_disableInterrupt                 
0000533d  Interrupt_enableInterrupt                  
0000646d  Interrupt_enableMaster                     
20000468  JoyValues                                  
20000473  Lcd_FlagRead                               
2000047a  Lcd_FontSolid                              
2000047b  Lcd_Orientation                            
2000047c  Lcd_PenSolid                               
20000474  Lcd_ScreenHeigth                           
20000476  Lcd_ScreenWidth                            
20000478  Lcd_TouchTrim                              
000064b7  MemManage_Handler                          
000064b7  NMI_Handler                                
000064b7  PCM_IRQHandler                             
00005791  PCM_getCoreVoltageLevel                    
0000584d  PCM_getPowerMode                           
000063d9  PCM_getPowerState                          
0000647d  PCM_setCoreVoltageLevel                    
0000648d  PCM_setPowerMode                           
000064b7  PORT1_IRQHandler                           
000064b7  PORT2_IRQHandler                           
0000233b  PORT3_IRQHandler                           
0000233b  PORT3_IRQHandler                           
0000235b  PORT4_IRQHandler                           
0000235b  PORT4_IRQHandler                           
0000237b  PORT5_IRQHandler                           
0000237b  PORT5_IRQHandler                           
000064b7  PORT6_IRQHandler                           
000064b7  PSS_IRQHandler                             
000064b7  PendSV_Handler                             
000011fd  RTC_C_IRQHandler                           
000011fd  RTC_C_IRQHandler                           
00005901  RTC_C_clearInterruptFlag                   
00006265  RTC_C_convertBCDToBinary                   
00006281  RTC_C_convertBinaryToBCD                   
0000558d  RTC_C_disableInterrupt                     
000056c9  RTC_C_enableInterrupt                      
000053bd  RTC_C_getCalendarTime                      
00004ef5  RTC_C_getEnabledInterruptStatus            
000057f1  RTC_C_getInterruptStatus                   
00004f89  RTC_C_initCalendar                         
00005d35  RTC_C_setCalendarAlarm                     
00005e35  RTC_C_setCalendarEvent                     
00006091  RTC_C_startClock                           
000064ab  Reset_Handler                              
0000629d  SPI_enableModule                           
00004bc3  SPI_initMaster                             
000064b7  SVC_Handler                                
000064b7  SysTick_Handler                            
2000049c  SystemCoreClock                            
000032c1  SystemCoreClockUpdate                      
00003539  SystemInit                                 
000064b7  T32_INT1_IRQHandler                        
000064b7  T32_INT2_IRQHandler                        
000064b7  T32_INTC_IRQHandler                        
000064b7  TA0_0_IRQHandler                           
000064b7  TA0_N_IRQHandler                           
0000226d  TA1_0_IRQHandler                           
0000226d  TA1_0_IRQHandler                           
000064b7  TA1_N_IRQHandler                           
000022ad  TA2_0_IRQHandler                           
000022ad  TA2_0_IRQHandler                           
000064b7  TA2_N_IRQHandler                           
000022e5  TA3_0_IRQHandler                           
000022e5  TA3_0_IRQHandler                           
000064b7  TA3_N_IRQHandler                           
000060bd  Timer_A_clearCaptureCompareInterrupt       
000055f9  Timer_A_configureUpMode                    
00005afd  Timer_A_initCompare                        
000063ad  Timer_A_startCounter                       
000063ed  Timer_A_stopTimer                          
000064b7  UsageFault_Handler                         
4000480c  WDTCTL_SYM                                 
000064b7  WDT_A_IRQHandler                           
20010000  __STACK_END                                
00000200  __STACK_SIZE                               
0000bdd8  __TI_CINIT_Base                            
0000bde8  __TI_CINIT_Limit                           
0000bdc0  __TI_Handler_Table_Base                    
0000bdcc  __TI_Handler_Table_Limit                   
00005c71  __TI_auto_init_nobinit_nopinit             
00005661  __TI_decompress_lzss                       
0000649d  __TI_decompress_none                       
00005a05  __TI_ltoa                                  
ffffffff  __TI_pprof_out_hndl                        
000012ed  __TI_printfi                               
ffffffff  __TI_prof_data_size                        
ffffffff  __TI_prof_data_start                       
00000000  __TI_static_base__                         
000064d1  __TI_zero_init                             
0000512d  __aeabi_cdcmpeq                            
0000512d  __aeabi_cdcmple                            
000051b3  __aeabi_cdrcmple                           
00005be1  __aeabi_d2iz                               
00003a3f  __aeabi_dadd                               
00004129  __aeabi_ddiv                               
000047e1  __aeabi_dmul                               
00003a35  __aeabi_dsub                               
000064e9  __aeabi_errno_addr                         
00005fdd  __aeabi_i2d                                
00001d3b  __aeabi_idiv0                              
00001d3b  __aeabi_ldiv0                              
00005439  __aeabi_memclr                             
00005439  __aeabi_memclr4                            
00005439  __aeabi_memclr8                            
00004dc1  __aeabi_memcpy                             
00004dc1  __aeabi_memcpy4                            
00004dc1  __aeabi_memcpy8                            
0000543b  __aeabi_memset                             
0000543b  __aeabi_memset4                            
0000543b  __aeabi_memset8                            
00004e5d  __aeabi_uldivmod                           
ffffffff  __binit__                                  
ffffffff  __c_args__                                 
UNDEFED   __mpu_init                                 
2000fe00  __stack                                    
20000000  __start___llvm_prf_cnts                    
20000000  __stop___llvm_prf_cnts                     
00005f49  _c_int00_noargs                            
0000b644  _ctypes_                                   
UNDEFED   _system_post_cinit                         
000064f1  _system_pre_init                           
000064f5  abort                                      
2000047d  alarmFired                                 
00000117  alarmSettView                              
2000041c  alarmTime                                  
00005b4d  atoi                                       
ffffffff  binit                                      
20000470  buttonsPressed                             
2000047e  clockImage                                 
00000cf9  clockView                                  
00006323  copysign                                   
00006323  copysignl                                  
0000bc1c  currentTime                                
00002215  disable_timer                              
000021f9  disable_tone                               
00000de9  drawAlarm                                  
00000333  drawAlarmMenu                              
00000ea7  drawClock                                  
00000a75  drawCursor                                 
00001035  drawDate                                   
00000c95  drawMenu                                   
000011ed  drawSeconds                                
00000f7d  drawTime                                   
00000825  drawTimeMenu                               
00000c59  drawTitle                                  
20000498  errno                                      
0000572d  frexp                                      
0000572d  frexpl                                     
20000438  g_sContext                                 
20000484  g_sCrystalfontz128x128                     
0000bbe0  g_sCrystalfontz128x128_funcs               
0000b748  g_sFontCm14                                
0000b810  g_sFontCm16b                               
0000b8d8  g_sFontCm18b                               
0000b9a0  g_sFontCm34b                               
0000ba68  g_sFontFixed6x8                            
20000494  gc                                         
00001f3f  generate_delay                             
00002035  generate_rate                              
00002145  generate_tone                              
00000999  getCursorPosition                          
000023af  getJoyValue                                
00001e9f  initAdcSystem                              
000002ef  initAlarmSettView                          
00001dd7  initButtonSystem                           
00001d9d  initClockSystem                            
00000f05  initClockView                              
00001d3d  initHardware                               
00001e2f  initLedSystem                              
00001d69  initPCM                                    
00001f13  initRTCSystem                              
00000c15  initSettingsView                           
0000087d  initTimeSettView                           
00001d83  initTimerSystem                            
00000000  interruptVectors                           
00001e63  intiDisplaySystem                          
000045c9  ldexp                                      
000045c9  ldexpl                                     
00004c75  main                                       
000062b9  memccpy                                    
00004dc1  memcpy                                     
00005441  memset                                     
2000047f  onesTimer                                  
00002327  resetButtonsState                          
000045c9  scalbn                                     
000045c9  scalbnl                                    
000008c7  settingsView                               
00005db5  sprintf                                    
0000239b  startADCconversions                        
000023a7  stopADCconversions                         
000063c3  strchr                                     
00006401  strcpy                                     
00006415  strlen                                     
000000e5  testJoy                                    
000003b9  timeSettView                               
20000454  timerlist                                  
20000480  updateClockImage                           
20000481  updateDate                                 
20000482  updateTime                                 
0000643b  wcslen                                     


GLOBAL SYMBOLS: SORTED BY Symbol Address 

address   name                                       
-------   ----                                       
00000000  __TI_static_base__                         
00000000  interruptVectors                           
000000e5  testJoy                                    
00000117  alarmSettView                              
00000200  __STACK_SIZE                               
000002ef  initAlarmSettView                          
00000333  drawAlarmMenu                              
000003b9  timeSettView                               
00000825  drawTimeMenu                               
0000087d  initTimeSettView                           
000008c7  settingsView                               
00000999  getCursorPosition                          
00000a75  drawCursor                                 
00000c15  initSettingsView                           
00000c59  drawTitle                                  
00000c95  drawMenu                                   
00000cf9  clockView                                  
00000de9  drawAlarm                                  
00000e89  IRQdrawClock                               
00000ea7  drawClock                                  
00000f05  initClockView                              
00000f7d  drawTime                                   
00001035  drawDate                                   
000011ed  drawSeconds                                
000011fd  RTC_C_IRQHandler                           
000011fd  RTC_C_IRQHandler                           
000012ed  __TI_printfi                               
00001d3b  __aeabi_idiv0                              
00001d3b  __aeabi_ldiv0                              
00001d3d  initHardware                               
00001d69  initPCM                                    
00001d83  initTimerSystem                            
00001d9d  initClockSystem                            
00001dd7  initButtonSystem                           
00001e2f  initLedSystem                              
00001e63  intiDisplaySystem                          
00001e9f  initAdcSystem                              
00001f13  initRTCSystem                              
00001f3f  generate_delay                             
00002035  generate_rate                              
00002145  generate_tone                              
000021f9  disable_tone                               
00002215  disable_timer                              
0000226d  TA1_0_IRQHandler                           
0000226d  TA1_0_IRQHandler                           
000022ad  TA2_0_IRQHandler                           
000022ad  TA2_0_IRQHandler                           
000022e5  TA3_0_IRQHandler                           
000022e5  TA3_0_IRQHandler                           
00002327  resetButtonsState                          
0000233b  PORT3_IRQHandler                           
0000233b  PORT3_IRQHandler                           
0000235b  PORT4_IRQHandler                           
0000235b  PORT4_IRQHandler                           
0000237b  PORT5_IRQHandler                           
0000237b  PORT5_IRQHandler                           
0000239b  startADCconversions                        
000023a7  stopADCconversions                         
000023af  getJoyValue                                
000023bd  ADC14_IRQHandler                           
000023bd  ADC14_IRQHandler                           
00002431  Crystalfontz128x128_Init                   
00002545  Crystalfontz128x128_SetDrawFrame           
00002673  Crystalfontz128x128_SetOrientation         
00002ab1  Graphics_drawString                        
00002f2f  Graphics_drawImage                         
000032c1  SystemCoreClockUpdate                      
00003539  SystemInit                                 
00003a35  __aeabi_dsub                               
00003a3f  __aeabi_dadd                               
00004129  __aeabi_ddiv                               
00004261  CS_initClockSignal                         
000044b5  Graphics_fillRectangle                     
000045c9  ldexp                                      
000045c9  ldexpl                                     
000045c9  scalbn                                     
000045c9  scalbnl                                    
000047e1  __aeabi_dmul                               
000048dd  HAL_LCD_PortInit                           
0000490d  HAL_LCD_SpiInit                            
00004943  HAL_LCD_writeCommand                       
00004973  HAL_LCD_writeData                          
000049a9  ADC14_configureConversionMemory            
00004a5d  ADC14_configureMultiSequenceMode           
00004bc3  SPI_initMaster                             
00004c75  main                                       
00004d25  Graphics_drawLineH                         
00004dc1  __aeabi_memcpy                             
00004dc1  __aeabi_memcpy4                            
00004dc1  __aeabi_memcpy8                            
00004dc1  memcpy                                     
00004e5d  __aeabi_uldivmod                           
00004ef5  RTC_C_getEnabledInterruptStatus            
00004f89  RTC_C_initCalendar                         
0000501d  GPIO_setAsPeripheralModuleFunctionInputPin 
000050a5  GPIO_setAsPeripheralModuleFunctionOutputPin
0000512d  __aeabi_cdcmpeq                            
0000512d  __aeabi_cdcmple                            
000051b3  __aeabi_cdrcmple                           
00005239  GPIO_getEnabledInterruptStatus             
000052bd  Interrupt_disableInterrupt                 
0000533d  Interrupt_enableInterrupt                  
000053bd  RTC_C_getCalendarTime                      
00005439  __aeabi_memclr                             
00005439  __aeabi_memclr4                            
00005439  __aeabi_memclr8                            
0000543b  __aeabi_memset                             
0000543b  __aeabi_memset4                            
0000543b  __aeabi_memset8                            
00005441  memset                                     
0000558d  RTC_C_disableInterrupt                     
000055f9  Timer_A_configureUpMode                    
00005661  __TI_decompress_lzss                       
000056c9  RTC_C_enableInterrupt                      
0000572d  frexp                                      
0000572d  frexpl                                     
00005791  PCM_getCoreVoltageLevel                    
000057f1  RTC_C_getInterruptStatus                   
0000584d  PCM_getPowerMode                           
000058a9  GPIO_setAsInputPinWithPullUpResistor       
00005901  RTC_C_clearInterruptFlag                   
000059b1  ADC14_initModule                           
00005a05  __TI_ltoa                                  
00005a59  Graphics_initContext                       
00005afd  Timer_A_initCompare                        
00005b4d  atoi                                       
00005b99  FlashCtl_setWaitState                      
00005be1  __aeabi_d2iz                               
00005c29  Graphics_drawMultiplePixelsOnDisplay       
00005c71  __TI_auto_init_nobinit_nopinit             
00005cb5  GPIO_setAsOutputPin                        
00005d35  RTC_C_setCalendarAlarm                     
00005db5  sprintf                                    
00005e35  RTC_C_setCalendarEvent                     
00005e71  ADC14_getEnabledInterruptStatus            
00005ea9  Graphics_drawHorizontalLineOnDisplay       
00005ee1  ADC14_enableSampleTimer                    
00005f15  CS_setDCOCenteredFrequency                 
00005f49  _c_int00_noargs                            
00005f7d  ADC14_clearInterruptFlag                   
00005fad  ADC14_enableInterrupt                      
00005fdd  __aeabi_i2d                                
0000600d  ADC14_getInterruptStatus                   
00006039  ADC14_toggleConversionTrigger              
00006065  Graphics_drawPixelOnDisplay                
00006091  RTC_C_startClock                           
000060bd  Timer_A_clearCaptureCompareInterrupt       
000060e9  ADC14_enableConversion                     
00006111  ADC14_getResult                            
00006139  GPIO_clearInterruptFlag                    
00006161  GPIO_enableInterrupt                       
00006189  GPIO_setOutputHighOnPin                    
000061b1  GPIO_setOutputLowOnPin                     
000061d9  GPIO_toggleOutputOnPin                     
00006201  GPIO_getInterruptStatus                    
00006225  ADC14_setResolution                        
00006245  Graphics_fillRectangleOnDisplay            
00006265  RTC_C_convertBCDToBinary                   
00006281  RTC_C_convertBinaryToBCD                   
0000629d  SPI_enableModule                           
000062b9  memccpy                                    
000062d5  Graphics_clearDisplayOnDisplay             
000062ef  Graphics_setBackgroundColor                
00006309  Graphics_setFont                           
00006323  copysign                                   
00006323  copysignl                                  
00006355  EUSCI_A_SPI_enable                         
0000636b  EUSCI_B_SPI_enable                         
00006381  Graphics_setForegroundColor                
00006397  Graphics_translateColorOnDisplay           
000063ad  Timer_A_startCounter                       
000063c3  strchr                                     
000063d9  PCM_getPowerState                          
000063ed  Timer_A_stopTimer                          
00006401  strcpy                                     
00006415  strlen                                     
00006429  Graphics_clearDisplay                      
0000643b  wcslen                                     
0000644d  ADC14_disableConversion                    
0000646d  Interrupt_enableMaster                     
0000647d  PCM_setCoreVoltageLevel                    
0000648d  PCM_setPowerMode                           
0000649d  __TI_decompress_none                       
000064ab  Reset_Handler                              
000064b7  AES256_IRQHandler                          
000064b7  BusFault_Handler                           
000064b7  COMP_E0_IRQHandler                         
000064b7  COMP_E1_IRQHandler                         
000064b7  CS_IRQHandler                              
000064b7  DMA_ERR_IRQHandler                         
000064b7  DMA_INT0_IRQHandler                        
000064b7  DMA_INT1_IRQHandler                        
000064b7  DMA_INT2_IRQHandler                        
000064b7  DMA_INT3_IRQHandler                        
000064b7  DebugMon_Handler                           
000064b7  Default_Handler                            
000064b7  EUSCIA0_IRQHandler                         
000064b7  EUSCIA1_IRQHandler                         
000064b7  EUSCIA2_IRQHandler                         
000064b7  EUSCIA3_IRQHandler                         
000064b7  EUSCIB0_IRQHandler                         
000064b7  EUSCIB1_IRQHandler                         
000064b7  EUSCIB2_IRQHandler                         
000064b7  EUSCIB3_IRQHandler                         
000064b7  FLCTL_IRQHandler                           
000064b7  FPU_IRQHandler                             
000064b7  HardFault_Handler                          
000064b7  MemManage_Handler                          
000064b7  NMI_Handler                                
000064b7  PCM_IRQHandler                             
000064b7  PORT1_IRQHandler                           
000064b7  PORT2_IRQHandler                           
000064b7  PORT6_IRQHandler                           
000064b7  PSS_IRQHandler                             
000064b7  PendSV_Handler                             
000064b7  SVC_Handler                                
000064b7  SysTick_Handler                            
000064b7  T32_INT1_IRQHandler                        
000064b7  T32_INT2_IRQHandler                        
000064b7  T32_INTC_IRQHandler                        
000064b7  TA0_0_IRQHandler                           
000064b7  TA0_N_IRQHandler                           
000064b7  TA1_N_IRQHandler                           
000064b7  TA2_N_IRQHandler                           
000064b7  TA3_N_IRQHandler                           
000064b7  UsageFault_Handler                         
000064b7  WDT_A_IRQHandler                           
000064b9  ADC14_enableModule                         
000064c5  CPU_cpsie                                  
000064d1  __TI_zero_init                             
000064e9  __aeabi_errno_addr                         
000064f1  _system_pre_init                           
000064f5  C$$EXIT                                    
000064f5  abort                                      
0000b644  _ctypes_                                   
0000b748  g_sFontCm14                                
0000b810  g_sFontCm16b                               
0000b8d8  g_sFontCm18b                               
0000b9a0  g_sFontCm34b                               
0000ba68  g_sFontFixed6x8                            
0000bbe0  g_sCrystalfontz128x128_funcs               
0000bc1c  currentTime                                
0000bcb8  ALARM_OFF8BPP_UNCOMP                       
0000bcc8  ALARM_ON8BPP_UNCOMP                        
0000bcd8  CLOCK_18BPP_UNCOMP                         
0000bce8  CLOCK_28BPP_UNCOMP                         
0000bcf8  CLOCK_38BPP_UNCOMP                         
0000bd08  CLOCK_48BPP_UNCOMP                         
0000bd18  CURSOR_DOWN1BPP_UNCOMP                     
0000bd28  CURSOR_R1BPP_UNCOMP                        
0000bd38  CURSOR_UP1BPP_UNCOMP                       
0000bdc0  __TI_Handler_Table_Base                    
0000bdcc  __TI_Handler_Table_Limit                   
0000bdd8  __TI_CINIT_Base                            
0000bde8  __TI_CINIT_Limit                           
20000000  __start___llvm_prf_cnts                    
20000000  __stop___llvm_prf_cnts                     
2000041c  alarmTime                                  
20000438  g_sContext                                 
20000454  timerlist                                  
20000468  JoyValues                                  
20000470  buttonsPressed                             
20000473  Lcd_FlagRead                               
20000474  Lcd_ScreenHeigth                           
20000476  Lcd_ScreenWidth                            
20000478  Lcd_TouchTrim                              
2000047a  Lcd_FontSolid                              
2000047b  Lcd_Orientation                            
2000047c  Lcd_PenSolid                               
2000047d  alarmFired                                 
2000047e  clockImage                                 
2000047f  onesTimer                                  
20000480  updateClockImage                           
20000481  updateDate                                 
20000482  updateTime                                 
20000484  g_sCrystalfontz128x128                     
20000494  gc                                         
20000498  errno                                      
2000049c  SystemCoreClock                            
2000fe00  __stack                                    
20010000  __STACK_END                                
4000480c  WDTCTL_SYM                                 
ffffffff  __TI_pprof_out_hndl                        
ffffffff  __TI_prof_data_size                        
ffffffff  __TI_prof_data_start                       
ffffffff  __binit__                                  
ffffffff  __c_args__                                 
ffffffff  binit                                      
UNDEFED   __mpu_init                                 
UNDEFED   _system_post_cinit                         

[290 symbols]
