******************************************************************************
                  TI ARM Linker PC v20.2.7                     
******************************************************************************
>> Linked Tue Feb 28 13:06:23 2023

OUTPUT FILE NAME:   <SmartAlarm.out>
ENTRY POINT SYMBOL: "_c_int00_noargs"  address: 00004581


MEMORY CONFIGURATION

         name            origin    length      used     unused   attr    fill
----------------------  --------  ---------  --------  --------  ----  --------
  MAIN                  00000000   00040000  00005040  0003afc0  R  X
  INFO                  00200000   00004000  00000000  00004000  R  X
  SRAM_CODE             01000000   00010000  00000272  0000fd8e  RW X
  SRAM_DATA             20000000   00010000  00000272  0000fd8e  RW  


SEGMENT ALLOCATION MAP

run origin  load origin   length   init length attrs members
----------  ----------- ---------- ----------- ----- -------
00000000    00000000    00005040   00005040    r-x
  00000000    00000000    000000e4   000000e4    r-- .intvecs
  000000e4    000000e4    00004938   00004938    r-x .text
  00004a1c    00004a1c    000005e4   000005e4    r-- .const
  00005000    00005000    00000040   00000040    r-- .cinit
20000000    20000000    00000074   00000000    rw-
  20000000    20000000    00000056   00000000    rw- .bss
  20000058    20000058    0000001c   00000000    rw- .data
2000fe00    2000fe00    00000200   00000000    rw-
  2000fe00    2000fe00    00000200   00000000    rw- .stack


SECTION ALLOCATION MAP

 output                                  attributes/
section   page    origin      length       input sections
--------  ----  ----------  ----------   ----------------
.intvecs   0    00000000    000000e4     
                  00000000    000000e4     startup_msp432p401r_ccs.obj (.intvecs:retain)

.text      0    000000e4    00004938     
                  000000e4    00000a4e     rtsv7M4_T_le_v4SPD16_eabi.lib : _printfi.c.obj (.text:__TI_printfi)
                  00000b32    00000002                                   : div0.asm.obj (.text)
                  00000b34    000006d0     hardware.obj (.text)
                  00001204    00000680     Crystalfontz128x128_ST7735.obj (.text)
                  00001884    0000047e     grlib.a : string.obj (.text:Graphics_drawString)
                  00001d02    00000002     --HOLE-- [fill = 0]
                  00001d04    00000334     system_msp432p401r.obj (.text)
                  00002038    000002ac     clock.obj (.text)
                  000022e4    00000270     rtsv7M4_T_le_v4SPD16_eabi.lib : _printfi.c.obj (.text:_pconv_a)
                  00002554    000001d0                                   : _printfi.c.obj (.text:_pconv_g)
                  00002724    000001b6                                   : fd_add_t2.asm.obj (.text)
                  000028da    00000002     --HOLE-- [fill = 0]
                  000028dc    00000160     msp432p4xx_driverlib.lib : adc14.o (.text:_getIndexForMemRegister)
                  00002a3c    00000144                              : timer_a.o (.text:privateTimer_AProcessClockSourceDivider)
                  00002b80    0000013c     rtsv7M4_T_le_v4SPD16_eabi.lib : _printfi.c.obj (.text:_pconv_e)
                  00002cbc    00000136                                   : fd_div_t2.asm.obj (.text)
                  00002df2    00000002     --HOLE-- [fill = 0]
                  00002df4    00000130     msp432p4xx_driverlib.lib : cs.o (.text:CS_initClockSignal)
                  00002f24    00000124     rtsv7M4_T_le_v4SPD16_eabi.lib : _printfi.c.obj (.text:fcvt)
                  00003048    00000112     grlib.a : rectangle.obj (.text:Graphics_fillRectangle)
                  0000315a    00000002     --HOLE-- [fill = 0]
                  0000315c    00000110     rtsv7M4_T_le_v4SPD16_eabi.lib : s_scalbn.c.obj (.text:scalbn)
                  0000326c    000000fc                                   : fd_mul_t2.asm.obj (.text)
                  00003368    000000cc     HAL_MSP_EXP432P401R_Crystalfontz128x128_ST7735.obj (.text)
                  00003434    000000b4     msp432p4xx_driverlib.lib : adc14.o (.text:ADC14_configureConversionMemory)
                  000034e8    000000b4                              : adc14.o (.text:ADC14_configureMultiSequenceMode)
                  0000359c    000000b1     rtsv7M4_T_le_v4SPD16_eabi.lib : _printfi.c.obj (.text:_ltostr)
                  0000364d    00000001     --HOLE-- [fill = 0]
                  0000364e    000000b0     msp432p4xx_driverlib.lib : spi.o (.text:SPI_initMaster)
                  000036fe    0000009c     grlib.a : line.obj (.text:Graphics_drawLineH)
                  0000379a    0000009c     rtsv7M4_T_le_v4SPD16_eabi.lib : memcpy_t2.asm.obj (.text)
                  00003836    00000096                                   : ull_div_t2.asm.obj (.text)
                  000038cc    00000094     msp432p4xx_driverlib.lib : rtc_c.o (.text:RTC_C_getEnabledInterruptStatus)
                  00003960    00000088                              : gpio.o (.text:GPIO_setAsPeripheralModuleFunctionInputPin)
                  000039e8    00000088                              : gpio.o (.text:GPIO_setAsPeripheralModuleFunctionOutputPin)
                  00003a70    00000086     rtsv7M4_T_le_v4SPD16_eabi.lib : fd_cmp_t2.asm.obj (.text:__aeabi_cdcmple)
                  00003af6    00000086                                   : fd_cmp_t2.asm.obj (.text:__aeabi_cdrcmple)
                  00003b7c    00000084     msp432p4xx_driverlib.lib : gpio.o (.text:GPIO_getEnabledInterruptStatus)
                  00003c00    00000080                              : interrupt.o (.text:Interrupt_disableInterrupt)
                  00003c80    00000080                              : interrupt.o (.text:Interrupt_enableInterrupt)
                  00003d00    0000007c                              : rtc_c.o (.text:RTC_C_getCalendarTime)
                  00003d7c    0000007a     rtsv7M4_T_le_v4SPD16_eabi.lib : memset_t2.asm.obj (.text)
                  00003df6    00000002     --HOLE-- [fill = 0]
                  00003df8    00000074     msp432p4xx_driverlib.lib : timer_a.o (.text:Timer_A_generatePWM)
                  00003e6c    0000006e     rtsv7M4_T_le_v4SPD16_eabi.lib : _printfi.c.obj (.text:_mcpy)
                  00003eda    00000002     --HOLE-- [fill = 0]
                  00003edc    00000068     msp432p4xx_driverlib.lib : timer_a.o (.text:Timer_A_configureUpMode)
                  00003f44    00000068     rtsv7M4_T_le_v4SPD16_eabi.lib : copy_decompress_lzss.c.obj (.text:decompress:lzss:__TI_decompress_lzss)
                  00003fac    00000064     msp432p4xx_driverlib.lib : rtc_c.o (.text:RTC_C_enableInterrupt)
                  00004010    00000064     rtsv7M4_T_le_v4SPD16_eabi.lib : s_frexp.c.obj (.text:frexp)
                  00004074    0000005c     msp432p4xx_driverlib.lib : rtc_c.o (.text:RTC_C_getInterruptStatus)
                  000040d0    00000058                              : gpio.o (.text:GPIO_setAsInputPinWithPullUpResistor)
                  00004128    00000056     rtsv7M4_T_le_v4SPD16_eabi.lib : _printfi.c.obj (.text:_pconv_f)
                  0000417e    00000002     --HOLE-- [fill = 0]
                  00004180    00000054     msp432p4xx_driverlib.lib : adc14.o (.text:ADC14_initModule)
                  000041d4    00000054     rtsv7M4_T_le_v4SPD16_eabi.lib : _ltoa.c.obj (.text:__TI_ltoa)
                  00004228    00000052     grlib.a : context.obj (.text:Graphics_initContext)
                  0000427a    00000052     rtsv7M4_T_le_v4SPD16_eabi.lib : _printfi.c.obj (.text:_ecpy)
                  000042cc    0000004c                                   : atoi.c.obj (.text:atoi)
                  00004318    00000048                                   : fd_toi_t2.asm.obj (.text)
                  00004360    00000044                                   : autoinit.c.obj (.text:__TI_auto_init_nobinit_nopinit:__TI_auto_init_nobinit_nopinit)
                  000043a4    00000040     msp432p4xx_driverlib.lib : gpio.o (.text:GPIO_setAsOutputPin)
                  000043e4    00000040     grlib.a : string.obj (.text:Graphics_getNumberOfLeadingZeros)
                  00004424    00000040     msp432p4xx_driverlib.lib : spi.o (.text:is_A_Module)
                  00004464    00000040     rtsv7M4_T_le_v4SPD16_eabi.lib : sprintf.c.obj (.text:sprintf)
                  000044a4    0000003e                                   : _printfi.c.obj (.text:_fcpy)
                  000044e2    00000036     grlib.a : display.obj (.text:Graphics_drawHorizontalLineOnDisplay)
                  00004518    00000034     msp432p4xx_driverlib.lib : adc14.o (.text:ADC14_enableSampleTimer)
                  0000454c    00000034                              : cs.o (.text:CS_setDCOCenteredFrequency)
                  00004580    00000034     rtsv7M4_T_le_v4SPD16_eabi.lib : boot_cortex_m.c.obj (.text:_c_int00_noargs:_c_int00_noargs)
                  000045b4    00000030     msp432p4xx_driverlib.lib : cs.o (.text:CS_setReferenceOscillatorFrequency)
                  000045e4    0000002e     rtsv7M4_T_le_v4SPD16_eabi.lib : i_tofd_t2.asm.obj (.text)
                  00004612    00000002     --HOLE-- [fill = 0]
                  00004614    0000002c     msp432p4xx_driverlib.lib : adc14.o (.text:ADC14_toggleConversionTrigger)
                  00004640    0000002c     grlib.a : display.obj (.text:Graphics_drawPixelOnDisplay)
                  0000466c    0000002c     msp432p4xx_driverlib.lib : timer_a.o (.text:Timer_A_clearCaptureCompareInterrupt)
                  00004698    00000028                              : adc14.o (.text:ADC14_enableConversion)
                  000046c0    00000028                              : adc14.o (.text:ADC14_getResult)
                  000046e8    00000028                              : gpio.o (.text:GPIO_clearInterruptFlag)
                  00004710    00000028                              : gpio.o (.text:GPIO_enableInterrupt)
                  00004738    00000028                              : gpio.o (.text:GPIO_setOutputHighOnPin)
                  00004760    00000028                              : gpio.o (.text:GPIO_setOutputLowOnPin)
                  00004788    00000024                              : gpio.o (.text:GPIO_getInterruptStatus)
                  000047ac    00000024     main.obj (.text)
                  000047d0    00000020     msp432p4xx_driverlib.lib : adc14.o (.text:ADC14_setResolution)
                  000047f0    0000001e     grlib.a : display.obj (.text:Graphics_fillRectangleOnDisplay)
                  0000480e    0000001c     msp432p4xx_driverlib.lib : spi.o (.text:SPI_enableModule)
                  0000482a    0000001c     rtsv7M4_T_le_v4SPD16_eabi.lib : copy_zero_init.c.obj (.text:decompress:ZI:__TI_zero_init_nomemset:__TI_zero_init_nomemset)
                  00004846    0000001c                                   : memccpy.c.obj (.text:memccpy)
                  00004862    0000001a     grlib.a : display.obj (.text:Graphics_clearDisplayOnDisplay)
                  0000487c    0000001a             : context.obj (.text:Graphics_setBackgroundColor)
                  00004896    0000001a             : context.obj (.text:Graphics_setFont)
                  000048b0    0000001a     rtsv7M4_T_le_v4SPD16_eabi.lib : s_copysign.c.obj (.text:copysign)
                  000048ca    00000018                                   : sprintf.c.obj (.text:_outs)
                  000048e2    00000016     msp432p4xx_driverlib.lib : spi.o (.text:EUSCI_A_SPI_enable)
                  000048f8    00000016                              : spi.o (.text:EUSCI_B_SPI_enable)
                  0000490e    00000016     grlib.a : context.obj (.text:Graphics_setForegroundColor)
                  00004924    00000016             : display.obj (.text:Graphics_translateColorOnDisplay)
                  0000493a    00000016     msp432p4xx_driverlib.lib : timer_a.o (.text:Timer_A_startCounter)
                  00004950    00000016     rtsv7M4_T_le_v4SPD16_eabi.lib : strchr.c.obj (.text:strchr)
                  00004966    00000014     msp432p4xx_driverlib.lib : timer_a.o (.text:Timer_A_stopTimer)
                  0000497a    00000014     rtsv7M4_T_le_v4SPD16_eabi.lib : strcpy.c.obj (.text:strcpy)
                  0000498e    00000014                                   : strlen.c.obj (.text:strlen)
                  000049a2    00000012     grlib.a : context.obj (.text:Graphics_clearDisplay)
                  000049b4    00000012     rtsv7M4_T_le_v4SPD16_eabi.lib : wcslen.c.obj (.text:wcslen)
                  000049c6    00000002     --HOLE-- [fill = 0]
                  000049c8    00000010     msp432p4xx_driverlib.lib : adc14.o (.text:ADCIsConversionRunning)
                  000049d8    0000000e     rtsv7M4_T_le_v4SPD16_eabi.lib : copy_decompress_none.c.obj (.text:decompress:none:__TI_decompress_none)
                  000049e6    0000000e     startup_msp432p401r_ccs.obj (.text)
                  000049f4    0000000c     msp432p4xx_driverlib.lib : adc14.o (.text:ADC14_enableModule)
                  00004a00    0000000a     rtsv7M4_T_le_v4SPD16_eabi.lib : sprintf.c.obj (.text:_outc)
                  00004a0a    00000002     --HOLE-- [fill = 0]
                  00004a0c    00000008                                   : errno.c.obj (.text:__aeabi_errno_addr)
                  00004a14    00000004                                   : pre_init.c.obj (.text:_system_pre_init)
                  00004a18    00000004                                   : exit.c.obj (.text:abort:abort)

.const     0    00004a1c    000005e4     
                  00004a1c    000002f8     grlib.a : fontfixed6x8.obj (.const:.string:g_pucFontFixed6x8Data)
                  00004d14    00000101     rtsv7M4_T_le_v4SPD16_eabi.lib : ctype.c.obj (.const:.string:_ctypes_)
                  00004e15    00000003     --HOLE-- [fill = 0]
                  00004e18    000000c8     grlib.a : fontfixed6x8.obj (.const:g_sFontFixed6x8)
                  00004ee0    00000080     msp432p4xx_driverlib.lib : adc14.o (.const:_ctlRegs)
                  00004f60    00000030                              : gpio.o (.const:GPIO_PORT_TO_BASE)
                  00004f90    00000020     Crystalfontz128x128_ST7735.obj (.const:g_sCrystalfontz128x128_funcs)
                  00004fb0    0000001c     HAL_MSP_EXP432P401R_Crystalfontz128x128_ST7735.obj (.const:$P$T0$1)
                  00004fcc    0000001c     hardware.obj (.const:currentTime)
                  00004fe8    00000008     Crystalfontz128x128_ST7735.obj (.const:$P$T0$1)
                  00004ff0    00000008     msp432p4xx_driverlib.lib : interrupt.o (.const:g_pulDisRegs)
                  00004ff8    00000008                              : interrupt.o (.const:g_pulEnRegs)

.cinit     0    00005000    00000040     
                  00005000    00000018     (.cinit..data.load) [load image, compression = lzss]
                  00005018    0000000c     (__TI_handler_table)
                  00005024    00000004     --HOLE-- [fill = 0]
                  00005028    00000008     (.cinit..bss.load) [load image, compression = zero_init]
                  00005030    00000010     (__TI_cinit_table)

.init_array 
*          0    00000000    00000000     UNINITIALIZED

.binit     0    00000000    00000000     

.bss       0    20000000    00000056     UNINITIALIZED
                  20000000    0000001c     clock.obj (.bss:currentTime)
                  2000001c    0000001c     (.common:g_sContext)
                  20000038    00000014     (.common:timerlist)
                  2000004c    00000002     (.common:Lcd_ScreenHeigth)
                  2000004e    00000002     (.common:Lcd_ScreenWidth)
                  20000050    00000002     (.common:Lcd_TouchTrim)
                  20000052    00000001     (.common:Lcd_FlagRead)
                  20000053    00000001     (.common:Lcd_FontSolid)
                  20000054    00000001     (.common:Lcd_Orientation)
                  20000055    00000001     (.common:Lcd_PenSolid)

.data      0    20000058    0000001c     UNINITIALIZED
                  20000058    00000010     Crystalfontz128x128_ST7735.obj (.data:g_sCrystalfontz128x128)
                  20000068    00000004     main.obj (.data)
                  2000006c    00000004     rtsv7M4_T_le_v4SPD16_eabi.lib : errno.c.obj (.data)
                  20000070    00000004     system_msp432p401r.obj (.data)

.stack     0    2000fe00    00000200     UNINITIALIZED
                  2000fe00    00000004     rtsv7M4_T_le_v4SPD16_eabi.lib : boot_cortex_m.c.obj (.stack)
                  2000fe04    000001fc     --HOLE--

__llvm_prf_cnts 
*          0    20000000    00000000     UNINITIALIZED

MODULE SUMMARY

       Module                                               code    ro data   rw data
       ------                                               ----    -------   -------
    .\
       system_msp432p401r.obj                               820     0         8      
       startup_msp432p401r_ccs.obj                          14      228       0      
       main.obj                                             36      0         104    
    +--+----------------------------------------------------+-------+---------+---------+
       Total:                                               870     228       112    
                                                                                     
    .\modules\clock_system\
       clock.obj                                            684     0         56     
    +--+----------------------------------------------------+-------+---------+---------+
       Total:                                               684     0         56     
                                                                                     
    .\modules\hardware\
       hardware.obj                                         1744    28        0      
    +--+----------------------------------------------------+-------+---------+---------+
       Total:                                               1744    28        0      
                                                                                     
    .\modules\hardware\libraries\
       Crystalfontz128x128_ST7735.obj                       1664    40        52     
       HAL_MSP_EXP432P401R_Crystalfontz128x128_ST7735.obj   204     28        0      
    +--+----------------------------------------------------+-------+---------+---------+
       Total:                                               1868    68        52     
                                                                                     
    C:/Users/Filippo Castellan/Desktop/SmartAlarm/driverlib/source/ti/devices/msp432p4xx/driverlib/ccs/msp432p4xx_driverlib.lib
       adc14.o                                              1032    128       0      
       gpio.o                                               752     48        0      
       timer_a.o                                            630     0         0      
       rtc_c.o                                              464     0         0      
       cs.o                                                 404     0         0      
       spi.o                                                312     0         0      
       interrupt.o                                          256     16        0      
    +--+----------------------------------------------------+-------+---------+---------+
       Total:                                               3850    192       0      
                                                                                     
    C:/Users/Filippo Castellan/Desktop/SmartAlarm/driverlib/source/ti/grlib/lib/ccs/m4f/grlib.a
       string.obj                                           1214    0         0      
       fontfixed6x8.obj                                     0       960       0      
       rectangle.obj                                        274     0         0      
       display.obj                                          176     0         0      
       context.obj                                          174     0         0      
       line.obj                                             156     0         0      
    +--+----------------------------------------------------+-------+---------+---------+
       Total:                                               1994    960       0      
                                                                                     
    C:\ti\ccs1220\ccs\tools\compiler\ti-cgt-arm_20.2.7.LTS\lib\rtsv7M4_T_le_v4SPD16_eabi.lib
       _printfi.c.obj                                       4851    0         0      
       fd_add_t2.asm.obj                                    438     0         0      
       fd_div_t2.asm.obj                                    310     0         0      
       s_scalbn.c.obj                                       272     0         0      
       fd_cmp_t2.asm.obj                                    268     0         0      
       ctype.c.obj                                          0       257       0      
       fd_mul_t2.asm.obj                                    252     0         0      
       memcpy_t2.asm.obj                                    156     0         0      
       ull_div_t2.asm.obj                                   150     0         0      
       memset_t2.asm.obj                                    122     0         0      
       copy_decompress_lzss.c.obj                           104     0         0      
       s_frexp.c.obj                                        100     0         0      
       sprintf.c.obj                                        98      0         0      
       _ltoa.c.obj                                          84      0         0      
       atoi.c.obj                                           76      0         0      
       fd_toi_t2.asm.obj                                    72      0         0      
       autoinit.c.obj                                       68      0         0      
       boot_cortex_m.c.obj                                  52      0         0      
       i_tofd_t2.asm.obj                                    46      0         0      
       copy_zero_init.c.obj                                 28      0         0      
       memccpy.c.obj                                        28      0         0      
       s_copysign.c.obj                                     26      0         0      
       strchr.c.obj                                         22      0         0      
       strcpy.c.obj                                         20      0         0      
       strlen.c.obj                                         20      0         0      
       wcslen.c.obj                                         18      0         0      
       errno.c.obj                                          8       0         8      
       copy_decompress_none.c.obj                           14      0         0      
       exit.c.obj                                           4       0         0      
       pre_init.c.obj                                       4       0         0      
       div0.asm.obj                                         2       0         0      
    +--+----------------------------------------------------+-------+---------+---------+
       Total:                                               7713    257       8      
                                                                                     
       Stack:                                               0       0         1024   
       Linker Generated:                                    0       60        0      
    +--+----------------------------------------------------+-------+---------+---------+
       Grand Total:                                         18723   1793      1252   


LINKER GENERATED COPY TABLES

__TI_cinit_table @ 00005030 records: 2, size/record: 8, table size: 16
	.data: load addr=00005000, load size=00000018 bytes, run addr=20000058, run size=0000001c bytes, compression=lzss
	.bss: load addr=00005028, load size=00000008 bytes, run addr=20000000, run size=00000056 bytes, compression=zero_init


LINKER GENERATED HANDLER TABLE

__TI_handler_table @ 00005018 records: 3, size/record: 4, table size: 12
	index: 0, handler: __TI_decompress_lzss
	index: 1, handler: __TI_decompress_none
	index: 2, handler: __TI_zero_init


GLOBAL SYMBOLS: SORTED ALPHABETICALLY BY Name 

address   name                                       
-------   ----                                       
000049f3  ADC14_IRQHandler                           
00003435  ADC14_configureConversionMemory            
000034e9  ADC14_configureMultiSequenceMode           
00004699  ADC14_enableConversion                     
000049f5  ADC14_enableModule                         
00004519  ADC14_enableSampleTimer                    
000046c1  ADC14_getResult                            
00004181  ADC14_initModule                           
000047d1  ADC14_setResolution                        
00004615  ADC14_toggleConversionTrigger              
000049f3  AES256_IRQHandler                          
000049f3  BusFault_Handler                           
00004a19  C$$EXIT                                    
000049f3  COMP_E0_IRQHandler                         
000049f3  COMP_E1_IRQHandler                         
000049f3  CS_IRQHandler                              
00002df5  CS_initClockSignal                         
0000454d  CS_setDCOCenteredFrequency                 
000045b5  CS_setReferenceOscillatorFrequency         
00001205  Crystalfontz128x128_Init                   
00001319  Crystalfontz128x128_SetDrawFrame           
00001447  Crystalfontz128x128_SetOrientation         
000049f3  DMA_ERR_IRQHandler                         
000049f3  DMA_INT0_IRQHandler                        
000049f3  DMA_INT1_IRQHandler                        
000049f3  DMA_INT2_IRQHandler                        
000049f3  DMA_INT3_IRQHandler                        
000049f3  DebugMon_Handler                           
000049f3  Default_Handler                            
000049f3  EUSCIA0_IRQHandler                         
000049f3  EUSCIA1_IRQHandler                         
000049f3  EUSCIA2_IRQHandler                         
000049f3  EUSCIA3_IRQHandler                         
000049f3  EUSCIB0_IRQHandler                         
000049f3  EUSCIB1_IRQHandler                         
000049f3  EUSCIB2_IRQHandler                         
000049f3  EUSCIB3_IRQHandler                         
000048e3  EUSCI_A_SPI_enable                         
000048f9  EUSCI_B_SPI_enable                         
000049f3  FLCTL_IRQHandler                           
000049f3  FPU_IRQHandler                             
000046e9  GPIO_clearInterruptFlag                    
00004711  GPIO_enableInterrupt                       
00003b7d  GPIO_getEnabledInterruptStatus             
00004789  GPIO_getInterruptStatus                    
000040d1  GPIO_setAsInputPinWithPullUpResistor       
000043a5  GPIO_setAsOutputPin                        
00003961  GPIO_setAsPeripheralModuleFunctionInputPin 
000039e9  GPIO_setAsPeripheralModuleFunctionOutputPin
00004739  GPIO_setOutputHighOnPin                    
00004761  GPIO_setOutputLowOnPin                     
000049a3  Graphics_clearDisplay                      
00004863  Graphics_clearDisplayOnDisplay             
000044e3  Graphics_drawHorizontalLineOnDisplay       
000036ff  Graphics_drawLineH                         
00004641  Graphics_drawPixelOnDisplay                
00001885  Graphics_drawString                        
00003049  Graphics_fillRectangle                     
000047f1  Graphics_fillRectangleOnDisplay            
00004229  Graphics_initContext                       
0000487d  Graphics_setBackgroundColor                
00004897  Graphics_setFont                           
0000490f  Graphics_setForegroundColor                
00004925  Graphics_translateColorOnDisplay           
00003369  HAL_LCD_PortInit                           
00003399  HAL_LCD_SpiInit                            
000033cf  HAL_LCD_writeCommand                       
000033ff  HAL_LCD_writeData                          
000049f3  HardFault_Handler                          
00003c01  Interrupt_disableInterrupt                 
00003c81  Interrupt_enableInterrupt                  
20000052  Lcd_FlagRead                               
20000053  Lcd_FontSolid                              
20000054  Lcd_Orientation                            
20000055  Lcd_PenSolid                               
2000004c  Lcd_ScreenHeigth                           
2000004e  Lcd_ScreenWidth                            
20000050  Lcd_TouchTrim                              
000049f3  MemManage_Handler                          
000049f3  NMI_Handler                                
000049f3  PCM_IRQHandler                             
000049f3  PORT1_IRQHandler                           
000049f3  PORT2_IRQHandler                           
000049f3  PORT3_IRQHandler                           
000049f3  PORT4_IRQHandler                           
0000119d  PORT5_IRQHandler                           
0000119d  PORT5_IRQHandler                           
000049f3  PORT6_IRQHandler                           
000049f3  PSS_IRQHandler                             
000049f3  PendSV_Handler                             
00002225  RTC_C_IRQHandler                           
00002225  RTC_C_IRQHandler                           
00003fad  RTC_C_enableInterrupt                      
00003d01  RTC_C_getCalendarTime                      
000038cd  RTC_C_getEnabledInterruptStatus            
00004075  RTC_C_getInterruptStatus                   
000049e7  Reset_Handler                              
0000480f  SPI_enableModule                           
0000364f  SPI_initMaster                             
000049f3  SVC_Handler                                
000049f3  SysTick_Handler                            
20000070  SystemCoreClock                            
00001d05  SystemCoreClockUpdate                      
00001f7d  SystemInit                                 
000049f3  T32_INT1_IRQHandler                        
000049f3  T32_INT2_IRQHandler                        
000049f3  T32_INTC_IRQHandler                        
000010c1  TA0_0_IRQHandler                           
000010c1  TA0_0_IRQHandler                           
000049f3  TA0_N_IRQHandler                           
000010fd  TA1_0_IRQHandler                           
000010fd  TA1_0_IRQHandler                           
000049f3  TA1_N_IRQHandler                           
00001135  TA2_0_IRQHandler                           
00001135  TA2_0_IRQHandler                           
000049f3  TA2_N_IRQHandler                           
00001165  TA3_0_IRQHandler                           
00001165  TA3_0_IRQHandler                           
000049f3  TA3_N_IRQHandler                           
0000466d  Timer_A_clearCaptureCompareInterrupt       
00003edd  Timer_A_configureUpMode                    
00003df9  Timer_A_generatePWM                        
0000493b  Timer_A_startCounter                       
00004967  Timer_A_stopTimer                          
000049f3  UsageFault_Handler                         
4000480c  WDTCTL_SYM                                 
000049f3  WDT_A_IRQHandler                           
20010000  __STACK_END                                
00000200  __STACK_SIZE                               
00005030  __TI_CINIT_Base                            
00005040  __TI_CINIT_Limit                           
00005018  __TI_Handler_Table_Base                    
00005024  __TI_Handler_Table_Limit                   
00004361  __TI_auto_init_nobinit_nopinit             
00003f45  __TI_decompress_lzss                       
000049d9  __TI_decompress_none                       
000041d5  __TI_ltoa                                  
ffffffff  __TI_pprof_out_hndl                        
000000e5  __TI_printfi                               
ffffffff  __TI_prof_data_size                        
ffffffff  __TI_prof_data_start                       
00000000  __TI_static_base__                         
0000482b  __TI_zero_init_nomemset                    
00003a71  __aeabi_cdcmpeq                            
00003a71  __aeabi_cdcmple                            
00003af7  __aeabi_cdrcmple                           
00004319  __aeabi_d2iz                               
0000272f  __aeabi_dadd                               
00002cbd  __aeabi_ddiv                               
0000326d  __aeabi_dmul                               
00002725  __aeabi_dsub                               
00004a0d  __aeabi_errno_addr                         
000045e5  __aeabi_i2d                                
00000b33  __aeabi_idiv0                              
00000b33  __aeabi_ldiv0                              
00003d7d  __aeabi_memclr                             
00003d7d  __aeabi_memclr4                            
00003d7d  __aeabi_memclr8                            
0000379b  __aeabi_memcpy                             
0000379b  __aeabi_memcpy4                            
0000379b  __aeabi_memcpy8                            
00003d7f  __aeabi_memset                             
00003d7f  __aeabi_memset4                            
00003d7f  __aeabi_memset8                            
00003837  __aeabi_uldivmod                           
ffffffff  __binit__                                  
ffffffff  __c_args__                                 
UNDEFED   __mpu_init                                 
2000fe00  __stack                                    
20000000  __start___llvm_prf_cnts                    
20000000  __stop___llvm_prf_cnts                     
00004581  _c_int00_noargs                            
00004d14  _ctypes_                                   
UNDEFED   _system_post_cinit                         
00004a15  _system_pre_init                           
00004a19  abort                                      
000042cd  atoi                                       
ffffffff  binit                                      
000048b1  copysign                                   
000048b1  copysignl                                  
00004fcc  currentTime                                
00001043  disable_timer                              
000020c3  drawDate                                   
00002093  drawTime                                   
2000006c  errno                                      
00004011  frexp                                      
00004011  frexpl                                     
2000001c  g_sContext                                 
20000058  g_sCrystalfontz128x128                     
00004f90  g_sCrystalfontz128x128_funcs               
00004e18  g_sFontFixed6x8                            
20000068  gc                                         
00000cd7  generate_delay                             
00000f11  generate_pwm                               
00000de5  generate_rate                              
000011b5  getJoyValue                                
00000c3b  initAdcSystem                              
00000bd1  initButtonSystem                           
00000b6f  initClockSystem                            
0000206b  initClockView                              
00000b35  initHardware                               
00000beb  initLedSystem                              
00000c9f  initRTCSystem                              
00000b55  initTimerSystem                            
00000000  interruptVectors                           
00000bff  intiDisplaySystem                          
0000315d  ldexp                                      
0000315d  ldexpl                                     
000047ad  main                                       
00004847  memccpy                                    
0000379b  memcpy                                     
00003d85  memset                                     
0000315d  scalbn                                     
0000315d  scalbnl                                    
00004465  sprintf                                    
00004951  strchr                                     
0000497b  strcpy                                     
0000498f  strlen                                     
00002039  testJoy                                    
20000038  timerlist                                  
000049b5  wcslen                                     


GLOBAL SYMBOLS: SORTED BY Symbol Address 

address   name                                       
-------   ----                                       
00000000  __TI_static_base__                         
00000000  interruptVectors                           
000000e5  __TI_printfi                               
00000200  __STACK_SIZE                               
00000b33  __aeabi_idiv0                              
00000b33  __aeabi_ldiv0                              
00000b35  initHardware                               
00000b55  initTimerSystem                            
00000b6f  initClockSystem                            
00000bd1  initButtonSystem                           
00000beb  initLedSystem                              
00000bff  intiDisplaySystem                          
00000c3b  initAdcSystem                              
00000c9f  initRTCSystem                              
00000cd7  generate_delay                             
00000de5  generate_rate                              
00000f11  generate_pwm                               
00001043  disable_timer                              
000010c1  TA0_0_IRQHandler                           
000010c1  TA0_0_IRQHandler                           
000010fd  TA1_0_IRQHandler                           
000010fd  TA1_0_IRQHandler                           
00001135  TA2_0_IRQHandler                           
00001135  TA2_0_IRQHandler                           
00001165  TA3_0_IRQHandler                           
00001165  TA3_0_IRQHandler                           
0000119d  PORT5_IRQHandler                           
0000119d  PORT5_IRQHandler                           
000011b5  getJoyValue                                
00001205  Crystalfontz128x128_Init                   
00001319  Crystalfontz128x128_SetDrawFrame           
00001447  Crystalfontz128x128_SetOrientation         
00001885  Graphics_drawString                        
00001d05  SystemCoreClockUpdate                      
00001f7d  SystemInit                                 
00002039  testJoy                                    
0000206b  initClockView                              
00002093  drawTime                                   
000020c3  drawDate                                   
00002225  RTC_C_IRQHandler                           
00002225  RTC_C_IRQHandler                           
00002725  __aeabi_dsub                               
0000272f  __aeabi_dadd                               
00002cbd  __aeabi_ddiv                               
00002df5  CS_initClockSignal                         
00003049  Graphics_fillRectangle                     
0000315d  ldexp                                      
0000315d  ldexpl                                     
0000315d  scalbn                                     
0000315d  scalbnl                                    
0000326d  __aeabi_dmul                               
00003369  HAL_LCD_PortInit                           
00003399  HAL_LCD_SpiInit                            
000033cf  HAL_LCD_writeCommand                       
000033ff  HAL_LCD_writeData                          
00003435  ADC14_configureConversionMemory            
000034e9  ADC14_configureMultiSequenceMode           
0000364f  SPI_initMaster                             
000036ff  Graphics_drawLineH                         
0000379b  __aeabi_memcpy                             
0000379b  __aeabi_memcpy4                            
0000379b  __aeabi_memcpy8                            
0000379b  memcpy                                     
00003837  __aeabi_uldivmod                           
000038cd  RTC_C_getEnabledInterruptStatus            
00003961  GPIO_setAsPeripheralModuleFunctionInputPin 
000039e9  GPIO_setAsPeripheralModuleFunctionOutputPin
00003a71  __aeabi_cdcmpeq                            
00003a71  __aeabi_cdcmple                            
00003af7  __aeabi_cdrcmple                           
00003b7d  GPIO_getEnabledInterruptStatus             
00003c01  Interrupt_disableInterrupt                 
00003c81  Interrupt_enableInterrupt                  
00003d01  RTC_C_getCalendarTime                      
00003d7d  __aeabi_memclr                             
00003d7d  __aeabi_memclr4                            
00003d7d  __aeabi_memclr8                            
00003d7f  __aeabi_memset                             
00003d7f  __aeabi_memset4                            
00003d7f  __aeabi_memset8                            
00003d85  memset                                     
00003df9  Timer_A_generatePWM                        
00003edd  Timer_A_configureUpMode                    
00003f45  __TI_decompress_lzss                       
00003fad  RTC_C_enableInterrupt                      
00004011  frexp                                      
00004011  frexpl                                     
00004075  RTC_C_getInterruptStatus                   
000040d1  GPIO_setAsInputPinWithPullUpResistor       
00004181  ADC14_initModule                           
000041d5  __TI_ltoa                                  
00004229  Graphics_initContext                       
000042cd  atoi                                       
00004319  __aeabi_d2iz                               
00004361  __TI_auto_init_nobinit_nopinit             
000043a5  GPIO_setAsOutputPin                        
00004465  sprintf                                    
000044e3  Graphics_drawHorizontalLineOnDisplay       
00004519  ADC14_enableSampleTimer                    
0000454d  CS_setDCOCenteredFrequency                 
00004581  _c_int00_noargs                            
000045b5  CS_setReferenceOscillatorFrequency         
000045e5  __aeabi_i2d                                
00004615  ADC14_toggleConversionTrigger              
00004641  Graphics_drawPixelOnDisplay                
0000466d  Timer_A_clearCaptureCompareInterrupt       
00004699  ADC14_enableConversion                     
000046c1  ADC14_getResult                            
000046e9  GPIO_clearInterruptFlag                    
00004711  GPIO_enableInterrupt                       
00004739  GPIO_setOutputHighOnPin                    
00004761  GPIO_setOutputLowOnPin                     
00004789  GPIO_getInterruptStatus                    
000047ad  main                                       
000047d1  ADC14_setResolution                        
000047f1  Graphics_fillRectangleOnDisplay            
0000480f  SPI_enableModule                           
0000482b  __TI_zero_init_nomemset                    
00004847  memccpy                                    
00004863  Graphics_clearDisplayOnDisplay             
0000487d  Graphics_setBackgroundColor                
00004897  Graphics_setFont                           
000048b1  copysign                                   
000048b1  copysignl                                  
000048e3  EUSCI_A_SPI_enable                         
000048f9  EUSCI_B_SPI_enable                         
0000490f  Graphics_setForegroundColor                
00004925  Graphics_translateColorOnDisplay           
0000493b  Timer_A_startCounter                       
00004951  strchr                                     
00004967  Timer_A_stopTimer                          
0000497b  strcpy                                     
0000498f  strlen                                     
000049a3  Graphics_clearDisplay                      
000049b5  wcslen                                     
000049d9  __TI_decompress_none                       
000049e7  Reset_Handler                              
000049f3  ADC14_IRQHandler                           
000049f3  AES256_IRQHandler                          
000049f3  BusFault_Handler                           
000049f3  COMP_E0_IRQHandler                         
000049f3  COMP_E1_IRQHandler                         
000049f3  CS_IRQHandler                              
000049f3  DMA_ERR_IRQHandler                         
000049f3  DMA_INT0_IRQHandler                        
000049f3  DMA_INT1_IRQHandler                        
000049f3  DMA_INT2_IRQHandler                        
000049f3  DMA_INT3_IRQHandler                        
000049f3  DebugMon_Handler                           
000049f3  Default_Handler                            
000049f3  EUSCIA0_IRQHandler                         
000049f3  EUSCIA1_IRQHandler                         
000049f3  EUSCIA2_IRQHandler                         
000049f3  EUSCIA3_IRQHandler                         
000049f3  EUSCIB0_IRQHandler                         
000049f3  EUSCIB1_IRQHandler                         
000049f3  EUSCIB2_IRQHandler                         
000049f3  EUSCIB3_IRQHandler                         
000049f3  FLCTL_IRQHandler                           
000049f3  FPU_IRQHandler                             
000049f3  HardFault_Handler                          
000049f3  MemManage_Handler                          
000049f3  NMI_Handler                                
000049f3  PCM_IRQHandler                             
000049f3  PORT1_IRQHandler                           
000049f3  PORT2_IRQHandler                           
000049f3  PORT3_IRQHandler                           
000049f3  PORT4_IRQHandler                           
000049f3  PORT6_IRQHandler                           
000049f3  PSS_IRQHandler                             
000049f3  PendSV_Handler                             
000049f3  SVC_Handler                                
000049f3  SysTick_Handler                            
000049f3  T32_INT1_IRQHandler                        
000049f3  T32_INT2_IRQHandler                        
000049f3  T32_INTC_IRQHandler                        
000049f3  TA0_N_IRQHandler                           
000049f3  TA1_N_IRQHandler                           
000049f3  TA2_N_IRQHandler                           
000049f3  TA3_N_IRQHandler                           
000049f3  UsageFault_Handler                         
000049f3  WDT_A_IRQHandler                           
000049f5  ADC14_enableModule                         
00004a0d  __aeabi_errno_addr                         
00004a15  _system_pre_init                           
00004a19  C$$EXIT                                    
00004a19  abort                                      
00004d14  _ctypes_                                   
00004e18  g_sFontFixed6x8                            
00004f90  g_sCrystalfontz128x128_funcs               
00004fcc  currentTime                                
00005018  __TI_Handler_Table_Base                    
00005024  __TI_Handler_Table_Limit                   
00005030  __TI_CINIT_Base                            
00005040  __TI_CINIT_Limit                           
20000000  __start___llvm_prf_cnts                    
20000000  __stop___llvm_prf_cnts                     
2000001c  g_sContext                                 
20000038  timerlist                                  
2000004c  Lcd_ScreenHeigth                           
2000004e  Lcd_ScreenWidth                            
20000050  Lcd_TouchTrim                              
20000052  Lcd_FlagRead                               
20000053  Lcd_FontSolid                              
20000054  Lcd_Orientation                            
20000055  Lcd_PenSolid                               
20000058  g_sCrystalfontz128x128                     
20000068  gc                                         
2000006c  errno                                      
20000070  SystemCoreClock                            
2000fe00  __stack                                    
20010000  __STACK_END                                
4000480c  WDTCTL_SYM                                 
ffffffff  __TI_pprof_out_hndl                        
ffffffff  __TI_prof_data_size                        
ffffffff  __TI_prof_data_start                       
ffffffff  __binit__                                  
ffffffff  __c_args__                                 
ffffffff  binit                                      
UNDEFED   __mpu_init                                 
UNDEFED   _system_post_cinit                         

[221 symbols]
