******************************************************************************
                  TI ARM Linker PC v20.2.7                     
******************************************************************************
>> Linked Tue Mar  7 15:36:44 2023

OUTPUT FILE NAME:   <SmartAlarm.out>
ENTRY POINT SYMBOL: "_c_int00_noargs"  address: 00004ded


MEMORY CONFIGURATION

         name            origin    length      used     unused   attr    fill
----------------------  --------  ---------  --------  --------  ----  --------
  MAIN                  00000000   00040000  0000721a  00038de6  R  X
  INFO                  00200000   00004000  00000000  00004000  R  X
  SRAM_CODE             01000000   00010000  00000283  0000fd7d  RW X
  SRAM_DATA             20000000   00010000  00000283  0000fd7d  RW  


SEGMENT ALLOCATION MAP

run origin  load origin   length   init length attrs members
----------  ----------- ---------- ----------- ----- -------
00000000    00000000    00007220   00007220    r-x
  00000000    00000000    000000e4   000000e4    r-- .intvecs
  000000e4    000000e4    0000529c   0000529c    r-x .text
  00005380    00005380    00001e5a   00001e5a    r-- .const
  000071e0    000071e0    00000040   00000040    r-- .cinit
20000000    20000000    00000084   00000000    rw-
  20000000    20000000    00000063   00000000    rw- .bss
  20000064    20000064    00000020   00000000    rw- .data
2000fe00    2000fe00    00000200   00000000    rw-
  2000fe00    2000fe00    00000200   00000000    rw- .stack


SECTION ALLOCATION MAP

 output                                  attributes/
section   page    origin      length       input sections
--------  ----  ----------  ----------   ----------------
.intvecs   0    00000000    000000e4     
                  00000000    000000e4     startup_msp432p401r_ccs.obj (.intvecs:retain)

.text      0    000000e4    0000529c     
                  000000e4    00000a4e     rtsv7M4_T_le_v4SPD16_eabi.lib : _printfi.c.obj (.text:__TI_printfi)
                  00000b32    00000002                                   : div0.asm.obj (.text)
                  00000b34    000006b4     hardware.obj (.text)
                  000011e8    00000680     Crystalfontz128x128_ST7735.obj (.text)
                  00001868    00000648     clock.obj (.text)
                  00001eb0    0000047e     grlib.a : string.obj (.text:Graphics_drawString)
                  0000232e    00000002     --HOLE-- [fill = 0]
                  00002330    00000334     system_msp432p401r.obj (.text)
                  00002664    00000270     rtsv7M4_T_le_v4SPD16_eabi.lib : _printfi.c.obj (.text:_pconv_a)
                  000028d4    000001d0                                   : _printfi.c.obj (.text:_pconv_g)
                  00002aa4    000001b6                                   : fd_add_t2.asm.obj (.text)
                  00002c5a    00000002     --HOLE-- [fill = 0]
                  00002c5c    00000160     msp432p4xx_driverlib.lib : adc14.o (.text:_getIndexForMemRegister)
                  00002dbc    0000015c                              : pcm.o (.text:__PCM_setPowerModeAdvanced)
                  00002f18    00000144                              : timer_a.o (.text:privateTimer_AProcessClockSourceDivider)
                  0000305c    0000013c     rtsv7M4_T_le_v4SPD16_eabi.lib : _printfi.c.obj (.text:_pconv_e)
                  00003198    00000136                                   : fd_div_t2.asm.obj (.text)
                  000032ce    00000002     --HOLE-- [fill = 0]
                  000032d0    00000130     msp432p4xx_driverlib.lib : cs.o (.text:CS_initClockSignal)
                  00003400    00000124     rtsv7M4_T_le_v4SPD16_eabi.lib : _printfi.c.obj (.text:fcvt)
                  00003524    00000112     grlib.a : rectangle.obj (.text:Graphics_fillRectangle)
                  00003636    00000002     --HOLE-- [fill = 0]
                  00003638    00000110     rtsv7M4_T_le_v4SPD16_eabi.lib : s_scalbn.c.obj (.text:scalbn)
                  00003748    00000108     msp432p4xx_driverlib.lib : pcm.o (.text:__PCM_setCoreVoltageLevelAdvanced)
                  00003850    000000fc     rtsv7M4_T_le_v4SPD16_eabi.lib : fd_mul_t2.asm.obj (.text)
                  0000394c    000000cc     HAL_MSP_EXP432P401R_Crystalfontz128x128_ST7735.obj (.text)
                  00003a18    000000b4     msp432p4xx_driverlib.lib : adc14.o (.text:ADC14_configureConversionMemory)
                  00003acc    000000b4                              : adc14.o (.text:ADC14_configureMultiSequenceMode)
                  00003b80    000000b1     rtsv7M4_T_le_v4SPD16_eabi.lib : _printfi.c.obj (.text:_ltostr)
                  00003c31    00000001     --HOLE-- [fill = 0]
                  00003c32    000000b0     msp432p4xx_driverlib.lib : spi.o (.text:SPI_initMaster)
                  00003ce2    0000009c     grlib.a : line.obj (.text:Graphics_drawLineH)
                  00003d7e    0000009c     rtsv7M4_T_le_v4SPD16_eabi.lib : memcpy_t2.asm.obj (.text)
                  00003e1a    00000096                                   : ull_div_t2.asm.obj (.text)
                  00003eb0    00000094     msp432p4xx_driverlib.lib : rtc_c.o (.text:RTC_C_getEnabledInterruptStatus)
                  00003f44    00000094                              : rtc_c.o (.text:RTC_C_initCalendar)
                  00003fd8    00000088                              : gpio.o (.text:GPIO_setAsPeripheralModuleFunctionInputPin)
                  00004060    00000088                              : gpio.o (.text:GPIO_setAsPeripheralModuleFunctionOutputPin)
                  000040e8    00000086     rtsv7M4_T_le_v4SPD16_eabi.lib : fd_cmp_t2.asm.obj (.text:__aeabi_cdcmple)
                  0000416e    00000086                                   : fd_cmp_t2.asm.obj (.text:__aeabi_cdrcmple)
                  000041f4    00000084     msp432p4xx_driverlib.lib : gpio.o (.text:GPIO_getEnabledInterruptStatus)
                  00004278    00000080                              : interrupt.o (.text:Interrupt_disableInterrupt)
                  000042f8    00000080                              : interrupt.o (.text:Interrupt_enableInterrupt)
                  00004378    0000007c                              : rtc_c.o (.text:RTC_C_getCalendarTime)
                  000043f4    0000007a     rtsv7M4_T_le_v4SPD16_eabi.lib : memset_t2.asm.obj (.text)
                  0000446e    0000006e                                   : _printfi.c.obj (.text:_mcpy)
                  000044dc    00000068     msp432p4xx_driverlib.lib : timer_a.o (.text:Timer_A_configureUpMode)
                  00004544    00000068     rtsv7M4_T_le_v4SPD16_eabi.lib : copy_decompress_lzss.c.obj (.text:decompress:lzss:__TI_decompress_lzss)
                  000045ac    00000064     msp432p4xx_driverlib.lib : rtc_c.o (.text:RTC_C_enableInterrupt)
                  00004610    00000064     rtsv7M4_T_le_v4SPD16_eabi.lib : s_frexp.c.obj (.text:frexp)
                  00004674    0000005e     msp432p4xx_driverlib.lib : pcm.o (.text:PCM_getCoreVoltageLevel)
                  000046d2    00000002     --HOLE-- [fill = 0]
                  000046d4    0000005c                              : rtc_c.o (.text:RTC_C_getInterruptStatus)
                  00004730    0000005a                              : pcm.o (.text:PCM_getPowerMode)
                  0000478a    00000002     --HOLE-- [fill = 0]
                  0000478c    00000058                              : gpio.o (.text:GPIO_setAsInputPinWithPullUpResistor)
                  000047e4    00000058                              : rtc_c.o (.text:RTC_C_clearInterruptFlag)
                  0000483c    00000056     rtsv7M4_T_le_v4SPD16_eabi.lib : _printfi.c.obj (.text:_pconv_f)
                  00004892    00000002     --HOLE-- [fill = 0]
                  00004894    00000054     msp432p4xx_driverlib.lib : adc14.o (.text:ADC14_initModule)
                  000048e8    00000054     rtsv7M4_T_le_v4SPD16_eabi.lib : _ltoa.c.obj (.text:__TI_ltoa)
                  0000493c    00000052     grlib.a : context.obj (.text:Graphics_initContext)
                  0000498e    00000052     rtsv7M4_T_le_v4SPD16_eabi.lib : _printfi.c.obj (.text:_ecpy)
                  000049e0    0000004e     msp432p4xx_driverlib.lib : timer_a.o (.text:Timer_A_initCompare)
                  00004a2e    00000002     --HOLE-- [fill = 0]
                  00004a30    0000004c     rtsv7M4_T_le_v4SPD16_eabi.lib : atoi.c.obj (.text:atoi)
                  00004a7c    00000048     msp432p4xx_driverlib.lib : flash.o (.text:FlashCtl_setWaitState)
                  00004ac4    00000048     main.obj (.text)
                  00004b0c    00000048     rtsv7M4_T_le_v4SPD16_eabi.lib : fd_toi_t2.asm.obj (.text)
                  00004b54    00000044                                   : autoinit.c.obj (.text:__TI_auto_init_nobinit_nopinit:__TI_auto_init_nobinit_nopinit)
                  00004b98    00000040     msp432p4xx_driverlib.lib : gpio.o (.text:GPIO_setAsOutputPin)
                  00004bd8    00000040     grlib.a : string.obj (.text:Graphics_getNumberOfLeadingZeros)
                  00004c18    00000040     msp432p4xx_driverlib.lib : spi.o (.text:is_A_Module)
                  00004c58    00000040     rtsv7M4_T_le_v4SPD16_eabi.lib : sprintf.c.obj (.text:sprintf)
                  00004c98    0000003e                                   : _printfi.c.obj (.text:_fcpy)
                  00004cd6    00000002     --HOLE-- [fill = 0]
                  00004cd8    0000003c     msp432p4xx_driverlib.lib : rtc_c.o (.text:RTC_C_setCalendarEvent)
                  00004d14    00000038                              : adc14.o (.text:ADC14_getEnabledInterruptStatus)
                  00004d4c    00000036     grlib.a : display.obj (.text:Graphics_drawHorizontalLineOnDisplay)
                  00004d82    00000002     --HOLE-- [fill = 0]
                  00004d84    00000034     msp432p4xx_driverlib.lib : adc14.o (.text:ADC14_enableSampleTimer)
                  00004db8    00000034                              : cs.o (.text:CS_setDCOCenteredFrequency)
                  00004dec    00000034     rtsv7M4_T_le_v4SPD16_eabi.lib : boot_cortex_m.c.obj (.text:_c_int00_noargs:_c_int00_noargs)
                  00004e20    00000030     msp432p4xx_driverlib.lib : adc14.o (.text:ADC14_clearInterruptFlag)
                  00004e50    00000030                              : adc14.o (.text:ADC14_enableInterrupt)
                  00004e80    0000002e     rtsv7M4_T_le_v4SPD16_eabi.lib : i_tofd_t2.asm.obj (.text)
                  00004eae    00000002     --HOLE-- [fill = 0]
                  00004eb0    0000002c     msp432p4xx_driverlib.lib : adc14.o (.text:ADC14_getInterruptStatus)
                  00004edc    0000002c                              : adc14.o (.text:ADC14_toggleConversionTrigger)
                  00004f08    0000002c     grlib.a : display.obj (.text:Graphics_drawPixelOnDisplay)
                  00004f34    0000002c     msp432p4xx_driverlib.lib : rtc_c.o (.text:RTC_C_startClock)
                  00004f60    0000002c                              : timer_a.o (.text:Timer_A_clearCaptureCompareInterrupt)
                  00004f8c    00000028                              : adc14.o (.text:ADC14_enableConversion)
                  00004fb4    00000028                              : adc14.o (.text:ADC14_getResult)
                  00004fdc    00000028                              : gpio.o (.text:GPIO_clearInterruptFlag)
                  00005004    00000028                              : gpio.o (.text:GPIO_enableInterrupt)
                  0000502c    00000028                              : gpio.o (.text:GPIO_setOutputHighOnPin)
                  00005054    00000028                              : gpio.o (.text:GPIO_setOutputLowOnPin)
                  0000507c    00000028                              : gpio.o (.text:GPIO_toggleOutputOnPin)
                  000050a4    00000024                              : gpio.o (.text:GPIO_getInterruptStatus)
                  000050c8    00000020                              : adc14.o (.text:ADC14_setResolution)
                  000050e8    0000001e     grlib.a : display.obj (.text:Graphics_fillRectangleOnDisplay)
                  00005106    00000002     --HOLE-- [fill = 0]
                  00005108    0000001c     msp432p4xx_driverlib.lib : rtc_c.o (.text:RTC_C_convertBCDToBinary)
                  00005124    0000001c                              : spi.o (.text:SPI_enableModule)
                  00005140    0000001c     rtsv7M4_T_le_v4SPD16_eabi.lib : copy_zero_init.c.obj (.text:decompress:ZI:__TI_zero_init_nomemset:__TI_zero_init_nomemset)
                  0000515c    0000001c                                   : memccpy.c.obj (.text:memccpy)
                  00005178    0000001a     grlib.a : display.obj (.text:Graphics_clearDisplayOnDisplay)
                  00005192    0000001a             : context.obj (.text:Graphics_setBackgroundColor)
                  000051ac    0000001a             : context.obj (.text:Graphics_setFont)
                  000051c6    0000001a     rtsv7M4_T_le_v4SPD16_eabi.lib : s_copysign.c.obj (.text:copysign)
                  000051e0    00000018                                   : sprintf.c.obj (.text:_outs)
                  000051f8    00000016     msp432p4xx_driverlib.lib : spi.o (.text:EUSCI_A_SPI_enable)
                  0000520e    00000016                              : spi.o (.text:EUSCI_B_SPI_enable)
                  00005224    00000016     grlib.a : context.obj (.text:Graphics_setForegroundColor)
                  0000523a    00000016             : display.obj (.text:Graphics_translateColorOnDisplay)
                  00005250    00000016     msp432p4xx_driverlib.lib : timer_a.o (.text:Timer_A_startCounter)
                  00005266    00000016     rtsv7M4_T_le_v4SPD16_eabi.lib : strchr.c.obj (.text:strchr)
                  0000527c    00000014     msp432p4xx_driverlib.lib : pcm.o (.text:PCM_getPowerState)
                  00005290    00000014                              : timer_a.o (.text:Timer_A_stopTimer)
                  000052a4    00000014     rtsv7M4_T_le_v4SPD16_eabi.lib : strcpy.c.obj (.text:strcpy)
                  000052b8    00000014                                   : strlen.c.obj (.text:strlen)
                  000052cc    00000012     grlib.a : context.obj (.text:Graphics_clearDisplay)
                  000052de    00000012     rtsv7M4_T_le_v4SPD16_eabi.lib : wcslen.c.obj (.text:wcslen)
                  000052f0    00000010     msp432p4xx_driverlib.lib : adc14.o (.text:ADCIsConversionRunning)
                  00005300    00000010                              : interrupt.o (.text:Interrupt_enableMaster)
                  00005310    00000010                              : pcm.o (.text:PCM_setCoreVoltageLevel)
                  00005320    00000010                              : pcm.o (.text:PCM_setPowerMode)
                  00005330    0000000e     rtsv7M4_T_le_v4SPD16_eabi.lib : copy_decompress_none.c.obj (.text:decompress:none:__TI_decompress_none)
                  0000533e    0000000e     startup_msp432p401r_ccs.obj (.text)
                  0000534c    0000000c     msp432p4xx_driverlib.lib : adc14.o (.text:ADC14_enableModule)
                  00005358    0000000c                              : cpu.o (.text:CPU_cpsie)
                  00005364    0000000a     rtsv7M4_T_le_v4SPD16_eabi.lib : sprintf.c.obj (.text:_outc)
                  0000536e    00000002     --HOLE-- [fill = 0]
                  00005370    00000008                                   : errno.c.obj (.text:__aeabi_errno_addr)
                  00005378    00000004                                   : pre_init.c.obj (.text:_system_pre_init)
                  0000537c    00000004                                   : exit.c.obj (.text:abort:abort)

.const     0    00005380    00001e5a     
                  00005380    00000f3f     grlib.a : fontcm34b.obj (.const:.string:g_pucCm34bData)
                  000062bf    00000755             : fontcm16b.obj (.const:.string:g_pucCm16bData)
                  00006a14    000002f8             : fontfixed6x8.obj (.const:.string:g_pucFontFixed6x8Data)
                  00006d0c    00000101     rtsv7M4_T_le_v4SPD16_eabi.lib : ctype.c.obj (.const:.string:_ctypes_)
                  00006e0d    00000002     clock.obj (.const:.string:$P$T1$2)
                  00006e0f    00000001     --HOLE-- [fill = 0]
                  00006e10    000000c8     grlib.a : fontcm16b.obj (.const:g_sFontCm16b)
                  00006ed8    000000c8             : fontcm34b.obj (.const:g_sFontCm34b)
                  00006fa0    000000c8             : fontfixed6x8.obj (.const:g_sFontFixed6x8)
                  00007068    00000080     msp432p4xx_driverlib.lib : adc14.o (.const:_ctlRegs)
                  000070e8    00000030                              : gpio.o (.const:GPIO_PORT_TO_BASE)
                  00007118    00000020     Crystalfontz128x128_ST7735.obj (.const:g_sCrystalfontz128x128_funcs)
                  00007138    0000001c     HAL_MSP_EXP432P401R_Crystalfontz128x128_ST7735.obj (.const:$P$T0$1)
                  00007154    0000001c     hardware.obj (.const:currentTime)
                  00007170    00000018     hardware.obj (.const:$P$T1$2)
                  00007188    00000014     clock.obj (.const:.string:$P$T0$1)
                  0000719c    00000010     hardware.obj (.const:$P$T0$1)
                  000071ac    00000008     Crystalfontz128x128_ST7735.obj (.const:$P$T0$1)
                  000071b4    00000008     msp432p4xx_driverlib.lib : interrupt.o (.const:g_pulDisRegs)
                  000071bc    00000008                              : interrupt.o (.const:g_pulEnRegs)
                  000071c4    00000006     clock.obj (.const:.string:$P$T4$5)
                  000071ca    00000006     clock.obj (.const:.string:$P$T5$6)
                  000071d0    00000005     clock.obj (.const:.string:$P$T2$3)
                  000071d5    00000005     clock.obj (.const:.string:$P$T3$4)

.cinit     0    000071e0    00000040     
                  000071e0    0000001a     (.cinit..data.load) [load image, compression = lzss]
                  000071fa    00000002     --HOLE-- [fill = 0]
                  000071fc    0000000c     (__TI_handler_table)
                  00007208    00000008     (.cinit..bss.load) [load image, compression = zero_init]
                  00007210    00000010     (__TI_cinit_table)

.init_array 
*          0    00000000    00000000     UNINITIALIZED

.binit     0    00000000    00000000     

.bss       0    20000000    00000063     UNINITIALIZED
                  20000000    0000001c     clock.obj (.bss:currentTime)
                  2000001c    0000001c     (.common:g_sContext)
                  20000038    00000014     (.common:timerlist)
                  2000004c    00000008     (.common:JoyValues)
                  20000054    00000003     (.common:buttonsPressed)
                  20000057    00000002     clock.obj (.bss)
                  20000059    00000001     (.common:Lcd_FlagRead)
                  2000005a    00000002     (.common:Lcd_ScreenHeigth)
                  2000005c    00000002     (.common:Lcd_ScreenWidth)
                  2000005e    00000002     (.common:Lcd_TouchTrim)
                  20000060    00000001     (.common:Lcd_FontSolid)
                  20000061    00000001     (.common:Lcd_Orientation)
                  20000062    00000001     (.common:Lcd_PenSolid)

.data      0    20000064    00000020     UNINITIALIZED
                  20000064    00000010     Crystalfontz128x128_ST7735.obj (.data:g_sCrystalfontz128x128)
                  20000074    00000005     main.obj (.data)
                  20000079    00000003     --HOLE--
                  2000007c    00000004     rtsv7M4_T_le_v4SPD16_eabi.lib : errno.c.obj (.data)
                  20000080    00000004     system_msp432p401r.obj (.data)

.stack     0    2000fe00    00000200     UNINITIALIZED
                  2000fe00    00000004     rtsv7M4_T_le_v4SPD16_eabi.lib : boot_cortex_m.c.obj (.stack)
                  2000fe04    000001fc     --HOLE--

__llvm_prf_cnts 
*          0    20000000    00000000     UNINITIALIZED

MODULE SUMMARY

       Module                                               code    ro data   rw data
       ------                                               ----    -------   -------
    .\
       system_msp432p401r.obj                               820     0         8      
       startup_msp432p401r_ccs.obj                          14      228       0      
       main.obj                                             72      0         128    
    +--+----------------------------------------------------+-------+---------+---------+
       Total:                                               906     228       136    
                                                                                     
    .\modules\clock_system\
       clock.obj                                            1608    44        60     
    +--+----------------------------------------------------+-------+---------+---------+
       Total:                                               1608    44        60     
                                                                                     
    .\modules\hardware\
       hardware.obj                                         1716    68        0      
    +--+----------------------------------------------------+-------+---------+---------+
       Total:                                               1716    68        0      
                                                                                     
    .\modules\hardware\libraries\
       Crystalfontz128x128_ST7735.obj                       1664    40        52     
       HAL_MSP_EXP432P401R_Crystalfontz128x128_ST7735.obj   204     28        0      
    +--+----------------------------------------------------+-------+---------+---------+
       Total:                                               1868    68        52     
                                                                                     
    C:/Users/Filippo Castellan/Desktop/SmartAlarm/driverlib/source/ti/devices/msp432p4xx/driverlib/ccs/msp432p4xx_driverlib.lib
       adc14.o                                              1228    128       0      
       pcm.o                                                848     0         0      
       gpio.o                                               792     48        0      
       rtc_c.o                                              832     0         0      
       timer_a.o                                            592     0         0      
       cs.o                                                 356     0         0      
       spi.o                                                312     0         0      
       interrupt.o                                          272     16        0      
       flash.o                                              72      0         0      
       cpu.o                                                12      0         0      
    +--+----------------------------------------------------+-------+---------+---------+
       Total:                                               5316    192       0      
                                                                                     
    C:/Users/Filippo Castellan/Desktop/SmartAlarm/driverlib/source/ti/grlib/lib/ccs/m4f/grlib.a
       fontcm34b.obj                                        0       4103      0      
       fontcm16b.obj                                        0       2077      0      
       string.obj                                           1214    0         0      
       fontfixed6x8.obj                                     0       960       0      
       rectangle.obj                                        274     0         0      
       display.obj                                          176     0         0      
       context.obj                                          174     0         0      
       line.obj                                             156     0         0      
    +--+----------------------------------------------------+-------+---------+---------+
       Total:                                               1994    7140      0      
                                                                                     
    C:\ti\ccs1220\ccs\tools\compiler\ti-cgt-arm_20.2.7.LTS\lib\rtsv7M4_T_le_v4SPD16_eabi.lib
       _printfi.c.obj                                       4851    0         0      
       fd_add_t2.asm.obj                                    438     0         0      
       fd_div_t2.asm.obj                                    310     0         0      
       s_scalbn.c.obj                                       272     0         0      
       fd_cmp_t2.asm.obj                                    268     0         0      
       ctype.c.obj                                          0       257       0      
       fd_mul_t2.asm.obj                                    252     0         0      
       memcpy_t2.asm.obj                                    156     0         0      
       ull_div_t2.asm.obj                                   150     0         0      
       memset_t2.asm.obj                                    122     0         0      
       copy_decompress_lzss.c.obj                           104     0         0      
       s_frexp.c.obj                                        100     0         0      
       sprintf.c.obj                                        98      0         0      
       _ltoa.c.obj                                          84      0         0      
       atoi.c.obj                                           76      0         0      
       fd_toi_t2.asm.obj                                    72      0         0      
       autoinit.c.obj                                       68      0         0      
       boot_cortex_m.c.obj                                  52      0         0      
       i_tofd_t2.asm.obj                                    46      0         0      
       copy_zero_init.c.obj                                 28      0         0      
       memccpy.c.obj                                        28      0         0      
       s_copysign.c.obj                                     26      0         0      
       strchr.c.obj                                         22      0         0      
       strcpy.c.obj                                         20      0         0      
       strlen.c.obj                                         20      0         0      
       wcslen.c.obj                                         18      0         0      
       errno.c.obj                                          8       0         8      
       copy_decompress_none.c.obj                           14      0         0      
       exit.c.obj                                           4       0         0      
       pre_init.c.obj                                       4       0         0      
       div0.asm.obj                                         2       0         0      
    +--+----------------------------------------------------+-------+---------+---------+
       Total:                                               7713    257       8      
                                                                                     
       Stack:                                               0       0         1024   
       Linker Generated:                                    0       62        0      
    +--+----------------------------------------------------+-------+---------+---------+
       Grand Total:                                         21121   8059      1280   


LINKER GENERATED COPY TABLES

__TI_cinit_table @ 00007210 records: 2, size/record: 8, table size: 16
	.data: load addr=000071e0, load size=0000001a bytes, run addr=20000064, run size=00000020 bytes, compression=lzss
	.bss: load addr=00007208, load size=00000008 bytes, run addr=20000000, run size=00000063 bytes, compression=zero_init


LINKER GENERATED HANDLER TABLE

__TI_handler_table @ 000071fc records: 3, size/record: 4, table size: 12
	index: 0, handler: __TI_decompress_lzss
	index: 1, handler: __TI_decompress_none
	index: 2, handler: __TI_zero_init


GLOBAL SYMBOLS: SORTED ALPHABETICALLY BY Name 

address   name                                       
-------   ----                                       
00001171  ADC14_IRQHandler                           
00001171  ADC14_IRQHandler                           
00004e21  ADC14_clearInterruptFlag                   
00003a19  ADC14_configureConversionMemory            
00003acd  ADC14_configureMultiSequenceMode           
00004f8d  ADC14_enableConversion                     
00004e51  ADC14_enableInterrupt                      
0000534d  ADC14_enableModule                         
00004d85  ADC14_enableSampleTimer                    
00004d15  ADC14_getEnabledInterruptStatus            
00004eb1  ADC14_getInterruptStatus                   
00004fb5  ADC14_getResult                            
00004895  ADC14_initModule                           
000050c9  ADC14_setResolution                        
00004edd  ADC14_toggleConversionTrigger              
0000534b  AES256_IRQHandler                          
0000534b  BusFault_Handler                           
0000537d  C$$EXIT                                    
0000534b  COMP_E0_IRQHandler                         
0000534b  COMP_E1_IRQHandler                         
00005359  CPU_cpsie                                  
0000534b  CS_IRQHandler                              
000032d1  CS_initClockSignal                         
00004db9  CS_setDCOCenteredFrequency                 
000011e9  Crystalfontz128x128_Init                   
000012fd  Crystalfontz128x128_SetDrawFrame           
0000142b  Crystalfontz128x128_SetOrientation         
0000534b  DMA_ERR_IRQHandler                         
0000534b  DMA_INT0_IRQHandler                        
0000534b  DMA_INT1_IRQHandler                        
0000534b  DMA_INT2_IRQHandler                        
0000534b  DMA_INT3_IRQHandler                        
0000534b  DebugMon_Handler                           
0000534b  Default_Handler                            
0000534b  EUSCIA0_IRQHandler                         
0000534b  EUSCIA1_IRQHandler                         
0000534b  EUSCIA2_IRQHandler                         
0000534b  EUSCIA3_IRQHandler                         
0000534b  EUSCIB0_IRQHandler                         
0000534b  EUSCIB1_IRQHandler                         
0000534b  EUSCIB2_IRQHandler                         
0000534b  EUSCIB3_IRQHandler                         
000051f9  EUSCI_A_SPI_enable                         
0000520f  EUSCI_B_SPI_enable                         
0000534b  FLCTL_IRQHandler                           
0000534b  FPU_IRQHandler                             
00004a7d  FlashCtl_setWaitState                      
00004fdd  GPIO_clearInterruptFlag                    
00005005  GPIO_enableInterrupt                       
000041f5  GPIO_getEnabledInterruptStatus             
000050a5  GPIO_getInterruptStatus                    
0000478d  GPIO_setAsInputPinWithPullUpResistor       
00004b99  GPIO_setAsOutputPin                        
00003fd9  GPIO_setAsPeripheralModuleFunctionInputPin 
00004061  GPIO_setAsPeripheralModuleFunctionOutputPin
0000502d  GPIO_setOutputHighOnPin                    
00005055  GPIO_setOutputLowOnPin                     
0000507d  GPIO_toggleOutputOnPin                     
000052cd  Graphics_clearDisplay                      
00005179  Graphics_clearDisplayOnDisplay             
00004d4d  Graphics_drawHorizontalLineOnDisplay       
00003ce3  Graphics_drawLineH                         
00004f09  Graphics_drawPixelOnDisplay                
00001eb1  Graphics_drawString                        
00003525  Graphics_fillRectangle                     
000050e9  Graphics_fillRectangleOnDisplay            
0000493d  Graphics_initContext                       
00005193  Graphics_setBackgroundColor                
000051ad  Graphics_setFont                           
00005225  Graphics_setForegroundColor                
0000523b  Graphics_translateColorOnDisplay           
0000394d  HAL_LCD_PortInit                           
0000397d  HAL_LCD_SpiInit                            
000039b3  HAL_LCD_writeCommand                       
000039e3  HAL_LCD_writeData                          
0000534b  HardFault_Handler                          
00004279  Interrupt_disableInterrupt                 
000042f9  Interrupt_enableInterrupt                  
00005301  Interrupt_enableMaster                     
2000004c  JoyValues                                  
20000059  Lcd_FlagRead                               
20000060  Lcd_FontSolid                              
20000061  Lcd_Orientation                            
20000062  Lcd_PenSolid                               
2000005a  Lcd_ScreenHeigth                           
2000005c  Lcd_ScreenWidth                            
2000005e  Lcd_TouchTrim                              
0000534b  MemManage_Handler                          
0000534b  NMI_Handler                                
0000534b  PCM_IRQHandler                             
00004675  PCM_getCoreVoltageLevel                    
00004731  PCM_getPowerMode                           
0000527d  PCM_getPowerState                          
00005311  PCM_setCoreVoltageLevel                    
00005321  PCM_setPowerMode                           
0000534b  PORT1_IRQHandler                           
0000534b  PORT2_IRQHandler                           
00001107  PORT3_IRQHandler                           
00001107  PORT3_IRQHandler                           
00001127  PORT4_IRQHandler                           
00001127  PORT4_IRQHandler                           
00001147  PORT5_IRQHandler                           
00001147  PORT5_IRQHandler                           
0000534b  PORT6_IRQHandler                           
0000534b  PSS_IRQHandler                             
0000534b  PendSV_Handler                             
00001dd3  RTC_C_IRQHandler                           
00001dd3  RTC_C_IRQHandler                           
000047e5  RTC_C_clearInterruptFlag                   
00005109  RTC_C_convertBCDToBinary                   
000045ad  RTC_C_enableInterrupt                      
00004379  RTC_C_getCalendarTime                      
00003eb1  RTC_C_getEnabledInterruptStatus            
000046d5  RTC_C_getInterruptStatus                   
00003f45  RTC_C_initCalendar                         
00004cd9  RTC_C_setCalendarEvent                     
00004f35  RTC_C_startClock                           
0000533f  Reset_Handler                              
00005125  SPI_enableModule                           
00003c33  SPI_initMaster                             
0000534b  SVC_Handler                                
0000534b  SysTick_Handler                            
20000080  SystemCoreClock                            
00002331  SystemCoreClockUpdate                      
000025a9  SystemInit                                 
0000534b  T32_INT1_IRQHandler                        
0000534b  T32_INT2_IRQHandler                        
0000534b  T32_INTC_IRQHandler                        
0000534b  TA0_0_IRQHandler                           
0000534b  TA0_N_IRQHandler                           
0000104d  TA1_0_IRQHandler                           
0000104d  TA1_0_IRQHandler                           
0000534b  TA1_N_IRQHandler                           
0000108d  TA2_0_IRQHandler                           
0000108d  TA2_0_IRQHandler                           
0000534b  TA2_N_IRQHandler                           
000010c5  TA3_0_IRQHandler                           
000010c5  TA3_0_IRQHandler                           
0000534b  TA3_N_IRQHandler                           
00004f61  Timer_A_clearCaptureCompareInterrupt       
000044dd  Timer_A_configureUpMode                    
000049e1  Timer_A_initCompare                        
00005251  Timer_A_startCounter                       
00005291  Timer_A_stopTimer                          
0000534b  UsageFault_Handler                         
4000480c  WDTCTL_SYM                                 
0000534b  WDT_A_IRQHandler                           
20010000  __STACK_END                                
00000200  __STACK_SIZE                               
00007210  __TI_CINIT_Base                            
00007220  __TI_CINIT_Limit                           
000071fc  __TI_Handler_Table_Base                    
00007208  __TI_Handler_Table_Limit                   
00004b55  __TI_auto_init_nobinit_nopinit             
00004545  __TI_decompress_lzss                       
00005331  __TI_decompress_none                       
000048e9  __TI_ltoa                                  
ffffffff  __TI_pprof_out_hndl                        
000000e5  __TI_printfi                               
ffffffff  __TI_prof_data_size                        
ffffffff  __TI_prof_data_start                       
00000000  __TI_static_base__                         
00005141  __TI_zero_init_nomemset                    
000040e9  __aeabi_cdcmpeq                            
000040e9  __aeabi_cdcmple                            
0000416f  __aeabi_cdrcmple                           
00004b0d  __aeabi_d2iz                               
00002aaf  __aeabi_dadd                               
00003199  __aeabi_ddiv                               
00003851  __aeabi_dmul                               
00002aa5  __aeabi_dsub                               
00005371  __aeabi_errno_addr                         
00004e81  __aeabi_i2d                                
00000b33  __aeabi_idiv0                              
00000b33  __aeabi_ldiv0                              
000043f5  __aeabi_memclr                             
000043f5  __aeabi_memclr4                            
000043f5  __aeabi_memclr8                            
00003d7f  __aeabi_memcpy                             
00003d7f  __aeabi_memcpy4                            
00003d7f  __aeabi_memcpy8                            
000043f7  __aeabi_memset                             
000043f7  __aeabi_memset4                            
000043f7  __aeabi_memset8                            
00003e1b  __aeabi_uldivmod                           
ffffffff  __binit__                                  
ffffffff  __c_args__                                 
UNDEFED   __mpu_init                                 
2000fe00  __stack                                    
20000000  __start___llvm_prf_cnts                    
20000000  __stop___llvm_prf_cnts                     
00004ded  _c_int00_noargs                            
00006d0c  _ctypes_                                   
UNDEFED   _system_post_cinit                         
00005379  _system_pre_init                           
0000537d  abort                                      
00004a31  atoi                                       
ffffffff  binit                                      
20000054  buttonsPressed                             
00001b45  clockView                                  
000051c7  copysign                                   
000051c7  copysignl                                  
00007154  currentTime                                
00000ff5  disable_timer                              
00000fd9  disable_tone                               
000019b5  drawCursor                                 
00001c41  drawDate                                   
00001a97  drawMenu                                   
00001dc9  drawSeconds                                
00001bd1  drawTime                                   
00001a6d  drawTitle                                  
2000007c  errno                                      
00004611  frexp                                      
00004611  frexpl                                     
2000001c  g_sContext                                 
20000064  g_sCrystalfontz128x128                     
00007118  g_sCrystalfontz128x128_funcs               
00006e10  g_sFontCm16b                               
00006ed8  g_sFontCm34b                               
00006fa0  g_sFontFixed6x8                            
20000074  gc                                         
00000d1f  generate_delay                             
00000e15  generate_rate                              
00000f25  generate_tone                              
00001167  getJoyValue                                
00000c77  initAdcSystem                              
00000bcf  initButtonSystem                           
00000b95  initClockSystem                            
00001b85  initClockView                              
00000b35  initHardware                               
00000c27  initLedSystem                              
00000b61  initPCM                                    
00000cf3  initRTCSystem                              
00001a2d  initSettingsView                           
00000b7b  initTimerSystem                            
00000000  interruptVectors                           
00000c3b  intiDisplaySystem                          
00003639  ldexp                                      
00003639  ldexpl                                     
00004ac5  main                                       
0000515d  memccpy                                    
00003d7f  memcpy                                     
000043fd  memset                                     
20000078  menuActive                                 
00003639  scalbn                                     
00003639  scalbnl                                    
0000189b  settingsView                               
00004c59  sprintf                                    
00005267  strchr                                     
000052a5  strcpy                                     
000052b9  strlen                                     
00001869  testJoy                                    
20000038  timerlist                                  
000052df  wcslen                                     


GLOBAL SYMBOLS: SORTED BY Symbol Address 

address   name                                       
-------   ----                                       
00000000  __TI_static_base__                         
00000000  interruptVectors                           
000000e5  __TI_printfi                               
00000200  __STACK_SIZE                               
00000b33  __aeabi_idiv0                              
00000b33  __aeabi_ldiv0                              
00000b35  initHardware                               
00000b61  initPCM                                    
00000b7b  initTimerSystem                            
00000b95  initClockSystem                            
00000bcf  initButtonSystem                           
00000c27  initLedSystem                              
00000c3b  intiDisplaySystem                          
00000c77  initAdcSystem                              
00000cf3  initRTCSystem                              
00000d1f  generate_delay                             
00000e15  generate_rate                              
00000f25  generate_tone                              
00000fd9  disable_tone                               
00000ff5  disable_timer                              
0000104d  TA1_0_IRQHandler                           
0000104d  TA1_0_IRQHandler                           
0000108d  TA2_0_IRQHandler                           
0000108d  TA2_0_IRQHandler                           
000010c5  TA3_0_IRQHandler                           
000010c5  TA3_0_IRQHandler                           
00001107  PORT3_IRQHandler                           
00001107  PORT3_IRQHandler                           
00001127  PORT4_IRQHandler                           
00001127  PORT4_IRQHandler                           
00001147  PORT5_IRQHandler                           
00001147  PORT5_IRQHandler                           
00001167  getJoyValue                                
00001171  ADC14_IRQHandler                           
00001171  ADC14_IRQHandler                           
000011e9  Crystalfontz128x128_Init                   
000012fd  Crystalfontz128x128_SetDrawFrame           
0000142b  Crystalfontz128x128_SetOrientation         
00001869  testJoy                                    
0000189b  settingsView                               
000019b5  drawCursor                                 
00001a2d  initSettingsView                           
00001a6d  drawTitle                                  
00001a97  drawMenu                                   
00001b45  clockView                                  
00001b85  initClockView                              
00001bd1  drawTime                                   
00001c41  drawDate                                   
00001dc9  drawSeconds                                
00001dd3  RTC_C_IRQHandler                           
00001dd3  RTC_C_IRQHandler                           
00001eb1  Graphics_drawString                        
00002331  SystemCoreClockUpdate                      
000025a9  SystemInit                                 
00002aa5  __aeabi_dsub                               
00002aaf  __aeabi_dadd                               
00003199  __aeabi_ddiv                               
000032d1  CS_initClockSignal                         
00003525  Graphics_fillRectangle                     
00003639  ldexp                                      
00003639  ldexpl                                     
00003639  scalbn                                     
00003639  scalbnl                                    
00003851  __aeabi_dmul                               
0000394d  HAL_LCD_PortInit                           
0000397d  HAL_LCD_SpiInit                            
000039b3  HAL_LCD_writeCommand                       
000039e3  HAL_LCD_writeData                          
00003a19  ADC14_configureConversionMemory            
00003acd  ADC14_configureMultiSequenceMode           
00003c33  SPI_initMaster                             
00003ce3  Graphics_drawLineH                         
00003d7f  __aeabi_memcpy                             
00003d7f  __aeabi_memcpy4                            
00003d7f  __aeabi_memcpy8                            
00003d7f  memcpy                                     
00003e1b  __aeabi_uldivmod                           
00003eb1  RTC_C_getEnabledInterruptStatus            
00003f45  RTC_C_initCalendar                         
00003fd9  GPIO_setAsPeripheralModuleFunctionInputPin 
00004061  GPIO_setAsPeripheralModuleFunctionOutputPin
000040e9  __aeabi_cdcmpeq                            
000040e9  __aeabi_cdcmple                            
0000416f  __aeabi_cdrcmple                           
000041f5  GPIO_getEnabledInterruptStatus             
00004279  Interrupt_disableInterrupt                 
000042f9  Interrupt_enableInterrupt                  
00004379  RTC_C_getCalendarTime                      
000043f5  __aeabi_memclr                             
000043f5  __aeabi_memclr4                            
000043f5  __aeabi_memclr8                            
000043f7  __aeabi_memset                             
000043f7  __aeabi_memset4                            
000043f7  __aeabi_memset8                            
000043fd  memset                                     
000044dd  Timer_A_configureUpMode                    
00004545  __TI_decompress_lzss                       
000045ad  RTC_C_enableInterrupt                      
00004611  frexp                                      
00004611  frexpl                                     
00004675  PCM_getCoreVoltageLevel                    
000046d5  RTC_C_getInterruptStatus                   
00004731  PCM_getPowerMode                           
0000478d  GPIO_setAsInputPinWithPullUpResistor       
000047e5  RTC_C_clearInterruptFlag                   
00004895  ADC14_initModule                           
000048e9  __TI_ltoa                                  
0000493d  Graphics_initContext                       
000049e1  Timer_A_initCompare                        
00004a31  atoi                                       
00004a7d  FlashCtl_setWaitState                      
00004ac5  main                                       
00004b0d  __aeabi_d2iz                               
00004b55  __TI_auto_init_nobinit_nopinit             
00004b99  GPIO_setAsOutputPin                        
00004c59  sprintf                                    
00004cd9  RTC_C_setCalendarEvent                     
00004d15  ADC14_getEnabledInterruptStatus            
00004d4d  Graphics_drawHorizontalLineOnDisplay       
00004d85  ADC14_enableSampleTimer                    
00004db9  CS_setDCOCenteredFrequency                 
00004ded  _c_int00_noargs                            
00004e21  ADC14_clearInterruptFlag                   
00004e51  ADC14_enableInterrupt                      
00004e81  __aeabi_i2d                                
00004eb1  ADC14_getInterruptStatus                   
00004edd  ADC14_toggleConversionTrigger              
00004f09  Graphics_drawPixelOnDisplay                
00004f35  RTC_C_startClock                           
00004f61  Timer_A_clearCaptureCompareInterrupt       
00004f8d  ADC14_enableConversion                     
00004fb5  ADC14_getResult                            
00004fdd  GPIO_clearInterruptFlag                    
00005005  GPIO_enableInterrupt                       
0000502d  GPIO_setOutputHighOnPin                    
00005055  GPIO_setOutputLowOnPin                     
0000507d  GPIO_toggleOutputOnPin                     
000050a5  GPIO_getInterruptStatus                    
000050c9  ADC14_setResolution                        
000050e9  Graphics_fillRectangleOnDisplay            
00005109  RTC_C_convertBCDToBinary                   
00005125  SPI_enableModule                           
00005141  __TI_zero_init_nomemset                    
0000515d  memccpy                                    
00005179  Graphics_clearDisplayOnDisplay             
00005193  Graphics_setBackgroundColor                
000051ad  Graphics_setFont                           
000051c7  copysign                                   
000051c7  copysignl                                  
000051f9  EUSCI_A_SPI_enable                         
0000520f  EUSCI_B_SPI_enable                         
00005225  Graphics_setForegroundColor                
0000523b  Graphics_translateColorOnDisplay           
00005251  Timer_A_startCounter                       
00005267  strchr                                     
0000527d  PCM_getPowerState                          
00005291  Timer_A_stopTimer                          
000052a5  strcpy                                     
000052b9  strlen                                     
000052cd  Graphics_clearDisplay                      
000052df  wcslen                                     
00005301  Interrupt_enableMaster                     
00005311  PCM_setCoreVoltageLevel                    
00005321  PCM_setPowerMode                           
00005331  __TI_decompress_none                       
0000533f  Reset_Handler                              
0000534b  AES256_IRQHandler                          
0000534b  BusFault_Handler                           
0000534b  COMP_E0_IRQHandler                         
0000534b  COMP_E1_IRQHandler                         
0000534b  CS_IRQHandler                              
0000534b  DMA_ERR_IRQHandler                         
0000534b  DMA_INT0_IRQHandler                        
0000534b  DMA_INT1_IRQHandler                        
0000534b  DMA_INT2_IRQHandler                        
0000534b  DMA_INT3_IRQHandler                        
0000534b  DebugMon_Handler                           
0000534b  Default_Handler                            
0000534b  EUSCIA0_IRQHandler                         
0000534b  EUSCIA1_IRQHandler                         
0000534b  EUSCIA2_IRQHandler                         
0000534b  EUSCIA3_IRQHandler                         
0000534b  EUSCIB0_IRQHandler                         
0000534b  EUSCIB1_IRQHandler                         
0000534b  EUSCIB2_IRQHandler                         
0000534b  EUSCIB3_IRQHandler                         
0000534b  FLCTL_IRQHandler                           
0000534b  FPU_IRQHandler                             
0000534b  HardFault_Handler                          
0000534b  MemManage_Handler                          
0000534b  NMI_Handler                                
0000534b  PCM_IRQHandler                             
0000534b  PORT1_IRQHandler                           
0000534b  PORT2_IRQHandler                           
0000534b  PORT6_IRQHandler                           
0000534b  PSS_IRQHandler                             
0000534b  PendSV_Handler                             
0000534b  SVC_Handler                                
0000534b  SysTick_Handler                            
0000534b  T32_INT1_IRQHandler                        
0000534b  T32_INT2_IRQHandler                        
0000534b  T32_INTC_IRQHandler                        
0000534b  TA0_0_IRQHandler                           
0000534b  TA0_N_IRQHandler                           
0000534b  TA1_N_IRQHandler                           
0000534b  TA2_N_IRQHandler                           
0000534b  TA3_N_IRQHandler                           
0000534b  UsageFault_Handler                         
0000534b  WDT_A_IRQHandler                           
0000534d  ADC14_enableModule                         
00005359  CPU_cpsie                                  
00005371  __aeabi_errno_addr                         
00005379  _system_pre_init                           
0000537d  C$$EXIT                                    
0000537d  abort                                      
00006d0c  _ctypes_                                   
00006e10  g_sFontCm16b                               
00006ed8  g_sFontCm34b                               
00006fa0  g_sFontFixed6x8                            
00007118  g_sCrystalfontz128x128_funcs               
00007154  currentTime                                
000071fc  __TI_Handler_Table_Base                    
00007208  __TI_Handler_Table_Limit                   
00007210  __TI_CINIT_Base                            
00007220  __TI_CINIT_Limit                           
20000000  __start___llvm_prf_cnts                    
20000000  __stop___llvm_prf_cnts                     
2000001c  g_sContext                                 
20000038  timerlist                                  
2000004c  JoyValues                                  
20000054  buttonsPressed                             
20000059  Lcd_FlagRead                               
2000005a  Lcd_ScreenHeigth                           
2000005c  Lcd_ScreenWidth                            
2000005e  Lcd_TouchTrim                              
20000060  Lcd_FontSolid                              
20000061  Lcd_Orientation                            
20000062  Lcd_PenSolid                               
20000064  g_sCrystalfontz128x128                     
20000074  gc                                         
20000078  menuActive                                 
2000007c  errno                                      
20000080  SystemCoreClock                            
2000fe00  __stack                                    
20010000  __STACK_END                                
4000480c  WDTCTL_SYM                                 
ffffffff  __TI_pprof_out_hndl                        
ffffffff  __TI_prof_data_size                        
ffffffff  __TI_prof_data_start                       
ffffffff  __binit__                                  
ffffffff  __c_args__                                 
ffffffff  binit                                      
UNDEFED   __mpu_init                                 
UNDEFED   _system_post_cinit                         

[254 symbols]
