******************************************************************************
                  TI ARM Linker Unix v20.2.7                   
******************************************************************************
>> Linked Tue Mar  7 20:34:56 2023

OUTPUT FILE NAME:   <SmartAlarm.out>
ENTRY POINT SYMBOL: "_c_int00_noargs"  address: 00004f41


MEMORY CONFIGURATION

         name            origin    length      used     unused   attr    fill
----------------------  --------  ---------  --------  --------  ----  --------
  MAIN                  00000000   00040000  0000739a  00038c66  R  X
  INFO                  00200000   00004000  00000000  00004000  R  X
  SRAM_CODE             01000000   00010000  00000283  0000fd7d  RW X
  SRAM_DATA             20000000   00010000  00000283  0000fd7d  RW  


SEGMENT ALLOCATION MAP

run origin  load origin   length   init length attrs members
----------  ----------- ---------- ----------- ----- -------
00000000    00000000    000073a0   000073a0    r-x
  00000000    00000000    000000e4   000000e4    r-- .intvecs
  000000e4    000000e4    0000541c   0000541c    r-x .text
  00005500    00005500    00001e5a   00001e5a    r-- .const
  00007360    00007360    00000040   00000040    r-- .cinit
20000000    20000000    00000084   00000000    rw-
  20000000    20000000    00000063   00000000    rw- .bss
  20000064    20000064    00000020   00000000    rw- .data
2000fe00    2000fe00    00000200   00000000    rw-
  2000fe00    2000fe00    00000200   00000000    rw- .stack


SECTION ALLOCATION MAP

 output                                  attributes/
section   page    origin      length       input sections
--------  ----  ----------  ----------   ----------------
.intvecs   0    00000000    000000e4     
                  00000000    000000e4     startup_msp432p401r_ccs.obj (.intvecs:retain)

.text      0    000000e4    0000541c     
                  000000e4    00000a4e     rtsv7M4_T_le_v4SPD16_eabi.lib : _printfi.c.obj (.text:__TI_printfi)
                  00000b32    00000002                                   : div0.asm.obj (.text)
                  00000b34    00000808     hardware.obj (.text)
                  0000133c    00000680     Crystalfontz128x128_ST7735.obj (.text)
                  000019bc    00000648     clock.obj (.text)
                  00002004    0000047e     grlib.a : string.obj (.text:Graphics_drawString)
                  00002482    00000002     --HOLE-- [fill = 0]
                  00002484    00000334     system_msp432p401r.obj (.text)
                  000027b8    00000270     rtsv7M4_T_le_v4SPD16_eabi.lib : _printfi.c.obj (.text:_pconv_a)
                  00002a28    000001d0                                   : _printfi.c.obj (.text:_pconv_g)
                  00002bf8    000001b6                                   : fd_add_t2.asm.obj (.text)
                  00002dae    00000002     --HOLE-- [fill = 0]
                  00002db0    00000160     msp432p4xx_driverlib.lib : adc14.o (.text:_getIndexForMemRegister)
                  00002f10    0000015c                              : pcm.o (.text:__PCM_setPowerModeAdvanced)
                  0000306c    00000144                              : timer_a.o (.text:privateTimer_AProcessClockSourceDivider)
                  000031b0    0000013c     rtsv7M4_T_le_v4SPD16_eabi.lib : _printfi.c.obj (.text:_pconv_e)
                  000032ec    00000136                                   : fd_div_t2.asm.obj (.text)
                  00003422    00000002     --HOLE-- [fill = 0]
                  00003424    00000130     msp432p4xx_driverlib.lib : cs.o (.text:CS_initClockSignal)
                  00003554    00000124     rtsv7M4_T_le_v4SPD16_eabi.lib : _printfi.c.obj (.text:fcvt)
                  00003678    00000112     grlib.a : rectangle.obj (.text:Graphics_fillRectangle)
                  0000378a    00000002     --HOLE-- [fill = 0]
                  0000378c    00000110     rtsv7M4_T_le_v4SPD16_eabi.lib : s_scalbn.c.obj (.text:scalbn)
                  0000389c    00000108     msp432p4xx_driverlib.lib : pcm.o (.text:__PCM_setCoreVoltageLevelAdvanced)
                  000039a4    000000fc     rtsv7M4_T_le_v4SPD16_eabi.lib : fd_mul_t2.asm.obj (.text)
                  00003aa0    000000cc     HAL_MSP_EXP432P401R_Crystalfontz128x128_ST7735.obj (.text)
                  00003b6c    000000b4     msp432p4xx_driverlib.lib : adc14.o (.text:ADC14_configureConversionMemory)
                  00003c20    000000b4                              : adc14.o (.text:ADC14_configureMultiSequenceMode)
                  00003cd4    000000b1     rtsv7M4_T_le_v4SPD16_eabi.lib : _printfi.c.obj (.text:_ltostr)
                  00003d85    00000001     --HOLE-- [fill = 0]
                  00003d86    000000b0     msp432p4xx_driverlib.lib : spi.o (.text:SPI_initMaster)
                  00003e36    0000009c     grlib.a : line.obj (.text:Graphics_drawLineH)
                  00003ed2    0000009c     rtsv7M4_T_le_v4SPD16_eabi.lib : memcpy_t2.asm.obj (.text)
                  00003f6e    00000096                                   : ull_div_t2.asm.obj (.text)
                  00004004    00000094     msp432p4xx_driverlib.lib : rtc_c.o (.text:RTC_C_getEnabledInterruptStatus)
                  00004098    00000094                              : rtc_c.o (.text:RTC_C_initCalendar)
                  0000412c    00000088                              : gpio.o (.text:GPIO_setAsPeripheralModuleFunctionInputPin)
                  000041b4    00000088                              : gpio.o (.text:GPIO_setAsPeripheralModuleFunctionOutputPin)
                  0000423c    00000086     rtsv7M4_T_le_v4SPD16_eabi.lib : fd_cmp_t2.asm.obj (.text:__aeabi_cdcmple)
                  000042c2    00000086                                   : fd_cmp_t2.asm.obj (.text:__aeabi_cdrcmple)
                  00004348    00000084     msp432p4xx_driverlib.lib : gpio.o (.text:GPIO_getEnabledInterruptStatus)
                  000043cc    00000080                              : interrupt.o (.text:Interrupt_disableInterrupt)
                  0000444c    00000080                              : interrupt.o (.text:Interrupt_enableInterrupt)
                  000044cc    0000007c                              : rtc_c.o (.text:RTC_C_getCalendarTime)
                  00004548    0000007a     rtsv7M4_T_le_v4SPD16_eabi.lib : memset_t2.asm.obj (.text)
                  000045c2    0000006e                                   : _printfi.c.obj (.text:_mcpy)
                  00004630    00000068     msp432p4xx_driverlib.lib : timer_a.o (.text:Timer_A_configureUpMode)
                  00004698    00000068     rtsv7M4_T_le_v4SPD16_eabi.lib : copy_decompress_lzss.c.obj (.text:decompress:lzss:__TI_decompress_lzss)
                  00004700    00000064     msp432p4xx_driverlib.lib : rtc_c.o (.text:RTC_C_enableInterrupt)
                  00004764    00000064     rtsv7M4_T_le_v4SPD16_eabi.lib : s_frexp.c.obj (.text:frexp)
                  000047c8    0000005e     msp432p4xx_driverlib.lib : pcm.o (.text:PCM_getCoreVoltageLevel)
                  00004826    00000002     --HOLE-- [fill = 0]
                  00004828    0000005c                              : rtc_c.o (.text:RTC_C_getInterruptStatus)
                  00004884    0000005a                              : pcm.o (.text:PCM_getPowerMode)
                  000048de    00000002     --HOLE-- [fill = 0]
                  000048e0    00000058                              : gpio.o (.text:GPIO_setAsInputPinWithPullUpResistor)
                  00004938    00000058                              : rtc_c.o (.text:RTC_C_clearInterruptFlag)
                  00004990    00000056     rtsv7M4_T_le_v4SPD16_eabi.lib : _printfi.c.obj (.text:_pconv_f)
                  000049e6    00000002     --HOLE-- [fill = 0]
                  000049e8    00000054     msp432p4xx_driverlib.lib : adc14.o (.text:ADC14_initModule)
                  00004a3c    00000054     rtsv7M4_T_le_v4SPD16_eabi.lib : _ltoa.c.obj (.text:__TI_ltoa)
                  00004a90    00000052     grlib.a : context.obj (.text:Graphics_initContext)
                  00004ae2    00000052     rtsv7M4_T_le_v4SPD16_eabi.lib : _printfi.c.obj (.text:_ecpy)
                  00004b34    0000004e     msp432p4xx_driverlib.lib : timer_a.o (.text:Timer_A_initCompare)
                  00004b82    00000002     --HOLE-- [fill = 0]
                  00004b84    0000004c     rtsv7M4_T_le_v4SPD16_eabi.lib : atoi.c.obj (.text:atoi)
                  00004bd0    00000048     msp432p4xx_driverlib.lib : flash.o (.text:FlashCtl_setWaitState)
                  00004c18    00000048     main.obj (.text)
                  00004c60    00000048     rtsv7M4_T_le_v4SPD16_eabi.lib : fd_toi_t2.asm.obj (.text)
                  00004ca8    00000044                                   : autoinit.c.obj (.text:__TI_auto_init_nobinit_nopinit:__TI_auto_init_nobinit_nopinit)
                  00004cec    00000040     msp432p4xx_driverlib.lib : gpio.o (.text:GPIO_setAsOutputPin)
                  00004d2c    00000040     grlib.a : string.obj (.text:Graphics_getNumberOfLeadingZeros)
                  00004d6c    00000040     msp432p4xx_driverlib.lib : spi.o (.text:is_A_Module)
                  00004dac    00000040     rtsv7M4_T_le_v4SPD16_eabi.lib : sprintf.c.obj (.text:sprintf)
                  00004dec    0000003e                                   : _printfi.c.obj (.text:_fcpy)
                  00004e2a    00000002     --HOLE-- [fill = 0]
                  00004e2c    0000003c     msp432p4xx_driverlib.lib : rtc_c.o (.text:RTC_C_setCalendarEvent)
                  00004e68    00000038                              : adc14.o (.text:ADC14_getEnabledInterruptStatus)
                  00004ea0    00000036     grlib.a : display.obj (.text:Graphics_drawHorizontalLineOnDisplay)
                  00004ed6    00000002     --HOLE-- [fill = 0]
                  00004ed8    00000034     msp432p4xx_driverlib.lib : adc14.o (.text:ADC14_enableSampleTimer)
                  00004f0c    00000034                              : cs.o (.text:CS_setDCOCenteredFrequency)
                  00004f40    00000034     rtsv7M4_T_le_v4SPD16_eabi.lib : boot_cortex_m.c.obj (.text:_c_int00_noargs:_c_int00_noargs)
                  00004f74    00000030     msp432p4xx_driverlib.lib : adc14.o (.text:ADC14_clearInterruptFlag)
                  00004fa4    00000030                              : adc14.o (.text:ADC14_enableInterrupt)
                  00004fd4    0000002e     rtsv7M4_T_le_v4SPD16_eabi.lib : i_tofd_t2.asm.obj (.text)
                  00005002    00000002     --HOLE-- [fill = 0]
                  00005004    0000002c     msp432p4xx_driverlib.lib : adc14.o (.text:ADC14_getInterruptStatus)
                  00005030    0000002c                              : adc14.o (.text:ADC14_toggleConversionTrigger)
                  0000505c    0000002c     grlib.a : display.obj (.text:Graphics_drawPixelOnDisplay)
                  00005088    0000002c     msp432p4xx_driverlib.lib : rtc_c.o (.text:RTC_C_startClock)
                  000050b4    0000002c                              : timer_a.o (.text:Timer_A_clearCaptureCompareInterrupt)
                  000050e0    00000028                              : adc14.o (.text:ADC14_enableConversion)
                  00005108    00000028                              : adc14.o (.text:ADC14_getResult)
                  00005130    00000028                              : gpio.o (.text:GPIO_clearInterruptFlag)
                  00005158    00000028                              : gpio.o (.text:GPIO_enableInterrupt)
                  00005180    00000028                              : gpio.o (.text:GPIO_setOutputHighOnPin)
                  000051a8    00000028                              : gpio.o (.text:GPIO_setOutputLowOnPin)
                  000051d0    00000028                              : gpio.o (.text:GPIO_toggleOutputOnPin)
                  000051f8    00000028                              : pcm.o (.text:PCM_gotoLPM0)
                  00005220    00000024                              : gpio.o (.text:GPIO_getInterruptStatus)
                  00005244    00000020                              : adc14.o (.text:ADC14_setResolution)
                  00005264    0000001e     grlib.a : display.obj (.text:Graphics_fillRectangleOnDisplay)
                  00005282    00000002     --HOLE-- [fill = 0]
                  00005284    0000001c     msp432p4xx_driverlib.lib : rtc_c.o (.text:RTC_C_convertBCDToBinary)
                  000052a0    0000001c                              : spi.o (.text:SPI_enableModule)
                  000052bc    0000001c     rtsv7M4_T_le_v4SPD16_eabi.lib : copy_zero_init.c.obj (.text:decompress:ZI:__TI_zero_init_nomemset:__TI_zero_init_nomemset)
                  000052d8    0000001c                                   : memccpy.c.obj (.text:memccpy)
                  000052f4    0000001a     grlib.a : display.obj (.text:Graphics_clearDisplayOnDisplay)
                  0000530e    0000001a             : context.obj (.text:Graphics_setBackgroundColor)
                  00005328    0000001a             : context.obj (.text:Graphics_setFont)
                  00005342    0000001a     rtsv7M4_T_le_v4SPD16_eabi.lib : s_copysign.c.obj (.text:copysign)
                  0000535c    00000018                                   : sprintf.c.obj (.text:_outs)
                  00005374    00000016     msp432p4xx_driverlib.lib : spi.o (.text:EUSCI_A_SPI_enable)
                  0000538a    00000016                              : spi.o (.text:EUSCI_B_SPI_enable)
                  000053a0    00000016     grlib.a : context.obj (.text:Graphics_setForegroundColor)
                  000053b6    00000016             : display.obj (.text:Graphics_translateColorOnDisplay)
                  000053cc    00000016     msp432p4xx_driverlib.lib : timer_a.o (.text:Timer_A_startCounter)
                  000053e2    00000016     rtsv7M4_T_le_v4SPD16_eabi.lib : strchr.c.obj (.text:strchr)
                  000053f8    00000014     msp432p4xx_driverlib.lib : pcm.o (.text:PCM_getPowerState)
                  0000540c    00000014                              : timer_a.o (.text:Timer_A_stopTimer)
                  00005420    00000014     rtsv7M4_T_le_v4SPD16_eabi.lib : strcpy.c.obj (.text:strcpy)
                  00005434    00000014                                   : strlen.c.obj (.text:strlen)
                  00005448    00000012     grlib.a : context.obj (.text:Graphics_clearDisplay)
                  0000545a    00000012     rtsv7M4_T_le_v4SPD16_eabi.lib : wcslen.c.obj (.text:wcslen)
                  0000546c    00000010     msp432p4xx_driverlib.lib : adc14.o (.text:ADCIsConversionRunning)
                  0000547c    00000010                              : interrupt.o (.text:Interrupt_enableMaster)
                  0000548c    00000010                              : pcm.o (.text:PCM_setCoreVoltageLevel)
                  0000549c    00000010                              : pcm.o (.text:PCM_setPowerMode)
                  000054ac    0000000e     rtsv7M4_T_le_v4SPD16_eabi.lib : copy_decompress_none.c.obj (.text:decompress:none:__TI_decompress_none)
                  000054ba    0000000e     startup_msp432p401r_ccs.obj (.text)
                  000054c8    0000000c     msp432p4xx_driverlib.lib : adc14.o (.text:ADC14_enableModule)
                  000054d4    0000000c                              : cpu.o (.text:CPU_cpsie)
                  000054e0    0000000a     rtsv7M4_T_le_v4SPD16_eabi.lib : sprintf.c.obj (.text:_outc)
                  000054ea    00000002     --HOLE-- [fill = 0]
                  000054ec    00000008                                   : errno.c.obj (.text:__aeabi_errno_addr)
                  000054f4    00000004     msp432p4xx_driverlib.lib : cpu.o (.text:CPU_wfi)
                  000054f8    00000004     rtsv7M4_T_le_v4SPD16_eabi.lib : pre_init.c.obj (.text:_system_pre_init)
                  000054fc    00000004                                   : exit.c.obj (.text:abort:abort)

.const     0    00005500    00001e5a     
                  00005500    00000f3f     grlib.a : fontcm34b.obj (.const:.string:g_pucCm34bData)
                  0000643f    00000755             : fontcm16b.obj (.const:.string:g_pucCm16bData)
                  00006b94    000002f8             : fontfixed6x8.obj (.const:.string:g_pucFontFixed6x8Data)
                  00006e8c    00000101     rtsv7M4_T_le_v4SPD16_eabi.lib : ctype.c.obj (.const:.string:_ctypes_)
                  00006f8d    00000002     clock.obj (.const:.string:$P$T1$2)
                  00006f8f    00000001     --HOLE-- [fill = 0]
                  00006f90    000000c8     grlib.a : fontcm16b.obj (.const:g_sFontCm16b)
                  00007058    000000c8             : fontcm34b.obj (.const:g_sFontCm34b)
                  00007120    000000c8             : fontfixed6x8.obj (.const:g_sFontFixed6x8)
                  000071e8    00000080     msp432p4xx_driverlib.lib : adc14.o (.const:_ctlRegs)
                  00007268    00000030                              : gpio.o (.const:GPIO_PORT_TO_BASE)
                  00007298    00000020     Crystalfontz128x128_ST7735.obj (.const:g_sCrystalfontz128x128_funcs)
                  000072b8    0000001c     HAL_MSP_EXP432P401R_Crystalfontz128x128_ST7735.obj (.const:$P$T0$1)
                  000072d4    0000001c     hardware.obj (.const:currentTime)
                  000072f0    00000018     hardware.obj (.const:$P$T1$2)
                  00007308    00000014     clock.obj (.const:.string:$P$T0$1)
                  0000731c    00000010     hardware.obj (.const:$P$T0$1)
                  0000732c    00000008     Crystalfontz128x128_ST7735.obj (.const:$P$T0$1)
                  00007334    00000008     msp432p4xx_driverlib.lib : interrupt.o (.const:g_pulDisRegs)
                  0000733c    00000008                              : interrupt.o (.const:g_pulEnRegs)
                  00007344    00000006     clock.obj (.const:.string:$P$T4$5)
                  0000734a    00000006     clock.obj (.const:.string:$P$T5$6)
                  00007350    00000005     clock.obj (.const:.string:$P$T2$3)
                  00007355    00000005     clock.obj (.const:.string:$P$T3$4)

.cinit     0    00007360    00000040     
                  00007360    0000001a     (.cinit..data.load) [load image, compression = lzss]
                  0000737a    00000002     --HOLE-- [fill = 0]
                  0000737c    0000000c     (__TI_handler_table)
                  00007388    00000008     (.cinit..bss.load) [load image, compression = zero_init]
                  00007390    00000010     (__TI_cinit_table)

.init_array 
*          0    00000000    00000000     UNINITIALIZED

.binit     0    00000000    00000000     

.bss       0    20000000    00000063     UNINITIALIZED
                  20000000    0000001c     clock.obj (.bss:currentTime)
                  2000001c    0000001c     (.common:g_sContext)
                  20000038    00000014     (.common:timerlist)
                  2000004c    00000008     (.common:JoyValues)
                  20000054    00000003     (.common:buttonsPressed)
                  20000057    00000002     clock.obj (.bss)
                  20000059    00000001     (.common:Lcd_FlagRead)
                  2000005a    00000002     (.common:Lcd_ScreenHeigth)
                  2000005c    00000002     (.common:Lcd_ScreenWidth)
                  2000005e    00000002     (.common:Lcd_TouchTrim)
                  20000060    00000001     (.common:Lcd_FontSolid)
                  20000061    00000001     (.common:Lcd_Orientation)
                  20000062    00000001     (.common:Lcd_PenSolid)

.data      0    20000064    00000020     UNINITIALIZED
                  20000064    00000010     Crystalfontz128x128_ST7735.obj (.data:g_sCrystalfontz128x128)
                  20000074    00000005     main.obj (.data)
                  20000079    00000003     --HOLE--
                  2000007c    00000004     rtsv7M4_T_le_v4SPD16_eabi.lib : errno.c.obj (.data)
                  20000080    00000004     system_msp432p401r.obj (.data)

.stack     0    2000fe00    00000200     UNINITIALIZED
                  2000fe00    00000004     rtsv7M4_T_le_v4SPD16_eabi.lib : boot_cortex_m.c.obj (.stack)
                  2000fe04    000001fc     --HOLE--

__llvm_prf_cnts 
*          0    20000000    00000000     UNINITIALIZED

MODULE SUMMARY

       Module                                               code    ro data   rw data
       ------                                               ----    -------   -------
    ./
       system_msp432p401r.obj                               820     0         8      
       startup_msp432p401r_ccs.obj                          14      228       0      
       main.obj                                             72      0         128    
    +--+----------------------------------------------------+-------+---------+---------+
       Total:                                               906     228       136    
                                                                                     
    ./modules/clock_system/
       clock.obj                                            1608    44        60     
    +--+----------------------------------------------------+-------+---------+---------+
       Total:                                               1608    44        60     
                                                                                     
    ./modules/hardware/
       hardware.obj                                         2056    68        0      
    +--+----------------------------------------------------+-------+---------+---------+
       Total:                                               2056    68        0      
                                                                                     
    ./modules/hardware/libraries/
       Crystalfontz128x128_ST7735.obj                       1664    40        52     
       HAL_MSP_EXP432P401R_Crystalfontz128x128_ST7735.obj   204     28        0      
    +--+----------------------------------------------------+-------+---------+---------+
       Total:                                               1868    68        52     
                                                                                     
    /home/asus-laptop/Applications/CodeComposerStudio/ccs/tools/compiler/ti-cgt-arm_20.2.7.LTS/lib/rtsv7M4_T_le_v4SPD16_eabi.lib
       _printfi.c.obj                                       4851    0         0      
       fd_add_t2.asm.obj                                    438     0         0      
       fd_div_t2.asm.obj                                    310     0         0      
       s_scalbn.c.obj                                       272     0         0      
       fd_cmp_t2.asm.obj                                    268     0         0      
       ctype.c.obj                                          0       257       0      
       fd_mul_t2.asm.obj                                    252     0         0      
       memcpy_t2.asm.obj                                    156     0         0      
       ull_div_t2.asm.obj                                   150     0         0      
       memset_t2.asm.obj                                    122     0         0      
       copy_decompress_lzss.c.obj                           104     0         0      
       s_frexp.c.obj                                        100     0         0      
       sprintf.c.obj                                        98      0         0      
       _ltoa.c.obj                                          84      0         0      
       atoi.c.obj                                           76      0         0      
       fd_toi_t2.asm.obj                                    72      0         0      
       autoinit.c.obj                                       68      0         0      
       boot_cortex_m.c.obj                                  52      0         0      
       i_tofd_t2.asm.obj                                    46      0         0      
       copy_zero_init.c.obj                                 28      0         0      
       memccpy.c.obj                                        28      0         0      
       s_copysign.c.obj                                     26      0         0      
       strchr.c.obj                                         22      0         0      
       strcpy.c.obj                                         20      0         0      
       strlen.c.obj                                         20      0         0      
       wcslen.c.obj                                         18      0         0      
       errno.c.obj                                          8       0         8      
       copy_decompress_none.c.obj                           14      0         0      
       exit.c.obj                                           4       0         0      
       pre_init.c.obj                                       4       0         0      
       div0.asm.obj                                         2       0         0      
    +--+----------------------------------------------------+-------+---------+---------+
       Total:                                               7713    257       8      
                                                                                     
    /home/asus-laptop/github/SmartAlarm/driverlib/source/ti/devices/msp432p4xx/driverlib/ccs/msp432p4xx_driverlib.lib
       adc14.o                                              1228    128       0      
       pcm.o                                                888     0         0      
       gpio.o                                               792     48        0      
       rtc_c.o                                              832     0         0      
       timer_a.o                                            592     0         0      
       cs.o                                                 356     0         0      
       spi.o                                                312     0         0      
       interrupt.o                                          272     16        0      
       flash.o                                              72      0         0      
       cpu.o                                                16      0         0      
    +--+----------------------------------------------------+-------+---------+---------+
       Total:                                               5360    192       0      
                                                                                     
    /home/asus-laptop/github/SmartAlarm/driverlib/source/ti/grlib/lib/ccs/m4f/grlib.a
       fontcm34b.obj                                        0       4103      0      
       fontcm16b.obj                                        0       2077      0      
       string.obj                                           1214    0         0      
       fontfixed6x8.obj                                     0       960       0      
       rectangle.obj                                        274     0         0      
       display.obj                                          176     0         0      
       context.obj                                          174     0         0      
       line.obj                                             156     0         0      
    +--+----------------------------------------------------+-------+---------+---------+
       Total:                                               1994    7140      0      
                                                                                     
       Stack:                                               0       0         1024   
       Linker Generated:                                    0       62        0      
    +--+----------------------------------------------------+-------+---------+---------+
       Grand Total:                                         21505   8059      1280   


LINKER GENERATED COPY TABLES

__TI_cinit_table @ 00007390 records: 2, size/record: 8, table size: 16
	.data: load addr=00007360, load size=0000001a bytes, run addr=20000064, run size=00000020 bytes, compression=lzss
	.bss: load addr=00007388, load size=00000008 bytes, run addr=20000000, run size=00000063 bytes, compression=zero_init


LINKER GENERATED HANDLER TABLE

__TI_handler_table @ 0000737c records: 3, size/record: 4, table size: 12
	index: 0, handler: __TI_decompress_lzss
	index: 1, handler: __TI_decompress_none
	index: 2, handler: __TI_zero_init


GLOBAL SYMBOLS: SORTED ALPHABETICALLY BY Name 

address   name                                       
-------   ----                                       
000012b7  ADC14_IRQHandler                           
000012b7  ADC14_IRQHandler                           
00004f75  ADC14_clearInterruptFlag                   
00003b6d  ADC14_configureConversionMemory            
00003c21  ADC14_configureMultiSequenceMode           
000050e1  ADC14_enableConversion                     
00004fa5  ADC14_enableInterrupt                      
000054c9  ADC14_enableModule                         
00004ed9  ADC14_enableSampleTimer                    
00004e69  ADC14_getEnabledInterruptStatus            
00005005  ADC14_getInterruptStatus                   
00005109  ADC14_getResult                            
000049e9  ADC14_initModule                           
00005245  ADC14_setResolution                        
00005031  ADC14_toggleConversionTrigger              
000054c7  AES256_IRQHandler                          
000054c7  BusFault_Handler                           
000054fd  C$$EXIT                                    
000054c7  COMP_E0_IRQHandler                         
000054c7  COMP_E1_IRQHandler                         
000054d5  CPU_cpsie                                  
000054f5  CPU_wfi                                    
000054c7  CS_IRQHandler                              
00003425  CS_initClockSignal                         
00004f0d  CS_setDCOCenteredFrequency                 
0000133d  Crystalfontz128x128_Init                   
00001451  Crystalfontz128x128_SetDrawFrame           
0000157f  Crystalfontz128x128_SetOrientation         
000054c7  DMA_ERR_IRQHandler                         
000054c7  DMA_INT0_IRQHandler                        
000054c7  DMA_INT1_IRQHandler                        
000054c7  DMA_INT2_IRQHandler                        
000054c7  DMA_INT3_IRQHandler                        
000054c7  DebugMon_Handler                           
000054c7  Default_Handler                            
000054c7  EUSCIA0_IRQHandler                         
000054c7  EUSCIA1_IRQHandler                         
000054c7  EUSCIA2_IRQHandler                         
000054c7  EUSCIA3_IRQHandler                         
000054c7  EUSCIB0_IRQHandler                         
000054c7  EUSCIB1_IRQHandler                         
000054c7  EUSCIB2_IRQHandler                         
000054c7  EUSCIB3_IRQHandler                         
00005375  EUSCI_A_SPI_enable                         
0000538b  EUSCI_B_SPI_enable                         
000054c7  FLCTL_IRQHandler                           
000054c7  FPU_IRQHandler                             
00004bd1  FlashCtl_setWaitState                      
00005131  GPIO_clearInterruptFlag                    
00005159  GPIO_enableInterrupt                       
00004349  GPIO_getEnabledInterruptStatus             
00005221  GPIO_getInterruptStatus                    
000048e1  GPIO_setAsInputPinWithPullUpResistor       
00004ced  GPIO_setAsOutputPin                        
0000412d  GPIO_setAsPeripheralModuleFunctionInputPin 
000041b5  GPIO_setAsPeripheralModuleFunctionOutputPin
00005181  GPIO_setOutputHighOnPin                    
000051a9  GPIO_setOutputLowOnPin                     
000051d1  GPIO_toggleOutputOnPin                     
00005449  Graphics_clearDisplay                      
000052f5  Graphics_clearDisplayOnDisplay             
00004ea1  Graphics_drawHorizontalLineOnDisplay       
00003e37  Graphics_drawLineH                         
0000505d  Graphics_drawPixelOnDisplay                
00002005  Graphics_drawString                        
00003679  Graphics_fillRectangle                     
00005265  Graphics_fillRectangleOnDisplay            
00004a91  Graphics_initContext                       
0000530f  Graphics_setBackgroundColor                
00005329  Graphics_setFont                           
000053a1  Graphics_setForegroundColor                
000053b7  Graphics_translateColorOnDisplay           
00003aa1  HAL_LCD_PortInit                           
00003ad1  HAL_LCD_SpiInit                            
00003b07  HAL_LCD_writeCommand                       
00003b37  HAL_LCD_writeData                          
000054c7  HardFault_Handler                          
000043cd  Interrupt_disableInterrupt                 
0000444d  Interrupt_enableInterrupt                  
0000547d  Interrupt_enableMaster                     
2000004c  JoyValues                                  
20000059  Lcd_FlagRead                               
20000060  Lcd_FontSolid                              
20000061  Lcd_Orientation                            
20000062  Lcd_PenSolid                               
2000005a  Lcd_ScreenHeigth                           
2000005c  Lcd_ScreenWidth                            
2000005e  Lcd_TouchTrim                              
000054c7  MemManage_Handler                          
000054c7  NMI_Handler                                
000054c7  PCM_IRQHandler                             
000047c9  PCM_getCoreVoltageLevel                    
00004885  PCM_getPowerMode                           
000053f9  PCM_getPowerState                          
000051f9  PCM_gotoLPM0                               
0000548d  PCM_setCoreVoltageLevel                    
0000549d  PCM_setPowerMode                           
000054c7  PORT1_IRQHandler                           
000054c7  PORT2_IRQHandler                           
00001243  PORT3_IRQHandler                           
00001243  PORT3_IRQHandler                           
00001269  PORT4_IRQHandler                           
00001269  PORT4_IRQHandler                           
0000128d  PORT5_IRQHandler                           
0000128d  PORT5_IRQHandler                           
000054c7  PORT6_IRQHandler                           
000054c7  PSS_IRQHandler                             
000054c7  PendSV_Handler                             
00001f27  RTC_C_IRQHandler                           
00001f27  RTC_C_IRQHandler                           
00004939  RTC_C_clearInterruptFlag                   
00005285  RTC_C_convertBCDToBinary                   
00004701  RTC_C_enableInterrupt                      
000044cd  RTC_C_getCalendarTime                      
00004005  RTC_C_getEnabledInterruptStatus            
00004829  RTC_C_getInterruptStatus                   
00004099  RTC_C_initCalendar                         
00004e2d  RTC_C_setCalendarEvent                     
00005089  RTC_C_startClock                           
000054bb  Reset_Handler                              
000052a1  SPI_enableModule                           
00003d87  SPI_initMaster                             
000054c7  SVC_Handler                                
000054c7  SysTick_Handler                            
20000080  SystemCoreClock                            
00002485  SystemCoreClockUpdate                      
000026fd  SystemInit                                 
000054c7  T32_INT1_IRQHandler                        
000054c7  T32_INT2_IRQHandler                        
000054c7  T32_INTC_IRQHandler                        
000054c7  TA0_0_IRQHandler                           
000054c7  TA0_N_IRQHandler                           
00001149  TA1_0_IRQHandler                           
00001149  TA1_0_IRQHandler                           
000054c7  TA1_N_IRQHandler                           
000011a5  TA2_0_IRQHandler                           
000011a5  TA2_0_IRQHandler                           
000054c7  TA2_N_IRQHandler                           
000011f1  TA3_0_IRQHandler                           
000011f1  TA3_0_IRQHandler                           
000054c7  TA3_N_IRQHandler                           
000050b5  Timer_A_clearCaptureCompareInterrupt       
00004631  Timer_A_configureUpMode                    
00004b35  Timer_A_initCompare                        
000053cd  Timer_A_startCounter                       
0000540d  Timer_A_stopTimer                          
000054c7  UsageFault_Handler                         
4000480c  WDTCTL_SYM                                 
000054c7  WDT_A_IRQHandler                           
20010000  __STACK_END                                
00000200  __STACK_SIZE                               
00007390  __TI_CINIT_Base                            
000073a0  __TI_CINIT_Limit                           
0000737c  __TI_Handler_Table_Base                    
00007388  __TI_Handler_Table_Limit                   
00004ca9  __TI_auto_init_nobinit_nopinit             
00004699  __TI_decompress_lzss                       
000054ad  __TI_decompress_none                       
00004a3d  __TI_ltoa                                  
ffffffff  __TI_pprof_out_hndl                        
000000e5  __TI_printfi                               
ffffffff  __TI_prof_data_size                        
ffffffff  __TI_prof_data_start                       
00000000  __TI_static_base__                         
000052bd  __TI_zero_init_nomemset                    
0000423d  __aeabi_cdcmpeq                            
0000423d  __aeabi_cdcmple                            
000042c3  __aeabi_cdrcmple                           
00004c61  __aeabi_d2iz                               
00002c03  __aeabi_dadd                               
000032ed  __aeabi_ddiv                               
000039a5  __aeabi_dmul                               
00002bf9  __aeabi_dsub                               
000054ed  __aeabi_errno_addr                         
00004fd5  __aeabi_i2d                                
00000b33  __aeabi_idiv0                              
00000b33  __aeabi_ldiv0                              
00004549  __aeabi_memclr                             
00004549  __aeabi_memclr4                            
00004549  __aeabi_memclr8                            
00003ed3  __aeabi_memcpy                             
00003ed3  __aeabi_memcpy4                            
00003ed3  __aeabi_memcpy8                            
0000454b  __aeabi_memset                             
0000454b  __aeabi_memset4                            
0000454b  __aeabi_memset8                            
00003f6f  __aeabi_uldivmod                           
ffffffff  __binit__                                  
ffffffff  __c_args__                                 
UNDEFED   __mpu_init                                 
2000fe00  __stack                                    
20000000  __start___llvm_prf_cnts                    
20000000  __stop___llvm_prf_cnts                     
00004f41  _c_int00_noargs                            
00006e8c  _ctypes_                                   
UNDEFED   _system_post_cinit                         
000054f9  _system_pre_init                           
000054fd  abort                                      
00004b85  atoi                                       
ffffffff  binit                                      
20000054  buttonsPressed                             
00001c99  clockView                                  
00005343  copysign                                   
00005343  copysignl                                  
000072d4  currentTime                                
000010f1  disable_timer                              
000010d5  disable_tone                               
00001b09  drawCursor                                 
00001d95  drawDate                                   
00001beb  drawMenu                                   
00001f1d  drawSeconds                                
00001d25  drawTime                                   
00001bc1  drawTitle                                  
2000007c  errno                                      
00004765  frexp                                      
00004765  frexpl                                     
2000001c  g_sContext                                 
20000064  g_sCrystalfontz128x128                     
00007298  g_sCrystalfontz128x128_funcs               
00006f90  g_sFontCm16b                               
00007058  g_sFontCm34b                               
00007120  g_sFontFixed6x8                            
20000074  gc                                         
00000e11  generate_delay                             
00000f29  generate_rate                              
0000101d  generate_tone                              
00000d29  generate_wait                              
000012ad  getJoyValue                                
00000c81  initAdcSystem                              
00000bd9  initButtonSystem                           
00000b95  initClockSystem                            
00001cd9  initClockView                              
00000b35  initHardware                               
00000c31  initLedSystem                              
00000b61  initPCM                                    
00000cfd  initRTCSystem                              
00001b81  initSettingsView                           
00000b7b  initTimerSystem                            
00000000  interruptVectors                           
00000c45  intiDisplaySystem                          
0000378d  ldexp                                      
0000378d  ldexpl                                     
00004c19  main                                       
000052d9  memccpy                                    
00003ed3  memcpy                                     
00004551  memset                                     
20000078  menuActive                                 
0000378d  scalbn                                     
0000378d  scalbnl                                    
000019ef  settingsView                               
00004dad  sprintf                                    
000053e3  strchr                                     
00005421  strcpy                                     
00005435  strlen                                     
000019bd  testJoy                                    
20000038  timerlist                                  
0000545b  wcslen                                     


GLOBAL SYMBOLS: SORTED BY Symbol Address 

address   name                                       
-------   ----                                       
00000000  __TI_static_base__                         
00000000  interruptVectors                           
000000e5  __TI_printfi                               
00000200  __STACK_SIZE                               
00000b33  __aeabi_idiv0                              
00000b33  __aeabi_ldiv0                              
00000b35  initHardware                               
00000b61  initPCM                                    
00000b7b  initTimerSystem                            
00000b95  initClockSystem                            
00000bd9  initButtonSystem                           
00000c31  initLedSystem                              
00000c45  intiDisplaySystem                          
00000c81  initAdcSystem                              
00000cfd  initRTCSystem                              
00000d29  generate_wait                              
00000e11  generate_delay                             
00000f29  generate_rate                              
0000101d  generate_tone                              
000010d5  disable_tone                               
000010f1  disable_timer                              
00001149  TA1_0_IRQHandler                           
00001149  TA1_0_IRQHandler                           
000011a5  TA2_0_IRQHandler                           
000011a5  TA2_0_IRQHandler                           
000011f1  TA3_0_IRQHandler                           
000011f1  TA3_0_IRQHandler                           
00001243  PORT3_IRQHandler                           
00001243  PORT3_IRQHandler                           
00001269  PORT4_IRQHandler                           
00001269  PORT4_IRQHandler                           
0000128d  PORT5_IRQHandler                           
0000128d  PORT5_IRQHandler                           
000012ad  getJoyValue                                
000012b7  ADC14_IRQHandler                           
000012b7  ADC14_IRQHandler                           
0000133d  Crystalfontz128x128_Init                   
00001451  Crystalfontz128x128_SetDrawFrame           
0000157f  Crystalfontz128x128_SetOrientation         
000019bd  testJoy                                    
000019ef  settingsView                               
00001b09  drawCursor                                 
00001b81  initSettingsView                           
00001bc1  drawTitle                                  
00001beb  drawMenu                                   
00001c99  clockView                                  
00001cd9  initClockView                              
00001d25  drawTime                                   
00001d95  drawDate                                   
00001f1d  drawSeconds                                
00001f27  RTC_C_IRQHandler                           
00001f27  RTC_C_IRQHandler                           
00002005  Graphics_drawString                        
00002485  SystemCoreClockUpdate                      
000026fd  SystemInit                                 
00002bf9  __aeabi_dsub                               
00002c03  __aeabi_dadd                               
000032ed  __aeabi_ddiv                               
00003425  CS_initClockSignal                         
00003679  Graphics_fillRectangle                     
0000378d  ldexp                                      
0000378d  ldexpl                                     
0000378d  scalbn                                     
0000378d  scalbnl                                    
000039a5  __aeabi_dmul                               
00003aa1  HAL_LCD_PortInit                           
00003ad1  HAL_LCD_SpiInit                            
00003b07  HAL_LCD_writeCommand                       
00003b37  HAL_LCD_writeData                          
00003b6d  ADC14_configureConversionMemory            
00003c21  ADC14_configureMultiSequenceMode           
00003d87  SPI_initMaster                             
00003e37  Graphics_drawLineH                         
00003ed3  __aeabi_memcpy                             
00003ed3  __aeabi_memcpy4                            
00003ed3  __aeabi_memcpy8                            
00003ed3  memcpy                                     
00003f6f  __aeabi_uldivmod                           
00004005  RTC_C_getEnabledInterruptStatus            
00004099  RTC_C_initCalendar                         
0000412d  GPIO_setAsPeripheralModuleFunctionInputPin 
000041b5  GPIO_setAsPeripheralModuleFunctionOutputPin
0000423d  __aeabi_cdcmpeq                            
0000423d  __aeabi_cdcmple                            
000042c3  __aeabi_cdrcmple                           
00004349  GPIO_getEnabledInterruptStatus             
000043cd  Interrupt_disableInterrupt                 
0000444d  Interrupt_enableInterrupt                  
000044cd  RTC_C_getCalendarTime                      
00004549  __aeabi_memclr                             
00004549  __aeabi_memclr4                            
00004549  __aeabi_memclr8                            
0000454b  __aeabi_memset                             
0000454b  __aeabi_memset4                            
0000454b  __aeabi_memset8                            
00004551  memset                                     
00004631  Timer_A_configureUpMode                    
00004699  __TI_decompress_lzss                       
00004701  RTC_C_enableInterrupt                      
00004765  frexp                                      
00004765  frexpl                                     
000047c9  PCM_getCoreVoltageLevel                    
00004829  RTC_C_getInterruptStatus                   
00004885  PCM_getPowerMode                           
000048e1  GPIO_setAsInputPinWithPullUpResistor       
00004939  RTC_C_clearInterruptFlag                   
000049e9  ADC14_initModule                           
00004a3d  __TI_ltoa                                  
00004a91  Graphics_initContext                       
00004b35  Timer_A_initCompare                        
00004b85  atoi                                       
00004bd1  FlashCtl_setWaitState                      
00004c19  main                                       
00004c61  __aeabi_d2iz                               
00004ca9  __TI_auto_init_nobinit_nopinit             
00004ced  GPIO_setAsOutputPin                        
00004dad  sprintf                                    
00004e2d  RTC_C_setCalendarEvent                     
00004e69  ADC14_getEnabledInterruptStatus            
00004ea1  Graphics_drawHorizontalLineOnDisplay       
00004ed9  ADC14_enableSampleTimer                    
00004f0d  CS_setDCOCenteredFrequency                 
00004f41  _c_int00_noargs                            
00004f75  ADC14_clearInterruptFlag                   
00004fa5  ADC14_enableInterrupt                      
00004fd5  __aeabi_i2d                                
00005005  ADC14_getInterruptStatus                   
00005031  ADC14_toggleConversionTrigger              
0000505d  Graphics_drawPixelOnDisplay                
00005089  RTC_C_startClock                           
000050b5  Timer_A_clearCaptureCompareInterrupt       
000050e1  ADC14_enableConversion                     
00005109  ADC14_getResult                            
00005131  GPIO_clearInterruptFlag                    
00005159  GPIO_enableInterrupt                       
00005181  GPIO_setOutputHighOnPin                    
000051a9  GPIO_setOutputLowOnPin                     
000051d1  GPIO_toggleOutputOnPin                     
000051f9  PCM_gotoLPM0                               
00005221  GPIO_getInterruptStatus                    
00005245  ADC14_setResolution                        
00005265  Graphics_fillRectangleOnDisplay            
00005285  RTC_C_convertBCDToBinary                   
000052a1  SPI_enableModule                           
000052bd  __TI_zero_init_nomemset                    
000052d9  memccpy                                    
000052f5  Graphics_clearDisplayOnDisplay             
0000530f  Graphics_setBackgroundColor                
00005329  Graphics_setFont                           
00005343  copysign                                   
00005343  copysignl                                  
00005375  EUSCI_A_SPI_enable                         
0000538b  EUSCI_B_SPI_enable                         
000053a1  Graphics_setForegroundColor                
000053b7  Graphics_translateColorOnDisplay           
000053cd  Timer_A_startCounter                       
000053e3  strchr                                     
000053f9  PCM_getPowerState                          
0000540d  Timer_A_stopTimer                          
00005421  strcpy                                     
00005435  strlen                                     
00005449  Graphics_clearDisplay                      
0000545b  wcslen                                     
0000547d  Interrupt_enableMaster                     
0000548d  PCM_setCoreVoltageLevel                    
0000549d  PCM_setPowerMode                           
000054ad  __TI_decompress_none                       
000054bb  Reset_Handler                              
000054c7  AES256_IRQHandler                          
000054c7  BusFault_Handler                           
000054c7  COMP_E0_IRQHandler                         
000054c7  COMP_E1_IRQHandler                         
000054c7  CS_IRQHandler                              
000054c7  DMA_ERR_IRQHandler                         
000054c7  DMA_INT0_IRQHandler                        
000054c7  DMA_INT1_IRQHandler                        
000054c7  DMA_INT2_IRQHandler                        
000054c7  DMA_INT3_IRQHandler                        
000054c7  DebugMon_Handler                           
000054c7  Default_Handler                            
000054c7  EUSCIA0_IRQHandler                         
000054c7  EUSCIA1_IRQHandler                         
000054c7  EUSCIA2_IRQHandler                         
000054c7  EUSCIA3_IRQHandler                         
000054c7  EUSCIB0_IRQHandler                         
000054c7  EUSCIB1_IRQHandler                         
000054c7  EUSCIB2_IRQHandler                         
000054c7  EUSCIB3_IRQHandler                         
000054c7  FLCTL_IRQHandler                           
000054c7  FPU_IRQHandler                             
000054c7  HardFault_Handler                          
000054c7  MemManage_Handler                          
000054c7  NMI_Handler                                
000054c7  PCM_IRQHandler                             
000054c7  PORT1_IRQHandler                           
000054c7  PORT2_IRQHandler                           
000054c7  PORT6_IRQHandler                           
000054c7  PSS_IRQHandler                             
000054c7  PendSV_Handler                             
000054c7  SVC_Handler                                
000054c7  SysTick_Handler                            
000054c7  T32_INT1_IRQHandler                        
000054c7  T32_INT2_IRQHandler                        
000054c7  T32_INTC_IRQHandler                        
000054c7  TA0_0_IRQHandler                           
000054c7  TA0_N_IRQHandler                           
000054c7  TA1_N_IRQHandler                           
000054c7  TA2_N_IRQHandler                           
000054c7  TA3_N_IRQHandler                           
000054c7  UsageFault_Handler                         
000054c7  WDT_A_IRQHandler                           
000054c9  ADC14_enableModule                         
000054d5  CPU_cpsie                                  
000054ed  __aeabi_errno_addr                         
000054f5  CPU_wfi                                    
000054f9  _system_pre_init                           
000054fd  C$$EXIT                                    
000054fd  abort                                      
00006e8c  _ctypes_                                   
00006f90  g_sFontCm16b                               
00007058  g_sFontCm34b                               
00007120  g_sFontFixed6x8                            
00007298  g_sCrystalfontz128x128_funcs               
000072d4  currentTime                                
0000737c  __TI_Handler_Table_Base                    
00007388  __TI_Handler_Table_Limit                   
00007390  __TI_CINIT_Base                            
000073a0  __TI_CINIT_Limit                           
20000000  __start___llvm_prf_cnts                    
20000000  __stop___llvm_prf_cnts                     
2000001c  g_sContext                                 
20000038  timerlist                                  
2000004c  JoyValues                                  
20000054  buttonsPressed                             
20000059  Lcd_FlagRead                               
2000005a  Lcd_ScreenHeigth                           
2000005c  Lcd_ScreenWidth                            
2000005e  Lcd_TouchTrim                              
20000060  Lcd_FontSolid                              
20000061  Lcd_Orientation                            
20000062  Lcd_PenSolid                               
20000064  g_sCrystalfontz128x128                     
20000074  gc                                         
20000078  menuActive                                 
2000007c  errno                                      
20000080  SystemCoreClock                            
2000fe00  __stack                                    
20010000  __STACK_END                                
4000480c  WDTCTL_SYM                                 
ffffffff  __TI_pprof_out_hndl                        
ffffffff  __TI_prof_data_size                        
ffffffff  __TI_prof_data_start                       
ffffffff  __binit__                                  
ffffffff  __c_args__                                 
ffffffff  binit                                      
UNDEFED   __mpu_init                                 
UNDEFED   _system_post_cinit                         

[257 symbols]
